Warning[w15]: Predefined type sizing mismatch between modules RDKRL78_spi ( C:\Users\m2m\Documents\renesas\YRDKRL78G14\Debug\Obj\RDKRL78_spi.r87 ) and ST7579_LCD ( C:\Users\m2m\Documents\renesas\YRDKRL78G14\drv\Glyph\RL78GlyphLib_Debug.r87 )
Warning[w15]: Predefined type sizing mismatch between modules RDKRL78_spi ( C:\Users\m2m\Documents\renesas\YRDKRL78G14\Debug\Obj\RDKRL78_spi.r87 ) and ST7579_LCD ( C:\Users\m2m\Documents\renesas\YRDKRL78G14\drv\Glyph\RL78GlyphLib_Debug.r87 )
Warning[w15]: Predefined type sizing mismatch between modules glyph ( C:\Users\m2m\Documents\renesas\YRDKRL78G14\drv\Glyph\RL78GlyphLib_Debug.r87 ) and SPI _G14 ( C:\Users\m2m\Documents\renesas\YRDKRL78G14\Debug\Obj\SPI _G14.r87 )
Warning[w15]: Predefined type sizing mismatch between modules glyph ( C:\Users\m2m\Documents\renesas\YRDKRL78G14\drv\Glyph\RL78GlyphLib_Debug.r87 ) and SPI _G14 ( C:\Users\m2m\Documents\renesas\YRDKRL78G14\Debug\Obj\SPI _G14.r87 )
Warning[w6]: Type conflict for external/entry "R_CSI21_Send_Receive", in module RDKRL78_spi against external/entry in module r_cg_serial; function types differ in parameter 2; different basic types
  /* In module RDKRL78_spi: */
  /* Function, args 3, attr 0 */
  MD_STATUS R_CSI21_Send_Receive(unsigned char * const,
                                 uint16_t,
                                 unsigned char * const);
    typedef unsigned short MD_STATUS;
    typedef unsigned int uint16_t;
  /* In module r_cg_serial: */
  /* Function, args 3, attr 0 */
  MD_STATUS R_CSI21_Send_Receive(uint8_t * const,
                                 uint16_t,
                                 uint8_t * const);
    typedef unsigned short MD_STATUS;
    typedef unsigned char uint8_t;
    typedef unsigned short uint16_t;
################################################################################
#                                                                              #
#      IAR Universal Linker V6.0.3.49                                          #
#                                                                              #
#           Link time     =  18/Jun/2014  13:10:57                             #
#           Target CPU    =  RL78                                              #
#           List file     =  C:\Users\m2m\Documents\renesas\YRDKRL78G14\Debug\ #
#                            List\ADKRenesasG14.map                            #
#           Output file 1 =  C:\Users\m2m\Documents\renesas\YRDKRL78G14\Debug\ #
#                            Exe\ADKRenesasG14.d87                             #
#                            Format: debug                                     #
#                            UBROF version 10.0.6                              #
#           Output file 2 =  C:\Users\m2m\Documents\renesas\YRDKRL78G14\Debug\ #
#                            Exe\ADKRenesasG14.mot                             #
#                            Format: motorola-s19                              #
#           Command line  =  C:\Users\m2m\Documents\renesas\YRDKRL78G14\Debug\ #
#                            Obj\Accelerometer.r87                             #
#                            C:\Users\m2m\Documents\renesas\YRDKRL78G14\Debug\ #
#                            Obj\ADC.r87                                       #
#                            C:\Users\m2m\Documents\renesas\YRDKRL78G14\Debug\ #
#                            Obj\App_Startup.r87                               #
#                            C:\Users\m2m\Documents\renesas\YRDKRL78G14\Debug\ #
#                            Obj\AtCmdLib.r87                                  #
#                            C:\Users\m2m\Documents\renesas\YRDKRL78G14\Debug\ #
#                            Obj\console.r87                                   #
#                            C:\Users\m2m\Documents\renesas\YRDKRL78G14\Debug\ #
#                            Obj\EEPROM.r87                                    #
#                            C:\Users\m2m\Documents\renesas\YRDKRL78G14\Debug\ #
#                            Obj\eink_driver.r87                               #
#                            C:\Users\m2m\Documents\renesas\YRDKRL78G14\Debug\ #
#                            Obj\eink_rdk_display.r87                          #
#                            C:\Users\m2m\Documents\renesas\YRDKRL78G14\Debug\ #
#                            Obj\GainSpan_IO.r87                               #
#                            C:\Users\m2m\Documents\renesas\YRDKRL78G14\Debug\ #
#                            Obj\GainSpan_SPI.r87                              #
#                            C:\Users\m2m\Documents\renesas\YRDKRL78G14\Debug\ #
#                            Obj\glyph_register.r87                            #
#                            C:\Users\m2m\Documents\renesas\YRDKRL78G14\Debug\ #
#                            Obj\GSHAL.r87                                     #
#                            C:\Users\m2m\Documents\renesas\YRDKRL78G14\Debug\ #
#                            Obj\hwsetup.r87                                   #
#                            C:\Users\m2m\Documents\renesas\YRDKRL78G14\Debug\ #
#                            Obj\I2C.r87                                       #
#                            C:\Users\m2m\Documents\renesas\YRDKRL78G14\Debug\ #
#                            Obj\lcd.r87                                       #
#                            C:\Users\m2m\Documents\renesas\YRDKRL78G14\Debug\ #
#                            Obj\led.r87                                       #
#                            C:\Users\m2m\Documents\renesas\YRDKRL78G14\Debug\ #
#                            Obj\LightSensor.r87                               #
#                            C:\Users\m2m\Documents\renesas\YRDKRL78G14\Debug\ #
#                            Obj\main.r87                                      #
#                            C:\Users\m2m\Documents\renesas\YRDKRL78G14\Debug\ #
#                            Obj\mqtt.r87                                      #
#                            C:\Users\m2m\Documents\renesas\YRDKRL78G14\Debug\ #
#                            Obj\mstimer.r87                                   #
#                            C:\Users\m2m\Documents\renesas\YRDKRL78G14\Debug\ #
#                            Obj\NVSettings.r87                                #
#                            C:\Users\m2m\Documents\renesas\YRDKRL78G14\Debug\ #
#                            Obj\Potentiometer.r87                             #
#                            C:\Users\m2m\Documents\renesas\YRDKRL78G14\Debug\ #
#                            Obj\r_cg_serial.r87                               #
#                            C:\Users\m2m\Documents\renesas\YRDKRL78G14\Debug\ #
#                            Obj\r_cg_serial_user.r87                          #
#                            C:\Users\m2m\Documents\renesas\YRDKRL78G14\Debug\ #
#                            Obj\r_cg_timer.r87                                #
#                            C:\Users\m2m\Documents\renesas\YRDKRL78G14\Debug\ #
#                            Obj\r_cg_timer_user.r87                           #
#                            C:\Users\m2m\Documents\renesas\YRDKRL78G14\Debug\ #
#                            Obj\RDKRL78_spi.r87                               #
#                            C:\Users\m2m\Documents\renesas\YRDKRL78G14\drv\Gl #
#                            yph\RL78GlyphLib_Debug.r87                        #
#                            "C:\Users\m2m\Documents\renesas\YRDKRL78G14\Debug #
#                            \Obj\SPI _G14.r87"                                #
#                            C:\Users\m2m\Documents\renesas\YRDKRL78G14\Debug\ #
#                            Obj\Switch.r87                                    #
#                            C:\Users\m2m\Documents\renesas\YRDKRL78G14\Debug\ #
#                            Obj\Temperature.r87                               #
#                            C:\Users\m2m\Documents\renesas\YRDKRL78G14\Debug\ #
#                            Obj\Timer.r87                                     #
#                            C:\Users\m2m\Documents\renesas\YRDKRL78G14\Debug\ #
#                            Obj\UART.r87                                      #
#                            C:\Users\m2m\Documents\renesas\YRDKRL78G14\Debug\ #
#                            Obj\user_app.r87                                  #
#                            -D_HUGE_HEAP_SIZE=1000 -o                         #
#                            C:\Users\m2m\Documents\renesas\YRDKRL78G14\Debug\ #
#                            Exe\ADKRenesasG14.d87                             #
#                            -l                                                #
#                            C:\Users\m2m\Documents\renesas\YRDKRL78G14\Debug\ #
#                            List\ADKRenesasG14.map                            #
#                            -xmsn                                             #
#                            "-IC:\Program Files (x86)\IAR Systems\Embedded Wo #
#                            rkbench 7.0\rl78\LIB\"                            #
#                            -f                                                #
#                            "C:\Program Files (x86)\IAR Systems\Embedded Work #
#                            bench 7.0\rl78\config\lnkr5f104pj.xcl"            #
#                            (-cRL78 -Z(CODE)INTVEC=00000-0007F                #
#                            -Z(CODE)CLTVEC=00080-000BF                        #
#                            -Z(CODE)OPTBYTE=000C0-000C3                       #
#                            -Z(CODE)SECUID=000C4-000CD --segment_mirror       #
#                            @NEAR_CONST=NEAR_CONST_ID                         #
#                            -Z(CONST)NEAR_CONST_ID=_NEAR_CONST_LOCATION_START #
#                            -_NEAR_CONST_LOCATION_END                         #
#                            -Z(DATA)NEAR_CONST=(_NEAR_CONST_LOCATION_START|F0 #
#                            000)-(_NEAR_CONST_LOCATION_END|F0000)             #
#                            -Z(CODE)RCODE,CODE=000D8-0FFFF                    #
#                            -Z(CONST)SWITCH=000D8-0FDFF                       #
#                            -Z(CONST)NEAR_ID=[000D8-0FDFF]/10000              #
#                            -Z(CONST)SADDR_ID=[000D8-0FDFF]/10000             #
#                            -Z(CONST)DIFUNCT=[000D8-0FDFF]/10000              #
#                            -Z(CONST)HUGE_ID=09F00-3FDFF                      #
#                            -Z(DATA)HUGE_I=F9F00-FFE1F                        #
#                            -Z(CONST)FAR_ID=[09F00-3FDFF]/10000               #
#                            -Z(DATA)FAR_I=[F9F00-FFE1F]/10000                 #
#                            -P(CONST)HUGE_CONST=000D8-3FDFF                   #
#                            -P(CONST)FAR_CONST,FSWITCH=[000D8-3FDFF]/10000    #
#                            -P(CODE)XCODE=[000D8-3FDFF]/10000                 #
#                            -Z(CONST)EEPROM=F1000-F2FFF                       #
#                            -Z(DATA)WRKSEG=FFE20-FFEDF                        #
#                            -Z(DATA)SADDR_I,SADDR_Z,SADDR_N=FFE20-FFEDF       #
#                            -Z(DATA)NEAR_I,NEAR_Z,NEAR_N=F9F00-FFE1F          #
#                            -Z(DATA)HUGE_Z=F9F00-FFE1F                        #
#                            -P(DATA)HUGE_N=F9F00-FFE1F                        #
#                            -Z(DATA)FAR_Z=[F9F00-FFE1F]/10000                 #
#                            -P(DATA)FAR_N=[F9F00-FFE1F]/10000                 #
#                            -Z(DATA)NEAR_HEAP+_NEAR_HEAP_SIZE=F9F00-FFE1F     #
#                            -Z(DATA)HUGE_HEAP+_HUGE_HEAP_SIZE=F9F00-FFE1F     #
#                            -Z(DATA)FAR_HEAP+_FAR_HEAP_SIZE=[F9F00-FFE1F]/100 #
#                            00                                                #
#                            -Z(DATA)CSTACK+_CSTACK_SIZE=F9F00-FFE1F)          #
#                            -Fubrof                                           #
#                            -Omotorola-s19=C:\Users\m2m\Documents\renesas\YRD #
#                            KRL78G14\Debug\Exe\ADKRenesasG14.mot              #
#                            -s __program_start -D_NEAR_CONST_LOCATION=0       #
#                            -D_NEAR_CONST_LOCATION_START=3000                 #
#                            -D_NEAR_CONST_LOCATION_END=9EFF                   #
#                            "C:\Program Files (x86)\IAR Systems\Embedded Work #
#                            bench 7.0\rl78\LIB\dlrl78nn2n.r87"                #
#                            -e_PrintfTiny=_Printf -e_ScanfSmall=_Scanf        #
#                            -e__iar_sin_small=sin -e__iar_cos_small=cos       #
#                            -e__iar_tan_small=tan -e__iar_log_small=log       #
#                            -e__iar_log10_small=log10 -e__iar_exp_small=exp   #
#                            -e__iar_pow_small=pow                             #
#                            -e__iar_Sin_small=__iar_Sin                       #
#                            -e__iar_sin_smallf=sinf -e__iar_cos_smallf=cosf   #
#                            -e__iar_tan_smallf=tanf -e__iar_log_smallf=logf   #
#                            -e__iar_log10_smallf=log10f                       #
#                            -e__iar_exp_smallf=expf -e__iar_pow_smallf=powf   #
#                            -e__iar_Sin_smallf=__iar_Sinf                     #
#                            -e__iar_sin_smalll=sinl -e__iar_cos_smalll=cosl   #
#                            -e__iar_tan_smalll=tanl -e__iar_log_smalll=logl   #
#                            -e__iar_log10_smalll=log10l                       #
#                            -e__iar_exp_smalll=expl -e__iar_pow_smalll=powl   #
#                            -e__iar_Sin_smalll=__iar_Sinl                     #
#                            -D_CSTACK_SIZE=400 -D_NEAR_HEAP_SIZE=100          #
#                            -D_FAR_HEAP_SIZE=1000                             #
#                                                                              #
#                           Copyright (C) 1987-2014 IAR Systems AB.            #
################################################################################





                ****************************************
                *                                      *
                *           CROSS REFERENCE            *
                *                                      *
                ****************************************

       Program entry at :           000000DD  Relocatable, from module : ?CSTARTUP




                ****************************************
                *                                      *
                *            RUNTIME MODEL             *
                *                                      *
                ****************************************

  __Heap_Handler             = Basic
  __SystemLibrary            = DLib
  __code_model               = near
  __core                     = rl78_2
  __data_model               = near
  __dlib_file_descriptor     = 0
  __dlib_full_locale_support = 0
  __far_rt_calls             = false
  __rt_version               = 1

                ****************************************
                *                                      *
                *    AUTOMATIC SYMBOL REDIRECTIONS     *
                *                                      *
                ****************************************

                  There are no automatic symbol redirections.



                ****************************************
                *                                      *
                *              MODULE MAP              *
                *                                      *
                ****************************************


  DEFINED ABSOLUTE ENTRIES
    *************************************************************************

  DEFINED ABSOLUTE ENTRIES
  PROGRAM MODULE, NAME : ?ABS_ENTRY_MOD

Absolute parts
           ENTRY                   ADDRESS         REF BY
           =====                   =======         ======
           _FAR_HEAP_SIZE          00001000 
           _NEAR_HEAP_SIZE         00000100 
           _CSTACK_SIZE            00000400 
           _NEAR_CONST_LOCATION_END
                                   00009EFF 
           _NEAR_CONST_LOCATION_START
                                   00003000 
           _NEAR_CONST_LOCATION    00000000        Segment part 4 (?CSTARTUP)
           _HUGE_HEAP_SIZE         00001000 
    *************************************************************************

  FILE NAME : C:\Users\m2m\Documents\renesas\YRDKRL78G14\Debug\Obj\Accelerometer.r87
  PROGRAM MODULE, NAME : Accelerometer

  SEGMENTS IN THE MODULE
  ======================
NEAR_CONST
  Relative segment, address: 000F3000 - 000F3003 (0x4 bytes), align: 1
  Segment part 3.             Intra module refs:   Accelerometer_Get
           ENTRY                   ADDRESS         REF BY
           =====                   =======         ======
           acc_reg_addr            000F3000 
    -------------------------------------------------------------------------
NEAR_Z
  Relative segment, address: 000F9FF2 - 000F9FF7 (0x6 bytes), align: 1
  Segment part 4.             Intra module refs:   Accelerometer_Get
           ENTRY                   ADDRESS         REF BY
           =====                   =======         ======
           gAccData                000F9FF2        AtLib_GSLinkGetPostResp (AtCmdLib)
                                                   m2mtest (mqtt)
    -------------------------------------------------------------------------
NEAR_Z
  Relative segment, address: 000F9FF8 - 000F9FF9 (0x2 bytes), align: 1
  Segment part 5.             Intra module refs:   Accelerometer_Init
           LOCAL                   ADDRESS         
           =====                   =======         
           pTxData                 000F9FF8 
    -------------------------------------------------------------------------
NEAR_CONST
  Relative segment, address: 000F3004 - 000F3009 (0x6 bytes), align: 1
  Segment part 6.             Intra module refs:   Accelerometer_Init
           ENTRY                   ADDRESS         REF BY
           =====                   =======         ======
           acc_config              000F3004 
    -------------------------------------------------------------------------
CODE
  Relative segment, address: 00004EF0 - 00004F4E (0x5f bytes), align: 0
  Segment part 7.
           ENTRY                   ADDRESS         REF BY
           =====                   =======         ======
           Accelerometer_Init      00004EF0        main (main)
               calls direct
               CSTACK = 00000000 ( 00000014 )
    -------------------------------------------------------------------------
CODE
  Relative segment, address: 00004F4F - 00004FF2 (0xa4 bytes), align: 0
  Segment part 8.
           ENTRY                   ADDRESS         REF BY
           =====                   =======         ======
           Accelerometer_Get       00004F4F        m2mtest (mqtt)
               calls direct
               CSTACK = 00000000 ( 00000018 )
    -------------------------------------------------------------------------
NEAR_CONST
  Relative segment, address: 000F300A - 000F300B (0x2 bytes), align: 1
  Segment part 2.             Intra module refs:   Accelerometer_Get
    -------------------------------------------------------------------------
NEAR_CONST_ID
  Relative segment, address: 00003000 - 00003003 (0x4 bytes), align: 1
  Segment part 9.             Intra module refs:   acc_reg_addr
    -------------------------------------------------------------------------
NEAR_CONST_ID
  Relative segment, address: 00003004 - 00003009 (0x6 bytes), align: 1
  Segment part 10.            Intra module refs:   acc_config
    -------------------------------------------------------------------------
NEAR_CONST_ID
  Relative segment, address: 0000300A - 0000300B (0x2 bytes), align: 1
  Segment part 11.            Intra module refs:   Segment part 2

    *************************************************************************

  FILE NAME : C:\Users\m2m\Documents\renesas\YRDKRL78G14\Debug\Obj\ADC.r87
  PROGRAM MODULE, NAME : ADC

  SEGMENTS IN THE MODULE
  ======================
SADDR_A
  Relative segment, address: 000FFF1E - 000FFF1F (0x2 bytes), align: 0
  Segment part 1. ROOT        Intra module refs:   ADC_GetReading
           ENTRY                   ADDRESS         REF BY
           =====                   =======         ======
           _A_ADCR                 000FFF1E 
           LOCAL                   ADDRESS         
           =====                   =======         
           ADCR                    000FFF1E 
           ADCRH                   000FFF1F 
           ADCRH_bit               000FFF1F 
           ADCR_bit                000FFF1E 
           dummy                   000FFF1E 
           dummy_bit               000FFF1E 
    -------------------------------------------------------------------------
NEAR_A
  Relative segment, address: 000FFF22 - 000FFF22 (0x1 bytes), align: 0
  Segment part 2. ROOT        Intra module refs:   ADC_Start
                                                   PORT2 (led)
           ENTRY                   ADDRESS         REF BY
           =====                   =======         ======
           _A_PM2                  000FFF22 
           LOCAL                   ADDRESS         
           =====                   =======         
           PM2                     000FFF22 
           PM2_bit                 000FFF22 
    -------------------------------------------------------------------------
NEAR_A
  Relative segment, address: 000FFF30 - 000FFF30 (0x1 bytes), align: 0
  Segment part 3. ROOT        Intra module refs:   ADC_Start
           ENTRY                   ADDRESS         REF BY
           =====                   =======         ======
           _A_ADM0                 000FFF30 
           LOCAL                   ADDRESS         
           =====                   =======         
           ADM0                    000FFF30 
           ADM0_bit                000FFF30 
    -------------------------------------------------------------------------
NEAR_A
  Relative segment, address: 000FFF31 - 000FFF31 (0x1 bytes), align: 0
  Segment part 4. ROOT        Intra module refs:   ADC_EnableChannel
                                                   ADC_GetReading
           ENTRY                   ADDRESS         REF BY
           =====                   =======         ======
           _A_ADS                  000FFF31 
           LOCAL                   ADDRESS         
           =====                   =======         
           ADS                     000FFF31 
           ADS_bit                 000FFF31 
    -------------------------------------------------------------------------
NEAR_A
  Relative segment, address: 000FFF32 - 000FFF32 (0x1 bytes), align: 0
  Segment part 5. ROOT        Intra module refs:   ADC_Start
           ENTRY                   ADDRESS         REF BY
           =====                   =======         ======
           _A_ADM1                 000FFF32 
           LOCAL                   ADDRESS         
           =====                   =======         
           ADM1                    000FFF32 
           ADM1_bit                000FFF32 
    -------------------------------------------------------------------------
NEAR_A
  Relative segment, address: 000FFFE2 - 000FFFE3 (0x2 bytes), align: 0
  Segment part 6. ROOT        Intra module refs:   ADC_Start
                                                   Create_UART1 (UART)
                                                   I2C_Start (I2C)
                                                   SPI_DisableInterrupts (SPI _G14)
                                                   SPI_EnableInterrupts (SPI _G14)
                                                   Timer_Start (Timer)
                                                   UART1_RXError_ISRHandler (UART)
                                                   UART1_RX_ISRHandler (UART)
                                                   UART1_TX_ISRHandler (UART)
           ENTRY                   ADDRESS         REF BY
           =====                   =======         ======
           _A_IF1                  000FFFE2 
           LOCAL                   ADDRESS         
           =====                   =======         
           IF1                     000FFFE2 
           IF1H                    000FFFE3 
           IF1H_bit                000FFFE3 
           IF1L                    000FFFE2 
           IF1L_bit                000FFFE2 
    -------------------------------------------------------------------------
NEAR_A
  Relative segment, address: 000FFFE6 - 000FFFE7 (0x2 bytes), align: 0
  Segment part 7. ROOT        Intra module refs:   ADC_Start
                                                   Create_UART1 (UART)
                                                   I2C_Read (I2C)
                                                   I2C_Start (I2C)
                                                   I2C_Write (I2C)
                                                   MSTimerGet (mstimer)
                                                   MSTimerInit (mstimer)
                                                   SPI_DisableInterrupts (SPI _G14)
                                                   SPI_EnableInterrupts (SPI _G14)
                                                   Timer_Start (Timer)
           ENTRY                   ADDRESS         REF BY
           =====                   =======         ======
           _A_MK1                  000FFFE6 
           LOCAL                   ADDRESS         
           =====                   =======         
           MK1                     000FFFE6 
           MK1H                    000FFFE7 
           MK1H_bit                000FFFE7 
           MK1L                    000FFFE6 
           MK1L_bit                000FFFE6 
    -------------------------------------------------------------------------
NEAR_A
  Relative segment, address: 000FFFEA - 000FFFEB (0x2 bytes), align: 0
  Segment part 8. ROOT        Intra module refs:   ADC_Start
                                                   Create_UART1 (UART)
                                                   I2C_Start (I2C)
                                                   SPI_Init (SPI _G14)
                                                   Timer_Start (Timer)
           ENTRY                   ADDRESS         REF BY
           =====                   =======         ======
           _A_PR01                 000FFFEA 
           LOCAL                   ADDRESS         
           =====                   =======         
           PR01                    000FFFEA 
           PR01H                   000FFFEB 
           PR01H_bit               000FFFEB 
           PR01L                   000FFFEA 
           PR01L_bit               000FFFEA 
    -------------------------------------------------------------------------
NEAR_A
  Relative segment, address: 000FFFEE - 000FFFEF (0x2 bytes), align: 0
  Segment part 9. ROOT        Intra module refs:   ADC_Start
                                                   Create_UART1 (UART)
                                                   I2C_Start (I2C)
                                                   SPI_Init (SPI _G14)
                                                   Timer_Start (Timer)
           ENTRY                   ADDRESS         REF BY
           =====                   =======         ======
           _A_PR11                 000FFFEE 
           LOCAL                   ADDRESS         
           =====                   =======         
           PR11                    000FFFEE 
           PR11H                   000FFFEF 
           PR11H_bit               000FFFEF 
           PR11L                   000FFFEE 
           PR11L_bit               000FFFEE 
    -------------------------------------------------------------------------
NEAR_A
  Relative segment, address: 000F0010 - 000F0010 (0x1 bytes), align: 0
  Segment part 10. ROOT       Intra module refs:   ADC_Start
           ENTRY                   ADDRESS         REF BY
           =====                   =======         ======
           _A_ADM2                 000F0010 
           LOCAL                   ADDRESS         
           =====                   =======         
           ADM2                    000F0010 
           ADM2_bit                000F0010 
    -------------------------------------------------------------------------
NEAR_A
  Relative segment, address: 000F0011 - 000F0011 (0x1 bytes), align: 0
  Segment part 11. ROOT       Intra module refs:   ADC_Start
           ENTRY                   ADDRESS         REF BY
           =====                   =======         ======
           _A_ADUL                 000F0011 
           LOCAL                   ADDRESS         
           =====                   =======         
           ADUL                    000F0011 
           ADUL_bit                000F0011 
    -------------------------------------------------------------------------
NEAR_A
  Relative segment, address: 000F0012 - 000F0012 (0x1 bytes), align: 0
  Segment part 12. ROOT       Intra module refs:   ADC_Start
           ENTRY                   ADDRESS         REF BY
           =====                   =======         ======
           _A_ADLL                 000F0012 
           LOCAL                   ADDRESS         
           =====                   =======         
           ADLL                    000F0012 
           ADLL_bit                000F0012 
    -------------------------------------------------------------------------
NEAR_A
  Relative segment, address: 000F00F0 - 000F00F0 (0x1 bytes), align: 0
  Segment part 13. ROOT       Intra module refs:   ADC_Start
                                                   I2C_Start (I2C)
                                                   RL78G14RDK_UART_Start (UART)
                                                   R_SAU1_Create (r_cg_serial)
                                                   Timer_Start (Timer)
           ENTRY                   ADDRESS         REF BY
           =====                   =======         ======
           _A_PER0                 000F00F0 
           LOCAL                   ADDRESS         
           =====                   =======         
           PER0                    000F00F0 
           PER0_bit                000F00F0 
    -------------------------------------------------------------------------
CODE
  Relative segment, address: 00004FF3 - 00004FF4 (0x2 bytes), align: 0
  Segment part 16.            Intra module refs:   Interrupt_ADC::??INTVEC 52
           ENTRY                   ADDRESS         REF BY
           =====                   =======         ======
           Interrupt_ADC           00004FF3 
               interrupt function
    -------------------------------------------------------------------------
CODE
  Relative segment, address: 00004FF5 - 0000502C (0x38 bytes), align: 0
  Segment part 17.
           ENTRY                   ADDRESS         REF BY
           =====                   =======         ======
           ADC_Start               00004FF5        Potentiometer_Init (Potentiometer)
    -------------------------------------------------------------------------
CODE
  Relative segment, address: 0000502D - 0000502F (0x3 bytes), align: 0
  Segment part 18.
           ENTRY                   ADDRESS         REF BY
           =====                   =======         ======
           ADC_EnableChannel       0000502D        Potentiometer_Init (Potentiometer)
    -------------------------------------------------------------------------
CODE
  Relative segment, address: 00005030 - 0000503D (0xe bytes), align: 0
  Segment part 19.
           ENTRY                   ADDRESS         REF BY
           =====                   =======         ======
           ADC_GetReading          00005030        Potentiometer_Get (Potentiometer)
    -------------------------------------------------------------------------
INTVEC
  Common segment, address: 00000000 - 00000035 (0x36 bytes), align: 1
  Segment part 14. ROOT 
           ENTRY                   ADDRESS         REF BY
           =====                   =======         ======
           Interrupt_ADC::??INTVEC 52
                                   00000034 

    *************************************************************************

  FILE NAME : C:\Users\m2m\Documents\renesas\YRDKRL78G14\Debug\Obj\App_Startup.r87
  PROGRAM MODULE, NAME : App_Startup

  SEGMENTS IN THE MODULE
  ======================
CODE
  Relative segment, address: 0000503E - 00005043 (0x6 bytes), align: 0
  Segment part 62.            Intra module refs:   App_StartupLimitedAP
                                                   AtLibGs_ParseDNSLookupResponse (AtCmdLib)
                                                   AtLibGs_ParseGetMacResponse (AtCmdLib)
                                                   AtLibGs_TCPClientStart (AtCmdLib)
                                                   AtLibGs_checkEOFMessage (AtCmdLib)
                                                   init_socket (mqtt)
                                                   m2mtest (mqtt)
           ENTRY                   ADDRESS         REF BY
           =====                   =======         ======
           strstr                  0000503E 
               calls direct
               CSTACK = 00000000 ( 00000002 )
    -------------------------------------------------------------------------
NEAR_Z
  Relative segment, address: 000F9FFA - 000FA05B (0x62 bytes), align: 1
  Segment part 57.            Intra module refs:   App_WebProvisioning_OverAirPush
           ENTRY                   ADDRESS         REF BY
           =====                   =======         ======
           GNV_Setting             000F9FFA        GSinit (main)
    -------------------------------------------------------------------------
NEAR_Z
  Relative segment, address: 000FA05C - 000FA075 (0x1a bytes), align: 1
  Segment part 58.            Intra module refs:   App_WebProvisioning_OverAirPush
           ENTRY                   ADDRESS         REF BY
           =====                   =======         ======
           str_config_ssid         000FA05C 
    -------------------------------------------------------------------------
NEAR_Z
  Relative segment, address: 000FA076 - 000FA089 (0x14 bytes), align: 1
  Segment part 60.            Intra module refs:   App_WebProvisioning_OverAirPush
           ENTRY                   ADDRESS         REF BY
           =====                   =======         ======
           WiFiMAC                 000FA076 
    -------------------------------------------------------------------------
NEAR_Z
  Relative segment, address: 000FA08A - 000FA097 (0xe bytes), align: 1
  Segment part 61.            Intra module refs:   App_WebProvisioning_OverAirPush
           ENTRY                   ADDRESS         REF BY
           =====                   =======         ======
           WiFiMACStr              000FA08A 
    -------------------------------------------------------------------------
CODE
  Relative segment, address: 00005044 - 000050A1 (0x5e bytes), align: 0
  Segment part 63.            Intra module refs:   App_WebProvisioning_OverAirPush
           ENTRY                   ADDRESS         REF BY
           =====                   =======         ======
           App_InitModule          00005044 
               calls direct
               CSTACK = 00000000 ( 00000004 )
    -------------------------------------------------------------------------
CODE
  Relative segment, address: 000050A2 - 00005185 (0xe4 bytes), align: 0
  Segment part 64.            Intra module refs:   App_WebProvisioning_OverAirPush
           ENTRY                   ADDRESS         REF BY
           =====                   =======         ======
           App_StartupLimitedAP    000050A2 
               calls direct
               CSTACK = 00000000 ( 00000006 )
    -------------------------------------------------------------------------
CODE
  Relative segment, address: 00005186 - 000052FE (0x179 bytes), align: 0
  Segment part 65.
           ENTRY                   ADDRESS         REF BY
           =====                   =======         ======
           App_WebProvisioning_OverAirPush
                                   00005186        main (main)
               calls direct
               CSTACK = 00000000 ( 0000000E )
    -------------------------------------------------------------------------
NEAR_CONST
  Relative segment, address: 000F300C - 000F3017 (0xc bytes), align: 1
  Segment part 2.             Intra module refs:   App_InitModule
    -------------------------------------------------------------------------
NEAR_CONST
  Relative segment, address: 000F3018 - 000F3023 (0xc bytes), align: 1
  Segment part 3.             Intra module refs:   App_InitModule
    -------------------------------------------------------------------------
NEAR_CONST
  Relative segment, address: 000F3024 - 000F302F (0xc bytes), align: 1
  Segment part 4.             Intra module refs:   App_InitModule
    -------------------------------------------------------------------------
NEAR_CONST
  Relative segment, address: 000F3030 - 000F303B (0xc bytes), align: 1
  Segment part 5.             Intra module refs:   App_InitModule
    -------------------------------------------------------------------------
NEAR_CONST
  Relative segment, address: 000F303C - 000F303D (0x2 bytes), align: 1
  Segment part 6.             Intra module refs:   App_InitModule
                                                   App_StartupLimitedAP
                                                   App_WebProvisioning_OverAirPush
    -------------------------------------------------------------------------
NEAR_CONST
  Relative segment, address: 000F303E - 000F3049 (0xc bytes), align: 1
  Segment part 7.             Intra module refs:   App_StartupLimitedAP
    -------------------------------------------------------------------------
NEAR_CONST
  Relative segment, address: 000F304A - 000F3057 (0xe bytes), align: 1
  Segment part 8.             Intra module refs:   App_StartupLimitedAP
    -------------------------------------------------------------------------
NEAR_CONST
  Relative segment, address: 000F3058 - 000F3065 (0xe bytes), align: 1
  Segment part 9.             Intra module refs:   App_StartupLimitedAP
    -------------------------------------------------------------------------
NEAR_CONST
  Relative segment, address: 000F3066 - 000F306D (0x8 bytes), align: 1
  Segment part 10.            Intra module refs:   App_StartupLimitedAP
    -------------------------------------------------------------------------
NEAR_CONST
  Relative segment, address: 000F306E - 000F307D (0x10 bytes), align: 1
  Segment part 11.            Intra module refs:   App_StartupLimitedAP
    -------------------------------------------------------------------------
NEAR_CONST
  Relative segment, address: 000F307E - 000F3083 (0x6 bytes), align: 1
  Segment part 12.            Intra module refs:   App_StartupLimitedAP
    -------------------------------------------------------------------------
NEAR_CONST
  Relative segment, address: 000F3084 - 000F3089 (0x6 bytes), align: 1
  Segment part 13.            Intra module refs:   App_StartupLimitedAP
    -------------------------------------------------------------------------
NEAR_CONST
  Relative segment, address: 000F308A - 000F30A1 (0x18 bytes), align: 1
  Segment part 14.            Intra module refs:   App_StartupLimitedAP
    -------------------------------------------------------------------------
NEAR_CONST
  Relative segment, address: 000F30A2 - 000F30AB (0xa bytes), align: 1
  Segment part 15.            Intra module refs:   App_StartupLimitedAP
    -------------------------------------------------------------------------
NEAR_CONST
  Relative segment, address: 000F30AC - 000F30B7 (0xc bytes), align: 1
  Segment part 16.            Intra module refs:   App_StartupLimitedAP
    -------------------------------------------------------------------------
NEAR_CONST
  Relative segment, address: 000F30B8 - 000F30C5 (0xe bytes), align: 1
  Segment part 17.            Intra module refs:   App_StartupLimitedAP
    -------------------------------------------------------------------------
NEAR_CONST
  Relative segment, address: 000F30C6 - 000F30D5 (0x10 bytes), align: 1
  Segment part 18.            Intra module refs:   App_WebProvisioning_OverAirPush
    -------------------------------------------------------------------------
NEAR_CONST
  Relative segment, address: 000F30D6 - 000F30DB (0x6 bytes), align: 1
  Segment part 19.            Intra module refs:   App_WebProvisioning_OverAirPush
    -------------------------------------------------------------------------
NEAR_CONST
  Relative segment, address: 000F30DC - 000F30E7 (0xc bytes), align: 1
  Segment part 20.            Intra module refs:   App_WebProvisioning_OverAirPush
    -------------------------------------------------------------------------
NEAR_CONST
  Relative segment, address: 000F30E8 - 000F30E9 (0x2 bytes), align: 1
  Segment part 21.            Intra module refs:   App_WebProvisioning_OverAirPush
    -------------------------------------------------------------------------
NEAR_CONST
  Relative segment, address: 000F30EA - 000F30F7 (0xe bytes), align: 1
  Segment part 22.            Intra module refs:   App_WebProvisioning_OverAirPush
    -------------------------------------------------------------------------
NEAR_CONST
  Relative segment, address: 000F30F8 - 000F3105 (0xe bytes), align: 1
  Segment part 23.            Intra module refs:   App_WebProvisioning_OverAirPush
    -------------------------------------------------------------------------
NEAR_CONST
  Relative segment, address: 000F3106 - 000F310D (0x8 bytes), align: 1
  Segment part 24.            Intra module refs:   App_WebProvisioning_OverAirPush
    -------------------------------------------------------------------------
NEAR_CONST
  Relative segment, address: 000F310E - 000F3113 (0x6 bytes), align: 1
  Segment part 25.            Intra module refs:   App_WebProvisioning_OverAirPush
    -------------------------------------------------------------------------
NEAR_CONST
  Relative segment, address: 000F3114 - 000F3121 (0xe bytes), align: 1
  Segment part 26.            Intra module refs:   App_WebProvisioning_OverAirPush
    -------------------------------------------------------------------------
NEAR_CONST
  Relative segment, address: 000F3122 - 000F312F (0xe bytes), align: 1
  Segment part 27.            Intra module refs:   App_WebProvisioning_OverAirPush
    -------------------------------------------------------------------------
NEAR_CONST
  Relative segment, address: 000F3130 - 000F3135 (0x6 bytes), align: 1
  Segment part 28.            Intra module refs:   App_WebProvisioning_OverAirPush
    -------------------------------------------------------------------------
NEAR_CONST
  Relative segment, address: 000F3136 - 000F313B (0x6 bytes), align: 1
  Segment part 29.            Intra module refs:   App_WebProvisioning_OverAirPush
    -------------------------------------------------------------------------
NEAR_CONST
  Relative segment, address: 000F313C - 000F313F (0x4 bytes), align: 1
  Segment part 30.            Intra module refs:   App_WebProvisioning_OverAirPush
    -------------------------------------------------------------------------
NEAR_CONST
  Relative segment, address: 000F3140 - 000F314F (0x10 bytes), align: 1
  Segment part 31.            Intra module refs:   App_WebProvisioning_OverAirPush
    -------------------------------------------------------------------------
NEAR_CONST
  Relative segment, address: 000F3150 - 000F315D (0xe bytes), align: 1
  Segment part 32.            Intra module refs:   App_WebProvisioning_OverAirPush
    -------------------------------------------------------------------------
NEAR_CONST
  Relative segment, address: 000F315E - 000F3165 (0x8 bytes), align: 1
  Segment part 33.            Intra module refs:   App_WebProvisioning_OverAirPush
    -------------------------------------------------------------------------
NEAR_CONST
  Relative segment, address: 000F3166 - 000F3177 (0x12 bytes), align: 1
  Segment part 34.            Intra module refs:   App_WebProvisioning_OverAirPush
    -------------------------------------------------------------------------
NEAR_CONST
  Relative segment, address: 000F3178 - 000F3187 (0x10 bytes), align: 1
  Segment part 35.            Intra module refs:   App_WebProvisioning_OverAirPush
    -------------------------------------------------------------------------
NEAR_CONST
  Relative segment, address: 000F3188 - 000F3195 (0xe bytes), align: 1
  Segment part 36.            Intra module refs:   App_WebProvisioning_OverAirPush
    -------------------------------------------------------------------------
NEAR_CONST
  Relative segment, address: 000F3196 - 000F31A3 (0xe bytes), align: 1
  Segment part 37.            Intra module refs:   App_WebProvisioning_OverAirPush
    -------------------------------------------------------------------------
NEAR_CONST
  Relative segment, address: 000F31A4 - 000F31AF (0xc bytes), align: 1
  Segment part 38.            Intra module refs:   App_WebProvisioning_OverAirPush
    -------------------------------------------------------------------------
NEAR_CONST
  Relative segment, address: 000F31B0 - 000F31BD (0xe bytes), align: 1
  Segment part 39.            Intra module refs:   App_WebProvisioning_OverAirPush
    -------------------------------------------------------------------------
NEAR_CONST
  Relative segment, address: 000F31BE - 000F31CB (0xe bytes), align: 1
  Segment part 40.            Intra module refs:   App_WebProvisioning_OverAirPush
    -------------------------------------------------------------------------
NEAR_CONST
  Relative segment, address: 000F31CC - 000F31D7 (0xc bytes), align: 1
  Segment part 41.            Intra module refs:   App_WebProvisioning_OverAirPush
    -------------------------------------------------------------------------
NEAR_CONST_ID
  Relative segment, address: 0000300C - 00003017 (0xc bytes), align: 1
  Segment part 68.            Intra module refs:   Segment part 2
    -------------------------------------------------------------------------
NEAR_CONST_ID
  Relative segment, address: 00003018 - 00003023 (0xc bytes), align: 1
  Segment part 69.            Intra module refs:   Segment part 3
    -------------------------------------------------------------------------
NEAR_CONST_ID
  Relative segment, address: 00003024 - 0000302F (0xc bytes), align: 1
  Segment part 70.            Intra module refs:   Segment part 4
    -------------------------------------------------------------------------
NEAR_CONST_ID
  Relative segment, address: 00003030 - 0000303B (0xc bytes), align: 1
  Segment part 71.            Intra module refs:   Segment part 5
    -------------------------------------------------------------------------
NEAR_CONST_ID
  Relative segment, address: 0000303C - 0000303D (0x2 bytes), align: 1
  Segment part 72.            Intra module refs:   Segment part 6
    -------------------------------------------------------------------------
NEAR_CONST_ID
  Relative segment, address: 0000303E - 00003049 (0xc bytes), align: 1
  Segment part 73.            Intra module refs:   Segment part 7
    -------------------------------------------------------------------------
NEAR_CONST_ID
  Relative segment, address: 0000304A - 00003057 (0xe bytes), align: 1
  Segment part 74.            Intra module refs:   Segment part 8
    -------------------------------------------------------------------------
NEAR_CONST_ID
  Relative segment, address: 00003058 - 00003065 (0xe bytes), align: 1
  Segment part 75.            Intra module refs:   Segment part 9
    -------------------------------------------------------------------------
NEAR_CONST_ID
  Relative segment, address: 00003066 - 0000306D (0x8 bytes), align: 1
  Segment part 76.            Intra module refs:   Segment part 10
    -------------------------------------------------------------------------
NEAR_CONST_ID
  Relative segment, address: 0000306E - 0000307D (0x10 bytes), align: 1
  Segment part 77.            Intra module refs:   Segment part 11
    -------------------------------------------------------------------------
NEAR_CONST_ID
  Relative segment, address: 0000307E - 00003083 (0x6 bytes), align: 1
  Segment part 78.            Intra module refs:   Segment part 12
    -------------------------------------------------------------------------
NEAR_CONST_ID
  Relative segment, address: 00003084 - 00003089 (0x6 bytes), align: 1
  Segment part 79.            Intra module refs:   Segment part 13
    -------------------------------------------------------------------------
NEAR_CONST_ID
  Relative segment, address: 0000308A - 000030A1 (0x18 bytes), align: 1
  Segment part 80.            Intra module refs:   Segment part 14
    -------------------------------------------------------------------------
NEAR_CONST_ID
  Relative segment, address: 000030A2 - 000030AB (0xa bytes), align: 1
  Segment part 81.            Intra module refs:   Segment part 15
    -------------------------------------------------------------------------
NEAR_CONST_ID
  Relative segment, address: 000030AC - 000030B7 (0xc bytes), align: 1
  Segment part 82.            Intra module refs:   Segment part 16
    -------------------------------------------------------------------------
NEAR_CONST_ID
  Relative segment, address: 000030B8 - 000030C5 (0xe bytes), align: 1
  Segment part 83.            Intra module refs:   Segment part 17
    -------------------------------------------------------------------------
NEAR_CONST_ID
  Relative segment, address: 000030C6 - 000030D5 (0x10 bytes), align: 1
  Segment part 84.            Intra module refs:   Segment part 18
    -------------------------------------------------------------------------
NEAR_CONST_ID
  Relative segment, address: 000030D6 - 000030DB (0x6 bytes), align: 1
  Segment part 85.            Intra module refs:   Segment part 19
    -------------------------------------------------------------------------
NEAR_CONST_ID
  Relative segment, address: 000030DC - 000030E7 (0xc bytes), align: 1
  Segment part 86.            Intra module refs:   Segment part 20
    -------------------------------------------------------------------------
NEAR_CONST_ID
  Relative segment, address: 000030E8 - 000030E9 (0x2 bytes), align: 1
  Segment part 87.            Intra module refs:   Segment part 21
    -------------------------------------------------------------------------
NEAR_CONST_ID
  Relative segment, address: 000030EA - 000030F7 (0xe bytes), align: 1
  Segment part 88.            Intra module refs:   Segment part 22
    -------------------------------------------------------------------------
NEAR_CONST_ID
  Relative segment, address: 000030F8 - 00003105 (0xe bytes), align: 1
  Segment part 89.            Intra module refs:   Segment part 23
    -------------------------------------------------------------------------
NEAR_CONST_ID
  Relative segment, address: 00003106 - 0000310D (0x8 bytes), align: 1
  Segment part 90.            Intra module refs:   Segment part 24
    -------------------------------------------------------------------------
NEAR_CONST_ID
  Relative segment, address: 0000310E - 00003113 (0x6 bytes), align: 1
  Segment part 91.            Intra module refs:   Segment part 25
    -------------------------------------------------------------------------
NEAR_CONST_ID
  Relative segment, address: 00003114 - 00003121 (0xe bytes), align: 1
  Segment part 92.            Intra module refs:   Segment part 26
    -------------------------------------------------------------------------
NEAR_CONST_ID
  Relative segment, address: 00003122 - 0000312F (0xe bytes), align: 1
  Segment part 93.            Intra module refs:   Segment part 27
    -------------------------------------------------------------------------
NEAR_CONST_ID
  Relative segment, address: 00003130 - 00003135 (0x6 bytes), align: 1
  Segment part 94.            Intra module refs:   Segment part 28
    -------------------------------------------------------------------------
NEAR_CONST_ID
  Relative segment, address: 00003136 - 0000313B (0x6 bytes), align: 1
  Segment part 95.            Intra module refs:   Segment part 29
    -------------------------------------------------------------------------
NEAR_CONST_ID
  Relative segment, address: 0000313C - 0000313F (0x4 bytes), align: 1
  Segment part 96.            Intra module refs:   Segment part 30
    -------------------------------------------------------------------------
NEAR_CONST_ID
  Relative segment, address: 00003140 - 0000314F (0x10 bytes), align: 1
  Segment part 97.            Intra module refs:   Segment part 31
    -------------------------------------------------------------------------
NEAR_CONST_ID
  Relative segment, address: 00003150 - 0000315D (0xe bytes), align: 1
  Segment part 98.            Intra module refs:   Segment part 32
    -------------------------------------------------------------------------
NEAR_CONST_ID
  Relative segment, address: 0000315E - 00003165 (0x8 bytes), align: 1
  Segment part 99.            Intra module refs:   Segment part 33
    -------------------------------------------------------------------------
NEAR_CONST_ID
  Relative segment, address: 00003166 - 00003177 (0x12 bytes), align: 1
  Segment part 100.           Intra module refs:   Segment part 34
    -------------------------------------------------------------------------
NEAR_CONST_ID
  Relative segment, address: 00003178 - 00003187 (0x10 bytes), align: 1
  Segment part 101.           Intra module refs:   Segment part 35
    -------------------------------------------------------------------------
NEAR_CONST_ID
  Relative segment, address: 00003188 - 00003195 (0xe bytes), align: 1
  Segment part 102.           Intra module refs:   Segment part 36
    -------------------------------------------------------------------------
NEAR_CONST_ID
  Relative segment, address: 00003196 - 000031A3 (0xe bytes), align: 1
  Segment part 103.           Intra module refs:   Segment part 37
    -------------------------------------------------------------------------
NEAR_CONST_ID
  Relative segment, address: 000031A4 - 000031AF (0xc bytes), align: 1
  Segment part 104.           Intra module refs:   Segment part 38
    -------------------------------------------------------------------------
NEAR_CONST_ID
  Relative segment, address: 000031B0 - 000031BD (0xe bytes), align: 1
  Segment part 105.           Intra module refs:   Segment part 39
    -------------------------------------------------------------------------
NEAR_CONST_ID
  Relative segment, address: 000031BE - 000031CB (0xe bytes), align: 1
  Segment part 106.           Intra module refs:   Segment part 40
    -------------------------------------------------------------------------
NEAR_CONST_ID
  Relative segment, address: 000031CC - 000031D7 (0xc bytes), align: 1
  Segment part 107.           Intra module refs:   Segment part 41

    *************************************************************************

  FILE NAME : C:\Users\m2m\Documents\renesas\YRDKRL78G14\Debug\Obj\AtCmdLib.r87
  PROGRAM MODULE, NAME : AtCmdLib

  SEGMENTS IN THE MODULE
  ======================
CODE
  Relative segment, address: 000052FF - 00005301 (0x3 bytes), align: 0
  Segment part 254.           Intra module refs:   AtLibGs_GetWebProvSettings
                                                   AtLibGs_ParseIPv4Address
                                                   _ScanfSmall (?xscanfsmall)
           ENTRY                   ADDRESS         REF BY
           =====                   =======         ======
           strchr                  000052FF 
               calls direct
    -------------------------------------------------------------------------
NEAR_CONST
  Relative segment, address: 000F31D8 - 000F31F7 (0x20 bytes), align: 1
  Segment part 224.           Intra module refs:   AtLibGs_ReceiveDataProcess
           ENTRY                   ADDRESS         REF BY
           =====                   =======         ======
           str_URL                 000F31D8 
    -------------------------------------------------------------------------
NEAR_CONST
  Relative segment, address: 000F31F8 - 000F3207 (0x10 bytes), align: 1
  Segment part 225.           Intra module refs:   AtLibGs_ReceiveDataProcess
           ENTRY                   ADDRESS         REF BY
           =====                   =======         ======
           str_rootTag             000F31F8 
    -------------------------------------------------------------------------
NEAR_Z
  Relative segment, address: 000FA098 - 000FA297 (0x200 bytes), align: 1
  Segment part 226.           Intra module refs:   AtLibGs_FlushRxBuffer
                                                   AtLibGs_GetMAC
                                                   AtLibGs_ParseDNSLookupResponse
                                                   AtLibGs_ParseGetMacResponse
                                                   AtLibGs_ReceiveDataProcess
                                                   AtLibGs_TCPClientStart
           ENTRY                   ADDRESS         REF BY
           =====                   =======         ======
           MRBuffer                000FA098        App_StartupLimitedAP (App_Startup)
    -------------------------------------------------------------------------
NEAR_Z
  Relative segment, address: 000FA298 - 000FA299 (0x2 bytes), align: 1
  Segment part 227.           Intra module refs:   AtLibGs_FlushRxBuffer
                                                   AtLibGs_ReceiveDataProcess
           ENTRY                   ADDRESS         REF BY
           =====                   =======         ======
           MRBufferIndex           000FA298 
    -------------------------------------------------------------------------
NEAR_Z
  Relative segment, address: 000FAD76 - 000FAD76 (0x1 bytes), align: 0
  Segment part 228.           Intra module refs:   AtLibGs_ClearNodeAssociationFlag
                                                   AtLibGs_SetNodeAssociationFlag
           LOCAL                   ADDRESS         
           =====                   =======         
           nodeAssociationFlag     000FAD76 
    -------------------------------------------------------------------------
NEAR_Z
  Relative segment, address: 000FAD77 - 000FAD77 (0x1 bytes), align: 0
  Segment part 229.           Intra module refs:   AtLibGs_SetNodeResetFlag
           LOCAL                   ADDRESS         
           =====                   =======         
           nodeResetFlag           000FAD77 
    -------------------------------------------------------------------------
CODE
  Relative segment, address: 00005302 - 00005307 (0x6 bytes), align: 0
  Segment part 256.
           ENTRY                   ADDRESS         REF BY
           =====                   =======         ======
           AtLibGs_Check           00005302        App_InitModule (App_Startup)
               calls direct
    -------------------------------------------------------------------------
CODE
  Relative segment, address: 00005308 - 00005324 (0x1d bytes), align: 0
  Segment part 257.
           ENTRY                   ADDRESS         REF BY
           =====                   =======         ======
           AtLibGs_SetEcho         00005308        App_InitModule (App_Startup)
                                                   GSinit (main)
               calls direct
               CSTACK = 00000000 ( 0000000E )
    -------------------------------------------------------------------------
CODE
  Relative segment, address: 00005325 - 0000535A (0x36 bytes), align: 0
  Segment part 260.
           ENTRY                   ADDRESS         REF BY
           =====                   =======         ======
           AtLibGs_GetMAC          00005325        App_WebProvisioning_OverAirPush (App_Startup)
                                                   m2mtest (mqtt)
               calls direct
               CSTACK = 00000000 ( 0000000C )
    -------------------------------------------------------------------------
CODE
  Relative segment, address: 0000535B - 00005377 (0x1d bytes), align: 0
  Segment part 263.
           ENTRY                   ADDRESS         REF BY
           =====                   =======         ======
           AtLibGs_CalcNStorePSK   0000535B        GSinit (main)
               calls direct
               CSTACK = 00000000 ( 00000038 )
    -------------------------------------------------------------------------
CODE
  Relative segment, address: 00005378 - 00005394 (0x1d bytes), align: 0
  Segment part 265.
           ENTRY                   ADDRESS         REF BY
           =====                   =======         ======
           AtLibGs_DHCPSet         00005378        GSinit (main)
               calls direct
               CSTACK = 00000000 ( 00000018 )
    -------------------------------------------------------------------------
CODE
  Relative segment, address: 00005395 - 000053D5 (0x41 bytes), align: 0
  Segment part 266.
           ENTRY                   ADDRESS         REF BY
           =====                   =======         ======
           AtLibGs_Assoc           00005395        App_StartupLimitedAP (App_Startup)
                                                   GSinit (main)
               calls direct
               CSTACK = 00000000 ( 0000006C )
    -------------------------------------------------------------------------
CODE
  Relative segment, address: 000053D6 - 00005421 (0x4c bytes), align: 0
  Segment part 267.
           ENTRY                   ADDRESS         REF BY
           =====                   =======         ======
           AtLibGs_TCPClientStart
                                   000053D6        init_socket (mqtt)
               calls direct
               CSTACK = 00000000 ( 00000058 )
    -------------------------------------------------------------------------
CODE
  Relative segment, address: 00005422 - 00005441 (0x20 bytes), align: 0
  Segment part 276.
           ENTRY                   ADDRESS         REF BY
           =====                   =======         ======
           AtLibGs_IPSet           00005422        App_StartupLimitedAP (App_Startup)
               calls direct
               CSTACK = 00000000 ( 00000044 )
    -------------------------------------------------------------------------
CODE
  Relative segment, address: 00005442 - 00005447 (0x6 bytes), align: 0
  Segment part 281.
           ENTRY                   ADDRESS         REF BY
           =====                   =======         ======
           AtLibGs_DisAssoc        00005442        App_StartupLimitedAP (App_Startup)
                                                   GSinit (main)
               calls direct
    -------------------------------------------------------------------------
CODE
  Relative segment, address: 00005448 - 0000544D (0x6 bytes), align: 0
  Segment part 285.
           ENTRY                   ADDRESS         REF BY
           =====                   =======         ======
           AtLibGs_Version         00005448        App_StartupLimitedAP (App_Startup)
                                                   GSinit (main)
               calls direct
    -------------------------------------------------------------------------
CODE
  Relative segment, address: 0000544E - 0000546B (0x1e bytes), align: 0
  Segment part 286.
           ENTRY                   ADDRESS         REF BY
           =====                   =======         ======
           AtLibGs_Mode            0000544E        App_StartupLimitedAP (App_Startup)
               calls direct
               CSTACK = 00000000 ( 00000022 )
    -------------------------------------------------------------------------
CODE
  Relative segment, address: 0000546C - 00005487 (0x1c bytes), align: 0
  Segment part 289.
           ENTRY                   ADDRESS         REF BY
           =====                   =======         ======
           AtLibGs_DNSLookup       0000546C        init_socket (mqtt)
               calls direct
               CSTACK = 00000000 ( 00000036 )
    -------------------------------------------------------------------------
CODE
  Relative segment, address: 00005488 - 000054A4 (0x1d bytes), align: 0
  Segment part 293.
           ENTRY                   ADDRESS         REF BY
           =====                   =======         ======
           AtLibGs_EnableRadio     00005488        App_StartupLimitedAP (App_Startup)
                                                   GSinit (main)
               calls direct
               CSTACK = 00000000 ( 00000022 )
    -------------------------------------------------------------------------
CODE
  Relative segment, address: 000054A5 - 000054C1 (0x1d bytes), align: 0
  Segment part 297.
           ENTRY                   ADDRESS         REF BY
           =====                   =======         ======
           AtLibGs_ConfigAntenna   000054A5        App_StartupLimitedAP (App_Startup)
               calls direct
               CSTACK = 00000000 ( 00000018 )
    -------------------------------------------------------------------------
CODE
  Relative segment, address: 000054C2 - 0000550F (0x4e bytes), align: 0
  Segment part 311.           Intra module refs:   AtLibGs_GetMAC
           ENTRY                   ADDRESS         REF BY
           =====                   =======         ======
           AtLibGs_ParseIntoLines
                                   000054C2 
               CSTACK = 00000000 ( 00000006 )
    -------------------------------------------------------------------------
CODE
  Relative segment, address: 00005510 - 00005561 (0x52 bytes), align: 0
  Segment part 315.
           ENTRY                   ADDRESS         REF BY
           =====                   =======         ======
           AtLibGs_ParseGetMacResponse
                                   00005510        App_WebProvisioning_OverAirPush (App_Startup)
               calls direct
               CSTACK = 00000000 ( 0000001A )
    -------------------------------------------------------------------------
CODE
  Relative segment, address: 00005562 - 000055BB (0x5a bytes), align: 0
  Segment part 317.           Intra module refs:   AtLibGs_GetWebProvSettings
           ENTRY                   ADDRESS         REF BY
           =====                   =======         ======
           AtLibGs_ParseIPv4Address
                                   00005562 
               calls direct
               CSTACK = 00000000 ( 00000006 )
    -------------------------------------------------------------------------
CODE
  Relative segment, address: 000055BC - 000055DF (0x24 bytes), align: 0
  Segment part 319.
           ENTRY                   ADDRESS         REF BY
           =====                   =======         ======
           AtLibGs_ParseDNSLookupResponse
                                   000055BC        init_socket (mqtt)
               calls direct
               CSTACK = 00000000 ( 00000008 )
    -------------------------------------------------------------------------
CODE
  Relative segment, address: 000055E0 - 000055F0 (0x11 bytes), align: 0
  Segment part 320.           Intra module refs:   AtLibGs_AnnounceMDNS
                                                   AtLibGs_Assoc
                                                   AtLibGs_CalcNStorePSK
                                                   AtLibGs_Check
                                                   AtLibGs_ConfigAntenna
                                                   AtLibGs_DHCPSet
                                                   AtLibGs_DNSLookup
                                                   AtLibGs_DisAssoc
                                                   AtLibGs_DisableDHCPServer
                                                   AtLibGs_EnableDHCPServer
                                                   AtLibGs_EnableRadio
                                                   AtLibGs_GetMAC
                                                   AtLibGs_IPSet
                                                   AtLibGs_Mode
                                                   AtLibGs_RegisterMDNSHost
                                                   AtLibGs_RegisterMDNSService
                                                   AtLibGs_SetAuthentictionMode
                                                   AtLibGs_SetEcho
                                                   AtLibGs_SetSecurity
                                                   AtLibGs_StartMDNS
                                                   AtLibGs_TCPClientStart
                                                   AtLibGs_Version
                                                   AtLibGs_WebProv
           ENTRY                   ADDRESS         REF BY
           =====                   =======         ======
           AtLibGs_CommandSendString
                                   000055E0 
               calls direct
               CSTACK = 00000000 ( 00000004 )
    -------------------------------------------------------------------------
CODE
  Relative segment, address: 000055F1 - 000055F3 (0x3 bytes), align: 0
  Segment part 321.           Intra module refs:   AtLibGs_SendTCPData
                                                   AtLib_GSLinkGetPostResp
                                                   AtLib_GSLinkPostDoneAck
                                                   AtLib_GSLinkSend3Value
                                                   AtLib_GSLinkSendTempValue
                                                   AtLib_GSLinkSendValue
           ENTRY                   ADDRESS         REF BY
           =====                   =======         ======
           AtLibGs_DataSend        000055F1 
               calls direct
    -------------------------------------------------------------------------
CODE
  Relative segment, address: 000055F4 - 00005656 (0x63 bytes), align: 0
  Segment part 322.
           ENTRY                   ADDRESS         REF BY
           =====                   =======         ======
           AtLibGs_SendTCPData     000055F4        send_packet (mqtt)
               calls direct
               CSTACK = 00000000 ( 0000001C )
    -------------------------------------------------------------------------
CODE
  Relative segment, address: 00005657 - 0000578E (0x138 bytes), align: 0
  Segment part 326.           Intra module refs:   AtLibGs_ReceiveDataProcess
           ENTRY                   ADDRESS         REF BY
           =====                   =======         ======
           AtLibGs_checkEOFMessage
                                   00005657 
               calls direct
               CSTACK = 00000000 ( 00000004 )
    -------------------------------------------------------------------------
CODE
  Relative segment, address: 0000578F - 000057F6 (0x68 bytes), align: 0
  Segment part 330.
           ENTRY                   ADDRESS         REF BY
           =====                   =======         ======
           AtLibGs_WaitForTCPMessage
                                   0000578F        m2mtest (mqtt)
                                                   read_packet (mqtt)
               calls direct
               CSTACK = 00000000 ( 0000000C )
    -------------------------------------------------------------------------
CODE
  Relative segment, address: 000057F7 - 00005810 (0x1a bytes), align: 0
  Segment part 332.
           ENTRY                   ADDRESS         REF BY
           =====                   =======         ======
           AtLibGs_ParseTCPData    000057F7        m2mtest (mqtt)
                                                   read_packet (mqtt)
    -------------------------------------------------------------------------
NEAR_Z
  Relative segment, address: 000FA29A - 000FA29B (0x2 bytes), align: 1
  Segment part 230.           Intra module refs:   AtLibGs_ReceiveDataProcess
           ENTRY                   ADDRESS         REF BY
           =====                   =======         ======
           pDebugMsg               000FA29A 
    -------------------------------------------------------------------------
NEAR_Z
  Relative segment, address: 000FA29C - 000FA31B (0x80 bytes), align: 1
  Segment part 231.           Intra module refs:   AtLibGs_ReceiveDataProcess
                                                   AtLib_GSLinkGetPostResp
                                                   AtLib_GSLinkPostDoneAck
                                                   AtLib_GSLinkSend3Value
                                                   AtLib_GSLinkSendTempValue
                                                   AtLib_GSLinkSendValue
           ENTRY                   ADDRESS         REF BY
           =====                   =======         ======
           at_cmd_buf              000FA29C 
    -------------------------------------------------------------------------
CODE
  Relative segment, address: 00005811 - 0000585D (0x4d bytes), align: 0
  Segment part 336.           Intra module refs:   itoa
           ENTRY                   ADDRESS         REF BY
           =====                   =======         ======
           strrev                  00005811 
               calls direct
               CSTACK = 00000000 ( 00000008 )
    -------------------------------------------------------------------------
CODE
  Relative segment, address: 0000585E - 000058E8 (0x8b bytes), align: 0
  Segment part 337.           Intra module refs:   AtLib_GSLinkSend3Value
                                                   AtLib_GSLinkSendTempValue
                                                   AtLib_GSLinkSendValue
           ENTRY                   ADDRESS         REF BY
           =====                   =======         ======
           AtLib_ConvertNumberTo4DigitASCII
                                   0000585E 
               calls direct
               CSTACK = 00000000 ( 00000010 )
    -------------------------------------------------------------------------
CODE
  Relative segment, address: 000058E9 - 00005944 (0x5c bytes), align: 0
  Segment part 338.           Intra module refs:   AtLib_GSLinkGetPostResp
                                                   AtLib_GSLinkSend3Value
                                                   AtLib_GSLinkSendValue
           ENTRY                   ADDRESS         REF BY
           =====                   =======         ======
           itoa                    000058E9 
               calls direct
               CSTACK = 00000000 ( 00000008 )
    -------------------------------------------------------------------------
NEAR_I
  Relative segment, address: 000F9F00 - 000F9F25 (0x26 bytes), align: 1
  Segment part 232.           Intra module refs:   itoa
           LOCAL                   ADDRESS         
           =====                   =======         
           itoa::digits            000F9F00 
    -------------------------------------------------------------------------
CODE
  Relative segment, address: 00005945 - 000059B5 (0x71 bytes), align: 0
  Segment part 339.           Intra module refs:   AtLib_GSLinkGetPostResp
           ENTRY                   ADDRESS         REF BY
           =====                   =======         ======
           AtLib_GSLinkSendValue   00005945 
               calls direct
               CSTACK = 00000004 ( 00000038 )
    -------------------------------------------------------------------------
CODE
  Relative segment, address: 000059B6 - 00005A18 (0x63 bytes), align: 0
  Segment part 340.           Intra module refs:   AtLib_GSLinkGetPostResp
           ENTRY                   ADDRESS         REF BY
           =====                   =======         ======
           AtLib_GSLinkSendTempValue
                                   000059B6 
               calls direct
               CSTACK = 00000000 ( 00000038 )
    -------------------------------------------------------------------------
CODE
  Relative segment, address: 00005A19 - 00005AB7 (0x9f bytes), align: 0
  Segment part 341.           Intra module refs:   AtLib_GSLinkGetPostResp
           ENTRY                   ADDRESS         REF BY
           =====                   =======         ======
           AtLib_GSLinkSend3Value
                                   00005A19 
               calls direct
               CSTACK = 0000000C ( 00000048 )
    -------------------------------------------------------------------------
CODE
  Relative segment, address: 00005AB8 - 00005AE3 (0x2c bytes), align: 0
  Segment part 342.           Intra module refs:   AtLib_GSLinkGetPostResp
           ENTRY                   ADDRESS         REF BY
           =====                   =======         ======
           AtLib_GSLinkPostDoneAck
                                   00005AB8 
               calls direct
               CSTACK = 00000000 ( 0000000C )
    -------------------------------------------------------------------------
CODE
  Relative segment, address: 00005AE4 - 00005BA3 (0xc0 bytes), align: 0
  Segment part 343.           Intra module refs:   AtLibGs_ReceiveDataProcess
           ENTRY                   ADDRESS         REF BY
           =====                   =======         ======
           AtLib_GSLinkGetPostResp
                                   00005AE4 
               calls direct
[...]
           LOCAL                   ADDRESS         
           =====                   =======         
           _UngetN                 00009CA2 
               calls indirect
               CSTACK = 00000000 ( 00000004 )
    -------------------------------------------------------------------------
CODE
  Relative segment, address: 00009CC7 - 00009E1E (0x158 bytes), align: 0
  Segment part 9.
           ENTRY                   ADDRESS         REF BY
           =====                   =======         ======
           _ScanfSmall             00009CC7        sscanf (?sscanf)
               calls direct
               CSTACK = 00000002 ( 00000016 )
    -------------------------------------------------------------------------
CODE
  Relative segment, address: 00009E1F - 00009E8F (0x71 bytes), align: 0
  Segment part 10.            Intra module refs:   _ScanfSmall
           LOCAL                   ADDRESS         
           =====                   =======         
           _GetfldSmall            00009E1F 
               calls direct
               CSTACK = 00000000 ( 00000008 )
    -------------------------------------------------------------------------
CODE
  Relative segment, address: 00009E90 - 00009F4B (0xbc bytes), align: 0
  Segment part 11.            Intra module refs:   _GetfldSmall
           LOCAL                   ADDRESS         
           =====                   =======         
           _GetstrSmall            00009E90 
               calls direct
               CSTACK = 00000000 ( 0000000C )
    -------------------------------------------------------------------------
CODE
  Relative segment, address: 00009F4C - 00009F4D (0x2 bytes), align: 0
  Segment part 12.            Intra module refs:   _GetintSmall
                                                   _GetstrSmall
    -------------------------------------------------------------------------
CODE
  Relative segment, address: 00009F4E - 00009F53 (0x6 bytes), align: 0
  Segment part 13.            Intra module refs:   Segment part 12
                                                   _GetstrSmall
                                                   _ScanfSmall
    -------------------------------------------------------------------------
CODE
  Relative segment, address: 00009F54 - 0000A16A (0x217 bytes), align: 0
  Segment part 14.            Intra module refs:   _GetfldSmall
           LOCAL                   ADDRESS         
           =====                   =======         
           _GetintSmall            00009F54 
               calls direct
               CSTACK = 00000000 ( 00000034 )
    -------------------------------------------------------------------------
NEAR_ID
  Relative segment, address: 0000A702 - 0000A707 (0x6 bytes), align: 1
  Segment part 3.             Intra module refs:   Segment part 2
    -------------------------------------------------------------------------
NEAR_ID
  Relative segment, address: 0000A708 - 0000A70D (0x6 bytes), align: 1
  Segment part 5.             Intra module refs:   Segment part 4
    -------------------------------------------------------------------------
NEAR_I
  Relative segment, address: 000F9F94 - 000F9F99 (0x6 bytes), align: 1
  Segment part 2.             Intra module refs:   _ScanfSmall
    -------------------------------------------------------------------------
NEAR_I
  Relative segment, address: 000F9F9A - 000F9F9F (0x6 bytes), align: 1
  Segment part 4.             Intra module refs:   _ScanfSmall

    -------------------------------------------------------------------------
  LIBRARY MODULE, NAME : ?xsprout

  SEGMENTS IN THE MODULE
  ======================
CODE
  Relative segment, address: 0000A16B - 0000A176 (0xc bytes), align: 0
  Segment part 2.
           ENTRY                   ADDRESS         REF BY
           =====                   =======         ======
           _SProut                 0000A16B        sprintf (?sprintf)
               CSTACK = 00000000 ( 00000002 )

    -------------------------------------------------------------------------
  LIBRARY MODULE, NAME : ?xsscin

  SEGMENTS IN THE MODULE
  ======================
CODE
  Relative segment, address: 0000A177 - 0000A197 (0x21 bytes), align: 0
  Segment part 2.
           ENTRY                   ADDRESS         REF BY
           =====                   =======         ======
           _SScin                  0000A177        sscanf (?sscanf)

    -------------------------------------------------------------------------
  LIBRARY MODULE, NAME : ?xstol

  SEGMENTS IN THE MODULE
  ======================
CODE
  Relative segment, address: 0000A198 - 0000A26B (0xd4 bytes), align: 0
  Segment part 2.
           ENTRY                   ADDRESS         REF BY
           =====                   =======         ======
           __iar_Stolx             0000A198        _GetintSmall (?xscanfsmall)
               calls direct
               CSTACK = 00000002 ( 00000010 )

    -------------------------------------------------------------------------
  LIBRARY MODULE, NAME : ?xstoul

  SEGMENTS IN THE MODULE
  ======================
NEAR_I
  Relative segment, address: 000F9FA0 - 000F9FC5 (0x26 bytes), align: 1
  Segment part 2.             Intra module refs:   __iar_Stoulx
    -------------------------------------------------------------------------
NEAR_I
  Relative segment, address: 000F9FC6 - 000F9FEB (0x26 bytes), align: 1
  Segment part 4.             Intra module refs:   __iar_Stoulx
    -------------------------------------------------------------------------
CODE
  Relative segment, address: 0000A26C - 0000A432 (0x1c7 bytes), align: 0
  Segment part 6.             Intra module refs:   __iar_Stoul
           ENTRY                   ADDRESS         REF BY
           =====                   =======         ======
           __iar_Stoulx            0000A26C        __iar_Stolx (?xstol)
               calls direct
               CSTACK = 00000002 ( 0000001E )
    -------------------------------------------------------------------------
CODE
  Relative segment, address: 0000A433 - 0000A43D (0xb bytes), align: 0
  Segment part 7.
           ENTRY                   ADDRESS         REF BY
           =====                   =======         ======
           __iar_Stoul             0000A433        _GetintSmall (?xscanfsmall)
                                                   atoi (?atoi)
               calls direct
               CSTACK = 00000000 ( 00000004 )
    -------------------------------------------------------------------------
NEAR_ID
  Relative segment, address: 0000A70E - 0000A733 (0x26 bytes), align: 1
  Segment part 3.             Intra module refs:   Segment part 2
    -------------------------------------------------------------------------
NEAR_ID
  Relative segment, address: 0000A734 - 0000A759 (0x26 bytes), align: 1
  Segment part 5.             Intra module refs:   Segment part 4

    -------------------------------------------------------------------------
  LIBRARY MODULE, NAME : ?__exit

  SEGMENTS IN THE MODULE
  ======================
CODE
  Relative segment, address: 0000A43E - 0000A43F (0x2 bytes), align: 0
  Segment part 2.
           ENTRY                   ADDRESS         REF BY
           =====                   =======         ======
           __exit                  0000A43E        __iar_exit_end (?_exit)

    -------------------------------------------------------------------------
  LIBRARY MODULE, NAME : ?xxmemxfree

  SEGMENTS IN THE MODULE
  ======================
CODE
  Relative segment, address: 0000A440 - 0000A4F7 (0xb8 bytes), align: 0
  Segment part 2.
           ENTRY                   ADDRESS         REF BY
           =====                   =======         ======
           __near_free             0000A440        __near_findmem (?xxmemxmalloc)
                                                   free (eink_driver)
               CSTACK = 00000000 ( 0000000A )

    -------------------------------------------------------------------------
  LIBRARY MODULE, NAME : ?xxmemxmalloc

  SEGMENTS IN THE MODULE
  ======================
NEAR_Z
  Relative segment, address: 000FAD72 - 000FAD75 (0x4 bytes), align: 1
  Segment part 2.             Intra module refs:   __near_findmem
                                                   __near_malloc
           ENTRY                   ADDRESS         REF BY
           =====                   =======         ======
           __near_Aldata           000FAD72        __near_free (?xxmemxfree)
    -------------------------------------------------------------------------
CODE
  Relative segment, address: 0000A4F8 - 0000A55A (0x63 bytes), align: 0
  Segment part 5.             Intra module refs:   __near_malloc
           LOCAL                   ADDRESS         
           =====                   =======         
           __near_findmem          0000A4F8 
               calls direct
               CSTACK = 00000000 ( 00000006 )
    -------------------------------------------------------------------------
CODE
  Relative segment, address: 0000A55B - 0000A5D7 (0x7d bytes), align: 0
  Segment part 13.
           ENTRY                   ADDRESS         REF BY
           =====                   =======         ======
           __near_malloc           0000A55B        malloc (eink_driver)
               calls direct
               CSTACK = 00000000 ( 00000008 )
    -------------------------------------------------------------------------
CODE
  Relative segment, address: 0000A5D8 - 0000A5E0 (0x9 bytes), align: 0
  Segment part 16.            Intra module refs:   __near_malloc




                ****************************************
                *                                      *
                *            MODULE SUMMARY            *
                *                                      *
                ****************************************

Module                       CODE      DATA       CONST
------                       ----      ----       -----
                            (Rel)   (Rel)  (Abs)  (Rel)
?CAST_LLU2L                     6
?CHAR_SSWITCH_L10              23
?CSTARTUP                      47
  + common                      2
?FUNCTION_LEAVE_L06            40
?INT_DIV_MOD_L02               53
?INT_LSH_L02                   11
?INT_NEGATE_DIV_MOD_L02        24
?INT_SSWITCH_L10               33
?LL_CASTS                      11
?LL_CASTU                      12
?LL_CMP                        39
?LONG_DIV_L03                 141
?LONG_FLOAT_DEALLOC_L06        22
?LONG_LOAD_DIV_MOD_L03         16
?LONG_MUL_FAST_L03             35
?LONG_NEGATE2_DIV_MOD_L03      24
?LONG_NEGATE_DIV_MOD_L03       23
?LONG_NEG_L03                  31
?LONG_NOT_L03                  25
?MEMCPY_NEAR                   10
?MEMCPY_SMALL_NEAR              8
?MOVE_LONG_OBJECT_L06          48
?SINT_CMP_L02                  12
?SINT_DIV_L02                  24
?SINT_MOD_L02                  24
?SINT_RSH_L02                  12
?SLONG_CMP_L03                 51
?SLONG_DIV_L03                 59
?STRCMP_NEAR                   21
?STR_CPY_NEAR                  10
?UCHAR_DIVUW_L01               16
?UINT_RSH_L02                  12
?ULONG_CMP_L03                 29
?__INIT_NEAR_I                 26
?__INIT_NEAR_Z                 19
?__MAIN_CALL                    6
?__exit                         2
?__low_level_init_stub          4
?_exit                          5
?atoi                          12
?errno                                  2
?exit                           3
?isxxx                         23
?memchr                        21
?memset                        21
?sprintf                       55
?sscanf                        28
?strcat                        27
?strchr                        16
?strlen                        14
?strncmp                       51
?strncpy                       39
?strstr                        66
?xgetmemchunk                  33       2
?xprintftiny                  510       4             4
?xscanfsmall                1 278      12            12
?xsprout                       12
?xsscin                        33
?xstol                        212
?xstoul                       466      76            76
?xxmemxfree                   184
?xxmemxmalloc                 233       4
ADC                            75              8
  + shared                     54             10
  + common
Accelerometer                 259      20            12
App_Startup                   699     618           460
  + shared                      6
AtCmdLib                    4 353   1 768         1 079
  + shared                      3
EEPROM                        527
GSHAL                         109   1 504
GainSpan_IO                    28
  + shared                                     1
GainSpan_SPI                  523     401
I2C                           530      11      1
  + shared                     44              9
  + common
LightSensor                   218       4             4
NVSettings                    229       2             2
Potentiometer                  41
RDKRL78_spi                   148      16            16
SPI _G14                      666      59      4     26
  + common                     64
ST7579_LCD                  2 049      10           150
Switch                         28
Temperature                   214       4             4
Timer                          67       2      2
  + common                     58
UART                          955     408      4
  + common                     42
eink_driver                 2 756      47      1     16
  + shared                      3              7
eink_rdk_display               67     598           574
font_8x8                            3 072         3 072
font_logos                            674           674
font_x5x7                           1 528         1 528
glyph                         339      54
glyph_register                158
hwsetup                       100             11
lcd                           118       2
led                           262     127      7    112
  + shared                                     8
main                          313     134           128
mqtt                        2 666     479           352
mstimer                       124       4
r_cg_serial                   175       6     12
  + shared                                    70
r_cg_serial_user               88       2      2
  + common                     24
r_cg_timer                                    26
user_app                       36      11             1
N/A (command line)                  1 280
N/A (alignment)                    -7 920
----------                 ------   -----    ---  -----
Total:                     23 283   5 025    183  8 302
  + common                     64


                ****************************************
                *                                      *
                *      SEGMENTS IN ADDRESS ORDER       *
                *                                      *
                ****************************************


SEGMENT              SPACE    START ADDRESS   END ADDRESS     SIZE  TYPE  ALIGN
=======              =====    =============   ===========     ====  ====  =====
__aseg                                  00000000                     rel    0
INTVEC                             00000000 - 0000003F          40   com    1
OPTBYTE                            000000C0 - 000000C3           4   rel    0
SECUID                             000000C4 - 000000CD           A   rel    1
RCODE                              000000D8 - 000004CB         3F4   rel    0
NEAR_CONST_ID                      00003000 - 00004EEF        1EF0   rel    1
CODE                               00004EF0 - 0000A5E0        56F1   rel    0
SWITCH                             0000A5E2 - 0000A66D          8C   rel    1
NEAR_ID                            0000A66E - 0000A75F          F2   rel    1
NEAR_A                             000F0010 - 000F0012           3   rel    0
                                   000F0060 - 000F0060           1 
                                   000F0070 - 000F0070           1 
                                   000F0077 - 000F0079           3 
                                   000F007B - 000F007B           1 
                                   000F00F0 - 000F00F0           1 
                                   000F00F3 - 000F00F3           1 
                                   000F0102 - 000F0103           2 
                                   000F0106 - 000F0107           2 
                                   000F010A - 000F010B           2 
                                   000F010E - 000F011F          12 
                                   000F0122 - 000F012B           A 
                                   000F0134 - 000F0135           2 
                                   000F0142 - 000F0143           2 
                                   000F0146 - 000F014B           6 
                                   000F014E - 000F0153           6 
                                   000F0156 - 000F015B           6 
                                   000F015E - 000F015F           2 
                                   000F0162 - 000F016B           A 
                                   000F0190 - 000F0195           6 
                                   000F01B2 - 000F01BF           E 
                                   000F0230 - 000F0234           5 
                                   000F02F0 - 000F02F0           1 
NEAR_CONST                         000F3000 - 000F4EEF        1EF0   rel    1
NEAR_I                             000F9F00 - 000F9FF1          F2   rel    1
NEAR_Z                             000F9FF2 - 000FADA0         DAF   rel    1
HUGE_Z                                  000FADA1                     rel    0
FAR_Z                                   000FADA1                     rel    0
NEAR_HEAP                          000FADA2 - 000FAEA1         100   rel    1
CSTACK                             000FAEA2 - 000FB2A1         400   rel    1
SADDR_A                            000FFF00 - 000FFF08           9   rel    0
                                   000FFF0A - 000FFF0A           1 
                                   000FFF0C - 000FFF13           8 
                                   000FFF16 - 000FFF1B           6 
                                   000FFF1E - 000FFF1F           2 
NEAR_A                             000FFF20 - 000FFF28           9   rel    0
                                   000FFF2A - 000FFF2A           1 
                                   000FFF2C - 000FFF2C           1 
                                   000FFF2E - 000FFF32           5 
                                   000FFF44 - 000FFF4B           8 
                                   000FFF50 - 000FFF52           3 
                                   000FFF64 - 000FFF65           2 
                                   000FFF90 - 000FFF91           2 
                                   000FFFA0 - 000FFFA4           5 
NEAR_A                             000FFFE0 - 000FFFEF          10   rel    0

                ****************************************
                *                                      *
                *        END OF CROSS REFERENCE        *
                *                                      *
                ****************************************

 23 347 bytes of CODE  memory
  5 025 bytes of DATA  memory (+ 183 absolute )
  8 302 bytes of CONST memory

Errors: none
Warnings: 5

