<?xml version="1.0"?>
<link_info>
   <banner>TI ARM Linker PC v5.1.7</banner>
   <copyright>Copyright (c) 1996-2014 Texas Instruments Incorporated</copyright>
   <link_time>0x53d66d14</link_time>
   <link_errors>0x0</link_errors>
   <output_file>thingfabric.out</output_file>
   <entry_point>
      <name>_c_int00</name>
      <address>0x2001313d</address>
   </entry_point>
   <input_file_list>
      <input_file id="fl-2">
         <path>.\</path>
         <kind>object</kind>
         <file>bma222drv.obj</file>
         <name>bma222drv.obj</name>
      </input_file>
      <input_file id="fl-3">
         <path>.\</path>
         <kind>object</kind>
         <file>device_status.obj</file>
         <name>device_status.obj</name>
      </input_file>
      <input_file id="fl-4">
         <path>.\</path>
         <kind>object</kind>
         <file>gpio_if.obj</file>
         <name>gpio_if.obj</name>
      </input_file>
      <input_file id="fl-5">
         <path>.\</path>
         <kind>object</kind>
         <file>i2c_if.obj</file>
         <name>i2c_if.obj</name>
      </input_file>
      <input_file id="fl-6">
         <path>.\</path>
         <kind>object</kind>
         <file>main.obj</file>
         <name>main.obj</name>
      </input_file>
      <input_file id="fl-7">
         <path>.\</path>
         <kind>object</kind>
         <file>mqtt.obj</file>
         <name>mqtt.obj</name>
      </input_file>
      <input_file id="fl-8">
         <path>.\</path>
         <kind>object</kind>
         <file>pinmux.obj</file>
         <name>pinmux.obj</name>
      </input_file>
      <input_file id="fl-9">
         <path>.\</path>
         <kind>object</kind>
         <file>smartconfig.obj</file>
         <name>smartconfig.obj</name>
      </input_file>
      <input_file id="fl-a">
         <path>.\</path>
         <kind>object</kind>
         <file>startup_ccs.obj</file>
         <name>startup_ccs.obj</name>
      </input_file>
      <input_file id="fl-b">
         <path>.\</path>
         <kind>object</kind>
         <file>tmp006drv.obj</file>
         <name>tmp006drv.obj</name>
      </input_file>
      <input_file id="fl-c">
         <path>.\</path>
         <kind>object</kind>
         <file>uart_if.obj</file>
         <name>uart_if.obj</name>
      </input_file>
      <input_file id="fl-13c">
         <path>c:\ti\ccsv6\tools\compiler\arm_5.1.7\lib\</path>
         <kind>archive</kind>
         <file>rtsv7M4_T_le_eabi.lib</file>
         <name>boot.obj</name>
      </input_file>
      <input_file id="fl-13d">
         <path>c:\ti\ccsv6\tools\compiler\arm_5.1.7\lib\</path>
         <kind>archive</kind>
         <file>rtsv7M4_T_le_eabi.lib</file>
         <name>copy_decompress_none.obj</name>
      </input_file>
      <input_file id="fl-13e">
         <path>c:\ti\ccsv6\tools\compiler\arm_5.1.7\lib\</path>
         <kind>archive</kind>
         <file>rtsv7M4_T_le_eabi.lib</file>
         <name>copy_decompress_rle.obj</name>
      </input_file>
      <input_file id="fl-13f">
         <path>c:\ti\ccsv6\tools\compiler\arm_5.1.7\lib\</path>
         <kind>archive</kind>
         <file>rtsv7M4_T_le_eabi.lib</file>
         <name>copy_zero_init.obj</name>
      </input_file>
      <input_file id="fl-140">
         <path>c:\ti\ccsv6\tools\compiler\arm_5.1.7\lib\</path>
         <kind>archive</kind>
         <file>rtsv7M4_T_le_eabi.lib</file>
         <name>exit.obj</name>
      </input_file>
      <input_file id="fl-141">
         <path>c:\ti\ccsv6\tools\compiler\arm_5.1.7\lib\</path>
         <kind>archive</kind>
         <file>rtsv7M4_T_le_eabi.lib</file>
         <name>fd_add_t2.obj</name>
      </input_file>
      <input_file id="fl-142">
         <path>c:\ti\ccsv6\tools\compiler\arm_5.1.7\lib\</path>
         <kind>archive</kind>
         <file>rtsv7M4_T_le_eabi.lib</file>
         <name>fd_div_t2.obj</name>
      </input_file>
      <input_file id="fl-143">
         <path>c:\ti\ccsv6\tools\compiler\arm_5.1.7\lib\</path>
         <kind>archive</kind>
         <file>rtsv7M4_T_le_eabi.lib</file>
         <name>fd_mul_t2.obj</name>
      </input_file>
      <input_file id="fl-144">
         <path>c:\ti\ccsv6\tools\compiler\arm_5.1.7\lib\</path>
         <kind>archive</kind>
         <file>rtsv7M4_T_le_eabi.lib</file>
         <name>fd_tos_t2.obj</name>
      </input_file>
      <input_file id="fl-145">
         <path>c:\ti\ccsv6\tools\compiler\arm_5.1.7\lib\</path>
         <kind>archive</kind>
         <file>rtsv7M4_T_le_eabi.lib</file>
         <name>fs_add_t2.obj</name>
      </input_file>
      <input_file id="fl-146">
         <path>c:\ti\ccsv6\tools\compiler\arm_5.1.7\lib\</path>
         <kind>archive</kind>
         <file>rtsv7M4_T_le_eabi.lib</file>
         <name>fs_div_t2.obj</name>
      </input_file>
      <input_file id="fl-147">
         <path>c:\ti\ccsv6\tools\compiler\arm_5.1.7\lib\</path>
         <kind>archive</kind>
         <file>rtsv7M4_T_le_eabi.lib</file>
         <name>fs_mul_t2.obj</name>
      </input_file>
      <input_file id="fl-148">
         <path>c:\ti\ccsv6\tools\compiler\arm_5.1.7\lib\</path>
         <kind>archive</kind>
         <file>rtsv7M4_T_le_eabi.lib</file>
         <name>fs_toi_t2.obj</name>
      </input_file>
      <input_file id="fl-149">
         <path>c:\ti\ccsv6\tools\compiler\arm_5.1.7\lib\</path>
         <kind>archive</kind>
         <file>rtsv7M4_T_le_eabi.lib</file>
         <name>fs_tou_t2.obj</name>
      </input_file>
      <input_file id="fl-14a">
         <path>c:\ti\ccsv6\tools\compiler\arm_5.1.7\lib\</path>
         <kind>archive</kind>
         <file>rtsv7M4_T_le_eabi.lib</file>
         <name>i_tofd_t2.obj</name>
      </input_file>
      <input_file id="fl-14b">
         <path>c:\ti\ccsv6\tools\compiler\arm_5.1.7\lib\</path>
         <kind>archive</kind>
         <file>rtsv7M4_T_le_eabi.lib</file>
         <name>memcmp.obj</name>
      </input_file>
      <input_file id="fl-14c">
         <path>c:\ti\ccsv6\tools\compiler\arm_5.1.7\lib\</path>
         <kind>archive</kind>
         <file>rtsv7M4_T_le_eabi.lib</file>
         <name>memcpy_t2.obj</name>
      </input_file>
      <input_file id="fl-14d">
         <path>c:\ti\ccsv6\tools\compiler\arm_5.1.7\lib\</path>
         <kind>archive</kind>
         <file>rtsv7M4_T_le_eabi.lib</file>
         <name>memory.obj</name>
      </input_file>
      <input_file id="fl-14e">
         <path>c:\ti\ccsv6\tools\compiler\arm_5.1.7\lib\</path>
         <kind>archive</kind>
         <file>rtsv7M4_T_le_eabi.lib</file>
         <name>memset_t2.obj</name>
      </input_file>
      <input_file id="fl-14f">
         <path>c:\ti\ccsv6\tools\compiler\arm_5.1.7\lib\</path>
         <kind>archive</kind>
         <file>rtsv7M4_T_le_eabi.lib</file>
         <name>pow.obj</name>
      </input_file>
      <input_file id="fl-150">
         <path>c:\ti\ccsv6\tools\compiler\arm_5.1.7\lib\</path>
         <kind>archive</kind>
         <file>rtsv7M4_T_le_eabi.lib</file>
         <name>sprintf.obj</name>
      </input_file>
      <input_file id="fl-151">
         <path>c:\ti\ccsv6\tools\compiler\arm_5.1.7\lib\</path>
         <kind>archive</kind>
         <file>rtsv7M4_T_le_eabi.lib</file>
         <name>stkdepth_vars.obj</name>
      </input_file>
      <input_file id="fl-152">
         <path>c:\ti\ccsv6\tools\compiler\arm_5.1.7\lib\</path>
         <kind>archive</kind>
         <file>rtsv7M4_T_le_eabi.lib</file>
         <name>strcpy.obj</name>
      </input_file>
      <input_file id="fl-153">
         <path>c:\ti\ccsv6\tools\compiler\arm_5.1.7\lib\</path>
         <kind>archive</kind>
         <file>rtsv7M4_T_le_eabi.lib</file>
         <name>strlen.obj</name>
      </input_file>
      <input_file id="fl-154">
         <path>c:\ti\ccsv6\tools\compiler\arm_5.1.7\lib\</path>
         <kind>archive</kind>
         <file>rtsv7M4_T_le_eabi.lib</file>
         <name>strncpy.obj</name>
      </input_file>
      <input_file id="fl-155">
         <path>c:\ti\ccsv6\tools\compiler\arm_5.1.7\lib\</path>
         <kind>archive</kind>
         <file>rtsv7M4_T_le_eabi.lib</file>
         <name>vsnprintf.obj</name>
      </input_file>
      <input_file id="fl-156">
         <path>c:\ti\ccsv6\tools\compiler\arm_5.1.7\lib\</path>
         <kind>archive</kind>
         <file>rtsv7M4_T_le_eabi.lib</file>
         <name>xdint.obj</name>
      </input_file>
      <input_file id="fl-157">
         <path>c:\ti\ccsv6\tools\compiler\arm_5.1.7\lib\</path>
         <kind>archive</kind>
         <file>rtsv7M4_T_le_eabi.lib</file>
         <name>xdunscal.obj</name>
      </input_file>
      <input_file id="fl-158">
         <path>c:\ti\ccsv6\tools\compiler\arm_5.1.7\lib\</path>
         <kind>archive</kind>
         <file>rtsv7M4_T_le_eabi.lib</file>
         <name>xexp.obj</name>
      </input_file>
      <input_file id="fl-159">
         <path>c:\ti\ccsv6\tools\compiler\arm_5.1.7\lib\</path>
         <kind>archive</kind>
         <file>rtsv7M4_T_le_eabi.lib</file>
         <name>xferaise.obj</name>
      </input_file>
      <input_file id="fl-15a">
         <path>c:\ti\ccsv6\tools\compiler\arm_5.1.7\lib\</path>
         <kind>archive</kind>
         <file>rtsv7M4_T_le_eabi.lib</file>
         <name>xvalues.obj</name>
      </input_file>
      <input_file id="fl-15b">
         <path>c:\ti\ccsv6\tools\compiler\arm_5.1.7\lib\</path>
         <kind>archive</kind>
         <file>rtsv7M4_T_le_eabi.lib</file>
         <name>_lock.obj</name>
      </input_file>
      <input_file id="fl-15c">
         <path>c:\ti\ccsv6\tools\compiler\arm_5.1.7\lib\</path>
         <kind>archive</kind>
         <file>rtsv7M4_T_le_eabi.lib</file>
         <name>_printfi.obj</name>
      </input_file>
      <input_file id="fl-15d">
         <path>c:\ti\ccsv6\tools\compiler\arm_5.1.7\lib\</path>
         <kind>archive</kind>
         <file>rtsv7M4_T_le_eabi.lib</file>
         <name>args_main.obj</name>
      </input_file>
      <input_file id="fl-15e">
         <path>c:\ti\ccsv6\tools\compiler\arm_5.1.7\lib\</path>
         <kind>archive</kind>
         <file>rtsv7M4_T_le_eabi.lib</file>
         <name>atoi.obj</name>
      </input_file>
      <input_file id="fl-15f">
         <path>c:\ti\ccsv6\tools\compiler\arm_5.1.7\lib\</path>
         <kind>archive</kind>
         <file>rtsv7M4_T_le_eabi.lib</file>
         <name>auto_init.obj</name>
      </input_file>
      <input_file id="fl-160">
         <path>c:\ti\ccsv6\tools\compiler\arm_5.1.7\lib\</path>
         <kind>archive</kind>
         <file>rtsv7M4_T_le_eabi.lib</file>
         <name>cpy_tbl.obj</name>
      </input_file>
      <input_file id="fl-161">
         <path>c:\ti\ccsv6\tools\compiler\arm_5.1.7\lib\</path>
         <kind>archive</kind>
         <file>rtsv7M4_T_le_eabi.lib</file>
         <name>ctype.obj</name>
      </input_file>
      <input_file id="fl-162">
         <path>c:\ti\ccsv6\tools\compiler\arm_5.1.7\lib\</path>
         <kind>archive</kind>
         <file>rtsv7M4_T_le_eabi.lib</file>
         <name>errno.obj</name>
      </input_file>
      <input_file id="fl-163">
         <path>c:\ti\ccsv6\tools\compiler\arm_5.1.7\lib\</path>
         <kind>archive</kind>
         <file>rtsv7M4_T_le_eabi.lib</file>
         <name>fd_cmp_t2.obj</name>
      </input_file>
      <input_file id="fl-164">
         <path>c:\ti\ccsv6\tools\compiler\arm_5.1.7\lib\</path>
         <kind>archive</kind>
         <file>rtsv7M4_T_le_eabi.lib</file>
         <name>fd_toi_t2.obj</name>
      </input_file>
      <input_file id="fl-165">
         <path>c:\ti\ccsv6\tools\compiler\arm_5.1.7\lib\</path>
         <kind>archive</kind>
         <file>rtsv7M4_T_le_eabi.lib</file>
         <name>feraiseexcept.obj</name>
      </input_file>
      <input_file id="fl-166">
         <path>c:\ti\ccsv6\tools\compiler\arm_5.1.7\lib\</path>
         <kind>archive</kind>
         <file>rtsv7M4_T_le_eabi.lib</file>
         <name>ll_mul_t2.obj</name>
      </input_file>
      <input_file id="fl-167">
         <path>c:\ti\ccsv6\tools\compiler\arm_5.1.7\lib\</path>
         <kind>archive</kind>
         <file>rtsv7M4_T_le_eabi.lib</file>
         <name>log.obj</name>
      </input_file>
      <input_file id="fl-168">
         <path>c:\ti\ccsv6\tools\compiler\arm_5.1.7\lib\</path>
         <kind>archive</kind>
         <file>rtsv7M4_T_le_eabi.lib</file>
         <name>ltoa.obj</name>
      </input_file>
      <input_file id="fl-169">
         <path>c:\ti\ccsv6\tools\compiler\arm_5.1.7\lib\</path>
         <kind>archive</kind>
         <file>rtsv7M4_T_le_eabi.lib</file>
         <name>memccpy.obj</name>
      </input_file>
      <input_file id="fl-16a">
         <path>c:\ti\ccsv6\tools\compiler\arm_5.1.7\lib\</path>
         <kind>archive</kind>
         <file>rtsv7M4_T_le_eabi.lib</file>
         <name>raise.obj</name>
      </input_file>
      <input_file id="fl-16b">
         <path>c:\ti\ccsv6\tools\compiler\arm_5.1.7\lib\</path>
         <kind>archive</kind>
         <file>rtsv7M4_T_le_eabi.lib</file>
         <name>signal.obj</name>
      </input_file>
      <input_file id="fl-16c">
         <path>c:\ti\ccsv6\tools\compiler\arm_5.1.7\lib\</path>
         <kind>archive</kind>
         <file>rtsv7M4_T_le_eabi.lib</file>
         <name>ull_div_t2.obj</name>
      </input_file>
      <input_file id="fl-16d">
         <path>c:\ti\ccsv6\tools\compiler\arm_5.1.7\lib\</path>
         <kind>archive</kind>
         <file>rtsv7M4_T_le_eabi.lib</file>
         <name>xdclass.obj</name>
      </input_file>
      <input_file id="fl-16e">
         <path>c:\ti\ccsv6\tools\compiler\arm_5.1.7\lib\</path>
         <kind>archive</kind>
         <file>rtsv7M4_T_le_eabi.lib</file>
         <name>xdnorm.obj</name>
      </input_file>
      <input_file id="fl-16f">
         <path>c:\ti\ccsv6\tools\compiler\arm_5.1.7\lib\</path>
         <kind>archive</kind>
         <file>rtsv7M4_T_le_eabi.lib</file>
         <name>xdscale.obj</name>
      </input_file>
      <input_file id="fl-170">
         <path>c:\ti\ccsv6\tools\compiler\arm_5.1.7\lib\</path>
         <kind>archive</kind>
         <file>rtsv7M4_T_le_eabi.lib</file>
         <name>xdtest.obj</name>
      </input_file>
      <input_file id="fl-171">
         <path>c:\ti\ccsv6\tools\compiler\arm_5.1.7\lib\</path>
         <kind>archive</kind>
         <file>rtsv7M4_T_le_eabi.lib</file>
         <name>xlog.obj</name>
      </input_file>
      <input_file id="fl-172">
         <path>c:\ti\ccsv6\tools\compiler\arm_5.1.7\lib\</path>
         <kind>archive</kind>
         <file>rtsv7M4_T_le_eabi.lib</file>
         <name>fs_tod_t2.obj</name>
      </input_file>
      <input_file id="fl-173">
         <path>c:\ti\ccsv6\tools\compiler\arm_5.1.7\lib\</path>
         <kind>archive</kind>
         <file>rtsv7M4_T_le_eabi.lib</file>
         <name>xfvalues.obj</name>
      </input_file>
      <input_file id="fl-174">
         <path>C:\ti\CC3200SDK\cc3200-sdk\driverlib\ccs\Release\</path>
         <kind>archive</kind>
         <file>driverlib.a</file>
         <name>utils.obj</name>
      </input_file>
      <input_file id="fl-175">
         <path>C:\ti\CC3200SDK\cc3200-sdk\driverlib\ccs\Release\</path>
         <kind>archive</kind>
         <file>driverlib.a</file>
         <name>uart.obj</name>
      </input_file>
      <input_file id="fl-176">
         <path>C:\ti\CC3200SDK\cc3200-sdk\driverlib\ccs\Release\</path>
         <kind>archive</kind>
         <file>driverlib.a</file>
         <name>prcm.obj</name>
      </input_file>
      <input_file id="fl-177">
         <path>C:\ti\CC3200SDK\cc3200-sdk\driverlib\ccs\Release\</path>
         <kind>archive</kind>
         <file>driverlib.a</file>
         <name>pin.obj</name>
      </input_file>
      <input_file id="fl-178">
         <path>C:\ti\CC3200SDK\cc3200-sdk\driverlib\ccs\Release\</path>
         <kind>archive</kind>
         <file>driverlib.a</file>
         <name>interrupt.obj</name>
      </input_file>
      <input_file id="fl-179">
         <path>C:\ti\CC3200SDK\cc3200-sdk\driverlib\ccs\Release\</path>
         <kind>archive</kind>
         <file>driverlib.a</file>
         <name>i2c.obj</name>
      </input_file>
      <input_file id="fl-17a">
         <path>C:\ti\CC3200SDK\cc3200-sdk\driverlib\ccs\Release\</path>
         <kind>archive</kind>
         <file>driverlib.a</file>
         <name>gpio.obj</name>
      </input_file>
      <input_file id="fl-17b">
         <path>C:\ti\CC3200SDK\cc3200-sdk\driverlib\ccs\Release\</path>
         <kind>archive</kind>
         <file>driverlib.a</file>
         <name>flash.obj</name>
      </input_file>
      <input_file id="fl-17c">
         <path>C:\ti\CC3200SDK\cc3200-sdk\driverlib\ccs\Release\</path>
         <kind>archive</kind>
         <file>driverlib.a</file>
         <name>cpu.obj</name>
      </input_file>
      <input_file id="fl-17d">
         <path>C:\ti\CC3200SDK\cc3200-sdk\simplelink\ccs\OS\</path>
         <kind>archive</kind>
         <file>simplelink.a</file>
         <name>wlan.obj</name>
      </input_file>
      <input_file id="fl-17e">
         <path>C:\ti\CC3200SDK\cc3200-sdk\simplelink\ccs\OS\</path>
         <kind>archive</kind>
         <file>simplelink.a</file>
         <name>socket.obj</name>
      </input_file>
      <input_file id="fl-17f">
         <path>C:\ti\CC3200SDK\cc3200-sdk\simplelink\ccs\OS\</path>
         <kind>archive</kind>
         <file>simplelink.a</file>
         <name>netcfg.obj</name>
      </input_file>
      <input_file id="fl-180">
         <path>C:\ti\CC3200SDK\cc3200-sdk\simplelink\ccs\OS\</path>
         <kind>archive</kind>
         <file>simplelink.a</file>
         <name>netapp.obj</name>
      </input_file>
      <input_file id="fl-181">
         <path>C:\ti\CC3200SDK\cc3200-sdk\simplelink\ccs\OS\</path>
         <kind>archive</kind>
         <file>simplelink.a</file>
         <name>driver.obj</name>
      </input_file>
      <input_file id="fl-182">
         <path>C:\ti\CC3200SDK\cc3200-sdk\simplelink\ccs\OS\</path>
         <kind>archive</kind>
         <file>simplelink.a</file>
         <name>device.obj</name>
      </input_file>
      <input_file id="fl-183">
         <path>C:\ti\CC3200SDK\cc3200-sdk\simplelink\ccs\OS\</path>
         <kind>archive</kind>
         <file>simplelink.a</file>
         <name>cc_pal.obj</name>
      </input_file>
      <input_file id="fl-184">
         <path>C:\ti\CC3200SDK\cc3200-sdk\simplelink\ccs\OS\</path>
         <kind>archive</kind>
         <file>simplelink.a</file>
         <name>flowcont.obj</name>
      </input_file>
      <input_file id="fl-185">
         <path>C:\ti\CC3200SDK\cc3200-sdk\oslib\ccs\free_rtos\</path>
         <kind>archive</kind>
         <file>free_rtos.a</file>
         <name>portasm.obj</name>
      </input_file>
      <input_file id="fl-186">
         <path>C:\ti\CC3200SDK\cc3200-sdk\oslib\ccs\free_rtos\</path>
         <kind>archive</kind>
         <file>free_rtos.a</file>
         <name>port.obj</name>
      </input_file>
      <input_file id="fl-187">
         <path>C:\ti\CC3200SDK\cc3200-sdk\oslib\ccs\free_rtos\</path>
         <kind>archive</kind>
         <file>free_rtos.a</file>
         <name>osi_freertos.obj</name>
      </input_file>
      <input_file id="fl-188">
         <path>C:\ti\CC3200SDK\cc3200-sdk\oslib\ccs\free_rtos\</path>
         <kind>archive</kind>
         <file>free_rtos.a</file>
         <name>heap_3.obj</name>
      </input_file>
      <input_file id="fl-189">
         <path>C:\ti\CC3200SDK\cc3200-sdk\oslib\ccs\free_rtos\</path>
         <kind>archive</kind>
         <file>free_rtos.a</file>
         <name>tasks.obj</name>
      </input_file>
      <input_file id="fl-18a">
         <path>C:\ti\CC3200SDK\cc3200-sdk\oslib\ccs\free_rtos\</path>
         <kind>archive</kind>
         <file>free_rtos.a</file>
         <name>queue.obj</name>
      </input_file>
      <input_file id="fl-18b">
         <path>C:\ti\CC3200SDK\cc3200-sdk\oslib\ccs\free_rtos\</path>
         <kind>archive</kind>
         <file>free_rtos.a</file>
         <name>list.obj</name>
      </input_file>
      <input_file id="fl-18c">
         <path>c:\ti\ccsv6\tools\compiler\arm_5.1.7\lib\</path>
         <kind>archive</kind>
         <file>rtsv7M4_T_le_eabi.lib</file>
         <name>ll_lsr_t2.obj</name>
      </input_file>
      <input_file id="fl-18d">
         <path>c:\ti\ccsv6\tools\compiler\arm_5.1.7\lib\</path>
         <kind>archive</kind>
         <file>rtsv7M4_T_le_eabi.lib</file>
         <name>strcat.obj</name>
      </input_file>
      <input_file id="fl-18e">
         <path>C:\ti\CC3200SDK\cc3200-sdk\driverlib\ccs\Release\</path>
         <kind>archive</kind>
         <file>driverlib.a</file>
         <name>udma.obj</name>
      </input_file>
      <input_file id="fl-18f">
         <path>C:\ti\CC3200SDK\cc3200-sdk\driverlib\ccs\Release\</path>
         <kind>archive</kind>
         <file>driverlib.a</file>
         <name>spi.obj</name>
      </input_file>
   </input_file_list>
   <object_component_list>
      <object_component id="oc-e">
         <name>.intvecs</name>
         <load_address>0x20004000</load_address>
         <run_address>0x20004000</run_address>
         <size>0x400</size>
         <input_file_ref idref="fl-a"/>
      </object_component>
      <object_component id="oc-24e">
         <name>.text</name>
         <load_address>0x20004400</load_address>
         <run_address>0x20004400</run_address>
         <size>0x1d7c</size>
         <input_file_ref idref="fl-181"/>
      </object_component>
      <object_component id="oc-7a">
         <name>.text</name>
         <load_address>0x2000617c</load_address>
         <run_address>0x2000617c</run_address>
         <size>0x1040</size>
         <input_file_ref idref="fl-189"/>
      </object_component>
      <object_component id="oc-1e3">
         <name>.text</name>
         <load_address>0x200071bc</load_address>
         <run_address>0x200071bc</run_address>
         <size>0xec0</size>
         <input_file_ref idref="fl-15c"/>
      </object_component>
      <object_component id="oc-310">
         <name>.text</name>
         <load_address>0x2000807c</load_address>
         <run_address>0x2000807c</run_address>
         <size>0xd88</size>
         <input_file_ref idref="fl-17e"/>
      </object_component>
      <object_component id="oc-19b">
         <name>.text</name>
         <load_address>0x20008e04</load_address>
         <run_address>0x20008e04</run_address>
         <size>0xc24</size>
         <input_file_ref idref="fl-7"/>
      </object_component>
      <object_component id="oc-2b4">
         <name>.text</name>
         <load_address>0x20009a28</load_address>
         <run_address>0x20009a28</run_address>
         <size>0xab4</size>
         <input_file_ref idref="fl-180"/>
      </object_component>
      <object_component id="oc-297">
         <name>.text</name>
         <load_address>0x2000a4dc</load_address>
         <run_address>0x2000a4dc</run_address>
         <size>0xa88</size>
         <input_file_ref idref="fl-18a"/>
      </object_component>
      <object_component id="oc-162">
         <name>.text</name>
         <load_address>0x2000af64</load_address>
         <run_address>0x2000af64</run_address>
         <size>0xa5c</size>
         <input_file_ref idref="fl-17d"/>
      </object_component>
      <object_component id="oc-180">
         <name>.text</name>
         <load_address>0x2000b9c0</load_address>
         <run_address>0x2000b9c0</run_address>
         <size>0x98c</size>
         <input_file_ref idref="fl-176"/>
      </object_component>
      <object_component id="oc-9c">
         <name>.text</name>
         <load_address>0x2000c34c</load_address>
         <run_address>0x2000c34c</run_address>
         <size>0x8ec</size>
         <input_file_ref idref="fl-6"/>
      </object_component>
      <object_component id="oc-3b5">
         <name>.text</name>
         <load_address>0x2000cc38</load_address>
         <run_address>0x2000cc38</run_address>
         <size>0x79c</size>
         <input_file_ref idref="fl-18f"/>
      </object_component>
      <object_component id="oc-2f2">
         <name>.text</name>
         <load_address>0x2000d3d4</load_address>
         <run_address>0x2000d3d4</run_address>
         <size>0x67a</size>
         <input_file_ref idref="fl-179"/>
      </object_component>
      <object_component id="oc-248">
         <name>.text</name>
         <load_address>0x2000da50</load_address>
         <run_address>0x2000da50</run_address>
         <size>0x668</size>
         <input_file_ref idref="fl-183"/>
      </object_component>
      <object_component id="oc-150">
         <name>.text</name>
         <load_address>0x2000e0b8</load_address>
         <run_address>0x2000e0b8</run_address>
         <size>0x500</size>
         <input_file_ref idref="fl-182"/>
      </object_component>
      <object_component id="oc-3c5">
         <name>.text</name>
         <load_address>0x2000e5b8</load_address>
         <run_address>0x2000e5b8</run_address>
         <size>0x4a4</size>
         <input_file_ref idref="fl-18e"/>
      </object_component>
      <object_component id="oc-20b">
         <name>.text</name>
         <load_address>0x2000ea5c</load_address>
         <run_address>0x2000ea5c</run_address>
         <size>0x490</size>
         <input_file_ref idref="fl-14f"/>
      </object_component>
      <object_component id="oc-275">
         <name>.text</name>
         <load_address>0x2000eeec</load_address>
         <run_address>0x2000eeec</run_address>
         <size>0x48c</size>
         <input_file_ref idref="fl-175"/>
      </object_component>
      <object_component id="oc-1d5">
         <name>.text</name>
         <load_address>0x2000f378</load_address>
         <run_address>0x2000f378</run_address>
         <size>0x3dc</size>
         <input_file_ref idref="fl-14d"/>
      </object_component>
      <object_component id="oc-139">
         <name>.text</name>
         <load_address>0x2000f754</load_address>
         <run_address>0x2000f754</run_address>
         <size>0x3c0</size>
         <input_file_ref idref="fl-b"/>
      </object_component>
      <object_component id="oc-168">
         <name>.text</name>
         <load_address>0x2000fb14</load_address>
         <run_address>0x2000fb14</run_address>
         <size>0x398</size>
         <input_file_ref idref="fl-187"/>
      </object_component>
      <object_component id="oc-17a">
         <name>.text</name>
         <load_address>0x2000feac</load_address>
         <run_address>0x2000feac</run_address>
         <size>0x370</size>
         <input_file_ref idref="fl-178"/>
      </object_component>
      <object_component id="oc-14a">
         <name>.text</name>
         <load_address>0x2001021c</load_address>
         <run_address>0x2001021c</run_address>
         <size>0x354</size>
         <input_file_ref idref="fl-4"/>
      </object_component>
      <object_component id="oc-239">
         <name>.text</name>
         <load_address>0x20010570</load_address>
         <run_address>0x20010570</run_address>
         <size>0x334</size>
         <input_file_ref idref="fl-17a"/>
      </object_component>
      <object_component id="oc-2e1">
         <name>.text</name>
         <load_address>0x200108a4</load_address>
         <run_address>0x200108a4</run_address>
         <size>0x300</size>
         <input_file_ref idref="fl-17b"/>
      </object_component>
      <object_component id="oc-4b2">
         <name>.text</name>
         <load_address>0x20010ba4</load_address>
         <run_address>0x20010ba4</run_address>
         <size>0x2e4</size>
         <input_file_ref idref="fl-171"/>
      </object_component>
      <object_component id="oc-192">
         <name>.text</name>
         <load_address>0x20010e88</load_address>
         <run_address>0x20010e88</run_address>
         <size>0x290</size>
         <input_file_ref idref="fl-5"/>
      </object_component>
      <object_component id="oc-18c">
         <name>.text</name>
         <load_address>0x20011118</load_address>
         <run_address>0x20011118</run_address>
         <size>0x284</size>
         <input_file_ref idref="fl-177"/>
      </object_component>
      <object_component id="oc-399">
         <name>.text</name>
         <load_address>0x2001139c</load_address>
         <run_address>0x2001139c</run_address>
         <size>0x1fc</size>
         <input_file_ref idref="fl-158"/>
      </object_component>
      <object_component id="oc-2d7">
         <name>.text</name>
         <load_address>0x20011598</load_address>
         <run_address>0x20011598</run_address>
         <size>0x1f4</size>
         <input_file_ref idref="fl-16c"/>
      </object_component>
      <object_component id="oc-15c">
         <name>.text</name>
         <load_address>0x2001178c</load_address>
         <run_address>0x2001178c</run_address>
         <size>0x1d4</size>
         <input_file_ref idref="fl-c"/>
      </object_component>
      <object_component id="oc-120">
         <name>.text</name>
         <load_address>0x20011960</load_address>
         <run_address>0x20011960</run_address>
         <size>0x1d2</size>
         <input_file_ref idref="fl-2"/>
      </object_component>
      <object_component id="oc-201">
         <name>.text</name>
         <load_address>0x20011b32</load_address>
         <run_address>0x20011b32</run_address>
         <size>0x1b6</size>
         <input_file_ref idref="fl-141"/>
      </object_component>
      <object_component id="oc-211">
         <name>.text</name>
         <load_address>0x20011ce8</load_address>
         <run_address>0x20011ce8</run_address>
         <size>0x136</size>
         <input_file_ref idref="fl-142"/>
      </object_component>
      <object_component id="oc-cd">
         <name>.text</name>
         <load_address>0x20011e1e</load_address>
         <run_address>0x20011e1e</run_address>
         <size>0x132</size>
         <input_file_ref idref="fl-18b"/>
      </object_component>
      <object_component id="oc-4ba">
         <name>.text</name>
         <load_address>0x20011f50</load_address>
         <run_address>0x20011f50</run_address>
         <size>0x110</size>
         <input_file_ref idref="fl-16f"/>
      </object_component>
      <object_component id="oc-37">
         <name>.text</name>
         <load_address>0x20012060</load_address>
         <run_address>0x20012060</run_address>
         <size>0x10c</size>
         <input_file_ref idref="fl-186"/>
      </object_component>
      <object_component id="oc-156">
         <name>.text</name>
         <load_address>0x2001216c</load_address>
         <run_address>0x2001216c</run_address>
         <size>0x100</size>
         <input_file_ref idref="fl-17f"/>
      </object_component>
      <object_component id="oc-206">
         <name>.text</name>
         <load_address>0x2001226c</load_address>
         <run_address>0x2001226c</run_address>
         <size>0xfc</size>
         <input_file_ref idref="fl-143"/>
      </object_component>
      <object_component id="oc-22a">
         <name>.text</name>
         <load_address>0x20012368</load_address>
         <run_address>0x20012368</run_address>
         <size>0xfa</size>
         <input_file_ref idref="fl-145"/>
      </object_component>
      <object_component id="oc-387">
         <name>.text</name>
         <load_address>0x20012464</load_address>
         <run_address>0x20012464</run_address>
         <size>0xc4</size>
         <input_file_ref idref="fl-156"/>
      </object_component>
      <object_component id="oc-49c">
         <name>.text</name>
         <load_address>0x20012528</load_address>
         <run_address>0x20012528</run_address>
         <size>0xc4</size>
         <input_file_ref idref="fl-16e"/>
      </object_component>
      <object_component id="oc-32">
         <name>.text</name>
         <load_address>0x200125ec</load_address>
         <run_address>0x200125ec</run_address>
         <size>0xba</size>
         <input_file_ref idref="fl-185"/>
      </object_component>
      <object_component id="oc-174">
         <name>.text</name>
         <load_address>0x200126a8</load_address>
         <run_address>0x200126a8</run_address>
         <size>0xb4</size>
         <input_file_ref idref="fl-3"/>
      </object_component>
      <object_component id="oc-55">
         <name>.text</name>
         <load_address>0x2001275c</load_address>
         <run_address>0x2001275c</run_address>
         <size>0x9c</size>
         <input_file_ref idref="fl-14c"/>
      </object_component>
      <object_component id="oc-40">
         <name>.text</name>
         <load_address>0x200127f8</load_address>
         <run_address>0x200127f8</run_address>
         <size>0x94</size>
         <input_file_ref idref="fl-15f"/>
      </object_component>
      <object_component id="oc-225">
         <name>.text</name>
         <load_address>0x2001288c</load_address>
         <run_address>0x2001288c</run_address>
         <size>0x92</size>
         <input_file_ref idref="fl-146"/>
      </object_component>
      <object_component id="oc-27b">
         <name>.text</name>
         <load_address>0x20012920</load_address>
         <run_address>0x20012920</run_address>
         <size>0x88</size>
         <input_file_ref idref="fl-155"/>
      </object_component>
      <object_component id="oc-33f">
         <name>.text:__aeabi_cdcmple</name>
         <load_address>0x200129a8</load_address>
         <run_address>0x200129a8</run_address>
         <size>0x86</size>
         <input_file_ref idref="fl-163"/>
      </object_component>
      <object_component id="oc-344">
         <name>.text:__aeabi_cdrcmple</name>
         <load_address>0x20012a2e</load_address>
         <run_address>0x20012a2e</run_address>
         <size>0x86</size>
         <input_file_ref idref="fl-163"/>
      </object_component>
      <object_component id="oc-220">
         <name>.text</name>
         <load_address>0x20012ab4</load_address>
         <run_address>0x20012ab4</run_address>
         <size>0x7a</size>
         <input_file_ref idref="fl-147"/>
      </object_component>
      <object_component id="oc-f5">
         <name>.text</name>
         <load_address>0x20012b2e</load_address>
         <run_address>0x20012b2e</run_address>
         <size>0x78</size>
         <input_file_ref idref="fl-14e"/>
      </object_component>
      <object_component id="oc-186">
         <name>.text</name>
         <load_address>0x20012ba8</load_address>
         <run_address>0x20012ba8</run_address>
         <size>0x74</size>
         <input_file_ref idref="fl-8"/>
      </object_component>
      <object_component id="oc-3d2">
         <name>.text</name>
         <load_address>0x20012c1c</load_address>
         <run_address>0x20012c1c</run_address>
         <size>0x68</size>
         <input_file_ref idref="fl-184"/>
      </object_component>
      <object_component id="oc-381">
         <name>.text</name>
         <load_address>0x20012c84</load_address>
         <run_address>0x20012c84</run_address>
         <size>0x64</size>
         <input_file_ref idref="fl-157"/>
      </object_component>
      <object_component id="oc-fa">
         <name>.text</name>
         <load_address>0x20012ce8</load_address>
         <run_address>0x20012ce8</run_address>
         <size>0x60</size>
         <input_file_ref idref="fl-150"/>
      </object_component>
      <object_component id="oc-2c4">
         <name>.text</name>
         <load_address>0x20012d48</load_address>
         <run_address>0x20012d48</run_address>
         <size>0x5e</size>
         <input_file_ref idref="fl-17c"/>
      </object_component>
      <object_component id="oc-68">
         <name>.text</name>
         <load_address>0x20012da6</load_address>
         <run_address>0x20012da6</run_address>
         <size>0x5e</size>
         <input_file_ref idref="fl-13e"/>
      </object_component>
      <object_component id="oc-34e">
         <name>.text</name>
         <load_address>0x20012e04</load_address>
         <run_address>0x20012e04</run_address>
         <size>0x5a</size>
         <input_file_ref idref="fl-168"/>
      </object_component>
      <object_component id="oc-360">
         <name>.text</name>
         <load_address>0x20012e60</load_address>
         <run_address>0x20012e60</run_address>
         <size>0x4c</size>
         <input_file_ref idref="fl-15e"/>
      </object_component>
      <object_component id="oc-21b">
         <name>.text</name>
         <load_address>0x20012eac</load_address>
         <run_address>0x20012eac</run_address>
         <size>0x4a</size>
         <input_file_ref idref="fl-144"/>
      </object_component>
      <object_component id="oc-349">
         <name>.text</name>
         <load_address>0x20012ef6</load_address>
         <run_address>0x20012ef6</run_address>
         <size>0x48</size>
         <input_file_ref idref="fl-164"/>
      </object_component>
      <object_component id="oc-16e">
         <name>.text</name>
         <load_address>0x20012f40</load_address>
         <run_address>0x20012f40</run_address>
         <size>0x48</size>
         <input_file_ref idref="fl-9"/>
      </object_component>
      <object_component id="oc-95">
         <name>.text</name>
         <load_address>0x20012f88</load_address>
         <run_address>0x20012f88</run_address>
         <size>0x44</size>
         <input_file_ref idref="fl-160"/>
      </object_component>
      <object_component id="oc-4b">
         <name>.text</name>
         <load_address>0x20012fcc</load_address>
         <run_address>0x20012fcc</run_address>
         <size>0x44</size>
         <input_file_ref idref="fl-140"/>
      </object_component>
      <object_component id="oc-487">
         <name>.text</name>
         <load_address>0x20013010</load_address>
         <run_address>0x20013010</run_address>
         <size>0x44</size>
         <input_file_ref idref="fl-170"/>
      </object_component>
      <object_component id="oc-550">
         <name>.text</name>
         <load_address>0x20013054</load_address>
         <run_address>0x20013054</run_address>
         <size>0x40</size>
         <input_file_ref idref="fl-16b"/>
      </object_component>
      <object_component id="oc-ef">
         <name>.text</name>
         <load_address>0x20013094</load_address>
         <run_address>0x20013094</run_address>
         <size>0x38</size>
         <input_file_ref idref="fl-188"/>
      </object_component>
      <object_component id="oc-528">
         <name>.text</name>
         <load_address>0x200130cc</load_address>
         <run_address>0x200130cc</run_address>
         <size>0x38</size>
         <input_file_ref idref="fl-172"/>
      </object_component>
      <object_component id="oc-231">
         <name>.text</name>
         <load_address>0x20013104</load_address>
         <run_address>0x20013104</run_address>
         <size>0x38</size>
         <input_file_ref idref="fl-148"/>
      </object_component>
      <object_component id="oc-11">
         <name>.text</name>
         <load_address>0x2001313c</load_address>
         <run_address>0x2001313c</run_address>
         <size>0x34</size>
         <input_file_ref idref="fl-13c"/>
      </object_component>
      <object_component id="oc-4a8">
         <name>.text</name>
         <load_address>0x20013170</load_address>
         <run_address>0x20013170</run_address>
         <size>0x34</size>
         <input_file_ref idref="fl-165"/>
      </object_component>
      <object_component id="oc-13f">
         <name>.text</name>
         <load_address>0x200131a4</load_address>
         <run_address>0x200131a4</run_address>
         <size>0x34</size>
         <input_file_ref idref="fl-149"/>
      </object_component>
      <object_component id="oc-e8">
         <name>.text</name>
         <load_address>0x200131d8</load_address>
         <run_address>0x200131d8</run_address>
         <size>0x30</size>
         <input_file_ref idref="fl-154"/>
      </object_component>
      <object_component id="oc-38d">
         <name>.text</name>
         <load_address>0x20013208</load_address>
         <run_address>0x20013208</run_address>
         <size>0x30</size>
         <input_file_ref idref="fl-159"/>
      </object_component>
      <object_component id="oc-216">
         <name>.text</name>
         <load_address>0x20013238</load_address>
         <run_address>0x20013238</run_address>
         <size>0x2e</size>
         <input_file_ref idref="fl-14a"/>
      </object_component>
      <object_component id="oc-51c">
         <name>.text</name>
         <load_address>0x20013266</load_address>
         <run_address>0x20013266</run_address>
         <size>0x2e</size>
         <input_file_ref idref="fl-16a"/>
      </object_component>
      <object_component id="oc-133">
         <name>.text</name>
         <load_address>0x20013294</load_address>
         <run_address>0x20013294</run_address>
         <size>0x22</size>
         <input_file_ref idref="fl-14b"/>
      </object_component>
      <object_component id="oc-2dc">
         <name>.text</name>
         <load_address>0x200132b6</load_address>
         <run_address>0x200132b6</run_address>
         <size>0x1e</size>
         <input_file_ref idref="fl-18c"/>
      </object_component>
      <object_component id="oc-35a">
         <name>.text</name>
         <load_address>0x200132d4</load_address>
         <run_address>0x200132d4</run_address>
         <size>0x1c</size>
         <input_file_ref idref="fl-169"/>
      </object_component>
      <object_component id="oc-dd">
         <name>.text</name>
         <load_address>0x200132f0</load_address>
         <run_address>0x200132f0</run_address>
         <size>0x1a</size>
         <input_file_ref idref="fl-18d"/>
      </object_component>
      <object_component id="oc-45">
         <name>.text</name>
         <load_address>0x2001330c</load_address>
         <run_address>0x2001330c</run_address>
         <size>0x18</size>
         <input_file_ref idref="fl-15d"/>
      </object_component>
      <object_component id="oc-33a">
         <name>.text</name>
         <load_address>0x20013324</load_address>
         <run_address>0x20013324</run_address>
         <size>0x18</size>
         <input_file_ref idref="fl-166"/>
      </object_component>
      <object_component id="oc-1ae">
         <name>.text</name>
         <load_address>0x2001333c</load_address>
         <run_address>0x2001333c</run_address>
         <size>0x14</size>
         <input_file_ref idref="fl-15b"/>
      </object_component>
      <object_component id="oc-12d">
         <name>.text</name>
         <load_address>0x20013350</load_address>
         <run_address>0x20013350</run_address>
         <size>0x14</size>
         <input_file_ref idref="fl-153"/>
      </object_component>
      <object_component id="oc-1c">
         <name>.text:decompress:ZI</name>
         <load_address>0x20013364</load_address>
         <run_address>0x20013364</run_address>
         <size>0x12</size>
         <input_file_ref idref="fl-13f"/>
      </object_component>
      <object_component id="oc-144">
         <name>.text</name>
         <load_address>0x20013376</load_address>
         <run_address>0x20013376</run_address>
         <size>0x10</size>
         <input_file_ref idref="fl-152"/>
      </object_component>
      <object_component id="oc-16">
         <name>.text:decompress:none</name>
         <load_address>0x20013386</load_address>
         <run_address>0x20013386</run_address>
         <size>0xe</size>
         <input_file_ref idref="fl-13d"/>
      </object_component>
      <object_component id="oc-354">
         <name>.text</name>
         <load_address>0x20013394</load_address>
         <run_address>0x20013394</run_address>
         <size>0xe</size>
         <input_file_ref idref="fl-16d"/>
      </object_component>
      <object_component id="oc-2c">
         <name>.text</name>
         <load_address>0x200133a2</load_address>
         <run_address>0x200133a2</run_address>
         <size>0xe</size>
         <input_file_ref idref="fl-a"/>
      </object_component>
      <object_component id="oc-126">
         <name>.text:UtilsDelay</name>
         <load_address>0x200133b0</load_address>
         <run_address>0x200133b0</run_address>
         <size>0x6</size>
         <input_file_ref idref="fl-174"/>
      </object_component>
      <object_component id="oc-22">
         <name>.text:decompress:rle24</name>
         <load_address>0x200133b6</load_address>
         <run_address>0x200133b6</run_address>
         <size>0x6</size>
         <input_file_ref idref="fl-13e"/>
      </object_component>
      <object_component id="oc-393">
         <name>.text</name>
         <load_address>0x200133bc</load_address>
         <run_address>0x200133bc</run_address>
         <size>0x6</size>
         <input_file_ref idref="fl-167"/>
      </object_component>
      <object_component id="oc-490">
         <name>.const:.string:_ctypes_</name>
         <load_address>0x200133c8</load_address>
         <run_address>0x200133c8</run_address>
         <size>0x102</size>
         <input_file_ref idref="fl-161"/>
      </object_component>
      <object_component id="oc-2ed">
         <name>.const:g_ulPinToPadMap</name>
         <load_address>0x200134cc</load_address>
         <run_address>0x200134cc</run_address>
         <size>0x100</size>
         <input_file_ref idref="fl-177"/>
      </object_component>
      <object_component id="oc-2cd">
         <name>.const:g_pulRegs</name>
         <load_address>0x200135cc</load_address>
         <run_address>0x200135cc</run_address>
         <size>0xd4</size>
         <input_file_ref idref="fl-178"/>
      </object_component>
      <object_component id="oc-285">
         <name>.const:$P$T0$1</name>
         <load_address>0x200136a0</load_address>
         <run_address>0x200136a0</run_address>
         <size>0xb0</size>
         <input_file_ref idref="fl-17d"/>
      </object_component>
      <object_component id="oc-2e7">
         <name>.const:PRCM_PeriphRegsList</name>
         <load_address>0x20013750</load_address>
         <run_address>0x20013750</run_address>
         <size>0xa0</size>
         <input_file_ref idref="fl-176"/>
      </object_component>
      <object_component id="oc-2ca">
         <name>.const</name>
         <load_address>0x200137f0</load_address>
         <run_address>0x200137f0</run_address>
         <size>0x80</size>
         <input_file_ref idref="fl-178"/>
      </object_component>
      <object_component id="oc-4c0">
         <name>.const</name>
         <load_address>0x20013870</load_address>
         <run_address>0x20013870</run_address>
         <size>0x48</size>
         <input_file_ref idref="fl-158"/>
      </object_component>
      <object_component id="oc-43c">
         <name>.const:g_pulFMPPERegs</name>
         <load_address>0x200138b8</load_address>
         <run_address>0x200138b8</run_address>
         <size>0x40</size>
         <input_file_ref idref="fl-17b"/>
      </object_component>
      <object_component id="oc-439">
         <name>.const:g_pulFMPRERegs</name>
         <load_address>0x200138f8</load_address>
         <run_address>0x200138f8</run_address>
         <size>0x40</size>
         <input_file_ref idref="fl-17b"/>
      </object_component>
      <object_component id="oc-288">
         <name>.const</name>
         <load_address>0x20013938</load_address>
         <run_address>0x20013938</run_address>
         <size>0x3c</size>
         <input_file_ref idref="fl-17d"/>
      </object_component>
      <object_component id="oc-3de">
         <name>.const:_SlActionLookupTable</name>
         <load_address>0x20013974</load_address>
         <run_address>0x20013974</run_address>
         <size>0x38</size>
         <input_file_ref idref="fl-181"/>
      </object_component>
      <object_component id="oc-530">
         <name>.const:p</name>
         <load_address>0x200139b0</load_address>
         <run_address>0x200139b0</run_address>
         <size>0x38</size>
         <input_file_ref idref="fl-171"/>
      </object_component>
      <object_component id="oc-464">
         <name>.const</name>
         <load_address>0x200139e8</load_address>
         <run_address>0x200139e8</run_address>
         <size>0x34</size>
         <input_file_ref idref="fl-17e"/>
      </object_component>
      <object_component id="oc-4a4">
         <name>.const</name>
         <load_address>0x20013a1c</load_address>
         <run_address>0x20013a1c</run_address>
         <size>0x30</size>
         <input_file_ref idref="fl-156"/>
      </object_component>
      <object_component id="oc-422">
         <name>.const</name>
         <load_address>0x20013a4c</load_address>
         <run_address>0x20013a4c</run_address>
         <size>0x28</size>
         <input_file_ref idref="fl-180"/>
      </object_component>
      <object_component id="oc-4d1">
         <name>.const:g_ppulSPIIntMap</name>
         <load_address>0x20013a74</load_address>
         <run_address>0x20013a74</run_address>
         <size>0x24</size>
         <input_file_ref idref="fl-18f"/>
      </object_component>
      <object_component id="oc-31c">
         <name>.const:.string</name>
         <load_address>0x20013a98</load_address>
         <run_address>0x20013a98</run_address>
         <size>0x1d</size>
         <input_file_ref idref="fl-7"/>
      </object_component>
      <object_component id="oc-4d4">
         <name>.const</name>
         <load_address>0x20013ab8</load_address>
         <run_address>0x20013ab8</run_address>
         <size>0x18</size>
         <input_file_ref idref="fl-18f"/>
      </object_component>
      <object_component id="oc-257">
         <name>.const</name>
         <load_address>0x20013ad0</load_address>
         <run_address>0x20013ad0</run_address>
         <size>0x14</size>
         <input_file_ref idref="fl-182"/>
      </object_component>
      <object_component id="oc-3db">
         <name>.const</name>
         <load_address>0x20013ae4</load_address>
         <run_address>0x20013ae4</run_address>
         <size>0x14</size>
         <input_file_ref idref="fl-181"/>
      </object_component>
      <object_component id="oc-2af">
         <name>.const:.string</name>
         <load_address>0x20013af8</load_address>
         <run_address>0x20013af8</run_address>
         <size>0x10</size>
         <input_file_ref idref="fl-9"/>
      </object_component>
      <object_component id="oc-3fc">
         <name>.const</name>
         <load_address>0x20013b08</load_address>
         <run_address>0x20013b08</run_address>
         <size>0x10</size>
         <input_file_ref idref="fl-175"/>
      </object_component>
      <object_component id="oc-453">
         <name>.const</name>
         <load_address>0x20013b18</load_address>
         <run_address>0x20013b18</run_address>
         <size>0xc</size>
         <input_file_ref idref="fl-179"/>
      </object_component>
      <object_component id="oc-12a">
         <name>.const:.string</name>
         <load_address>0x20013b24</load_address>
         <run_address>0x20013b24</run_address>
         <size>0xb</size>
         <input_file_ref idref="fl-6"/>
      </object_component>
      <object_component id="oc-26b">
         <name>.const</name>
         <load_address>0x20013b30</load_address>
         <run_address>0x20013b30</run_address>
         <size>0x8</size>
         <input_file_ref idref="fl-17f"/>
      </object_component>
      <object_component id="oc-59a">
         <name>.cinit..data.load</name>
         <load_address>0x20013b38</load_address>
         <run_address>0x20013b38</run_address>
         <size>0xdb</size>
      </object_component>
      <object_component id="oc-598">
         <name>__TI_handler_table</name>
         <load_address>0x20013c14</load_address>
         <run_address>0x20013c14</run_address>
         <size>0xc</size>
      </object_component>
      <object_component id="oc-59b">
         <name>.cinit..bss.load</name>
         <load_address>0x20013c20</load_address>
         <run_address>0x20013c20</run_address>
         <size>0x8</size>
      </object_component>
      <object_component id="oc-599">
         <name>__TI_cinit_table</name>
         <load_address>0x20013c28</load_address>
         <run_address>0x20013c28</run_address>
         <size>0x10</size>
      </object_component>
      <object_component id="oc-51">
         <name>.data</name>
         <load_address>0x20020d2c</load_address>
         <run_address>0x20020d2c</run_address>
         <size>0x4</size>
         <input_file_ref idref="fl-151"/>
      </object_component>
      <object_component id="oc-80">
         <name>.data</name>
         <load_address>0x20020c80</load_address>
         <run_address>0x20020c80</run_address>
         <size>0x38</size>
         <input_file_ref idref="fl-189"/>
      </object_component>
      <object_component id="oc-84">
         <name>.data</name>
         <load_address>0x20020d24</load_address>
         <run_address>0x20020d24</run_address>
         <size>0x4</size>
         <input_file_ref idref="fl-186"/>
      </object_component>
      <object_component id="oc-a4">
         <name>.data</name>
         <load_address>0x20020cf8</load_address>
         <run_address>0x20020cf8</run_address>
         <size>0x8</size>
         <input_file_ref idref="fl-15b"/>
      </object_component>
      <object_component id="oc-a7">
         <name>.data</name>
         <load_address>0x20020d00</load_address>
         <run_address>0x20020d00</run_address>
         <size>0x8</size>
         <input_file_ref idref="fl-140"/>
      </object_component>
      <object_component id="oc-127">
         <name>.data</name>
         <load_address>0x20020c38</load_address>
         <run_address>0x20020c38</run_address>
         <size>0x45</size>
         <input_file_ref idref="fl-6"/>
      </object_component>
      <object_component id="oc-23f">
         <name>.data</name>
         <load_address>0x20020cb8</load_address>
         <run_address>0x20020cb8</run_address>
         <size>0x1c</size>
         <input_file_ref idref="fl-4"/>
      </object_component>
      <object_component id="oc-254">
         <name>.data</name>
         <load_address>0x20020d10</load_address>
         <run_address>0x20020d10</run_address>
         <size>0x8</size>
         <input_file_ref idref="fl-181"/>
      </object_component>
      <object_component id="oc-29d">
         <name>.data</name>
         <load_address>0x20020d20</load_address>
         <run_address>0x20020d20</run_address>
         <size>0x4</size>
         <input_file_ref idref="fl-187"/>
      </object_component>
      <object_component id="oc-2ba">
         <name>.data</name>
         <load_address>0x20020cf0</load_address>
         <run_address>0x20020cf0</run_address>
         <size>0x8</size>
         <input_file_ref idref="fl-3"/>
      </object_component>
      <object_component id="oc-316">
         <name>.data</name>
         <load_address>0x20020d18</load_address>
         <run_address>0x20020d18</run_address>
         <size>0x5</size>
         <input_file_ref idref="fl-7"/>
      </object_component>
      <object_component id="oc-334">
         <name>.data</name>
         <load_address>0x20020ce4</load_address>
         <run_address>0x20020ce4</run_address>
         <size>0xc</size>
         <input_file_ref idref="fl-14d"/>
      </object_component>
      <object_component id="oc-39f">
         <name>.data</name>
         <load_address>0x20020b50</load_address>
         <run_address>0x20020b50</run_address>
         <size>0x80</size>
         <input_file_ref idref="fl-15a"/>
      </object_component>
      <object_component id="oc-3c2">
         <name>.data</name>
         <load_address>0x20020cd4</load_address>
         <run_address>0x20020cd4</run_address>
         <size>0x10</size>
         <input_file_ref idref="fl-183"/>
      </object_component>
      <object_component id="oc-4ae">
         <name>.data</name>
         <load_address>0x20020d28</load_address>
         <run_address>0x20020d28</run_address>
         <size>0x4</size>
         <input_file_ref idref="fl-162"/>
      </object_component>
      <object_component id="oc-522">
         <name>.data</name>
         <load_address>0x20020d08</load_address>
         <run_address>0x20020d08</run_address>
         <size>0x8</size>
         <input_file_ref idref="fl-165"/>
      </object_component>
      <object_component id="oc-52d">
         <name>.data</name>
         <load_address>0x20020bd0</load_address>
         <run_address>0x20020bd0</run_address>
         <size>0x68</size>
         <input_file_ref idref="fl-173"/>
      </object_component>
      <object_component id="oc-56a">
         <name>.data:sigtable</name>
         <load_address>0x20020aa0</load_address>
         <run_address>0x20020aa0</run_address>
         <size>0xb0</size>
         <input_file_ref idref="fl-16b"/>
      </object_component>
      <object_component id="oc-d3">
         <name>.bss:pxReadyTasksLists</name>
         <uninitialized>true</uninitialized>
         <run_address>0x20020848</run_address>
         <size>0xc8</size>
         <input_file_ref idref="fl-189"/>
      </object_component>
      <object_component id="oc-107">
         <name>.bss:pcStatusString$1</name>
         <uninitialized>true</uninitialized>
         <run_address>0x200209b0</run_address>
         <size>0x2c</size>
         <input_file_ref idref="fl-189"/>
      </object_component>
      <object_component id="oc-319">
         <name>.bss:appData</name>
         <uninitialized>true</uninitialized>
         <run_address>0x20020000</run_address>
         <size>0x6d0</size>
         <input_file_ref idref="fl-7"/>
      </object_component>
      <object_component id="oc-3be">
         <name>.bss:g_ucDinDout</name>
         <uninitialized>true</uninitialized>
         <run_address>0x20020910</run_address>
         <size>0x50</size>
         <input_file_ref idref="fl-183"/>
      </object_component>
      <object_component id="oc-3d8">
         <name>.bss:g_StatMem</name>
         <uninitialized>true</uninitialized>
         <run_address>0x200206d0</run_address>
         <size>0x178</size>
         <input_file_ref idref="fl-181"/>
      </object_component>
      <object_component id="oc-410">
         <name>.bss:xQueueRegistry</name>
         <uninitialized>true</uninitialized>
         <run_address>0x20020960</run_address>
         <size>0x50</size>
         <input_file_ref idref="fl-18a"/>
      </object_component>
      <object_component id="oc-242">
         <name>.common:g_ucLED1Pin</name>
         <uninitialized>true</uninitialized>
         <run_address>0x20020a97</run_address>
         <size>0x1</size>
      </object_component>
      <object_component id="oc-245">
         <name>.common:g_ucLED2Pin</name>
         <uninitialized>true</uninitialized>
         <run_address>0x20020a98</run_address>
         <size>0x1</size>
      </object_component>
      <object_component id="oc-246">
         <name>.common:g_ucLED3Pin</name>
         <uninitialized>true</uninitialized>
         <run_address>0x20020a99</run_address>
         <size>0x1</size>
      </object_component>
      <object_component id="oc-329">
         <name>.common:semaphore_Connected</name>
         <uninitialized>true</uninitialized>
         <run_address>0x20020a88</run_address>
         <size>0x4</size>
      </object_component>
      <object_component id="oc-31f">
         <name>.common:MACAddress</name>
         <uninitialized>true</uninitialized>
         <run_address>0x20020a68</run_address>
         <size>0x8</size>
      </object_component>
      <object_component id="oc-328">
         <name>.common:MACAddressHex</name>
         <uninitialized>true</uninitialized>
         <run_address>0x20020a58</run_address>
         <size>0x10</size>
      </object_component>
      <object_component id="oc-323">
         <name>.common:thingName</name>
         <uninitialized>true</uninitialized>
         <run_address>0x200209dc</run_address>
         <size>0x18</size>
      </object_component>
      <object_component id="oc-327">
         <name>.common:Temperature</name>
         <uninitialized>true</uninitialized>
         <run_address>0x20020a74</run_address>
         <size>0x4</size>
      </object_component>
      <object_component id="oc-324">
         <name>.common:Accel_X</name>
         <uninitialized>true</uninitialized>
         <run_address>0x20020a94</run_address>
         <size>0x1</size>
      </object_component>
      <object_component id="oc-325">
         <name>.common:Accel_Y</name>
         <uninitialized>true</uninitialized>
         <run_address>0x20020a95</run_address>
         <size>0x1</size>
      </object_component>
      <object_component id="oc-326">
         <name>.common:Accel_Z</name>
         <uninitialized>true</uninitialized>
         <run_address>0x20020a96</run_address>
         <size>0x1</size>
      </object_component>
      <object_component id="oc-281">
         <name>.common:__Errorlog</name>
         <uninitialized>true</uninitialized>
         <run_address>0x20020a78</run_address>
         <size>0x4</size>
      </object_component>
      <object_component id="oc-3cb">
         <name>.common:DMAMsgQ</name>
         <uninitialized>true</uninitialized>
         <run_address>0x20020a70</run_address>
         <size>0x4</size>
      </object_component>
      <object_component id="oc-3bb">
         <name>.common:g_cDummy</name>
         <uninitialized>true</uninitialized>
         <run_address>0x20020a7c</run_address>
         <size>0x4</size>
      </object_component>
      <object_component id="oc-2a0">
         <name>.common:xSimpleLinkSpawnQueue</name>
         <uninitialized>true</uninitialized>
         <run_address>0x20020a8c</run_address>
         <size>0x4</size>
      </object_component>
      <object_component id="oc-2a3">
         <name>.common:xSimpleLinkSpawnTaskHndl</name>
         <uninitialized>true</uninitialized>
         <run_address>0x20020a90</run_address>
         <size>0x4</size>
      </object_component>
      <object_component id="oc-100">
         <name>.common:xDelayedTaskList1</name>
         <uninitialized>true</uninitialized>
         <run_address>0x200209f4</run_address>
         <size>0x14</size>
      </object_component>
      <object_component id="oc-101">
         <name>.common:xDelayedTaskList2</name>
         <uninitialized>true</uninitialized>
         <run_address>0x20020a08</run_address>
         <size>0x14</size>
      </object_component>
      <object_component id="oc-104">
         <name>.common:pxDelayedTaskList</name>
         <uninitialized>true</uninitialized>
         <run_address>0x20020a80</run_address>
         <size>0x4</size>
      </object_component>
      <object_component id="oc-105">
         <name>.common:pxOverflowDelayedTaskList</name>
         <uninitialized>true</uninitialized>
         <run_address>0x20020a84</run_address>
         <size>0x4</size>
      </object_component>
      <object_component id="oc-ee">
         <name>.common:xPendingReadyList</name>
         <uninitialized>true</uninitialized>
         <run_address>0x20020a1c</run_address>
         <size>0x14</size>
      </object_component>
      <object_component id="oc-106">
         <name>.common:xTasksWaitingTermination</name>
         <uninitialized>true</uninitialized>
         <run_address>0x20020a44</run_address>
         <size>0x14</size>
      </object_component>
      <object_component id="oc-103">
         <name>.common:xSuspendedTaskList</name>
         <uninitialized>true</uninitialized>
         <run_address>0x20020a30</run_address>
         <size>0x14</size>
      </object_component>
      <object_component id="oc-29">
         <name>.sysmem</name>
         <uninitialized>true</uninitialized>
         <run_address>0x2001d000</run_address>
         <size>0x8</size>
         <input_file_ref idref="fl-14d"/>
      </object_component>
      <object_component id="oc-59d">
         <name>.sysmem</name>
         <uninitialized>true</uninitialized>
         <run_address>0x2001d000</run_address>
         <size>0x0</size>
      </object_component>
      <object_component id="oc-28">
         <name>.stack</name>
         <uninitialized>true</uninitialized>
         <run_address>0x2002f000</run_address>
         <size>0x0</size>
         <input_file_ref idref="fl-13c"/>
      </object_component>
      <object_component id="oc-59c">
         <name>.stack</name>
         <uninitialized>true</uninitialized>
         <run_address>0x2002f000</run_address>
         <size>0x0</size>
      </object_component>
      <object_component id="oc-f">
         <name>.debug_info</name>
         <load_address>0x0</load_address>
         <run_address>0x0</run_address>
         <size>0xea</size>
         <input_file_ref idref="fl-a"/>
      </object_component>
      <object_component id="oc-14">
         <name>.debug_info</name>
         <load_address>0xea</load_address>
         <run_address>0xea</run_address>
         <size>0x10b</size>
         <input_file_ref idref="fl-13c"/>
      </object_component>
      <object_component id="oc-1a">
         <name>.debug_info</name>
         <load_address>0x1f5</load_address>
         <run_address>0x1f5</run_address>
         <size>0x1ac</size>
         <input_file_ref idref="fl-13d"/>
      </object_component>
      <object_component id="oc-1e">
         <name>.debug_info</name>
         <load_address>0x3a1</load_address>
         <run_address>0x3a1</run_address>
         <size>0x182</size>
         <input_file_ref idref="fl-13f"/>
      </object_component>
      <object_component id="oc-24">
         <name>.debug_info</name>
         <load_address>0x523</load_address>
         <run_address>0x523</run_address>
         <size>0x1a6</size>
         <input_file_ref idref="fl-13e"/>
      </object_component>
      <object_component id="oc-2a">
         <name>.debug_info</name>
         <load_address>0x6c9</load_address>
         <run_address>0x6c9</run_address>
         <size>0xce</size>
         <input_file_ref idref="fl-14d"/>
      </object_component>
      <object_component id="oc-2d">
         <name>.debug_info</name>
         <load_address>0x797</load_address>
         <run_address>0x797</run_address>
         <size>0x3cf</size>
         <input_file_ref idref="fl-a"/>
      </object_component>
      <object_component id="oc-35">
         <name>.debug_info</name>
         <load_address>0xb66</load_address>
         <run_address>0xb66</run_address>
         <size>0x1b3</size>
         <input_file_ref idref="fl-185"/>
      </object_component>
      <object_component id="oc-3a">
         <name>.debug_info</name>
         <load_address>0xd19</load_address>
         <run_address>0xd19</run_address>
         <size>0x9d5</size>
         <input_file_ref idref="fl-186"/>
      </object_component>
      <object_component id="oc-3f">
         <name>.debug_info</name>
         <load_address>0x16ee</load_address>
         <run_address>0x16ee</run_address>
         <size>0x17f</size>
         <input_file_ref idref="fl-a"/>
      </object_component>
      <object_component id="oc-42">
         <name>.debug_info</name>
         <load_address>0x186d</load_address>
         <run_address>0x186d</run_address>
         <size>0x155</size>
         <input_file_ref idref="fl-15f"/>
      </object_component>
      <object_component id="oc-48">
         <name>.debug_info</name>
         <load_address>0x19c2</load_address>
         <run_address>0x19c2</run_address>
         <size>0x134</size>
         <input_file_ref idref="fl-15d"/>
      </object_component>
      <object_component id="oc-4f">
         <name>.debug_info</name>
         <load_address>0x1af6</load_address>
         <run_address>0x1af6</run_address>
         <size>0x1da</size>
         <input_file_ref idref="fl-140"/>
      </object_component>
      <object_component id="oc-52">
         <name>.debug_info</name>
         <load_address>0x1cd0</load_address>
         <run_address>0x1cd0</run_address>
         <size>0xd6</size>
         <input_file_ref idref="fl-151"/>
      </object_component>
      <object_component id="oc-56">
         <name>.debug_info</name>
         <load_address>0x1da6</load_address>
         <run_address>0x1da6</run_address>
         <size>0xe4</size>
         <input_file_ref idref="fl-14c"/>
      </object_component>
      <object_component id="oc-5b">
         <name>.debug_info</name>
         <load_address>0x1e8a</load_address>
         <run_address>0x1e8a</run_address>
         <size>0x46</size>
         <input_file_ref idref="fl-13d"/>
      </object_component>
      <object_component id="oc-60">
         <name>.debug_info</name>
         <load_address>0x1ed0</load_address>
         <run_address>0x1ed0</run_address>
         <size>0x10a</size>
         <input_file_ref idref="fl-13d"/>
      </object_component>
      <object_component id="oc-62">
         <name>.debug_info</name>
         <load_address>0x1fda</load_address>
         <run_address>0x1fda</run_address>
         <size>0x46</size>
         <input_file_ref idref="fl-13f"/>
      </object_component>
      <object_component id="oc-67">
         <name>.debug_info</name>
         <load_address>0x2020</load_address>
         <run_address>0x2020</run_address>
         <size>0xc5</size>
         <input_file_ref idref="fl-13f"/>
      </object_component>
      <object_component id="oc-6a">
         <name>.debug_info</name>
         <load_address>0x20e5</load_address>
         <run_address>0x20e5</run_address>
         <size>0x207</size>
         <input_file_ref idref="fl-13e"/>
      </object_component>
      <object_component id="oc-6f">
         <name>.debug_info</name>
         <load_address>0x22ec</load_address>
         <run_address>0x22ec</run_address>
         <size>0xcf</size>
         <input_file_ref idref="fl-13e"/>
      </object_component>
      <object_component id="oc-70">
         <name>.debug_info</name>
         <load_address>0x23bb</load_address>
         <run_address>0x23bb</run_address>
         <size>0x39</size>
         <input_file_ref idref="fl-13e"/>
      </object_component>
      <object_component id="oc-77">
         <name>.debug_info</name>
         <load_address>0x23f4</load_address>
         <run_address>0x23f4</run_address>
         <size>0x1ef</size>
         <input_file_ref idref="fl-14d"/>
      </object_component>
      <object_component id="oc-7b">
         <name>.debug_info</name>
         <load_address>0x25e3</load_address>
         <run_address>0x25e3</run_address>
         <size>0x3f2d</size>
         <input_file_ref idref="fl-189"/>
      </object_component>
      <object_component id="oc-81">
         <name>.debug_info</name>
         <load_address>0x6510</load_address>
         <run_address>0x6510</run_address>
         <size>0x36d</size>
         <input_file_ref idref="fl-189"/>
      </object_component>
      <object_component id="oc-85">
         <name>.debug_info</name>
         <load_address>0x687d</load_address>
         <run_address>0x687d</run_address>
         <size>0x120</size>
         <input_file_ref idref="fl-186"/>
      </object_component>
      <object_component id="oc-88">
         <name>.debug_info</name>
         <load_address>0x699d</load_address>
         <run_address>0x699d</run_address>
         <size>0x246</size>
         <input_file_ref idref="fl-186"/>
      </object_component>
      <object_component id="oc-89">
         <name>.debug_info</name>
         <load_address>0x6be3</load_address>
         <run_address>0x6be3</run_address>
         <size>0x2c</size>
         <input_file_ref idref="fl-186"/>
      </object_component>
      <object_component id="oc-8e">
         <name>.debug_info</name>
         <load_address>0x6c0f</load_address>
         <run_address>0x6c0f</run_address>
         <size>0x84</size>
         <input_file_ref idref="fl-2"/>
      </object_component>
      <object_component id="oc-96">
         <name>.debug_info</name>
         <load_address>0x6c93</load_address>
         <run_address>0x6c93</run_address>
         <size>0x163</size>
         <input_file_ref idref="fl-160"/>
      </object_component>
      <object_component id="oc-9d">
         <name>.debug_info</name>
         <load_address>0x6df6</load_address>
         <run_address>0x6df6</run_address>
         <size>0x13e8</size>
         <input_file_ref idref="fl-6"/>
      </object_component>
      <object_component id="oc-a3">
         <name>.debug_info</name>
         <load_address>0x81de</load_address>
         <run_address>0x81de</run_address>
         <size>0x133</size>
         <input_file_ref idref="fl-15d"/>
      </object_component>
      <object_component id="oc-a5">
         <name>.debug_info</name>
         <load_address>0x8311</load_address>
         <run_address>0x8311</run_address>
         <size>0xe0</size>
         <input_file_ref idref="fl-15b"/>
      </object_component>
      <object_component id="oc-a8">
         <name>.debug_info</name>
         <load_address>0x83f1</load_address>
         <run_address>0x83f1</run_address>
         <size>0x103</size>
         <input_file_ref idref="fl-140"/>
      </object_component>
      <object_component id="oc-ab">
         <name>.debug_info</name>
         <load_address>0x84f4</load_address>
         <run_address>0x84f4</run_address>
         <size>0x15e</size>
         <input_file_ref idref="fl-140"/>
      </object_component>
      <object_component id="oc-b0">
         <name>.debug_info</name>
         <load_address>0x8652</load_address>
         <run_address>0x8652</run_address>
         <size>0x2c</size>
         <input_file_ref idref="fl-13d"/>
      </object_component>
      <object_component id="oc-b7">
         <name>.debug_info</name>
         <load_address>0x867e</load_address>
         <run_address>0x867e</run_address>
         <size>0x2c</size>
         <input_file_ref idref="fl-3"/>
      </object_component>
      <object_component id="oc-c3">
         <name>.debug_info</name>
         <load_address>0x86aa</load_address>
         <run_address>0x86aa</run_address>
         <size>0x2c</size>
         <input_file_ref idref="fl-14d"/>
      </object_component>
      <object_component id="oc-c8">
         <name>.debug_info</name>
         <load_address>0x86d6</load_address>
         <run_address>0x86d6</run_address>
         <size>0x62</size>
         <input_file_ref idref="fl-14d"/>
      </object_component>
      <object_component id="oc-ce">
         <name>.debug_info</name>
         <load_address>0x8738</load_address>
         <run_address>0x8738</run_address>
         <size>0x677</size>
         <input_file_ref idref="fl-18b"/>
      </object_component>
      <object_component id="oc-d4">
         <name>.debug_info</name>
         <load_address>0x8daf</load_address>
         <run_address>0x8daf</run_address>
         <size>0x10c</size>
         <input_file_ref idref="fl-189"/>
      </object_component>
      <object_component id="oc-d7">
         <name>.debug_info</name>
         <load_address>0x8ebb</load_address>
         <run_address>0x8ebb</run_address>
         <size>0x819</size>
         <input_file_ref idref="fl-189"/>
      </object_component>
      <object_component id="oc-df">
         <name>.debug_info</name>
         <load_address>0x96d4</load_address>
         <run_address>0x96d4</run_address>
         <size>0x1d5</size>
         <input_file_ref idref="fl-18d"/>
      </object_component>
      <object_component id="oc-ea">
         <name>.debug_info</name>
         <load_address>0x98a9</load_address>
         <run_address>0x98a9</run_address>
         <size>0x1ce</size>
         <input_file_ref idref="fl-154"/>
      </object_component>
      <object_component id="oc-f2">
         <name>.debug_info</name>
         <load_address>0x9a77</load_address>
         <run_address>0x9a77</run_address>
         <size>0x3a9</size>
         <input_file_ref idref="fl-188"/>
      </object_component>
      <object_component id="oc-f8">
         <name>.debug_info</name>
         <load_address>0x9e20</load_address>
         <run_address>0x9e20</run_address>
         <size>0x114</size>
         <input_file_ref idref="fl-14e"/>
      </object_component>
      <object_component id="oc-fe">
         <name>.debug_info</name>
         <load_address>0x9f34</load_address>
         <run_address>0x9f34</run_address>
         <size>0x2cd</size>
         <input_file_ref idref="fl-150"/>
      </object_component>
      <object_component id="oc-109">
         <name>.debug_info</name>
         <load_address>0xa201</load_address>
         <run_address>0xa201</run_address>
         <size>0x1e3</size>
         <input_file_ref idref="fl-186"/>
      </object_component>
      <object_component id="oc-10e">
         <name>.debug_info</name>
         <load_address>0xa3e4</load_address>
         <run_address>0xa3e4</run_address>
         <size>0x2c</size>
         <input_file_ref idref="fl-186"/>
      </object_component>
      <object_component id="oc-119">
         <name>.debug_info</name>
         <load_address>0xa410</load_address>
         <run_address>0xa410</run_address>
         <size>0x14c</size>
         <input_file_ref idref="fl-186"/>
      </object_component>
      <object_component id="oc-11f">
         <name>.debug_info</name>
         <load_address>0xa55c</load_address>
         <run_address>0xa55c</run_address>
         <size>0x160</size>
         <input_file_ref idref="fl-160"/>
      </object_component>
      <object_component id="oc-121">
         <name>.debug_info</name>
         <load_address>0xa6bc</load_address>
         <run_address>0xa6bc</run_address>
         <size>0x85e</size>
         <input_file_ref idref="fl-2"/>
      </object_component>
      <object_component id="oc-128">
[...]
      </symbol>
      <symbol id="sm-154a">
         <name>vTaskPriorityInherit</name>
         <value>0x20007055</value>
         <object_component_ref idref="oc-7a"/>
      </symbol>
      <symbol id="sm-154b">
         <name>vTaskList</name>
         <value>0x20006935</value>
         <object_component_ref idref="oc-7a"/>
      </symbol>
      <symbol id="sm-154c">
         <name>vTaskPlaceOnEventList</name>
         <value>0x20006b8d</value>
         <object_component_ref idref="oc-7a"/>
      </symbol>
      <symbol id="sm-154d">
         <name>vTaskSetTaskNumber</name>
         <value>0x20006d31</value>
         <object_component_ref idref="oc-7a"/>
      </symbol>
      <symbol id="sm-154e">
         <name>xTaskCheckForTimeOut</name>
         <value>0x20006c89</value>
         <object_component_ref idref="oc-7a"/>
      </symbol>
      <symbol id="sm-154f">
         <name>vTaskPrioritySet</name>
         <value>0x200064cd</value>
         <object_component_ref idref="oc-7a"/>
      </symbol>
      <symbol id="sm-1550">
         <name>vTaskStartScheduler</name>
         <value>0x200067a1</value>
         <object_component_ref idref="oc-7a"/>
      </symbol>
      <symbol id="sm-1551">
         <name>pcTaskGetTaskName</name>
         <value>0x2000690b</value>
         <object_component_ref idref="oc-7a"/>
      </symbol>
      <symbol id="sm-1552">
         <name>vTaskPriorityDisinherit</name>
         <value>0x20007115</value>
         <object_component_ref idref="oc-7a"/>
      </symbol>
      <symbol id="sm-1553">
         <name>vTaskDelayUntil</name>
         <value>0x20006325</value>
         <object_component_ref idref="oc-7a"/>
      </symbol>
      <symbol id="sm-1554">
         <name>uxTaskGetTaskNumber</name>
         <value>0x20006d11</value>
         <object_component_ref idref="oc-7a"/>
      </symbol>
      <symbol id="sm-1555">
         <name>vTaskEndScheduler</name>
         <value>0x200067e7</value>
         <object_component_ref idref="oc-7a"/>
      </symbol>
      <symbol id="sm-1556">
         <name>vTaskMissedYield</name>
         <value>0x20006d01</value>
         <object_component_ref idref="oc-7a"/>
      </symbol>
      <symbol id="sm-1557">
         <name>uxTaskGetNumberOfTasks</name>
         <value>0x20006905</value>
         <object_component_ref idref="oc-7a"/>
      </symbol>
      <symbol id="sm-1558">
         <name>uxTaskPriorityGet</name>
         <value>0x20006491</value>
         <object_component_ref idref="oc-7a"/>
      </symbol>
      <symbol id="sm-1559">
         <name>xTaskResumeAll</name>
         <value>0x2000680d</value>
         <object_component_ref idref="oc-7a"/>
      </symbol>
      <symbol id="sm-155a">
         <name>xTaskGetTickCount</name>
         <value>0x200068cf</value>
         <object_component_ref idref="oc-7a"/>
      </symbol>
      <symbol id="sm-155b">
         <name>xTaskGenericCreate</name>
         <value>0x2000617d</value>
         <object_component_ref idref="oc-7a"/>
      </symbol>
      <symbol id="sm-155c">
         <name>vTaskDelete</name>
         <value>0x2000629b</value>
         <object_component_ref idref="oc-7a"/>
      </symbol>
      <symbol id="sm-155d">
         <name>pxCurrentTCB</name>
         <value>0x20020c80</value>
         <object_component_ref idref="oc-80"/>
      </symbol>
      <symbol id="sm-155e">
         <name>eTaskGetState</name>
         <value>0x20006411</value>
         <object_component_ref idref="oc-7a"/>
      </symbol>
      <symbol id="sm-155f">
         <name>vTaskSuspend</name>
         <value>0x200065cd</value>
         <object_component_ref idref="oc-7a"/>
      </symbol>
      <symbol id="sm-1560">
         <name>xTaskGetIdleTaskHandle</name>
         <value>0x200069ed</value>
         <object_component_ref idref="oc-7a"/>
      </symbol>
      <symbol id="sm-1561">
         <name>xTaskGetTickCountFromISR</name>
         <value>0x200068ed</value>
         <object_component_ref idref="oc-7a"/>
      </symbol>
      <symbol id="sm-1562">
         <name>vTaskResume</name>
         <value>0x200066b5</value>
         <object_component_ref idref="oc-7a"/>
      </symbol>
      <symbol id="sm-1563">
         <name>vTaskSetTimeOutState</name>
         <value>0x20006c65</value>
         <object_component_ref idref="oc-7a"/>
      </symbol>
      <symbol id="sm-1564">
         <name>vTaskIncrementTick</name>
         <value>0x20006a11</value>
         <object_component_ref idref="oc-7a"/>
      </symbol>
      <symbol id="sm-1565">
         <name>vTaskSwitchContext</name>
         <value>0x20006b05</value>
         <object_component_ref idref="oc-7a"/>
      </symbol>
      <symbol id="sm-1566">
         <name>xTaskGetSchedulerState</name>
         <value>0x20007007</value>
         <object_component_ref idref="oc-7a"/>
      </symbol>
      <symbol id="sm-1567">
         <name>xTaskResumeFromISR</name>
         <value>0x20006725</value>
         <object_component_ref idref="oc-7a"/>
      </symbol>
      <symbol id="sm-1568">
         <name>xTaskGetCurrentTaskHandle</name>
         <value>0x20006ff7</value>
         <object_component_ref idref="oc-7a"/>
      </symbol>
      <symbol id="sm-1569">
         <name>xTaskRemoveFromEventList</name>
         <value>0x20006bed</value>
         <object_component_ref idref="oc-7a"/>
      </symbol>
      <symbol id="sm-156a">
         <name>xTaskIsTaskSuspended</name>
         <value>0x20006661</value>
         <object_component_ref idref="oc-7a"/>
      </symbol>
      <symbol id="sm-1611">
         <name>xQueueIsQueueEmptyFromISR</name>
         <value>0x2000ad83</value>
         <object_component_ref idref="oc-297"/>
      </symbol>
      <symbol id="sm-1612">
         <name>xQueueGenericSendFromISR</name>
         <value>0x2000a929</value>
         <object_component_ref idref="oc-297"/>
      </symbol>
      <symbol id="sm-1613">
         <name>uxQueueMessagesWaiting</name>
         <value>0x2000ab77</value>
         <object_component_ref idref="oc-297"/>
      </symbol>
      <symbol id="sm-1614">
         <name>vQueueAddToRegistry</name>
         <value>0x2000ade7</value>
         <object_component_ref idref="oc-297"/>
      </symbol>
      <symbol id="sm-1615">
         <name>xQueueIsQueueFullFromISR</name>
         <value>0x2000adc5</value>
         <object_component_ref idref="oc-297"/>
      </symbol>
      <symbol id="sm-1616">
         <name>xQueueSelectFromSet</name>
         <value>0x2000aee1</value>
         <object_component_ref idref="oc-297"/>
      </symbol>
      <symbol id="sm-1617">
         <name>xQueueGenericCreate</name>
         <value>0x2000a56d</value>
         <object_component_ref idref="oc-297"/>
      </symbol>
      <symbol id="sm-1618">
         <name>xQueueSelectFromSetFromISR</name>
         <value>0x2000aefb</value>
         <object_component_ref idref="oc-297"/>
      </symbol>
      <symbol id="sm-1619">
         <name>xQueueCreateMutex</name>
         <value>0x2000a5e1</value>
         <object_component_ref idref="oc-297"/>
      </symbol>
      <symbol id="sm-161a">
         <name>vQueueSetQueueNumber</name>
         <value>0x2000abcd</value>
         <object_component_ref idref="oc-297"/>
      </symbol>
      <symbol id="sm-161b">
         <name>xQueueGenericSend</name>
         <value>0x2000a67f</value>
         <object_component_ref idref="oc-297"/>
      </symbol>
      <symbol id="sm-161c">
         <name>xQueueGenericReset</name>
         <value>0x2000a4dd</value>
         <object_component_ref idref="oc-297"/>
      </symbol>
      <symbol id="sm-161d">
         <name>xQueueReceiveFromISR</name>
         <value>0x2000aaff</value>
         <object_component_ref idref="oc-297"/>
      </symbol>
      <symbol id="sm-161e">
         <name>xQueueRegistry</name>
         <value>0x20020960</value>
         <object_component_ref idref="oc-410"/>
      </symbol>
      <symbol id="sm-161f">
         <name>ucQueueGetQueueNumber</name>
         <value>0x2000abbd</value>
         <object_component_ref idref="oc-297"/>
      </symbol>
      <symbol id="sm-1620">
         <name>xQueueAltGenericReceive</name>
         <value>0x2000a82d</value>
         <object_component_ref idref="oc-297"/>
      </symbol>
      <symbol id="sm-1621">
         <name>uxQueueMessagesWaitingFromISR</name>
         <value>0x2000ab8d</value>
         <object_component_ref idref="oc-297"/>
      </symbol>
      <symbol id="sm-1622">
         <name>xQueueGenericReceive</name>
         <value>0x2000a9bf</value>
         <object_component_ref idref="oc-297"/>
      </symbol>
      <symbol id="sm-1623">
         <name>xQueueCreateCountingSemaphore</name>
         <value>0x2000a65f</value>
         <object_component_ref idref="oc-297"/>
      </symbol>
      <symbol id="sm-1624">
         <name>vQueueDelete</name>
         <value>0x2000ab9f</value>
         <object_component_ref idref="oc-297"/>
      </symbol>
      <symbol id="sm-1625">
         <name>xQueueAddToSet</name>
         <value>0x2000ae77</value>
         <object_component_ref idref="oc-297"/>
      </symbol>
      <symbol id="sm-1626">
         <name>xQueueAltGenericSend</name>
         <value>0x2000a783</value>
         <object_component_ref idref="oc-297"/>
      </symbol>
      <symbol id="sm-1627">
         <name>xQueueCreateSet</name>
         <value>0x2000ae63</value>
         <object_component_ref idref="oc-297"/>
      </symbol>
      <symbol id="sm-1628">
         <name>xQueueRemoveFromSet</name>
         <value>0x2000ae9f</value>
         <object_component_ref idref="oc-297"/>
      </symbol>
      <symbol id="sm-1629">
         <name>ucQueueGetQueueType</name>
         <value>0x2000abe5</value>
         <object_component_ref idref="oc-297"/>
      </symbol>
      <symbol id="sm-163f">
         <name>uxListRemove</name>
         <value>0x20011f09</value>
         <object_component_ref idref="oc-cd"/>
      </symbol>
      <symbol id="sm-1640">
         <name>vListInsert</name>
         <value>0x20011ea3</value>
         <object_component_ref idref="oc-cd"/>
      </symbol>
      <symbol id="sm-1641">
         <name>vListInitialiseItem</name>
         <value>0x20011e4f</value>
         <object_component_ref idref="oc-cd"/>
      </symbol>
      <symbol id="sm-1642">
         <name>vListInsertEnd</name>
         <value>0x20011e5f</value>
         <object_component_ref idref="oc-cd"/>
      </symbol>
      <symbol id="sm-1643">
         <name>vListInitialise</name>
         <value>0x20011e1f</value>
         <object_component_ref idref="oc-cd"/>
      </symbol>
      <symbol id="sm-164c">
         <name>__aeabi_llsr</name>
         <value>0x200132b7</value>
         <object_component_ref idref="oc-2dc"/>
      </symbol>
      <symbol id="sm-165c">
         <name>strcat</name>
         <value>0x200132f1</value>
         <object_component_ref idref="oc-dd"/>
      </symbol>
      <symbol id="sm-16b8">
         <name>uDMAChannelControlSet</name>
         <value>0x2000e775</value>
         <object_component_ref idref="oc-3c5"/>
      </symbol>
      <symbol id="sm-16b9">
         <name>uDMAIntClear</name>
         <value>0x2000e9ed</value>
         <object_component_ref idref="oc-3c5"/>
      </symbol>
      <symbol id="sm-16ba">
         <name>uDMAControlAlternateBaseGet</name>
         <value>0x2000e63f</value>
         <object_component_ref idref="oc-3c5"/>
      </symbol>
      <symbol id="sm-16bb">
         <name>uDMAChannelIsEnabled</name>
         <value>0x2000e607</value>
         <object_component_ref idref="oc-3c5"/>
      </symbol>
      <symbol id="sm-16bc">
         <name>uDMAChannelScatterGatherSet</name>
         <value>0x2000e8a9</value>
         <object_component_ref idref="oc-3c5"/>
      </symbol>
      <symbol id="sm-16bd">
         <name>uDMAControlBaseGet</name>
         <value>0x2000e639</value>
         <object_component_ref idref="oc-3c5"/>
      </symbol>
      <symbol id="sm-16be">
         <name>uDMAErrorStatusGet</name>
         <value>0x2000e5c9</value>
         <object_component_ref idref="oc-3c5"/>
      </symbol>
      <symbol id="sm-16bf">
         <name>uDMAChannelDisable</name>
         <value>0x2000e5ef</value>
         <object_component_ref idref="oc-3c5"/>
      </symbol>
      <symbol id="sm-16c0">
         <name>uDMAChannelModeGet</name>
         <value>0x2000e979</value>
         <object_component_ref idref="oc-3c5"/>
      </symbol>
      <symbol id="sm-16c1">
         <name>uDMAIntUnregister</name>
         <value>0x2000e9d5</value>
         <object_component_ref idref="oc-3c5"/>
      </symbol>
      <symbol id="sm-16c2">
         <name>uDMAChannelSizeGet</name>
         <value>0x2000e931</value>
         <object_component_ref idref="oc-3c5"/>
      </symbol>
      <symbol id="sm-16c3">
         <name>uDMAChannelAttributeEnable</name>
         <value>0x2000e65d</value>
         <object_component_ref idref="oc-3c5"/>
      </symbol>
      <symbol id="sm-16c4">
         <name>uDMADisable</name>
         <value>0x2000e5c1</value>
         <object_component_ref idref="oc-3c5"/>
      </symbol>
      <symbol id="sm-16c5">
         <name>uDMAErrorStatusClear</name>
         <value>0x2000e5cf</value>
         <object_component_ref idref="oc-3c5"/>
      </symbol>
      <symbol id="sm-16c6">
         <name>uDMAChannelAttributeGet</name>
         <value>0x2000e705</value>
         <object_component_ref idref="oc-3c5"/>
      </symbol>
      <symbol id="sm-16c7">
         <name>uDMAChannelTransferSet</name>
         <value>0x2000e7b1</value>
         <object_component_ref idref="oc-3c5"/>
      </symbol>
      <symbol id="sm-16c8">
         <name>uDMAIntStatus</name>
         <value>0x2000e9e7</value>
         <object_component_ref idref="oc-3c5"/>
      </symbol>
      <symbol id="sm-16c9">
         <name>uDMAChannelAssign</name>
         <value>0x2000ea01</value>
         <object_component_ref idref="oc-3c5"/>
      </symbol>
      <symbol id="sm-16ca">
         <name>uDMAIntRegister</name>
         <value>0x2000e9bf</value>
         <object_component_ref idref="oc-3c5"/>
      </symbol>
      <symbol id="sm-16cb">
         <name>uDMAEnable</name>
         <value>0x2000e5b9</value>
         <object_component_ref idref="oc-3c5"/>
      </symbol>
      <symbol id="sm-16cc">
         <name>uDMAControlBaseSet</name>
         <value>0x2000e629</value>
         <object_component_ref idref="oc-3c5"/>
      </symbol>
      <symbol id="sm-16cd">
         <name>uDMAChannelAttributeDisable</name>
         <value>0x2000e6b1</value>
         <object_component_ref idref="oc-3c5"/>
      </symbol>
      <symbol id="sm-16ce">
         <name>uDMAChannelEnable</name>
         <value>0x2000e5d7</value>
         <object_component_ref idref="oc-3c5"/>
      </symbol>
      <symbol id="sm-16cf">
         <name>uDMAChannelRequest</name>
         <value>0x2000e645</value>
         <object_component_ref idref="oc-3c5"/>
      </symbol>
      <symbol id="sm-1756">
         <name>SPIFIFOLevelGet</name>
         <value>0x2000d131</value>
         <object_component_ref idref="oc-3b5"/>
      </symbol>
      <symbol id="sm-1757">
         <name>SPIFIFODisable</name>
         <value>0x2000d0e3</value>
         <object_component_ref idref="oc-3b5"/>
      </symbol>
      <symbol id="sm-1758">
         <name>SPITransfer</name>
         <value>0x2000d335</value>
         <object_component_ref idref="oc-3b5"/>
      </symbol>
      <symbol id="sm-1759">
         <name>SPICSEnable</name>
         <value>0x2000d305</value>
         <object_component_ref idref="oc-3b5"/>
      </symbol>
      <symbol id="sm-175a">
         <name>SPIDisable</name>
         <value>0x2000cf27</value>
         <object_component_ref idref="oc-3b5"/>
      </symbol>
      <symbol id="sm-175b">
         <name>SPIFIFOEnable</name>
         <value>0x2000d0c9</value>
         <object_component_ref idref="oc-3b5"/>
      </symbol>
      <symbol id="sm-175c">
         <name>SPIWordCountSet</name>
         <value>0x2000d165</value>
         <object_component_ref idref="oc-3b5"/>
      </symbol>
      <symbol id="sm-175d">
         <name>SPIDataGetNonBlocking</name>
         <value>0x2000d039</value>
         <object_component_ref idref="oc-3b5"/>
      </symbol>
      <symbol id="sm-175e">
         <name>SPIDataPut</name>
         <value>0x2000d0ab</value>
         <object_component_ref idref="oc-3b5"/>
      </symbol>
      <symbol id="sm-175f">
         <name>SPIEnable</name>
         <value>0x2000cf0f</value>
         <object_component_ref idref="oc-3b5"/>
      </symbol>
      <symbol id="sm-1760">
         <name>SPIDataGet</name>
         <value>0x2000d063</value>
         <object_component_ref idref="oc-3b5"/>
      </symbol>
      <symbol id="sm-1761">
         <name>SPIDmaEnable</name>
         <value>0x2000cf3f</value>
         <object_component_ref idref="oc-3b5"/>
      </symbol>
      <symbol id="sm-1762">
         <name>SPIConfigSetExpClk</name>
         <value>0x2000cf95</value>
         <object_component_ref idref="oc-3b5"/>
      </symbol>
      <symbol id="sm-1763">
         <name>SPIIntRegister</name>
         <value>0x2000d18d</value>
         <object_component_ref idref="oc-3b5"/>
      </symbol>
      <symbol id="sm-1764">
         <name>SPIIntUnregister</name>
         <value>0x2000d1b1</value>
         <object_component_ref idref="oc-3b5"/>
      </symbol>
      <symbol id="sm-1765">
         <name>SPIFIFOLevelSet</name>
         <value>0x2000d0fd</value>
         <object_component_ref idref="oc-3b5"/>
      </symbol>
      <symbol id="sm-1766">
         <name>SPIDmaDisable</name>
         <value>0x2000cf59</value>
         <object_component_ref idref="oc-3b5"/>
      </symbol>
      <symbol id="sm-1767">
         <name>SPIReset</name>
         <value>0x2000cf73</value>
         <object_component_ref idref="oc-3b5"/>
      </symbol>
      <symbol id="sm-1768">
         <name>SPIDataPutNonBlocking</name>
         <value>0x2000d083</value>
         <object_component_ref idref="oc-3b5"/>
      </symbol>
      <symbol id="sm-1769">
         <name>SPIIntStatus</name>
         <value>0x2000d259</value>
         <object_component_ref idref="oc-3b5"/>
      </symbol>
      <symbol id="sm-176a">
         <name>SPIIntEnable</name>
         <value>0x2000d1cb</value>
         <object_component_ref idref="oc-3b5"/>
      </symbol>
      <symbol id="sm-176b">
         <name>SPIIntClear</name>
         <value>0x2000d2c7</value>
         <object_component_ref idref="oc-3b5"/>
      </symbol>
      <symbol id="sm-176c">
         <name>SPICSDisable</name>
         <value>0x2000d31d</value>
         <object_component_ref idref="oc-3b5"/>
      </symbol>
      <symbol id="sm-176d">
         <name>SPIIntDisable</name>
         <value>0x2000d20f</value>
         <object_component_ref idref="oc-3b5"/>
      </symbol>
      <symbol id="sm-176e">
         <name>__TI_static_base__</name>
         <value>0x20013b38</value>
      </symbol>
      <symbol id="sm-176f">
         <name>__TI_args_main</name>
         <value>0x1</value>
      </symbol>
      <symbol id="sm-1770">
         <name>SHT$$INIT_ARRAY$$Limit</name>
         <value>0x0</value>
      </symbol>
      <symbol id="sm-1771">
         <name>SHT$$INIT_ARRAY$$Base</name>
         <value>0x0</value>
      </symbol>
   </symbol_table>
   <title>Link successful</title>
</link_info>
