<?xml version="1.0"?>
<link_info>
   <banner>TI ARM Linker PC v5.1.5</banner>
   <copyright>Copyright (c) 1996-2014 Texas Instruments Incorporated</copyright>
   <link_time>0x53c3128f</link_time>
   <link_errors>0x0</link_errors>
   <output_file>thingfabric.out</output_file>
   <entry_point>
      <name>_c_int00</name>
      <address>0x20013021</address>
   </entry_point>
   <input_file_list>
      <input_file id="fl-2">
         <path>.\</path>
         <kind>object</kind>
         <file>uart_if.obj</file>
         <name>uart_if.obj</name>
      </input_file>
      <input_file id="fl-3">
         <path>.\</path>
         <kind>object</kind>
         <file>tmp006drv.obj</file>
         <name>tmp006drv.obj</name>
      </input_file>
      <input_file id="fl-4">
         <path>.\</path>
         <kind>object</kind>
         <file>startup_ccs.obj</file>
         <name>startup_ccs.obj</name>
      </input_file>
      <input_file id="fl-5">
         <path>.\</path>
         <kind>object</kind>
         <file>smartconfig.obj</file>
         <name>smartconfig.obj</name>
      </input_file>
      <input_file id="fl-6">
         <path>.\</path>
         <kind>object</kind>
         <file>pinmux.obj</file>
         <name>pinmux.obj</name>
      </input_file>
      <input_file id="fl-7">
         <path>.\</path>
         <kind>object</kind>
         <file>mqtt.obj</file>
         <name>mqtt.obj</name>
      </input_file>
      <input_file id="fl-8">
         <path>.\</path>
         <kind>object</kind>
         <file>main.obj</file>
         <name>main.obj</name>
      </input_file>
      <input_file id="fl-9">
         <path>.\</path>
         <kind>object</kind>
         <file>i2c_if.obj</file>
         <name>i2c_if.obj</name>
      </input_file>
      <input_file id="fl-a">
         <path>.\</path>
         <kind>object</kind>
         <file>gpio_if.obj</file>
         <name>gpio_if.obj</name>
      </input_file>
      <input_file id="fl-b">
         <path>.\</path>
         <kind>object</kind>
         <file>device_status.obj</file>
         <name>device_status.obj</name>
      </input_file>
      <input_file id="fl-c">
         <path>.\</path>
         <kind>object</kind>
         <file>bma222drv.obj</file>
         <name>bma222drv.obj</name>
      </input_file>
      <input_file id="fl-13c">
         <path>c:\ti\ccsv6\tools\compiler\arm_5.1.5\lib\</path>
         <kind>archive</kind>
         <file>rtsv7M4_T_le_eabi.lib</file>
         <name>boot.obj</name>
      </input_file>
      <input_file id="fl-13d">
         <path>c:\ti\ccsv6\tools\compiler\arm_5.1.5\lib\</path>
         <kind>archive</kind>
         <file>rtsv7M4_T_le_eabi.lib</file>
         <name>copy_decompress_none.obj</name>
      </input_file>
      <input_file id="fl-13e">
         <path>c:\ti\ccsv6\tools\compiler\arm_5.1.5\lib\</path>
         <kind>archive</kind>
         <file>rtsv7M4_T_le_eabi.lib</file>
         <name>copy_decompress_rle.obj</name>
      </input_file>
      <input_file id="fl-13f">
         <path>c:\ti\ccsv6\tools\compiler\arm_5.1.5\lib\</path>
         <kind>archive</kind>
         <file>rtsv7M4_T_le_eabi.lib</file>
         <name>copy_zero_init.obj</name>
      </input_file>
      <input_file id="fl-140">
         <path>c:\ti\ccsv6\tools\compiler\arm_5.1.5\lib\</path>
         <kind>archive</kind>
         <file>rtsv7M4_T_le_eabi.lib</file>
         <name>exit.obj</name>
      </input_file>
      <input_file id="fl-141">
         <path>c:\ti\ccsv6\tools\compiler\arm_5.1.5\lib\</path>
         <kind>archive</kind>
         <file>rtsv7M4_T_le_eabi.lib</file>
         <name>fd_add_t2.obj</name>
      </input_file>
      <input_file id="fl-142">
         <path>c:\ti\ccsv6\tools\compiler\arm_5.1.5\lib\</path>
         <kind>archive</kind>
         <file>rtsv7M4_T_le_eabi.lib</file>
         <name>fd_div_t2.obj</name>
      </input_file>
      <input_file id="fl-143">
         <path>c:\ti\ccsv6\tools\compiler\arm_5.1.5\lib\</path>
         <kind>archive</kind>
         <file>rtsv7M4_T_le_eabi.lib</file>
         <name>fd_mul_t2.obj</name>
      </input_file>
      <input_file id="fl-144">
         <path>c:\ti\ccsv6\tools\compiler\arm_5.1.5\lib\</path>
         <kind>archive</kind>
         <file>rtsv7M4_T_le_eabi.lib</file>
         <name>fd_tos_t2.obj</name>
      </input_file>
      <input_file id="fl-145">
         <path>c:\ti\ccsv6\tools\compiler\arm_5.1.5\lib\</path>
         <kind>archive</kind>
         <file>rtsv7M4_T_le_eabi.lib</file>
         <name>fs_add_t2.obj</name>
      </input_file>
      <input_file id="fl-146">
         <path>c:\ti\ccsv6\tools\compiler\arm_5.1.5\lib\</path>
         <kind>archive</kind>
         <file>rtsv7M4_T_le_eabi.lib</file>
         <name>fs_div_t2.obj</name>
      </input_file>
      <input_file id="fl-147">
         <path>c:\ti\ccsv6\tools\compiler\arm_5.1.5\lib\</path>
         <kind>archive</kind>
         <file>rtsv7M4_T_le_eabi.lib</file>
         <name>fs_mul_t2.obj</name>
      </input_file>
      <input_file id="fl-148">
         <path>c:\ti\ccsv6\tools\compiler\arm_5.1.5\lib\</path>
         <kind>archive</kind>
         <file>rtsv7M4_T_le_eabi.lib</file>
         <name>fs_toi_t2.obj</name>
      </input_file>
      <input_file id="fl-149">
         <path>c:\ti\ccsv6\tools\compiler\arm_5.1.5\lib\</path>
         <kind>archive</kind>
         <file>rtsv7M4_T_le_eabi.lib</file>
         <name>fs_tou_t2.obj</name>
      </input_file>
      <input_file id="fl-14a">
         <path>c:\ti\ccsv6\tools\compiler\arm_5.1.5\lib\</path>
         <kind>archive</kind>
         <file>rtsv7M4_T_le_eabi.lib</file>
         <name>i_tofd_t2.obj</name>
      </input_file>
      <input_file id="fl-14b">
         <path>c:\ti\ccsv6\tools\compiler\arm_5.1.5\lib\</path>
         <kind>archive</kind>
         <file>rtsv7M4_T_le_eabi.lib</file>
         <name>memcmp.obj</name>
      </input_file>
      <input_file id="fl-14c">
         <path>c:\ti\ccsv6\tools\compiler\arm_5.1.5\lib\</path>
         <kind>archive</kind>
         <file>rtsv7M4_T_le_eabi.lib</file>
         <name>memcpy_t2.obj</name>
      </input_file>
      <input_file id="fl-14d">
         <path>c:\ti\ccsv6\tools\compiler\arm_5.1.5\lib\</path>
         <kind>archive</kind>
         <file>rtsv7M4_T_le_eabi.lib</file>
         <name>memory.obj</name>
      </input_file>
      <input_file id="fl-14e">
         <path>c:\ti\ccsv6\tools\compiler\arm_5.1.5\lib\</path>
         <kind>archive</kind>
         <file>rtsv7M4_T_le_eabi.lib</file>
         <name>memset_t2.obj</name>
      </input_file>
      <input_file id="fl-14f">
         <path>c:\ti\ccsv6\tools\compiler\arm_5.1.5\lib\</path>
         <kind>archive</kind>
         <file>rtsv7M4_T_le_eabi.lib</file>
         <name>pow.obj</name>
      </input_file>
      <input_file id="fl-150">
         <path>c:\ti\ccsv6\tools\compiler\arm_5.1.5\lib\</path>
         <kind>archive</kind>
         <file>rtsv7M4_T_le_eabi.lib</file>
         <name>sprintf.obj</name>
      </input_file>
      <input_file id="fl-151">
         <path>c:\ti\ccsv6\tools\compiler\arm_5.1.5\lib\</path>
         <kind>archive</kind>
         <file>rtsv7M4_T_le_eabi.lib</file>
         <name>stkdepth_vars.obj</name>
      </input_file>
      <input_file id="fl-152">
         <path>c:\ti\ccsv6\tools\compiler\arm_5.1.5\lib\</path>
         <kind>archive</kind>
         <file>rtsv7M4_T_le_eabi.lib</file>
         <name>strcpy.obj</name>
      </input_file>
      <input_file id="fl-153">
         <path>c:\ti\ccsv6\tools\compiler\arm_5.1.5\lib\</path>
         <kind>archive</kind>
         <file>rtsv7M4_T_le_eabi.lib</file>
         <name>strlen.obj</name>
      </input_file>
      <input_file id="fl-154">
         <path>c:\ti\ccsv6\tools\compiler\arm_5.1.5\lib\</path>
         <kind>archive</kind>
         <file>rtsv7M4_T_le_eabi.lib</file>
         <name>strncpy.obj</name>
      </input_file>
      <input_file id="fl-155">
         <path>c:\ti\ccsv6\tools\compiler\arm_5.1.5\lib\</path>
         <kind>archive</kind>
         <file>rtsv7M4_T_le_eabi.lib</file>
         <name>vsnprintf.obj</name>
      </input_file>
      <input_file id="fl-156">
         <path>c:\ti\ccsv6\tools\compiler\arm_5.1.5\lib\</path>
         <kind>archive</kind>
         <file>rtsv7M4_T_le_eabi.lib</file>
         <name>xdint.obj</name>
      </input_file>
      <input_file id="fl-157">
         <path>c:\ti\ccsv6\tools\compiler\arm_5.1.5\lib\</path>
         <kind>archive</kind>
         <file>rtsv7M4_T_le_eabi.lib</file>
         <name>xdunscal.obj</name>
      </input_file>
      <input_file id="fl-158">
         <path>c:\ti\ccsv6\tools\compiler\arm_5.1.5\lib\</path>
         <kind>archive</kind>
         <file>rtsv7M4_T_le_eabi.lib</file>
         <name>xexp.obj</name>
      </input_file>
      <input_file id="fl-159">
         <path>c:\ti\ccsv6\tools\compiler\arm_5.1.5\lib\</path>
         <kind>archive</kind>
         <file>rtsv7M4_T_le_eabi.lib</file>
         <name>xferaise.obj</name>
      </input_file>
      <input_file id="fl-15a">
         <path>c:\ti\ccsv6\tools\compiler\arm_5.1.5\lib\</path>
         <kind>archive</kind>
         <file>rtsv7M4_T_le_eabi.lib</file>
         <name>xvalues.obj</name>
      </input_file>
      <input_file id="fl-15b">
         <path>c:\ti\ccsv6\tools\compiler\arm_5.1.5\lib\</path>
         <kind>archive</kind>
         <file>rtsv7M4_T_le_eabi.lib</file>
         <name>_lock.obj</name>
      </input_file>
      <input_file id="fl-15c">
         <path>c:\ti\ccsv6\tools\compiler\arm_5.1.5\lib\</path>
         <kind>archive</kind>
         <file>rtsv7M4_T_le_eabi.lib</file>
         <name>_printfi.obj</name>
      </input_file>
      <input_file id="fl-15d">
         <path>c:\ti\ccsv6\tools\compiler\arm_5.1.5\lib\</path>
         <kind>archive</kind>
         <file>rtsv7M4_T_le_eabi.lib</file>
         <name>args_main.obj</name>
      </input_file>
      <input_file id="fl-15e">
         <path>c:\ti\ccsv6\tools\compiler\arm_5.1.5\lib\</path>
         <kind>archive</kind>
         <file>rtsv7M4_T_le_eabi.lib</file>
         <name>atoi.obj</name>
      </input_file>
      <input_file id="fl-15f">
         <path>c:\ti\ccsv6\tools\compiler\arm_5.1.5\lib\</path>
         <kind>archive</kind>
         <file>rtsv7M4_T_le_eabi.lib</file>
         <name>auto_init.obj</name>
      </input_file>
      <input_file id="fl-160">
         <path>c:\ti\ccsv6\tools\compiler\arm_5.1.5\lib\</path>
         <kind>archive</kind>
         <file>rtsv7M4_T_le_eabi.lib</file>
         <name>cpy_tbl.obj</name>
      </input_file>
      <input_file id="fl-161">
         <path>c:\ti\ccsv6\tools\compiler\arm_5.1.5\lib\</path>
         <kind>archive</kind>
         <file>rtsv7M4_T_le_eabi.lib</file>
         <name>ctype.obj</name>
      </input_file>
      <input_file id="fl-162">
         <path>c:\ti\ccsv6\tools\compiler\arm_5.1.5\lib\</path>
         <kind>archive</kind>
         <file>rtsv7M4_T_le_eabi.lib</file>
         <name>errno.obj</name>
      </input_file>
      <input_file id="fl-163">
         <path>c:\ti\ccsv6\tools\compiler\arm_5.1.5\lib\</path>
         <kind>archive</kind>
         <file>rtsv7M4_T_le_eabi.lib</file>
         <name>fd_cmp_t2.obj</name>
      </input_file>
      <input_file id="fl-164">
         <path>c:\ti\ccsv6\tools\compiler\arm_5.1.5\lib\</path>
         <kind>archive</kind>
         <file>rtsv7M4_T_le_eabi.lib</file>
         <name>fd_toi_t2.obj</name>
      </input_file>
      <input_file id="fl-165">
         <path>c:\ti\ccsv6\tools\compiler\arm_5.1.5\lib\</path>
         <kind>archive</kind>
         <file>rtsv7M4_T_le_eabi.lib</file>
         <name>feraiseexcept.obj</name>
      </input_file>
      <input_file id="fl-166">
         <path>c:\ti\ccsv6\tools\compiler\arm_5.1.5\lib\</path>
         <kind>archive</kind>
         <file>rtsv7M4_T_le_eabi.lib</file>
         <name>ll_mul_t2.obj</name>
      </input_file>
      <input_file id="fl-167">
         <path>c:\ti\ccsv6\tools\compiler\arm_5.1.5\lib\</path>
         <kind>archive</kind>
         <file>rtsv7M4_T_le_eabi.lib</file>
         <name>log.obj</name>
      </input_file>
      <input_file id="fl-168">
         <path>c:\ti\ccsv6\tools\compiler\arm_5.1.5\lib\</path>
         <kind>archive</kind>
         <file>rtsv7M4_T_le_eabi.lib</file>
         <name>ltoa.obj</name>
      </input_file>
      <input_file id="fl-169">
         <path>c:\ti\ccsv6\tools\compiler\arm_5.1.5\lib\</path>
         <kind>archive</kind>
         <file>rtsv7M4_T_le_eabi.lib</file>
         <name>memccpy.obj</name>
      </input_file>
      <input_file id="fl-16a">
         <path>c:\ti\ccsv6\tools\compiler\arm_5.1.5\lib\</path>
         <kind>archive</kind>
         <file>rtsv7M4_T_le_eabi.lib</file>
         <name>raise.obj</name>
      </input_file>
      <input_file id="fl-16b">
         <path>c:\ti\ccsv6\tools\compiler\arm_5.1.5\lib\</path>
         <kind>archive</kind>
         <file>rtsv7M4_T_le_eabi.lib</file>
         <name>signal.obj</name>
      </input_file>
      <input_file id="fl-16c">
         <path>c:\ti\ccsv6\tools\compiler\arm_5.1.5\lib\</path>
         <kind>archive</kind>
         <file>rtsv7M4_T_le_eabi.lib</file>
         <name>ull_div_t2.obj</name>
      </input_file>
      <input_file id="fl-16d">
         <path>c:\ti\ccsv6\tools\compiler\arm_5.1.5\lib\</path>
         <kind>archive</kind>
         <file>rtsv7M4_T_le_eabi.lib</file>
         <name>xdclass.obj</name>
      </input_file>
      <input_file id="fl-16e">
         <path>c:\ti\ccsv6\tools\compiler\arm_5.1.5\lib\</path>
         <kind>archive</kind>
         <file>rtsv7M4_T_le_eabi.lib</file>
         <name>xdnorm.obj</name>
      </input_file>
      <input_file id="fl-16f">
         <path>c:\ti\ccsv6\tools\compiler\arm_5.1.5\lib\</path>
         <kind>archive</kind>
         <file>rtsv7M4_T_le_eabi.lib</file>
         <name>xdscale.obj</name>
      </input_file>
      <input_file id="fl-170">
         <path>c:\ti\ccsv6\tools\compiler\arm_5.1.5\lib\</path>
         <kind>archive</kind>
         <file>rtsv7M4_T_le_eabi.lib</file>
         <name>xdtest.obj</name>
      </input_file>
      <input_file id="fl-171">
         <path>c:\ti\ccsv6\tools\compiler\arm_5.1.5\lib\</path>
         <kind>archive</kind>
         <file>rtsv7M4_T_le_eabi.lib</file>
         <name>xlog.obj</name>
      </input_file>
      <input_file id="fl-172">
         <path>c:\ti\ccsv6\tools\compiler\arm_5.1.5\lib\</path>
         <kind>archive</kind>
         <file>rtsv7M4_T_le_eabi.lib</file>
         <name>fs_tod_t2.obj</name>
      </input_file>
      <input_file id="fl-173">
         <path>c:\ti\ccsv6\tools\compiler\arm_5.1.5\lib\</path>
         <kind>archive</kind>
         <file>rtsv7M4_T_le_eabi.lib</file>
         <name>xfvalues.obj</name>
      </input_file>
      <input_file id="fl-174">
         <path>C:\ti\CC3200SDK\cc3200-sdk\driverlib\ccs\Release\</path>
         <kind>archive</kind>
         <file>driverlib.a</file>
         <name>utils.obj</name>
      </input_file>
      <input_file id="fl-175">
         <path>C:\ti\CC3200SDK\cc3200-sdk\driverlib\ccs\Release\</path>
         <kind>archive</kind>
         <file>driverlib.a</file>
         <name>uart.obj</name>
      </input_file>
      <input_file id="fl-176">
         <path>C:\ti\CC3200SDK\cc3200-sdk\driverlib\ccs\Release\</path>
         <kind>archive</kind>
         <file>driverlib.a</file>
         <name>prcm.obj</name>
      </input_file>
      <input_file id="fl-177">
         <path>C:\ti\CC3200SDK\cc3200-sdk\driverlib\ccs\Release\</path>
         <kind>archive</kind>
         <file>driverlib.a</file>
         <name>pin.obj</name>
      </input_file>
      <input_file id="fl-178">
         <path>C:\ti\CC3200SDK\cc3200-sdk\driverlib\ccs\Release\</path>
         <kind>archive</kind>
         <file>driverlib.a</file>
         <name>interrupt.obj</name>
      </input_file>
      <input_file id="fl-179">
         <path>C:\ti\CC3200SDK\cc3200-sdk\driverlib\ccs\Release\</path>
         <kind>archive</kind>
         <file>driverlib.a</file>
         <name>i2c.obj</name>
      </input_file>
      <input_file id="fl-17a">
         <path>C:\ti\CC3200SDK\cc3200-sdk\driverlib\ccs\Release\</path>
         <kind>archive</kind>
         <file>driverlib.a</file>
         <name>gpio.obj</name>
      </input_file>
      <input_file id="fl-17b">
         <path>C:\ti\CC3200SDK\cc3200-sdk\driverlib\ccs\Release\</path>
         <kind>archive</kind>
         <file>driverlib.a</file>
         <name>flash.obj</name>
      </input_file>
      <input_file id="fl-17c">
         <path>C:\ti\CC3200SDK\cc3200-sdk\driverlib\ccs\Release\</path>
         <kind>archive</kind>
         <file>driverlib.a</file>
         <name>cpu.obj</name>
      </input_file>
      <input_file id="fl-17d">
         <path>C:\ti\CC3200SDK\cc3200-sdk\simplelink\ccs\OS\</path>
         <kind>archive</kind>
         <file>simplelink.a</file>
         <name>wlan.obj</name>
      </input_file>
      <input_file id="fl-17e">
         <path>C:\ti\CC3200SDK\cc3200-sdk\simplelink\ccs\OS\</path>
         <kind>archive</kind>
         <file>simplelink.a</file>
         <name>socket.obj</name>
      </input_file>
      <input_file id="fl-17f">
         <path>C:\ti\CC3200SDK\cc3200-sdk\simplelink\ccs\OS\</path>
         <kind>archive</kind>
         <file>simplelink.a</file>
         <name>netcfg.obj</name>
      </input_file>
      <input_file id="fl-180">
         <path>C:\ti\CC3200SDK\cc3200-sdk\simplelink\ccs\OS\</path>
         <kind>archive</kind>
         <file>simplelink.a</file>
         <name>netapp.obj</name>
      </input_file>
      <input_file id="fl-181">
         <path>C:\ti\CC3200SDK\cc3200-sdk\simplelink\ccs\OS\</path>
         <kind>archive</kind>
         <file>simplelink.a</file>
         <name>driver.obj</name>
      </input_file>
      <input_file id="fl-182">
         <path>C:\ti\CC3200SDK\cc3200-sdk\simplelink\ccs\OS\</path>
         <kind>archive</kind>
         <file>simplelink.a</file>
         <name>device.obj</name>
      </input_file>
      <input_file id="fl-183">
         <path>C:\ti\CC3200SDK\cc3200-sdk\simplelink\ccs\OS\</path>
         <kind>archive</kind>
         <file>simplelink.a</file>
         <name>cc_pal.obj</name>
      </input_file>
      <input_file id="fl-184">
         <path>C:\ti\CC3200SDK\cc3200-sdk\simplelink\ccs\OS\</path>
         <kind>archive</kind>
         <file>simplelink.a</file>
         <name>flowcont.obj</name>
      </input_file>
      <input_file id="fl-185">
         <path>C:\ti\CC3200SDK\cc3200-sdk\oslib\ccs\free_rtos\</path>
         <kind>archive</kind>
         <file>free_rtos.a</file>
         <name>portasm.obj</name>
      </input_file>
      <input_file id="fl-186">
         <path>C:\ti\CC3200SDK\cc3200-sdk\oslib\ccs\free_rtos\</path>
         <kind>archive</kind>
         <file>free_rtos.a</file>
         <name>port.obj</name>
      </input_file>
      <input_file id="fl-187">
         <path>C:\ti\CC3200SDK\cc3200-sdk\oslib\ccs\free_rtos\</path>
         <kind>archive</kind>
         <file>free_rtos.a</file>
         <name>osi_freertos.obj</name>
      </input_file>
      <input_file id="fl-188">
         <path>C:\ti\CC3200SDK\cc3200-sdk\oslib\ccs\free_rtos\</path>
         <kind>archive</kind>
         <file>free_rtos.a</file>
         <name>heap_3.obj</name>
      </input_file>
      <input_file id="fl-189">
         <path>C:\ti\CC3200SDK\cc3200-sdk\oslib\ccs\free_rtos\</path>
         <kind>archive</kind>
         <file>free_rtos.a</file>
         <name>tasks.obj</name>
      </input_file>
      <input_file id="fl-18a">
         <path>C:\ti\CC3200SDK\cc3200-sdk\oslib\ccs\free_rtos\</path>
         <kind>archive</kind>
         <file>free_rtos.a</file>
         <name>queue.obj</name>
      </input_file>
      <input_file id="fl-18b">
         <path>C:\ti\CC3200SDK\cc3200-sdk\oslib\ccs\free_rtos\</path>
         <kind>archive</kind>
         <file>free_rtos.a</file>
         <name>list.obj</name>
      </input_file>
      <input_file id="fl-18c">
         <path>c:\ti\ccsv6\tools\compiler\arm_5.1.5\lib\</path>
         <kind>archive</kind>
         <file>rtsv7M4_T_le_eabi.lib</file>
         <name>ll_lsr_t2.obj</name>
      </input_file>
      <input_file id="fl-18d">
         <path>c:\ti\ccsv6\tools\compiler\arm_5.1.5\lib\</path>
         <kind>archive</kind>
         <file>rtsv7M4_T_le_eabi.lib</file>
         <name>strcat.obj</name>
      </input_file>
      <input_file id="fl-18e">
         <path>C:\ti\CC3200SDK\cc3200-sdk\driverlib\ccs\Release\</path>
         <kind>archive</kind>
         <file>driverlib.a</file>
         <name>udma.obj</name>
      </input_file>
      <input_file id="fl-18f">
         <path>C:\ti\CC3200SDK\cc3200-sdk\driverlib\ccs\Release\</path>
         <kind>archive</kind>
         <file>driverlib.a</file>
         <name>spi.obj</name>
      </input_file>
   </input_file_list>
   <object_component_list>
      <object_component id="oc-e">
         <name>.intvecs</name>
         <load_address>0x20004000</load_address>
         <run_address>0x20004000</run_address>
         <size>0x400</size>
         <input_file_ref idref="fl-4"/>
      </object_component>
      <object_component id="oc-205">
         <name>.text</name>
         <load_address>0x20004400</load_address>
         <run_address>0x20004400</run_address>
         <size>0x1d7c</size>
         <input_file_ref idref="fl-181"/>
      </object_component>
      <object_component id="oc-6a">
         <name>.text</name>
         <load_address>0x2000617c</load_address>
         <run_address>0x2000617c</run_address>
         <size>0x1040</size>
         <input_file_ref idref="fl-189"/>
      </object_component>
      <object_component id="oc-1a9">
         <name>.text</name>
         <load_address>0x200071bc</load_address>
         <run_address>0x200071bc</run_address>
         <size>0xec0</size>
         <input_file_ref idref="fl-15c"/>
      </object_component>
      <object_component id="oc-2ac">
         <name>.text</name>
         <load_address>0x2000807c</load_address>
         <run_address>0x2000807c</run_address>
         <size>0xd88</size>
         <input_file_ref idref="fl-17e"/>
      </object_component>
      <object_component id="oc-165">
         <name>.text</name>
         <load_address>0x20008e04</load_address>
         <run_address>0x20008e04</run_address>
         <size>0xbc4</size>
         <input_file_ref idref="fl-7"/>
      </object_component>
      <object_component id="oc-25b">
         <name>.text</name>
         <load_address>0x200099c8</load_address>
         <run_address>0x200099c8</run_address>
         <size>0xab4</size>
         <input_file_ref idref="fl-180"/>
      </object_component>
      <object_component id="oc-245">
         <name>.text</name>
         <load_address>0x2000a47c</load_address>
         <run_address>0x2000a47c</run_address>
         <size>0xa88</size>
         <input_file_ref idref="fl-18a"/>
      </object_component>
      <object_component id="oc-136">
         <name>.text</name>
         <load_address>0x2000af04</load_address>
         <run_address>0x2000af04</run_address>
         <size>0xa5c</size>
         <input_file_ref idref="fl-17d"/>
      </object_component>
      <object_component id="oc-14f">
         <name>.text</name>
         <load_address>0x2000b960</load_address>
         <run_address>0x2000b960</run_address>
         <size>0x98c</size>
         <input_file_ref idref="fl-176"/>
      </object_component>
      <object_component id="oc-88">
         <name>.text</name>
         <load_address>0x2000c2ec</load_address>
         <run_address>0x2000c2ec</run_address>
         <size>0x84c</size>
         <input_file_ref idref="fl-8"/>
      </object_component>
      <object_component id="oc-33d">
         <name>.text</name>
         <load_address>0x2000cb38</load_address>
         <run_address>0x2000cb38</run_address>
         <size>0x79c</size>
         <input_file_ref idref="fl-18f"/>
      </object_component>
      <object_component id="oc-28f">
         <name>.text</name>
         <load_address>0x2000d2d4</load_address>
         <run_address>0x2000d2d4</run_address>
         <size>0x67a</size>
         <input_file_ref idref="fl-179"/>
      </object_component>
      <object_component id="oc-200">
         <name>.text</name>
         <load_address>0x2000d950</load_address>
         <run_address>0x2000d950</run_address>
         <size>0x668</size>
         <input_file_ref idref="fl-183"/>
      </object_component>
      <object_component id="oc-127">
         <name>.text</name>
         <load_address>0x2000dfb8</load_address>
         <run_address>0x2000dfb8</run_address>
         <size>0x500</size>
         <input_file_ref idref="fl-182"/>
      </object_component>
      <object_component id="oc-349">
         <name>.text</name>
         <load_address>0x2000e4b8</load_address>
         <run_address>0x2000e4b8</run_address>
         <size>0x4a4</size>
         <input_file_ref idref="fl-18e"/>
      </object_component>
      <object_component id="oc-1ce">
         <name>.text</name>
         <load_address>0x2000e95c</load_address>
         <run_address>0x2000e95c</run_address>
         <size>0x490</size>
         <input_file_ref idref="fl-14f"/>
      </object_component>
      <object_component id="oc-228">
         <name>.text</name>
         <load_address>0x2000edec</load_address>
         <run_address>0x2000edec</run_address>
         <size>0x48c</size>
         <input_file_ref idref="fl-175"/>
      </object_component>
      <object_component id="oc-19c">
         <name>.text</name>
         <load_address>0x2000f278</load_address>
         <run_address>0x2000f278</run_address>
         <size>0x3cc</size>
         <input_file_ref idref="fl-14d"/>
      </object_component>
      <object_component id="oc-114">
         <name>.text</name>
         <load_address>0x2000f644</load_address>
         <run_address>0x2000f644</run_address>
         <size>0x3c0</size>
         <input_file_ref idref="fl-3"/>
      </object_component>
      <object_component id="oc-13b">
         <name>.text</name>
         <load_address>0x2000fa04</load_address>
         <run_address>0x2000fa04</run_address>
         <size>0x398</size>
         <input_file_ref idref="fl-187"/>
      </object_component>
      <object_component id="oc-14a">
         <name>.text</name>
         <load_address>0x2000fd9c</load_address>
         <run_address>0x2000fd9c</run_address>
         <size>0x370</size>
         <input_file_ref idref="fl-178"/>
      </object_component>
      <object_component id="oc-122">
         <name>.text</name>
         <load_address>0x2001010c</load_address>
         <run_address>0x2001010c</run_address>
         <size>0x354</size>
         <input_file_ref idref="fl-a"/>
      </object_component>
      <object_component id="oc-1f4">
         <name>.text</name>
         <load_address>0x20010460</load_address>
         <run_address>0x20010460</run_address>
         <size>0x334</size>
         <input_file_ref idref="fl-17a"/>
      </object_component>
      <object_component id="oc-281">
         <name>.text</name>
         <load_address>0x20010794</load_address>
         <run_address>0x20010794</run_address>
         <size>0x300</size>
         <input_file_ref idref="fl-17b"/>
      </object_component>
      <object_component id="oc-421">
         <name>.text</name>
         <load_address>0x20010a94</load_address>
         <run_address>0x20010a94</run_address>
         <size>0x2e4</size>
         <input_file_ref idref="fl-171"/>
      </object_component>
      <object_component id="oc-15e">
         <name>.text</name>
         <load_address>0x20010d78</load_address>
         <run_address>0x20010d78</run_address>
         <size>0x290</size>
         <input_file_ref idref="fl-9"/>
      </object_component>
      <object_component id="oc-159">
         <name>.text</name>
         <load_address>0x20011008</load_address>
         <run_address>0x20011008</run_address>
         <size>0x284</size>
         <input_file_ref idref="fl-177"/>
      </object_component>
      <object_component id="oc-323">
         <name>.text</name>
         <load_address>0x2001128c</load_address>
         <run_address>0x2001128c</run_address>
         <size>0x1fc</size>
         <input_file_ref idref="fl-158"/>
      </object_component>
      <object_component id="oc-279">
         <name>.text</name>
         <load_address>0x20011488</load_address>
         <run_address>0x20011488</run_address>
         <size>0x1f4</size>
         <input_file_ref idref="fl-16c"/>
      </object_component>
      <object_component id="oc-131">
         <name>.text</name>
         <load_address>0x2001167c</load_address>
         <run_address>0x2001167c</run_address>
         <size>0x1d4</size>
         <input_file_ref idref="fl-2"/>
      </object_component>
      <object_component id="oc-100">
         <name>.text</name>
         <load_address>0x20011850</load_address>
         <run_address>0x20011850</run_address>
         <size>0x1d2</size>
         <input_file_ref idref="fl-c"/>
      </object_component>
      <object_component id="oc-1c6">
         <name>.text</name>
         <load_address>0x20011a22</load_address>
         <run_address>0x20011a22</run_address>
         <size>0x1b6</size>
         <input_file_ref idref="fl-141"/>
      </object_component>
      <object_component id="oc-1d3">
         <name>.text</name>
         <load_address>0x20011bd8</load_address>
         <run_address>0x20011bd8</run_address>
         <size>0x136</size>
         <input_file_ref idref="fl-142"/>
      </object_component>
      <object_component id="oc-b5">
         <name>.text</name>
         <load_address>0x20011d0e</load_address>
         <run_address>0x20011d0e</run_address>
         <size>0x132</size>
         <input_file_ref idref="fl-18b"/>
      </object_component>
      <object_component id="oc-428">
         <name>.text</name>
         <load_address>0x20011e40</load_address>
         <run_address>0x20011e40</run_address>
         <size>0x110</size>
         <input_file_ref idref="fl-16f"/>
      </object_component>
      <object_component id="oc-2f">
         <name>.text</name>
         <load_address>0x20011f50</load_address>
         <run_address>0x20011f50</run_address>
         <size>0x10c</size>
         <input_file_ref idref="fl-186"/>
      </object_component>
      <object_component id="oc-12c">
         <name>.text</name>
         <load_address>0x2001205c</load_address>
         <run_address>0x2001205c</run_address>
         <size>0x100</size>
         <input_file_ref idref="fl-17f"/>
      </object_component>
      <object_component id="oc-1ca">
         <name>.text</name>
         <load_address>0x2001215c</load_address>
         <run_address>0x2001215c</run_address>
         <size>0xfc</size>
         <input_file_ref idref="fl-143"/>
      </object_component>
      <object_component id="oc-1e7">
         <name>.text</name>
         <load_address>0x20012258</load_address>
         <run_address>0x20012258</run_address>
         <size>0xfa</size>
         <input_file_ref idref="fl-145"/>
      </object_component>
      <object_component id="oc-314">
         <name>.text</name>
         <load_address>0x20012354</load_address>
         <run_address>0x20012354</run_address>
         <size>0xc4</size>
         <input_file_ref idref="fl-156"/>
      </object_component>
      <object_component id="oc-40f">
         <name>.text</name>
         <load_address>0x20012418</load_address>
         <run_address>0x20012418</run_address>
         <size>0xc4</size>
         <input_file_ref idref="fl-16e"/>
      </object_component>
      <object_component id="oc-2b">
         <name>.text</name>
         <load_address>0x200124dc</load_address>
         <run_address>0x200124dc</run_address>
         <size>0xba</size>
         <input_file_ref idref="fl-185"/>
      </object_component>
      <object_component id="oc-145">
         <name>.text</name>
         <load_address>0x20012598</load_address>
         <run_address>0x20012598</run_address>
         <size>0xb4</size>
         <input_file_ref idref="fl-b"/>
      </object_component>
      <object_component id="oc-48">
         <name>.text</name>
         <load_address>0x2001264c</load_address>
         <run_address>0x2001264c</run_address>
         <size>0x9c</size>
         <input_file_ref idref="fl-14c"/>
      </object_component>
      <object_component id="oc-37">
         <name>.text</name>
         <load_address>0x200126e8</load_address>
         <run_address>0x200126e8</run_address>
         <size>0x94</size>
         <input_file_ref idref="fl-15f"/>
      </object_component>
      <object_component id="oc-1e3">
         <name>.text</name>
         <load_address>0x2001277c</load_address>
         <run_address>0x2001277c</run_address>
         <size>0x92</size>
         <input_file_ref idref="fl-146"/>
      </object_component>
      <object_component id="oc-22d">
         <name>.text</name>
         <load_address>0x20012810</load_address>
         <run_address>0x20012810</run_address>
         <size>0x88</size>
         <input_file_ref idref="fl-155"/>
      </object_component>
      <object_component id="oc-2d4">
         <name>.text:__aeabi_cdcmple</name>
         <load_address>0x20012898</load_address>
         <run_address>0x20012898</run_address>
         <size>0x86</size>
         <input_file_ref idref="fl-163"/>
      </object_component>
      <object_component id="oc-2d8">
         <name>.text:__aeabi_cdrcmple</name>
         <load_address>0x2001291e</load_address>
         <run_address>0x2001291e</run_address>
         <size>0x86</size>
         <input_file_ref idref="fl-163"/>
      </object_component>
      <object_component id="oc-1df">
         <name>.text</name>
         <load_address>0x200129a4</load_address>
         <run_address>0x200129a4</run_address>
         <size>0x7a</size>
         <input_file_ref idref="fl-147"/>
      </object_component>
      <object_component id="oc-d7">
         <name>.text</name>
         <load_address>0x20012a1e</load_address>
         <run_address>0x20012a1e</run_address>
         <size>0x78</size>
         <input_file_ref idref="fl-14e"/>
      </object_component>
      <object_component id="oc-154">
         <name>.text</name>
         <load_address>0x20012a98</load_address>
         <run_address>0x20012a98</run_address>
         <size>0x74</size>
         <input_file_ref idref="fl-6"/>
      </object_component>
      <object_component id="oc-355">
         <name>.text</name>
         <load_address>0x20012b0c</load_address>
         <run_address>0x20012b0c</run_address>
         <size>0x68</size>
         <input_file_ref idref="fl-184"/>
      </object_component>
      <object_component id="oc-30f">
         <name>.text</name>
         <load_address>0x20012b74</load_address>
         <run_address>0x20012b74</run_address>
         <size>0x64</size>
         <input_file_ref idref="fl-157"/>
      </object_component>
      <object_component id="oc-db">
         <name>.text</name>
         <load_address>0x20012bd8</load_address>
         <run_address>0x20012bd8</run_address>
         <size>0x60</size>
         <input_file_ref idref="fl-150"/>
      </object_component>
      <object_component id="oc-269">
         <name>.text</name>
         <load_address>0x20012c38</load_address>
         <run_address>0x20012c38</run_address>
         <size>0x5e</size>
         <input_file_ref idref="fl-17c"/>
      </object_component>
      <object_component id="oc-5a">
         <name>.text</name>
         <load_address>0x20012c96</load_address>
         <run_address>0x20012c96</run_address>
         <size>0x5e</size>
         <input_file_ref idref="fl-13e"/>
      </object_component>
      <object_component id="oc-2e0">
         <name>.text</name>
         <load_address>0x20012cf4</load_address>
         <run_address>0x20012cf4</run_address>
         <size>0x5a</size>
         <input_file_ref idref="fl-168"/>
      </object_component>
      <object_component id="oc-2ef">
         <name>.text</name>
         <load_address>0x20012d50</load_address>
         <run_address>0x20012d50</run_address>
         <size>0x4c</size>
         <input_file_ref idref="fl-15e"/>
      </object_component>
      <object_component id="oc-1db">
         <name>.text</name>
         <load_address>0x20012d9c</load_address>
         <run_address>0x20012d9c</run_address>
         <size>0x4a</size>
         <input_file_ref idref="fl-144"/>
      </object_component>
      <object_component id="oc-2dc">
         <name>.text</name>
         <load_address>0x20012de6</load_address>
         <run_address>0x20012de6</run_address>
         <size>0x48</size>
         <input_file_ref idref="fl-164"/>
      </object_component>
      <object_component id="oc-82">
         <name>.text</name>
         <load_address>0x20012e30</load_address>
         <run_address>0x20012e30</run_address>
         <size>0x44</size>
         <input_file_ref idref="fl-160"/>
      </object_component>
      <object_component id="oc-40">
         <name>.text</name>
         <load_address>0x20012e74</load_address>
         <run_address>0x20012e74</run_address>
         <size>0x44</size>
         <input_file_ref idref="fl-140"/>
      </object_component>
      <object_component id="oc-3fc">
         <name>.text</name>
         <load_address>0x20012eb8</load_address>
         <run_address>0x20012eb8</run_address>
         <size>0x44</size>
         <input_file_ref idref="fl-170"/>
      </object_component>
      <object_component id="oc-4b6">
         <name>.text</name>
         <load_address>0x20012efc</load_address>
         <run_address>0x20012efc</run_address>
         <size>0x40</size>
         <input_file_ref idref="fl-16b"/>
      </object_component>
      <object_component id="oc-140">
         <name>.text</name>
         <load_address>0x20012f3c</load_address>
         <run_address>0x20012f3c</run_address>
         <size>0x3a</size>
         <input_file_ref idref="fl-5"/>
      </object_component>
      <object_component id="oc-d2">
         <name>.text</name>
         <load_address>0x20012f76</load_address>
         <run_address>0x20012f76</run_address>
         <size>0x38</size>
         <input_file_ref idref="fl-188"/>
      </object_component>
      <object_component id="oc-491">
         <name>.text</name>
         <load_address>0x20012fae</load_address>
         <run_address>0x20012fae</run_address>
         <size>0x38</size>
         <input_file_ref idref="fl-172"/>
      </object_component>
      <object_component id="oc-1ed">
         <name>.text</name>
         <load_address>0x20012fe6</load_address>
         <run_address>0x20012fe6</run_address>
         <size>0x38</size>
         <input_file_ref idref="fl-148"/>
      </object_component>
      <object_component id="oc-10">
         <name>.text</name>
         <load_address>0x20013020</load_address>
         <run_address>0x20013020</run_address>
         <size>0x34</size>
         <input_file_ref idref="fl-13c"/>
      </object_component>
      <object_component id="oc-419">
         <name>.text</name>
         <load_address>0x20013054</load_address>
         <run_address>0x20013054</run_address>
         <size>0x34</size>
         <input_file_ref idref="fl-165"/>
      </object_component>
      <object_component id="oc-119">
         <name>.text</name>
         <load_address>0x20013088</load_address>
         <run_address>0x20013088</run_address>
         <size>0x34</size>
         <input_file_ref idref="fl-149"/>
      </object_component>
      <object_component id="oc-cc">
         <name>.text</name>
         <load_address>0x200130bc</load_address>
         <run_address>0x200130bc</run_address>
         <size>0x30</size>
         <input_file_ref idref="fl-154"/>
      </object_component>
      <object_component id="oc-319">
         <name>.text</name>
         <load_address>0x200130ec</load_address>
         <run_address>0x200130ec</run_address>
         <size>0x30</size>
         <input_file_ref idref="fl-159"/>
      </object_component>
      <object_component id="oc-1d7">
         <name>.text</name>
         <load_address>0x2001311c</load_address>
         <run_address>0x2001311c</run_address>
         <size>0x2e</size>
         <input_file_ref idref="fl-14a"/>
      </object_component>
      <object_component id="oc-487">
         <name>.text</name>
         <load_address>0x2001314a</load_address>
         <run_address>0x2001314a</run_address>
         <size>0x2e</size>
         <input_file_ref idref="fl-16a"/>
      </object_component>
      <object_component id="oc-10f">
         <name>.text</name>
         <load_address>0x20013178</load_address>
         <run_address>0x20013178</run_address>
         <size>0x22</size>
         <input_file_ref idref="fl-14b"/>
      </object_component>
      <object_component id="oc-27d">
         <name>.text</name>
         <load_address>0x2001319a</load_address>
         <run_address>0x2001319a</run_address>
         <size>0x1e</size>
         <input_file_ref idref="fl-18c"/>
      </object_component>
      <object_component id="oc-2ea">
         <name>.text</name>
         <load_address>0x200131b8</load_address>
         <run_address>0x200131b8</run_address>
         <size>0x1c</size>
         <input_file_ref idref="fl-169"/>
      </object_component>
      <object_component id="oc-c2">
         <name>.text</name>
         <load_address>0x200131d4</load_address>
         <run_address>0x200131d4</run_address>
         <size>0x1a</size>
         <input_file_ref idref="fl-18d"/>
      </object_component>
      <object_component id="oc-3b">
         <name>.text</name>
         <load_address>0x200131f0</load_address>
         <run_address>0x200131f0</run_address>
         <size>0x18</size>
         <input_file_ref idref="fl-15d"/>
      </object_component>
      <object_component id="oc-2d0">
         <name>.text</name>
         <load_address>0x20013208</load_address>
         <run_address>0x20013208</run_address>
         <size>0x18</size>
         <input_file_ref idref="fl-166"/>
      </object_component>
      <object_component id="oc-177">
         <name>.text</name>
         <load_address>0x20013220</load_address>
         <run_address>0x20013220</run_address>
         <size>0x14</size>
         <input_file_ref idref="fl-15b"/>
      </object_component>
      <object_component id="oc-10a">
         <name>.text</name>
         <load_address>0x20013234</load_address>
         <run_address>0x20013234</run_address>
         <size>0x14</size>
         <input_file_ref idref="fl-153"/>
      </object_component>
      <object_component id="oc-19">
         <name>.text:decompress:ZI</name>
         <load_address>0x20013248</load_address>
         <run_address>0x20013248</run_address>
         <size>0x12</size>
         <input_file_ref idref="fl-13f"/>
      </object_component>
      <object_component id="oc-11d">
         <name>.text</name>
         <load_address>0x2001325a</load_address>
         <run_address>0x2001325a</run_address>
         <size>0x10</size>
         <input_file_ref idref="fl-152"/>
      </object_component>
      <object_component id="oc-14">
         <name>.text:decompress:none</name>
         <load_address>0x2001326a</load_address>
         <run_address>0x2001326a</run_address>
         <size>0xe</size>
         <input_file_ref idref="fl-13d"/>
      </object_component>
      <object_component id="oc-2e5">
         <name>.text</name>
         <load_address>0x20013278</load_address>
         <run_address>0x20013278</run_address>
         <size>0xe</size>
         <input_file_ref idref="fl-16d"/>
      </object_component>
      <object_component id="oc-26">
         <name>.text</name>
         <load_address>0x20013286</load_address>
         <run_address>0x20013286</run_address>
         <size>0xe</size>
         <input_file_ref idref="fl-4"/>
      </object_component>
      <object_component id="oc-105">
         <name>.text:UtilsDelay</name>
         <load_address>0x20013294</load_address>
         <run_address>0x20013294</run_address>
         <size>0x6</size>
         <input_file_ref idref="fl-174"/>
      </object_component>
      <object_component id="oc-1e">
         <name>.text:decompress:rle24</name>
         <load_address>0x2001329a</load_address>
         <run_address>0x2001329a</run_address>
         <size>0x6</size>
         <input_file_ref idref="fl-13e"/>
      </object_component>
      <object_component id="oc-31e">
         <name>.text</name>
         <load_address>0x200132a0</load_address>
         <run_address>0x200132a0</run_address>
         <size>0x6</size>
         <input_file_ref idref="fl-167"/>
      </object_component>
      <object_component id="oc-404">
         <name>.const:.string:_ctypes_</name>
         <load_address>0x200132a8</load_address>
         <run_address>0x200132a8</run_address>
         <size>0x102</size>
         <input_file_ref idref="fl-161"/>
      </object_component>
      <object_component id="oc-28b">
         <name>.const:g_ulPinToPadMap</name>
         <load_address>0x200133ac</load_address>
         <run_address>0x200133ac</run_address>
         <size>0x100</size>
         <input_file_ref idref="fl-177"/>
      </object_component>
      <object_component id="oc-270">
         <name>.const:g_pulRegs</name>
         <load_address>0x200134ac</load_address>
         <run_address>0x200134ac</run_address>
         <size>0xd4</size>
         <input_file_ref idref="fl-178"/>
      </object_component>
      <object_component id="oc-235">
         <name>.const:$P$T0$1</name>
         <load_address>0x20013580</load_address>
         <run_address>0x20013580</run_address>
         <size>0xb0</size>
         <input_file_ref idref="fl-17d"/>
      </object_component>
      <object_component id="oc-286">
         <name>.const:PRCM_PeriphRegsList</name>
         <load_address>0x20013630</load_address>
         <run_address>0x20013630</run_address>
         <size>0xa0</size>
         <input_file_ref idref="fl-176"/>
      </object_component>
      <object_component id="oc-26e">
         <name>.const</name>
         <load_address>0x200136d0</load_address>
         <run_address>0x200136d0</run_address>
         <size>0x80</size>
         <input_file_ref idref="fl-178"/>
      </object_component>
      <object_component id="oc-42d">
         <name>.const</name>
         <load_address>0x20013750</load_address>
         <run_address>0x20013750</run_address>
         <size>0x48</size>
         <input_file_ref idref="fl-158"/>
      </object_component>
      <object_component id="oc-3b4">
         <name>.const:g_pulFMPPERegs</name>
         <load_address>0x20013798</load_address>
         <run_address>0x20013798</run_address>
         <size>0x40</size>
         <input_file_ref idref="fl-17b"/>
      </object_component>
      <object_component id="oc-3b2">
         <name>.const:g_pulFMPRERegs</name>
         <load_address>0x200137d8</load_address>
         <run_address>0x200137d8</run_address>
         <size>0x40</size>
         <input_file_ref idref="fl-17b"/>
      </object_component>
      <object_component id="oc-237">
         <name>.const</name>
         <load_address>0x20013818</load_address>
         <run_address>0x20013818</run_address>
         <size>0x3c</size>
         <input_file_ref idref="fl-17d"/>
      </object_component>
      <object_component id="oc-35e">
         <name>.const:_SlActionLookupTable</name>
         <load_address>0x20013854</load_address>
         <run_address>0x20013854</run_address>
         <size>0x38</size>
         <input_file_ref idref="fl-181"/>
      </object_component>
      <object_component id="oc-497">
         <name>.const:p</name>
         <load_address>0x20013890</load_address>
         <run_address>0x20013890</run_address>
         <size>0x38</size>
         <input_file_ref idref="fl-171"/>
      </object_component>
      <object_component id="oc-3da">
         <name>.const</name>
         <load_address>0x200138c8</load_address>
         <run_address>0x200138c8</run_address>
         <size>0x34</size>
         <input_file_ref idref="fl-17e"/>
      </object_component>
      <object_component id="oc-416">
         <name>.const</name>
         <load_address>0x200138fc</load_address>
         <run_address>0x200138fc</run_address>
         <size>0x30</size>
         <input_file_ref idref="fl-156"/>
      </object_component>
      <object_component id="oc-39c">
         <name>.const</name>
         <load_address>0x2001392c</load_address>
         <run_address>0x2001392c</run_address>
         <size>0x28</size>
         <input_file_ref idref="fl-180"/>
      </object_component>
      <object_component id="oc-43c">
         <name>.const:g_ppulSPIIntMap</name>
         <load_address>0x20013954</load_address>
         <run_address>0x20013954</run_address>
         <size>0x24</size>
         <input_file_ref idref="fl-18f"/>
      </object_component>
      <object_component id="oc-2b5">
         <name>.const:.string</name>
         <load_address>0x20013978</load_address>
         <run_address>0x20013978</run_address>
         <size>0x1d</size>
         <input_file_ref idref="fl-7"/>
      </object_component>
      <object_component id="oc-43e">
         <name>.const</name>
         <load_address>0x20013998</load_address>
         <run_address>0x20013998</run_address>
         <size>0x18</size>
         <input_file_ref idref="fl-18f"/>
      </object_component>
      <object_component id="oc-20c">
         <name>.const</name>
         <load_address>0x200139b0</load_address>
         <run_address>0x200139b0</run_address>
         <size>0x14</size>
         <input_file_ref idref="fl-182"/>
      </object_component>
      <object_component id="oc-35c">
         <name>.const</name>
         <load_address>0x200139c4</load_address>
         <run_address>0x200139c4</run_address>
         <size>0x14</size>
         <input_file_ref idref="fl-181"/>
      </object_component>
      <object_component id="oc-37c">
         <name>.const</name>
         <load_address>0x200139d8</load_address>
         <run_address>0x200139d8</run_address>
         <size>0x10</size>
         <input_file_ref idref="fl-175"/>
      </object_component>
      <object_component id="oc-3ca">
         <name>.const</name>
         <load_address>0x200139e8</load_address>
         <run_address>0x200139e8</run_address>
         <size>0xc</size>
         <input_file_ref idref="fl-179"/>
      </object_component>
      <object_component id="oc-108">
         <name>.const:.string</name>
         <load_address>0x200139f4</load_address>
         <run_address>0x200139f4</run_address>
         <size>0xb</size>
         <input_file_ref idref="fl-8"/>
      </object_component>
      <object_component id="oc-21f">
         <name>.const</name>
         <load_address>0x20013a00</load_address>
         <run_address>0x20013a00</run_address>
         <size>0x8</size>
         <input_file_ref idref="fl-17f"/>
      </object_component>
      <object_component id="oc-4fb">
         <name>.cinit..data.load</name>
         <load_address>0x20013a08</load_address>
         <run_address>0x20013a08</run_address>
         <size>0xdb</size>
      </object_component>
      <object_component id="oc-4f9">
         <name>__TI_handler_table</name>
         <load_address>0x20013ae4</load_address>
         <run_address>0x20013ae4</run_address>
         <size>0xc</size>
      </object_component>
      <object_component id="oc-4fc">
         <name>.cinit..bss.load</name>
         <load_address>0x20013af0</load_address>
         <run_address>0x20013af0</run_address>
         <size>0x8</size>
      </object_component>
      <object_component id="oc-4fa">
         <name>__TI_cinit_table</name>
         <load_address>0x20013af8</load_address>
         <run_address>0x20013af8</run_address>
         <size>0x10</size>
      </object_component>
      <object_component id="oc-45">
         <name>.data</name>
         <load_address>0x2001fd2c</load_address>
         <run_address>0x2001fd2c</run_address>
         <size>0x4</size>
         <input_file_ref idref="fl-151"/>
      </object_component>
      <object_component id="oc-6f">
         <name>.data</name>
         <load_address>0x2001fc80</load_address>
         <run_address>0x2001fc80</run_address>
         <size>0x38</size>
         <input_file_ref idref="fl-189"/>
      </object_component>
      <object_component id="oc-72">
         <name>.data</name>
         <load_address>0x2001fd24</load_address>
         <run_address>0x2001fd24</run_address>
         <size>0x4</size>
         <input_file_ref idref="fl-186"/>
      </object_component>
      <object_component id="oc-8f">
         <name>.data</name>
         <load_address>0x2001fcf8</load_address>
         <run_address>0x2001fcf8</run_address>
         <size>0x8</size>
         <input_file_ref idref="fl-15b"/>
      </object_component>
      <object_component id="oc-91">
         <name>.data</name>
         <load_address>0x2001fd00</load_address>
         <run_address>0x2001fd00</run_address>
         <size>0x8</size>
         <input_file_ref idref="fl-140"/>
      </object_component>
      <object_component id="oc-106">
         <name>.data</name>
         <load_address>0x2001fc38</load_address>
         <run_address>0x2001fc38</run_address>
         <size>0x45</size>
         <input_file_ref idref="fl-8"/>
      </object_component>
      <object_component id="oc-1f9">
         <name>.data</name>
         <load_address>0x2001fcb8</load_address>
         <run_address>0x2001fcb8</run_address>
         <size>0x1c</size>
         <input_file_ref idref="fl-a"/>
      </object_component>
      <object_component id="oc-20a">
         <name>.data</name>
         <load_address>0x2001fd10</load_address>
         <run_address>0x2001fd10</run_address>
         <size>0x8</size>
         <input_file_ref idref="fl-181"/>
      </object_component>
      <object_component id="oc-24a">
         <name>.data</name>
         <load_address>0x2001fd20</load_address>
         <run_address>0x2001fd20</run_address>
         <size>0x4</size>
         <input_file_ref idref="fl-187"/>
      </object_component>
      <object_component id="oc-260">
         <name>.data</name>
         <load_address>0x2001fcf0</load_address>
         <run_address>0x2001fcf0</run_address>
         <size>0x8</size>
         <input_file_ref idref="fl-b"/>
      </object_component>
      <object_component id="oc-2b1">
         <name>.data</name>
         <load_address>0x2001fd18</load_address>
         <run_address>0x2001fd18</run_address>
         <size>0x5</size>
         <input_file_ref idref="fl-7"/>
      </object_component>
      <object_component id="oc-2cb">
         <name>.data</name>
         <load_address>0x2001fce4</load_address>
         <run_address>0x2001fce4</run_address>
         <size>0xc</size>
         <input_file_ref idref="fl-14d"/>
      </object_component>
      <object_component id="oc-328">
         <name>.data</name>
         <load_address>0x2001fb50</load_address>
         <run_address>0x2001fb50</run_address>
         <size>0x80</size>
         <input_file_ref idref="fl-15a"/>
      </object_component>
      <object_component id="oc-347">
         <name>.data</name>
         <load_address>0x2001fcd4</load_address>
         <run_address>0x2001fcd4</run_address>
         <size>0x10</size>
         <input_file_ref idref="fl-183"/>
      </object_component>
      <object_component id="oc-41e">
         <name>.data</name>
         <load_address>0x2001fd28</load_address>
         <run_address>0x2001fd28</run_address>
         <size>0x4</size>
         <input_file_ref idref="fl-162"/>
      </object_component>
      <object_component id="oc-48c">
         <name>.data</name>
         <load_address>0x2001fd08</load_address>
         <run_address>0x2001fd08</run_address>
         <size>0x8</size>
         <input_file_ref idref="fl-165"/>
      </object_component>
      <object_component id="oc-495">
         <name>.data</name>
         <load_address>0x2001fbd0</load_address>
         <run_address>0x2001fbd0</run_address>
         <size>0x68</size>
         <input_file_ref idref="fl-173"/>
      </object_component>
      <object_component id="oc-4ce">
         <name>.data:sigtable</name>
         <load_address>0x2001faa0</load_address>
         <run_address>0x2001faa0</run_address>
         <size>0xb0</size>
         <input_file_ref idref="fl-16b"/>
      </object_component>
      <object_component id="oc-ba">
         <name>.bss:pxReadyTasksLists</name>
         <uninitialized>true</uninitialized>
         <run_address>0x2001f848</run_address>
         <size>0xc8</size>
         <input_file_ref idref="fl-189"/>
      </object_component>
      <object_component id="oc-e7">
         <name>.bss:pcStatusString$1</name>
         <uninitialized>true</uninitialized>
         <run_address>0x2001f9b0</run_address>
         <size>0x2c</size>
         <input_file_ref idref="fl-189"/>
      </object_component>
      <object_component id="oc-2b3">
         <name>.bss:appData</name>
         <uninitialized>true</uninitialized>
         <run_address>0x2001f000</run_address>
         <size>0x6d0</size>
         <input_file_ref idref="fl-7"/>
      </object_component>
      <object_component id="oc-344">
         <name>.bss:g_ucDinDout</name>
         <uninitialized>true</uninitialized>
         <run_address>0x2001f910</run_address>
         <size>0x50</size>
         <input_file_ref idref="fl-183"/>
      </object_component>
      <object_component id="oc-35a">
         <name>.bss:g_StatMem</name>
         <uninitialized>true</uninitialized>
         <run_address>0x2001f6d0</run_address>
         <size>0x178</size>
         <input_file_ref idref="fl-181"/>
      </object_component>
      <object_component id="oc-38f">
         <name>.bss:xQueueRegistry</name>
         <uninitialized>true</uninitialized>
         <run_address>0x2001f960</run_address>
         <size>0x50</size>
         <input_file_ref idref="fl-18a"/>
      </object_component>
      <object_component id="oc-232">
         <name>.common:__Errorlog</name>
         <uninitialized>true</uninitialized>
         <run_address>0x2001fa78</run_address>
         <size>0x4</size>
      </object_component>
      <object_component id="oc-2b7">
         <name>.common:MACAddress</name>
         <uninitialized>true</uninitialized>
         <run_address>0x2001fa68</run_address>
         <size>0x8</size>
      </object_component>
      <object_component id="oc-2bf">
         <name>.common:MACAddressHex</name>
         <uninitialized>true</uninitialized>
         <run_address>0x2001fa58</run_address>
         <size>0x10</size>
      </object_component>
      <object_component id="oc-2ba">
         <name>.common:thingName</name>
         <uninitialized>true</uninitialized>
         <run_address>0x2001f9dc</run_address>
         <size>0x18</size>
      </object_component>
      <object_component id="oc-2be">
         <name>.common:Temperature</name>
         <uninitialized>true</uninitialized>
         <run_address>0x2001fa74</run_address>
         <size>0x4</size>
      </object_component>
      <object_component id="oc-2bb">
         <name>.common:Accel_X</name>
         <uninitialized>true</uninitialized>
         <run_address>0x2001fa94</run_address>
         <size>0x1</size>
      </object_component>
      <object_component id="oc-2bc">
         <name>.common:Accel_Y</name>
         <uninitialized>true</uninitialized>
         <run_address>0x2001fa95</run_address>
         <size>0x1</size>
      </object_component>
      <object_component id="oc-2bd">
         <name>.common:Accel_Z</name>
         <uninitialized>true</uninitialized>
         <run_address>0x2001fa96</run_address>
         <size>0x1</size>
      </object_component>
      <object_component id="oc-2c0">
         <name>.common:semaphore_Connected</name>
         <uninitialized>true</uninitialized>
         <run_address>0x2001fa88</run_address>
         <size>0x4</size>
      </object_component>
      <object_component id="oc-1fb">
         <name>.common:g_ucLED1Pin</name>
         <uninitialized>true</uninitialized>
         <run_address>0x2001fa97</run_address>
         <size>0x1</size>
      </object_component>
      <object_component id="oc-1fd">
         <name>.common:g_ucLED2Pin</name>
         <uninitialized>true</uninitialized>
         <run_address>0x2001fa98</run_address>
         <size>0x1</size>
      </object_component>
      <object_component id="oc-1fe">
         <name>.common:g_ucLED3Pin</name>
         <uninitialized>true</uninitialized>
         <run_address>0x2001fa99</run_address>
         <size>0x1</size>
      </object_component>
      <object_component id="oc-34e">
         <name>.common:DMAMsgQ</name>
         <uninitialized>true</uninitialized>
         <run_address>0x2001fa70</run_address>
         <size>0x4</size>
      </object_component>
      <object_component id="oc-342">
         <name>.common:g_cDummy</name>
         <uninitialized>true</uninitialized>
         <run_address>0x2001fa7c</run_address>
         <size>0x4</size>
      </object_component>
      <object_component id="oc-24c">
         <name>.common:xSimpleLinkSpawnQueue</name>
         <uninitialized>true</uninitialized>
         <run_address>0x2001fa8c</run_address>
         <size>0x4</size>
      </object_component>
      <object_component id="oc-24e">
         <name>.common:xSimpleLinkSpawnTaskHndl</name>
         <uninitialized>true</uninitialized>
         <run_address>0x2001fa90</run_address>
         <size>0x4</size>
      </object_component>
      <object_component id="oc-e0">
         <name>.common:xDelayedTaskList1</name>
         <uninitialized>true</uninitialized>
         <run_address>0x2001f9f4</run_address>
         <size>0x14</size>
      </object_component>
      <object_component id="oc-e1">
         <name>.common:xDelayedTaskList2</name>
         <uninitialized>true</uninitialized>
         <run_address>0x2001fa08</run_address>
         <size>0x14</size>
      </object_component>
      <object_component id="oc-e4">
         <name>.common:pxDelayedTaskList</name>
         <uninitialized>true</uninitialized>
         <run_address>0x2001fa80</run_address>
         <size>0x4</size>
      </object_component>
      <object_component id="oc-e5">
         <name>.common:pxOverflowDelayedTaskList</name>
         <uninitialized>true</uninitialized>
         <run_address>0x2001fa84</run_address>
         <size>0x4</size>
      </object_component>
      <object_component id="oc-d1">
         <name>.common:xPendingReadyList</name>
         <uninitialized>true</uninitialized>
         <run_address>0x2001fa1c</run_address>
         <size>0x14</size>
      </object_component>
      <object_component id="oc-e6">
         <name>.common:xTasksWaitingTermination</name>
         <uninitialized>true</uninitialized>
         <run_address>0x2001fa44</run_address>
         <size>0x14</size>
      </object_component>
      <object_component id="oc-e3">
         <name>.common:xSuspendedTaskList</name>
         <uninitialized>true</uninitialized>
         <run_address>0x2001fa30</run_address>
         <size>0x14</size>
      </object_component>
      <object_component id="oc-24">
         <name>.sysmem</name>
         <uninitialized>true</uninitialized>
         <run_address>0x2001d000</run_address>
         <size>0x8</size>
         <input_file_ref idref="fl-14d"/>
      </object_component>
      <object_component id="oc-4fe">
         <name>.sysmem</name>
         <uninitialized>true</uninitialized>
         <run_address>0x2001d000</run_address>
         <size>0x0</size>
      </object_component>
      <object_component id="oc-23">
         <name>.stack</name>
         <uninitialized>true</uninitialized>
         <run_address>0x2002f000</run_address>
         <size>0x0</size>
         <input_file_ref idref="fl-13c"/>
      </object_component>
      <object_component id="oc-4fd">
         <name>.stack</name>
         <uninitialized>true</uninitialized>
         <run_address>0x2002f000</run_address>
         <size>0x0</size>
      </object_component>
      <object_component id="oc-f">
         <name>.debug_info</name>
         <load_address>0x0</load_address>
         <run_address>0x0</run_address>
         <size>0x10d</size>
         <input_file_ref idref="fl-4"/>
      </object_component>
      <object_component id="oc-11">
         <name>.debug_info</name>
         <load_address>0x10d</load_address>
         <run_address>0x10d</run_address>
         <size>0x109</size>
         <input_file_ref idref="fl-13c"/>
      </object_component>
      <object_component id="oc-15">
         <name>.debug_info</name>
         <load_address>0x216</load_address>
         <run_address>0x216</run_address>
         <size>0x1aa</size>
         <input_file_ref idref="fl-13d"/>
      </object_component>
      <object_component id="oc-1a">
         <name>.debug_info</name>
         <load_address>0x3c0</load_address>
         <run_address>0x3c0</run_address>
         <size>0x180</size>
         <input_file_ref idref="fl-13f"/>
      </object_component>
      <object_component id="oc-1f">
         <name>.debug_info</name>
         <load_address>0x540</load_address>
         <run_address>0x540</run_address>
         <size>0x1a4</size>
         <input_file_ref idref="fl-13e"/>
      </object_component>
      <object_component id="oc-25">
         <name>.debug_info</name>
         <load_address>0x6e4</load_address>
         <run_address>0x6e4</run_address>
         <size>0xcc</size>
         <input_file_ref idref="fl-14d"/>
      </object_component>
      <object_component id="oc-29">
         <name>.debug_info</name>
         <load_address>0x7b0</load_address>
         <run_address>0x7b0</run_address>
         <size>0x3f2</size>
         <input_file_ref idref="fl-4"/>
      </object_component>
      <object_component id="oc-2d">
         <name>.debug_info</name>
         <load_address>0xba2</load_address>
         <run_address>0xba2</run_address>
         <size>0x1b3</size>
         <input_file_ref idref="fl-185"/>
      </object_component>
      <object_component id="oc-32">
         <name>.debug_info</name>
         <load_address>0xd55</load_address>
         <run_address>0xd55</run_address>
         <size>0x9d5</size>
         <input_file_ref idref="fl-186"/>
      </object_component>
      <object_component id="oc-36">
         <name>.debug_info</name>
         <load_address>0x172a</load_address>
         <run_address>0x172a</run_address>
         <size>0x1a2</size>
         <input_file_ref idref="fl-4"/>
      </object_component>
      <object_component id="oc-39">
         <name>.debug_info</name>
         <load_address>0x18cc</load_address>
         <run_address>0x18cc</run_address>
         <size>0x153</size>
         <input_file_ref idref="fl-15f"/>
      </object_component>
      <object_component id="oc-3f">
         <name>.debug_info</name>
         <load_address>0x1a1f</load_address>
         <run_address>0x1a1f</run_address>
         <size>0x132</size>
         <input_file_ref idref="fl-15d"/>
      </object_component>
      <object_component id="oc-41">
         <name>.debug_info</name>
         <load_address>0x1b51</load_address>
         <run_address>0x1b51</run_address>
         <size>0x1d8</size>
         <input_file_ref idref="fl-140"/>
      </object_component>
      <object_component id="oc-46">
         <name>.debug_info</name>
         <load_address>0x1d29</load_address>
         <run_address>0x1d29</run_address>
         <size>0xd4</size>
         <input_file_ref idref="fl-151"/>
      </object_component>
      <object_component id="oc-49">
         <name>.debug_info</name>
         <load_address>0x1dfd</load_address>
         <run_address>0x1dfd</run_address>
         <size>0xe2</size>
         <input_file_ref idref="fl-14c"/>
      </object_component>
      <object_component id="oc-4d">
         <name>.debug_info</name>
         <load_address>0x1edf</load_address>
         <run_address>0x1edf</run_address>
         <size>0x46</size>
         <input_file_ref idref="fl-13d"/>
      </object_component>
      <object_component id="oc-52">
         <name>.debug_info</name>
         <load_address>0x1f25</load_address>
         <run_address>0x1f25</run_address>
         <size>0x108</size>
         <input_file_ref idref="fl-13d"/>
      </object_component>
      <object_component id="oc-54">
         <name>.debug_info</name>
         <load_address>0x202d</load_address>
         <run_address>0x202d</run_address>
         <size>0x46</size>
         <input_file_ref idref="fl-13f"/>
      </object_component>
      <object_component id="oc-59">
         <name>.debug_info</name>
         <load_address>0x2073</load_address>
         <run_address>0x2073</run_address>
         <size>0xc3</size>
         <input_file_ref idref="fl-13f"/>
      </object_component>
      <object_component id="oc-5b">
         <name>.debug_info</name>
         <load_address>0x2136</load_address>
         <run_address>0x2136</run_address>
         <size>0x205</size>
         <input_file_ref idref="fl-13e"/>
      </object_component>
      <object_component id="oc-60">
         <name>.debug_info</name>
         <load_address>0x233b</load_address>
         <run_address>0x233b</run_address>
         <size>0xcd</size>
         <input_file_ref idref="fl-13e"/>
      </object_component>
      <object_component id="oc-61">
         <name>.debug_info</name>
         <load_address>0x2408</load_address>
         <run_address>0x2408</run_address>
         <size>0x39</size>
         <input_file_ref idref="fl-13e"/>
      </object_component>
      <object_component id="oc-68">
         <name>.debug_info</name>
         <load_address>0x2441</load_address>
         <run_address>0x2441</run_address>
         <size>0x1ed</size>
         <input_file_ref idref="fl-14d"/>
      </object_component>
      <object_component id="oc-6c">
         <name>.debug_info</name>
         <load_address>0x262e</load_address>
         <run_address>0x262e</run_address>
         <size>0x3f2d</size>
         <input_file_ref idref="fl-189"/>
      </object_component>
      <object_component id="oc-70">
         <name>.debug_info</name>
         <load_address>0x655b</load_address>
         <run_address>0x655b</run_address>
         <size>0x36d</size>
         <input_file_ref idref="fl-189"/>
      </object_component>
      <object_component id="oc-73">
         <name>.debug_info</name>
         <load_address>0x68c8</load_address>
         <run_address>0x68c8</run_address>
         <size>0x120</size>
         <input_file_ref idref="fl-186"/>
      </object_component>
      <object_component id="oc-75">
         <name>.debug_info</name>
         <load_address>0x69e8</load_address>
         <run_address>0x69e8</run_address>
         <size>0x246</size>
         <input_file_ref idref="fl-186"/>
      </object_component>
      <object_component id="oc-76">
         <name>.debug_info</name>
         <load_address>0x6c2e</load_address>
         <run_address>0x6c2e</run_address>
         <size>0x2c</size>
         <input_file_ref idref="fl-186"/>
      </object_component>
      <object_component id="oc-7b">
         <name>.debug_info</name>
         <load_address>0x6c5a</load_address>
         <run_address>0x6c5a</run_address>
         <size>0x84</size>
         <input_file_ref idref="fl-2"/>
      </object_component>
      <object_component id="oc-83">
         <name>.debug_info</name>
         <load_address>0x6cde</load_address>
         <run_address>0x6cde</run_address>
         <size>0x161</size>
         <input_file_ref idref="fl-160"/>
      </object_component>
      <object_component id="oc-89">
         <name>.debug_info</name>
         <load_address>0x6e3f</load_address>
         <run_address>0x6e3f</run_address>
         <size>0x1867</size>
         <input_file_ref idref="fl-8"/>
      </object_component>
      <object_component id="oc-8e">
         <name>.debug_info</name>
         <load_address>0x86a6</load_address>
         <run_address>0x86a6</run_address>
         <size>0x131</size>
         <input_file_ref idref="fl-15d"/>
      </object_component>
      <object_component id="oc-90">
         <name>.debug_info</name>
         <load_address>0x87d7</load_address>
         <run_address>0x87d7</run_address>
         <size>0xde</size>
         <input_file_ref idref="fl-15b"/>
      </object_component>
      <object_component id="oc-92">
         <name>.debug_info</name>
         <load_address>0x88b5</load_address>
         <run_address>0x88b5</run_address>
         <size>0x101</size>
         <input_file_ref idref="fl-140"/>
      </object_component>
      <object_component id="oc-94">
         <name>.debug_info</name>
         <load_address>0x89b6</load_address>
         <run_address>0x89b6</run_address>
         <size>0x15c</size>
         <input_file_ref idref="fl-140"/>
      </object_component>
      <object_component id="oc-98">
         <name>.debug_info</name>
         <load_address>0x8b12</load_address>
         <run_address>0x8b12</run_address>
         <size>0x2c</size>
         <input_file_ref idref="fl-13d"/>
      </object_component>
      <object_component id="oc-9f">
         <name>.debug_info</name>
         <load_address>0x8b3e</load_address>
         <run_address>0x8b3e</run_address>
         <size>0x2c</size>
         <input_file_ref idref="fl-5"/>
      </object_component>
      <object_component id="oc-ab">
         <name>.debug_info</name>
         <load_address>0x8b6a</load_address>
         <run_address>0x8b6a</run_address>
         <size>0x2c</size>
         <input_file_ref idref="fl-14d"/>
      </object_component>
      <object_component id="oc-b0">
         <name>.debug_info</name>
         <load_address>0x8b96</load_address>
         <run_address>0x8b96</run_address>
         <size>0x62</size>
         <input_file_ref idref="fl-14d"/>
      </object_component>
      <object_component id="oc-b6">
         <name>.debug_info</name>
         <load_address>0x8bf8</load_address>
         <run_address>0x8bf8</run_address>
         <size>0x677</size>
         <input_file_ref idref="fl-18b"/>
      </object_component>
      <object_component id="oc-bb">
         <name>.debug_info</name>
         <load_address>0x926f</load_address>
         <run_address>0x926f</run_address>
         <size>0x10c</size>
         <input_file_ref idref="fl-189"/>
      </object_component>
      <object_component id="oc-bd">
         <name>.debug_info</name>
         <load_address>0x937b</load_address>
         <run_address>0x937b</run_address>
         <size>0x819</size>
         <input_file_ref idref="fl-189"/>
      </object_component>
      <object_component id="oc-c3">
         <name>.debug_info</name>
         <load_address>0x9b94</load_address>
         <run_address>0x9b94</run_address>
         <size>0x1cf</size>
         <input_file_ref idref="fl-18d"/>
      </object_component>
      <object_component id="oc-d0">
         <name>.debug_info</name>
         <load_address>0x9d63</load_address>
         <run_address>0x9d63</run_address>
         <size>0x1c8</size>
         <input_file_ref idref="fl-154"/>
      </object_component>
      <object_component id="oc-d3">
         <name>.debug_info</name>
         <load_address>0x9f2b</load_address>
         <run_address>0x9f2b</run_address>
         <size>0x3a9</size>
         <input_file_ref idref="fl-188"/>
      </object_component>
      <object_component id="oc-d9">
         <name>.debug_info</name>
         <load_address>0xa2d4</load_address>
         <run_address>0xa2d4</run_address>
         <size>0x112</size>
         <input_file_ref idref="fl-14e"/>
      </object_component>
      <object_component id="oc-dd">
         <name>.debug_info</name>
         <load_address>0xa3e6</load_address>
         <run_address>0xa3e6</run_address>
         <size>0x2cb</size>
         <input_file_ref idref="fl-150"/>
      </object_component>
      <object_component id="oc-e9">
         <name>.debug_info</name>
         <load_address>0xa6b1</load_address>
         <run_address>0xa6b1</run_address>
         <size>0x1e3</size>
         <input_file_ref idref="fl-186"/>
      </object_component>
      <object_component id="oc-ee">
         <name>.debug_info</name>
         <load_address>0xa894</load_address>
         <run_address>0xa894</run_address>
         <size>0x2c</size>
         <input_file_ref idref="fl-186"/>
      </object_component>
      <object_component id="oc-f9">
         <name>.debug_info</name>
         <load_address>0xa8c0</load_address>
         <run_address>0xa8c0</run_address>
         <size>0x14c</size>
         <input_file_ref idref="fl-186"/>
      </object_component>
      <object_component id="oc-ff">
         <name>.debug_info</name>
         <load_address>0xaa0c</load_address>
         <run_address>0xaa0c</run_address>
         <size>0x15e</size>
         <input_file_ref idref="fl-160"/>
      </object_component>
      <object_component id="oc-102">
         <name>.debug_info</name>
         <load_address>0xab6a</load_address>
         <run_address>0xab6a</run_address>
         <size>0xa8e</size>
         <input_file_ref idref="fl-c"/>
      </object_component>
      <object_component id="oc-107">
         <name>.debug_info</name>
         <load_address>0xb5f8</load_address>
         <run_address>0xb5f8</run_address>
         <size>0x321</size>
         <input_file_ref idref="fl-8"/>
      </object_component>
      <object_component id="oc-109">
         <name>.debug_info</name>
         <load_address>0xb919</load_address>
         <run_address>0xb919</run_address>
         <size>0x106</size>
         <input_file_ref idref="fl-8"/>
      </object_component>
      <object_component id="oc-10e">
         <name>.debug_info</name>
         <load_address>0xba1f</load_address>
         <run_address>0xba1f</run_address>
         <size>0x199</size>
         <input_file_ref idref="fl-153"/>
      </object_component>
      <object_component id="oc-113">
         <name>.debug_info</name>
         <load_address>0xbbb8</load_address>
         <run_address>0xbbb8</run_address>
         <size>0x1e6</size>
         <input_file_ref idref="fl-14b"/>
      </object_component>
      <object_component id="oc-115">
         <name>.debug_info</name>
         <load_address>0xbd9e</load_address>
         <run_address>0xbd9e</run_address>
         <size>0xa8e</size>
         <input_file_ref idref="fl-3"/>
      </object_component>
      <object_component id="oc-11a">
         <name>.debug_info</name>
         <load_address>0xc82c</load_address>
         <run_address>0xc82c</run_address>
         <size>0x112</size>
         <input_file_ref idref="fl-149"/>
      </object_component>
      <object_component id="oc-11f">
         <name>.debug_info</name>
         <load_address>0xc93e</load_address>
         <run_address>0xc93e</run_address>
         <size>0x1af</size>
         <input_file_ref idref="fl-152"/>
      </object_component>
      <object_component id="oc-124">
         <name>.debug_info</name>
         <load_address>0xcaed</load_address>
         <run_address>0xcaed</run_address>
         <size>0xd6c</size>
         <input_file_ref idref="fl-a"/>
      </object_component>
      <object_component id="oc-12a">
         <name>.debug_info</name>
         <load_address>0xd859</load_address>
         <run_address>0xd859</run_address>
         <size>0x1301</size>
         <input_file_ref idref="fl-182"/>
      </object_component>
      <object_component id="oc-12d">
         <name>.debug_info</name>
         <load_address>0xeb5a</load_address>
[...]
         <value>0x20012f77</value>
         <object_component_ref idref="oc-d2"/>
      </symbol>
      <symbol id="sm-1341">
         <name>vPortFree</name>
         <value>0x20012f97</value>
         <object_component_ref idref="oc-d2"/>
      </symbol>
      <symbol id="sm-14a6">
         <name>vTaskDelay</name>
         <value>0x200063bf</value>
         <object_component_ref idref="oc-6a"/>
      </symbol>
      <symbol id="sm-14a7">
         <name>vTaskSuspendAll</name>
         <value>0x200067fd</value>
         <object_component_ref idref="oc-6a"/>
      </symbol>
      <symbol id="sm-14a8">
         <name>vTaskPriorityInherit</name>
         <value>0x20007055</value>
         <object_component_ref idref="oc-6a"/>
      </symbol>
      <symbol id="sm-14a9">
         <name>vTaskList</name>
         <value>0x20006935</value>
         <object_component_ref idref="oc-6a"/>
      </symbol>
      <symbol id="sm-14aa">
         <name>vTaskPlaceOnEventList</name>
         <value>0x20006b8d</value>
         <object_component_ref idref="oc-6a"/>
      </symbol>
      <symbol id="sm-14ab">
         <name>vTaskSetTaskNumber</name>
         <value>0x20006d31</value>
         <object_component_ref idref="oc-6a"/>
      </symbol>
      <symbol id="sm-14ac">
         <name>xTaskCheckForTimeOut</name>
         <value>0x20006c89</value>
         <object_component_ref idref="oc-6a"/>
      </symbol>
      <symbol id="sm-14ad">
         <name>vTaskPrioritySet</name>
         <value>0x200064cd</value>
         <object_component_ref idref="oc-6a"/>
      </symbol>
      <symbol id="sm-14ae">
         <name>vTaskStartScheduler</name>
         <value>0x200067a1</value>
         <object_component_ref idref="oc-6a"/>
      </symbol>
      <symbol id="sm-14af">
         <name>pcTaskGetTaskName</name>
         <value>0x2000690b</value>
         <object_component_ref idref="oc-6a"/>
      </symbol>
      <symbol id="sm-14b0">
         <name>vTaskPriorityDisinherit</name>
         <value>0x20007115</value>
         <object_component_ref idref="oc-6a"/>
      </symbol>
      <symbol id="sm-14b1">
         <name>vTaskDelayUntil</name>
         <value>0x20006325</value>
         <object_component_ref idref="oc-6a"/>
      </symbol>
      <symbol id="sm-14b2">
         <name>uxTaskGetTaskNumber</name>
         <value>0x20006d11</value>
         <object_component_ref idref="oc-6a"/>
      </symbol>
      <symbol id="sm-14b3">
         <name>vTaskEndScheduler</name>
         <value>0x200067e7</value>
         <object_component_ref idref="oc-6a"/>
      </symbol>
      <symbol id="sm-14b4">
         <name>vTaskMissedYield</name>
         <value>0x20006d01</value>
         <object_component_ref idref="oc-6a"/>
      </symbol>
      <symbol id="sm-14b5">
         <name>uxTaskGetNumberOfTasks</name>
         <value>0x20006905</value>
         <object_component_ref idref="oc-6a"/>
      </symbol>
      <symbol id="sm-14b6">
         <name>uxTaskPriorityGet</name>
         <value>0x20006491</value>
         <object_component_ref idref="oc-6a"/>
      </symbol>
      <symbol id="sm-14b7">
         <name>xTaskResumeAll</name>
         <value>0x2000680d</value>
         <object_component_ref idref="oc-6a"/>
      </symbol>
      <symbol id="sm-14b8">
         <name>xTaskGetTickCount</name>
         <value>0x200068cf</value>
         <object_component_ref idref="oc-6a"/>
      </symbol>
      <symbol id="sm-14b9">
         <name>xTaskGenericCreate</name>
         <value>0x2000617d</value>
         <object_component_ref idref="oc-6a"/>
      </symbol>
      <symbol id="sm-14ba">
         <name>vTaskDelete</name>
         <value>0x2000629b</value>
         <object_component_ref idref="oc-6a"/>
      </symbol>
      <symbol id="sm-14bb">
         <name>pxCurrentTCB</name>
         <value>0x2001fc80</value>
         <object_component_ref idref="oc-6f"/>
      </symbol>
      <symbol id="sm-14bc">
         <name>eTaskGetState</name>
         <value>0x20006411</value>
         <object_component_ref idref="oc-6a"/>
      </symbol>
      <symbol id="sm-14bd">
         <name>vTaskSuspend</name>
         <value>0x200065cd</value>
         <object_component_ref idref="oc-6a"/>
      </symbol>
      <symbol id="sm-14be">
         <name>xTaskGetIdleTaskHandle</name>
         <value>0x200069ed</value>
         <object_component_ref idref="oc-6a"/>
      </symbol>
      <symbol id="sm-14bf">
         <name>xTaskGetTickCountFromISR</name>
         <value>0x200068ed</value>
         <object_component_ref idref="oc-6a"/>
      </symbol>
      <symbol id="sm-14c0">
         <name>vTaskResume</name>
         <value>0x200066b5</value>
         <object_component_ref idref="oc-6a"/>
      </symbol>
      <symbol id="sm-14c1">
         <name>vTaskSetTimeOutState</name>
         <value>0x20006c65</value>
         <object_component_ref idref="oc-6a"/>
      </symbol>
      <symbol id="sm-14c2">
         <name>vTaskIncrementTick</name>
         <value>0x20006a11</value>
         <object_component_ref idref="oc-6a"/>
      </symbol>
      <symbol id="sm-14c3">
         <name>vTaskSwitchContext</name>
         <value>0x20006b05</value>
         <object_component_ref idref="oc-6a"/>
      </symbol>
      <symbol id="sm-14c4">
         <name>xTaskGetSchedulerState</name>
         <value>0x20007007</value>
         <object_component_ref idref="oc-6a"/>
      </symbol>
      <symbol id="sm-14c5">
         <name>xTaskResumeFromISR</name>
         <value>0x20006725</value>
         <object_component_ref idref="oc-6a"/>
      </symbol>
      <symbol id="sm-14c6">
         <name>xTaskGetCurrentTaskHandle</name>
         <value>0x20006ff7</value>
         <object_component_ref idref="oc-6a"/>
      </symbol>
      <symbol id="sm-14c7">
         <name>xTaskRemoveFromEventList</name>
         <value>0x20006bed</value>
         <object_component_ref idref="oc-6a"/>
      </symbol>
      <symbol id="sm-14c8">
         <name>xTaskIsTaskSuspended</name>
         <value>0x20006661</value>
         <object_component_ref idref="oc-6a"/>
      </symbol>
      <symbol id="sm-156d">
         <name>xQueueIsQueueEmptyFromISR</name>
         <value>0x2000ad23</value>
         <object_component_ref idref="oc-245"/>
      </symbol>
      <symbol id="sm-156e">
         <name>xQueueGenericSendFromISR</name>
         <value>0x2000a8c9</value>
         <object_component_ref idref="oc-245"/>
      </symbol>
      <symbol id="sm-156f">
         <name>uxQueueMessagesWaiting</name>
         <value>0x2000ab17</value>
         <object_component_ref idref="oc-245"/>
      </symbol>
      <symbol id="sm-1570">
         <name>vQueueAddToRegistry</name>
         <value>0x2000ad87</value>
         <object_component_ref idref="oc-245"/>
      </symbol>
      <symbol id="sm-1571">
         <name>xQueueIsQueueFullFromISR</name>
         <value>0x2000ad65</value>
         <object_component_ref idref="oc-245"/>
      </symbol>
      <symbol id="sm-1572">
         <name>xQueueSelectFromSet</name>
         <value>0x2000ae81</value>
         <object_component_ref idref="oc-245"/>
      </symbol>
      <symbol id="sm-1573">
         <name>xQueueGenericCreate</name>
         <value>0x2000a50d</value>
         <object_component_ref idref="oc-245"/>
      </symbol>
      <symbol id="sm-1574">
         <name>xQueueSelectFromSetFromISR</name>
         <value>0x2000ae9b</value>
         <object_component_ref idref="oc-245"/>
      </symbol>
      <symbol id="sm-1575">
         <name>xQueueCreateMutex</name>
         <value>0x2000a581</value>
         <object_component_ref idref="oc-245"/>
      </symbol>
      <symbol id="sm-1576">
         <name>vQueueSetQueueNumber</name>
         <value>0x2000ab6d</value>
         <object_component_ref idref="oc-245"/>
      </symbol>
      <symbol id="sm-1577">
         <name>xQueueGenericSend</name>
         <value>0x2000a61f</value>
         <object_component_ref idref="oc-245"/>
      </symbol>
      <symbol id="sm-1578">
         <name>xQueueGenericReset</name>
         <value>0x2000a47d</value>
         <object_component_ref idref="oc-245"/>
      </symbol>
      <symbol id="sm-1579">
         <name>xQueueReceiveFromISR</name>
         <value>0x2000aa9f</value>
         <object_component_ref idref="oc-245"/>
      </symbol>
      <symbol id="sm-157a">
         <name>xQueueRegistry</name>
         <value>0x2001f960</value>
         <object_component_ref idref="oc-38f"/>
      </symbol>
      <symbol id="sm-157b">
         <name>ucQueueGetQueueNumber</name>
         <value>0x2000ab5d</value>
         <object_component_ref idref="oc-245"/>
      </symbol>
      <symbol id="sm-157c">
         <name>xQueueAltGenericReceive</name>
         <value>0x2000a7cd</value>
         <object_component_ref idref="oc-245"/>
      </symbol>
      <symbol id="sm-157d">
         <name>uxQueueMessagesWaitingFromISR</name>
         <value>0x2000ab2d</value>
         <object_component_ref idref="oc-245"/>
      </symbol>
      <symbol id="sm-157e">
         <name>xQueueGenericReceive</name>
         <value>0x2000a95f</value>
         <object_component_ref idref="oc-245"/>
      </symbol>
      <symbol id="sm-157f">
         <name>xQueueCreateCountingSemaphore</name>
         <value>0x2000a5ff</value>
         <object_component_ref idref="oc-245"/>
      </symbol>
      <symbol id="sm-1580">
         <name>vQueueDelete</name>
         <value>0x2000ab3f</value>
         <object_component_ref idref="oc-245"/>
      </symbol>
      <symbol id="sm-1581">
         <name>xQueueAddToSet</name>
         <value>0x2000ae17</value>
         <object_component_ref idref="oc-245"/>
      </symbol>
      <symbol id="sm-1582">
         <name>xQueueAltGenericSend</name>
         <value>0x2000a723</value>
         <object_component_ref idref="oc-245"/>
      </symbol>
      <symbol id="sm-1583">
         <name>xQueueCreateSet</name>
         <value>0x2000ae03</value>
         <object_component_ref idref="oc-245"/>
      </symbol>
      <symbol id="sm-1584">
         <name>xQueueRemoveFromSet</name>
         <value>0x2000ae3f</value>
         <object_component_ref idref="oc-245"/>
      </symbol>
      <symbol id="sm-1585">
         <name>ucQueueGetQueueType</name>
         <value>0x2000ab85</value>
         <object_component_ref idref="oc-245"/>
      </symbol>
      <symbol id="sm-159a">
         <name>uxListRemove</name>
         <value>0x20011df9</value>
         <object_component_ref idref="oc-b5"/>
      </symbol>
      <symbol id="sm-159b">
         <name>vListInsert</name>
         <value>0x20011d93</value>
         <object_component_ref idref="oc-b5"/>
      </symbol>
      <symbol id="sm-159c">
         <name>vListInitialiseItem</name>
         <value>0x20011d3f</value>
         <object_component_ref idref="oc-b5"/>
      </symbol>
      <symbol id="sm-159d">
         <name>vListInsertEnd</name>
         <value>0x20011d4f</value>
         <object_component_ref idref="oc-b5"/>
      </symbol>
      <symbol id="sm-159e">
         <name>vListInitialise</name>
         <value>0x20011d0f</value>
         <object_component_ref idref="oc-b5"/>
      </symbol>
      <symbol id="sm-15a6">
         <name>__aeabi_llsr</name>
         <value>0x2001319b</value>
         <object_component_ref idref="oc-27d"/>
      </symbol>
      <symbol id="sm-15b5">
         <name>strcat</name>
         <value>0x200131d5</value>
         <object_component_ref idref="oc-c2"/>
      </symbol>
      <symbol id="sm-1610">
         <name>uDMAChannelControlSet</name>
         <value>0x2000e675</value>
         <object_component_ref idref="oc-349"/>
      </symbol>
      <symbol id="sm-1611">
         <name>uDMAIntClear</name>
         <value>0x2000e8ed</value>
         <object_component_ref idref="oc-349"/>
      </symbol>
      <symbol id="sm-1612">
         <name>uDMAControlAlternateBaseGet</name>
         <value>0x2000e53f</value>
         <object_component_ref idref="oc-349"/>
      </symbol>
      <symbol id="sm-1613">
         <name>uDMAChannelIsEnabled</name>
         <value>0x2000e507</value>
         <object_component_ref idref="oc-349"/>
      </symbol>
      <symbol id="sm-1614">
         <name>uDMAChannelScatterGatherSet</name>
         <value>0x2000e7a9</value>
         <object_component_ref idref="oc-349"/>
      </symbol>
      <symbol id="sm-1615">
         <name>uDMAControlBaseGet</name>
         <value>0x2000e539</value>
         <object_component_ref idref="oc-349"/>
      </symbol>
      <symbol id="sm-1616">
         <name>uDMAErrorStatusGet</name>
         <value>0x2000e4c9</value>
         <object_component_ref idref="oc-349"/>
      </symbol>
      <symbol id="sm-1617">
         <name>uDMAChannelDisable</name>
         <value>0x2000e4ef</value>
         <object_component_ref idref="oc-349"/>
      </symbol>
      <symbol id="sm-1618">
         <name>uDMAChannelModeGet</name>
         <value>0x2000e879</value>
         <object_component_ref idref="oc-349"/>
      </symbol>
      <symbol id="sm-1619">
         <name>uDMAIntUnregister</name>
         <value>0x2000e8d5</value>
         <object_component_ref idref="oc-349"/>
      </symbol>
      <symbol id="sm-161a">
         <name>uDMAChannelSizeGet</name>
         <value>0x2000e831</value>
         <object_component_ref idref="oc-349"/>
      </symbol>
      <symbol id="sm-161b">
         <name>uDMAChannelAttributeEnable</name>
         <value>0x2000e55d</value>
         <object_component_ref idref="oc-349"/>
      </symbol>
      <symbol id="sm-161c">
         <name>uDMADisable</name>
         <value>0x2000e4c1</value>
         <object_component_ref idref="oc-349"/>
      </symbol>
      <symbol id="sm-161d">
         <name>uDMAErrorStatusClear</name>
         <value>0x2000e4cf</value>
         <object_component_ref idref="oc-349"/>
      </symbol>
      <symbol id="sm-161e">
         <name>uDMAChannelAttributeGet</name>
         <value>0x2000e605</value>
         <object_component_ref idref="oc-349"/>
      </symbol>
      <symbol id="sm-161f">
         <name>uDMAChannelTransferSet</name>
         <value>0x2000e6b1</value>
         <object_component_ref idref="oc-349"/>
      </symbol>
      <symbol id="sm-1620">
         <name>uDMAIntStatus</name>
         <value>0x2000e8e7</value>
         <object_component_ref idref="oc-349"/>
      </symbol>
      <symbol id="sm-1621">
         <name>uDMAChannelAssign</name>
         <value>0x2000e901</value>
         <object_component_ref idref="oc-349"/>
      </symbol>
      <symbol id="sm-1622">
         <name>uDMAIntRegister</name>
         <value>0x2000e8bf</value>
         <object_component_ref idref="oc-349"/>
      </symbol>
      <symbol id="sm-1623">
         <name>uDMAEnable</name>
         <value>0x2000e4b9</value>
         <object_component_ref idref="oc-349"/>
      </symbol>
      <symbol id="sm-1624">
         <name>uDMAControlBaseSet</name>
         <value>0x2000e529</value>
         <object_component_ref idref="oc-349"/>
      </symbol>
      <symbol id="sm-1625">
         <name>uDMAChannelAttributeDisable</name>
         <value>0x2000e5b1</value>
         <object_component_ref idref="oc-349"/>
      </symbol>
      <symbol id="sm-1626">
         <name>uDMAChannelEnable</name>
         <value>0x2000e4d7</value>
         <object_component_ref idref="oc-349"/>
      </symbol>
      <symbol id="sm-1627">
         <name>uDMAChannelRequest</name>
         <value>0x2000e545</value>
         <object_component_ref idref="oc-349"/>
      </symbol>
      <symbol id="sm-16ab">
         <name>SPIFIFOLevelGet</name>
         <value>0x2000d031</value>
         <object_component_ref idref="oc-33d"/>
      </symbol>
      <symbol id="sm-16ac">
         <name>SPIFIFODisable</name>
         <value>0x2000cfe3</value>
         <object_component_ref idref="oc-33d"/>
      </symbol>
      <symbol id="sm-16ad">
         <name>SPITransfer</name>
         <value>0x2000d235</value>
         <object_component_ref idref="oc-33d"/>
      </symbol>
      <symbol id="sm-16ae">
         <name>SPICSEnable</name>
         <value>0x2000d205</value>
         <object_component_ref idref="oc-33d"/>
      </symbol>
      <symbol id="sm-16af">
         <name>SPIDisable</name>
         <value>0x2000ce27</value>
         <object_component_ref idref="oc-33d"/>
      </symbol>
      <symbol id="sm-16b0">
         <name>SPIFIFOEnable</name>
         <value>0x2000cfc9</value>
         <object_component_ref idref="oc-33d"/>
      </symbol>
      <symbol id="sm-16b1">
         <name>SPIWordCountSet</name>
         <value>0x2000d065</value>
         <object_component_ref idref="oc-33d"/>
      </symbol>
      <symbol id="sm-16b2">
         <name>SPIDataGetNonBlocking</name>
         <value>0x2000cf39</value>
         <object_component_ref idref="oc-33d"/>
      </symbol>
      <symbol id="sm-16b3">
         <name>SPIDataPut</name>
         <value>0x2000cfab</value>
         <object_component_ref idref="oc-33d"/>
      </symbol>
      <symbol id="sm-16b4">
         <name>SPIEnable</name>
         <value>0x2000ce0f</value>
         <object_component_ref idref="oc-33d"/>
      </symbol>
      <symbol id="sm-16b5">
         <name>SPIDataGet</name>
         <value>0x2000cf63</value>
         <object_component_ref idref="oc-33d"/>
      </symbol>
      <symbol id="sm-16b6">
         <name>SPIDmaEnable</name>
         <value>0x2000ce3f</value>
         <object_component_ref idref="oc-33d"/>
      </symbol>
      <symbol id="sm-16b7">
         <name>SPIConfigSetExpClk</name>
         <value>0x2000ce95</value>
         <object_component_ref idref="oc-33d"/>
      </symbol>
      <symbol id="sm-16b8">
         <name>SPIIntRegister</name>
         <value>0x2000d08d</value>
         <object_component_ref idref="oc-33d"/>
      </symbol>
      <symbol id="sm-16b9">
         <name>SPIIntUnregister</name>
         <value>0x2000d0b1</value>
         <object_component_ref idref="oc-33d"/>
      </symbol>
      <symbol id="sm-16ba">
         <name>SPIFIFOLevelSet</name>
         <value>0x2000cffd</value>
         <object_component_ref idref="oc-33d"/>
      </symbol>
      <symbol id="sm-16bb">
         <name>SPIDmaDisable</name>
         <value>0x2000ce59</value>
         <object_component_ref idref="oc-33d"/>
      </symbol>
      <symbol id="sm-16bc">
         <name>SPIReset</name>
         <value>0x2000ce73</value>
         <object_component_ref idref="oc-33d"/>
      </symbol>
      <symbol id="sm-16bd">
         <name>SPIDataPutNonBlocking</name>
         <value>0x2000cf83</value>
         <object_component_ref idref="oc-33d"/>
      </symbol>
      <symbol id="sm-16be">
         <name>SPIIntStatus</name>
         <value>0x2000d159</value>
         <object_component_ref idref="oc-33d"/>
      </symbol>
      <symbol id="sm-16bf">
         <name>SPIIntEnable</name>
         <value>0x2000d0cb</value>
         <object_component_ref idref="oc-33d"/>
      </symbol>
      <symbol id="sm-16c0">
         <name>SPIIntClear</name>
         <value>0x2000d1c7</value>
         <object_component_ref idref="oc-33d"/>
      </symbol>
      <symbol id="sm-16c1">
         <name>SPICSDisable</name>
         <value>0x2000d21d</value>
         <object_component_ref idref="oc-33d"/>
      </symbol>
      <symbol id="sm-16c2">
         <name>SPIIntDisable</name>
         <value>0x2000d10f</value>
         <object_component_ref idref="oc-33d"/>
      </symbol>
      <symbol id="sm-16c3">
         <name>__TI_static_base__</name>
         <value>0x20013a08</value>
      </symbol>
      <symbol id="sm-16c4">
         <name>__TI_args_main</name>
         <value>0x1</value>
      </symbol>
      <symbol id="sm-16c5">
         <name>SHT$$INIT_ARRAY$$Limit</name>
         <value>0x0</value>
      </symbol>
      <symbol id="sm-16c6">
         <name>SHT$$INIT_ARRAY$$Base</name>
         <value>0x0</value>
      </symbol>
   </symbol_table>
   <title>Link successful</title>
</link_info>
