******************************************************************************
                  TI ARM Linker PC v5.1.5                      
******************************************************************************
>> Linked Wed Jul 02 16:58:24 2014

OUTPUT FILE NAME:   <oob.out>
ENTRY POINT SYMBOL: "_c_int00"  address: 200146a9


MEMORY CONFIGURATION

         name            origin    length      used     unused   attr    fill
----------------------  --------  ---------  --------  --------  ----  --------
  SRAM_CODE             20004000   00019000  00014810  000047f0  RW X
  SRAM_DATA             2001d000   00013000  0000bc57  000073a9  RW X


SEGMENT ALLOCATION MAP

run origin  load origin   length   init length attrs members
----------  ----------- ---------- ----------- ----- -------
20004000    20004000    00014818   00014818    r-x
  20004000    20004000    0000030c   0000030c    r-- .resetVecs
  2000430c    2000430c    00011af6   00011af6    r-x .text
  20015e08    20015e08    00002616   00002616    r-- .const
  20018420    20018420    000003f8   000003f8    r-- .cinit
2001d000    2001d000    00009c5c   00000000    rw-
  2001d000    2001d000    00009613   00000000    rw- .bss
  20026618    20026618    00000644   00000000    rw- .data
2002e000    2002e000    00002000   00000000    rw-
  2002e000    2002e000    00002000   00000000    rw- .stack


SECTION ALLOCATION MAP

 output                                  attributes/
section   page    origin      length       input sections
--------  ----  ----------  ----------   ----------------
.bootVecs 
*          0    00000000    00000008     DSECT
                  00000000    00000008     boot.aem4 : boot.oem4 (.bootVecs)

xdc.meta   0    00000000    000000ee     COPY SECTION
                  00000000    000000ee     app_pem4.oem4 (xdc.meta)

.init_array 
*          0    20004000    00000000     UNINITIALIZED

.vecs      0    20004000    00000000     DSECT

.resetVecs 
*          0    20004000    0000030c     
                  20004000    0000030c     app_pem4.oem4 (.resetVecs)

.text      0    2000430c    00011af6     
                  2000430c    00001d7c     simplelink.a : driver.obj (.text)
                  20006088    00000ec0     rtsv7M4_T_le_eabi.lib : _printfi.obj (.text)
                  20006f48    00000d88     simplelink.a : socket.obj (.text)
                  20007cd0    00000ab4                  : netapp.obj (.text)
                  20008784    00000a5c                  : wlan.obj (.text)
                  200091e0    0000098c     driverlib.a : prcm.obj (.text)
                  20009b6c    0000079c                 : spi.obj (.text)
                  2000a308    0000079c     main.obj (.text)
                  2000aaa4    0000067a     driverlib.a : i2c.obj (.text)
                  2000b11e    00000002     app_pem4.oem4 (.text:ti_sysbios_BIOS_nullFunc__I)
                  2000b120    00000668     simplelink.a : cc_pal.obj (.text)
                  2000b788    00000538     ti_rtos.a : osi_tirtos.obj (.text)
                  2000bcc0    00000500     simplelink.a : device.obj (.text)
                  2000c1c0    000004a4     driverlib.a : udma.obj (.text)
                  2000c664    00000490     rtsv7M4_T_le_eabi.lib : pow.obj (.text)
                  2000caf4    0000048c     driverlib.a : uart.obj (.text)
                  2000cf80    00000424     sysbios.aem4 : BIOS.obj (.text:ti_sysbios_family_arm_m3_Hwi_excDumpRegs__I)
                  2000d3a4    000003c0     tmp006drv.obj (.text)
                  2000d764    00000394     gpio_if.obj (.text)
                  2000daf8    00000370     driverlib.a : interrupt.obj (.text)
                  2000de68    0000033c     ti.targets.arm.rtsarm.aem4 : System.oem4 (.text:xdc_runtime_System_doPrint__I)
                  2000e1a4    00000334     driverlib.a : gpio.obj (.text)
                  2000e4d8    00000304     sysbios.aem4 : BIOS.obj (.text:ti_sysbios_knl_Semaphore_pend__E)
                  2000e7dc    00000300     driverlib.a : flash.obj (.text)
                  2000eadc    000002e4     rtsv7M4_T_le_eabi.lib : xlog.obj (.text)
                  2000edc0    000002d4                           : trgdrv.obj (.text)
                  2000f094    00000290     i2c_if.obj (.text)
                  2000f324    00000284     driverlib.a : pin.obj (.text)
                  2000f5a8    00000248     sysbios.aem4 : BIOS.obj (.text:ti_sysbios_heaps_HeapMem_free__E)
                  2000f7f0    00000234                  : BIOS.obj (.text:ti_sysbios_heaps_HeapMem_alloc__E)
                  2000fa24    00000228                  : BIOS.obj (.text:ti_sysbios_knl_Task_Instance_finalize__E)
                  2000fc4c    00000208                  : BIOS.obj (.text:ti_sysbios_knl_Task_sleep__E)
                  2000fe54    000001fc     rtsv7M4_T_le_eabi.lib : xexp.obj (.text)
                  20010050    000001f8     sysbios.aem4 : BIOS.obj (.text:ti_sysbios_family_arm_m3_Hwi_excHandlerMax__I)
                  20010248    000001f4     rtsv7M4_T_le_eabi.lib : ull_div_t2.obj (.text)
                  2001043c    000001d4     uart_if.obj (.text)
                  20010610    000001d2     bma222drv.obj (.text)
                  200107e2    00000002     sysbios.aem4 : BIOS.obj (.text:ti_sysbios_gates_GateHwi_Instance_init__E)
                  200107e4    000001bc                  : BIOS.obj (.text:ti_sysbios_knl_Task_Instance_init__E)
                  200109a0    000001b6     rtsv7M4_T_le_eabi.lib : fd_add_t2.obj (.text)
                  20010b56    00000002     app_pem4.oem4 (.text:xdc_runtime_Startup_reset__I)
                  20010b58    0000018c     sysbios.aem4 : BIOS.obj (.text:ti_sysbios_knl_Task_Module_startup__E)
                  20010ce4    00000168                  : BIOS.obj (.text:ti_sysbios_family_arm_m3_Hwi_excBusFault__I)
                  20010e4c    00000160                  : BIOS.obj (.text:ti_sysbios_knl_Mailbox_Instance_init__E)
                  20010fac    00000154                  : BIOS.obj (.text:ti_sysbios_family_arm_m3_Hwi_excUsageFault__I)
                  20011100    00000140                  : BIOS.obj (.text:ti_sysbios_family_arm_m3_Hwi_excMemFault__I)
                  20011240    0000013c                  : BIOS.obj (.text:ti_sysbios_family_arm_m3_Hwi_dispatchC__I)
                  2001137c    00000138                  : BIOS.obj (.text:ti_sysbios_heaps_HeapMem_Instance_init__E)
                  200114b4    00000138                  : BIOS.obj (.text:ti_sysbios_knl_Semaphore_post__E)
                  200115ec    00000136     rtsv7M4_T_le_eabi.lib : fd_div_t2.obj (.text)
                  20011722    00000002     --HOLE-- [fill = 0]
                  20011724    00000130     ti.targets.arm.rtsarm.aem4 : LoggerBuf.oem4 (.text:xdc_runtime_LoggerBuf_write8__E)
                  20011854    0000012c     sysbios.aem4 : BIOS.obj (.text:ti_sysbios_knl_Clock_workFunc__E)
                  20011980    00000120                  : BIOS.obj (.text:ti_sysbios_knl_Swi_run__I)
                  20011aa0    00000120     ti.targets.arm.rtsarm.aem4 : Error.oem4 (.text:xdc_runtime_Error_policyDefault__E)
                  20011bc0    00000110     rtsv7M4_T_le_eabi.lib : xdscale.obj (.text)
                  20011cd0    00000104     ti.targets.arm.rtsarm.aem4 : Core-mem.oem4 (.text:xdc_runtime_Core_createObject__I)
                  20011dd4    00000104     app_pem4.oem4 (.text:xdc_runtime_System_printfExtend__I)
                  20011ed8    00000100     simplelink.a : netcfg.obj (.text)
                  20011fd8    000000fc     rtsv7M4_T_le_eabi.lib : fd_mul_t2.obj (.text)
                  200120d4    000000fc     ti.targets.arm.rtsarm.aem4 : Startup.oem4 (.text:xdc_runtime_Startup_startMods__I)
                  200121d0    000000fa     rtsv7M4_T_le_eabi.lib : fs_add_t2.obj (.text)
                  200122ca    00000002     --HOLE-- [fill = 0]
                  200122cc    000000d4     ti.targets.arm.rtsarm.aem4 : LoggerBuf.oem4 (.text:xdc_runtime_LoggerBuf_write4__E)
                  200123a0    000000d0     sysbios.aem4 : m3_Hwi_asm.obj (.text:ti_sysbios_family_arm_m3_Hwi_dispatch__I)
                  20012470    000000cc     ti.targets.arm.rtsarm.aem4 : Core-smem.oem4 (.text:xdc_runtime_Core_constructObject__I)
                  2001253c    000000c8     sysbios.aem4 : BIOS.obj (.text:ti_sysbios_knl_Task_schedule__I)
                  20012604    000000c4     rtsv7M4_T_le_eabi.lib : xdint.obj (.text)
                  200126c8    000000c4                           : xdnorm.obj (.text)
                  2001278c    000000c4     sysbios.aem4 : BIOS.obj (.text:ti_sysbios_family_arm_m3_Hwi_Module_startup__E)
                  20012850    000000c0                  : BIOS.obj (.text:ti_sysbios_knl_Task_exit__E)
                  20012910    000000bc                  : BIOS.obj (.text:ti_sysbios_knl_Task_startCore__E)
                  200129cc    000000b4     device_status.obj (.text)
                  20012a80    000000b4     sysbios.aem4 : BIOS.obj (.text:ti_sysbios_family_arm_m3_Hwi_excHardFault__I)
                  20012b34    000000b4                  : BIOS.obj (.text:ti_sysbios_gates_GateMutex_enter__E)
                  20012be8    000000b4                  : BIOS.obj (.text:ti_sysbios_knl_Task_checkStacks__E)
                  20012c9c    000000b0                  : BIOS.obj (.text:ti_sysbios_family_arm_m3_Hwi_excDebugMon__I)
                  20012d4c    000000a8                  : BIOS.obj (.text:ti_sysbios_knl_Swi_post__E)
                  20012df4    000000a8                  : BIOS.obj (.text:ti_sysbios_knl_Task_blockI__E)
                  20012e9c    000000a8                  : BIOS.obj (.text:ti_sysbios_knl_Task_postInit__I)
                  20012f44    000000a0     auto_init.aem4 : auto_init.oem4 (.text)
                  20012fe4    0000009c     rtsv7M4_T_le_eabi.lib : memcpy_t2.obj (.text)
                  20013080    0000009c     sysbios.aem4 : BIOS.obj (.text:ti_sysbios_family_arm_m3_Hwi_Instance_init__E)
                  2001311c    0000009c                  : BIOS.obj (.text:ti_sysbios_knl_Semaphore_Instance_init__E)
                  200131b8    0000009a     ti.targets.arm.rtsarm.aem4 : Text.oem4 (.text:xdc_runtime_Text_putSite__E)
                  20013252    00000002     --HOLE-- [fill = 0]
                  20013254    00000094     sysbios.aem4 : BIOS.obj (.text:ti_sysbios_knl_Mailbox_post__E)
                  200132e8    00000094                  : BIOS.obj (.text:ti_sysbios_knl_Task_unblockI__E)
                  2001337c    00000094     ti.targets.arm.rtsarm.aem4 : Text.oem4 (.text:xdc_runtime_Text_putMod__E)
                  20013410    00000092     rtsv7M4_T_le_eabi.lib : fs_div_t2.obj (.text)
                  200134a2    00000002     --HOLE-- [fill = 0]
                  200134a4    00000088                           : vsnprintf.obj (.text)
                  2001352c    00000088     sysbios.aem4 : BIOS.obj (.text:ti_sysbios_knl_Mailbox_Module_startup__E)
                  200135b4    00000086     rtsv7M4_T_le_eabi.lib : fd_cmp_t2.obj (.text:__aeabi_cdcmple)
                  2001363a    00000086                           : fd_cmp_t2.obj (.text:__aeabi_cdrcmple)
                  200136c0    00000084     sysbios.aem4 : BIOS.obj (.text:ti_sysbios_family_arm_m3_Hwi_initNVIC__E)
                  20013744    00000084                  : BIOS.obj (.text:ti_sysbios_knl_Mailbox_pend__E)
                  200137c8    00000080     ti.targets.arm.rtsarm.aem4 : LoggerBuf.oem4 (.text:xdc_runtime_LoggerBuf_setFilterLevel__E)
                  20013848    0000007a     rtsv7M4_T_le_eabi.lib : fs_mul_t2.obj (.text)
                  200138c2    00000078                           : memset_t2.obj (.text)
                  2001393a    00000002     --HOLE-- [fill = 0]
                  2001393c    00000074     pinmux.obj (.text)
                  200139b0    00000070     sysbios.aem4 : BIOS.obj (.text:ti_sysbios_family_arm_m3_Hwi_postInit__I)
                  20013a20    00000070                  : BIOS.obj (.text:ti_sysbios_knl_Mailbox_Instance_finalize__E)
                  20013a90    00000070     ti.targets.arm.rtsarm.aem4 : Memory.oem4 (.text:xdc_runtime_Memory_alloc__E)
                  20013b00    0000006c                                : Error.oem4 (.text:xdc_runtime_Error_print__E)
                  20013b6c    0000006c                                : LoggerBuf.oem4 (.text:xdc_runtime_LoggerBuf_getFilterLevel__E)
                  20013bd8    00000068     simplelink.a : flowcont.obj (.text)
                  20013c40    00000066     ti.targets.arm.rtsarm.aem4 : Core-mem.oem4 (.text:xdc_runtime_Core_deleteObject__I)
                  20013ca6    00000064     rtsv7M4_T_le_eabi.lib : xdunscal.obj (.text)
                  20013d0a    00000002     --HOLE-- [fill = 0]
                  20013d0c    00000064     app_pem4.oem4 (.text:ti_sysbios_family_arm_m3_Hwi_create)
                  20013d70    00000064     app_pem4.oem4 (.text:ti_sysbios_knl_Mailbox_create)
                  20013dd4    00000060     rtsv7M4_T_le_eabi.lib : trgmsg.obj (.text)
                  20013e34    00000060     sysbios.aem4 : BIOS.obj (.text:ti_sysbios_family_arm_m3_TimestampProvider_get64__E)
                  20013e94    00000060                  : BIOS.obj (.text:ti_sysbios_knl_Clock_logTick__E)
                  20013ef4    00000060     ti.targets.arm.rtsarm.aem4 : System.oem4 (.text:xdc_runtime_System_formatNum__I)
                  20013f54    0000005e     driverlib.a : cpu.obj (.text)
                  20013fb2    0000005e     rtsv7M4_T_le_eabi.lib : copy_decompress_rle.obj (.text)
                  20014010    0000005c     sysbios.aem4 : BIOS.obj (.text:ti_sysbios_family_arm_m3_Timer_setPeriod__E)
                  2001406c    0000005c     app_pem4.oem4 (.text:ti_sysbios_knl_Task_create)
                  200140c8    0000005c     app_pem4.oem4 (.text:xdc_runtime_LoggerBuf_Object__create__S)
                  20014124    0000005b     ti.targets.arm.rtsarm.aem4 : Text.oem4 (.text:xdc_runtime_Text_putLab__E)
                  2001417f    00000001     --HOLE-- [fill = 0]
                  20014180    0000005a     rtsv7M4_T_le_eabi.lib : ltoa.obj (.text)
                  200141da    00000002     --HOLE-- [fill = 0]
                  200141dc    00000058     sysbios.aem4 : BIOS.obj (.text:ti_sysbios_knl_Swi_restoreHwi__E)
                  20014234    00000058                  : BIOS.obj (.text:ti_sysbios_knl_Swi_schedule__I)
                  2001428c    00000054                  : BIOS.obj (.text:ti_sysbios_family_arm_m3_Timer_start__E)
                  200142e0    00000050     ti.targets.arm.rtsarm.aem4 : Startup.oem4 (.text:xdc_runtime_Startup_exec__E)
                  20014330    00000050                                : Text.oem4 (.text:xdc_runtime_Text_visitRope2__I)
                  20014380    0000004c     rtsv7M4_T_le_eabi.lib : atoi.obj (.text)
                  200143cc    0000004c     sysbios.aem4 : m3_TaskSupport_asm.obj (.text:ti_sysbios_family_arm_m3_TaskSupport_buildTaskStack)
                  20014418    0000004c                  : BIOS.obj (.text:ti_sysbios_knl_Swi_runLoop__I)
                  20014464    0000004a     rtsv7M4_T_le_eabi.lib : fd_tos_t2.obj (.text)
                  200144ae    00000048                           : fd_toi_t2.obj (.text)
                  200144f6    00000002     --HOLE-- [fill = 0]
                  200144f8    00000048     sysbios.aem4 : BIOS.obj (.text:ti_sysbios_family_arm_m3_Hwi_excReserved__I)
                  20014540    00000048                  : m3_Hwi_asm_switch.obj (.text:ti_sysbios_family_arm_m3_Hwi_initStacks__E)
                  20014588    00000048                  : BIOS.obj (.text:ti_sysbios_family_arm_m3_Timer_initDevice__I)
                  200145d0    00000048                  : BIOS.obj (.text:ti_sysbios_heaps_HeapMem_getStats__E)
                  20014618    00000048     ti.targets.arm.rtsarm.aem4 : Assert.oem4 (.text:xdc_runtime_Assert_raise__I)
                  20014660    00000046                                : Core-params.oem4 (.text:xdc_runtime_Core_assignParams__I)
                  200146a6    00000002     --HOLE-- [fill = 0]
                  200146a8    00000044     boot.aem4 : boot.oem4 (.text)
                  200146ec    00000044     rtsv7M4_T_le_eabi.lib : cpy_tbl.obj (.text)
                  20014730    00000044                           : exit.obj (.text)
                  20014774    00000044                           : xdtest.obj (.text)
                  200147b8    00000044     sysbios.aem4 : BIOS.obj (.text:ti_sysbios_family_arm_m3_Hwi_disableInterrupt__E)
                  200147fc    00000044                  : BIOS.obj (.text:ti_sysbios_family_arm_m3_Hwi_enableInterrupt__E)
                  20014840    00000044                  : BIOS.obj (.text:ti_sysbios_knl_Task_allBlockedFunction__I)
                  20014884    00000044     ti.targets.arm.rtsarm.aem4 : Error.oem4 (.text:xdc_runtime_Error_setX__E)
                  200148c8    00000044                                : LoggerBuf.oem4 (.text:xdc_runtime_LoggerBuf_filterOutEvent__I)
                  2001490c    00000044                                : SysMin.oem4 (.text:xdc_runtime_SysMin_flush__E)
                  20014950    00000042     rtsv7M4_T_le_eabi.lib : u_divt2.obj (.text)
                  20014992    00000002     --HOLE-- [fill = 0]
                  20014994    00000040                           : signal.obj (.text)
                  200149d4    00000040     sysbios.aem4 : BIOS.obj (.text:ti_sysbios_family_arm_m3_Timer_Module_startup__E)
                  20014a14    00000040                  : BIOS.obj (.text:ti_sysbios_knl_Mailbox_postInit__I)
                  20014a54    0000003e     app_pem4.oem4 (.text:realloc)
                  20014a92    00000002     --HOLE-- [fill = 0]
                  20014a94    0000003c     sysbios.aem4 : BIOS.obj (.text:ti_sysbios_family_arm_m3_Hwi_excSvCall__I)
                  20014ad0    0000003c                  : BIOS.obj (.text:ti_sysbios_heaps_HeapMem_init__I)
                  20014b0c    0000003c                  : BIOS.obj (.text:ti_sysbios_knl_Swi_startup__E)
                  20014b48    0000003c     ti.targets.arm.rtsarm.aem4 : Text.oem4 (.text:xdc_runtime_Text_xprintf__I)
                  20014b84    0000003a     smartconfig.obj (.text)
                  20014bbe    0000003a     ti.targets.arm.rtsarm.aem4 : LoggerBuf.oem4 (.text:xdc_runtime_LoggerBuf_Instance_init__E)
                  20014bf8    00000038     rtsv7M4_T_le_eabi.lib : fs_tod_t2.obj (.text)
                  20014c30    00000038                           : fs_toi_t2.obj (.text)
                  20014c68    00000038     sysbios.aem4 : BIOS.obj (.text:ti_sysbios_family_arm_m3_Hwi_excNoIsr__I)
                  20014ca0    00000038                  : BIOS.obj (.text:ti_sysbios_family_arm_m3_Hwi_getStackInfo__E)
                  20014cd8    00000038                  : BIOS.obj (.text:ti_sysbios_family_arm_m3_TaskSupport_start__E)
                  20014d10    00000038                  : BIOS.obj (.text:ti_sysbios_knl_Task_processVitalTaskFlag__I)
                  20014d48    00000038     ti.targets.arm.rtsarm.aem4 : SysMin.oem4 (.text:xdc_runtime_SysMin_putch__E)
                  20014d80    00000038                                : System.oem4 (.text:xdc_runtime_System_atexit__E)
                  20014db8    00000034     rtsv7M4_T_le_eabi.lib : feraiseexcept.obj (.text)
                  20014dec    00000034                           : fs_tou_t2.obj (.text)
                  20014e20    00000034     sysbios.aem4 : BIOS.obj (.text:ti_sysbios_family_arm_m3_Hwi_excNmi__I)
                  20014e54    00000034                  : BIOS.obj (.text:ti_sysbios_family_arm_m3_Timer_periodicStub__I)
                  20014e88    00000034                  : BIOS.obj (.text:ti_sysbios_hal_Hwi_checkStack)
                  20014ebc    00000034     app_pem4.oem4 (.text:ti_sysbios_knl_Semaphore_create)
                  20014ef0    00000034     ti.targets.arm.rtsarm.aem4 : Core-label.oem4 (.text:xdc_runtime_Core_assignLabel__I)
                  20014f24    00000033                                : Text.oem4 (.text:xdc_runtime_Text_printVisFxn__I)
                  20014f57    00000001     --HOLE-- [fill = 0]
                  20014f58    00000032     sysbios.aem4 : BIOS.obj (.text:ti_sysbios_knl_Semaphore_pendTimeout__I)
                  20014f8a    00000002     --HOLE-- [fill = 0]
                  20014f8c    00000030     rtsv7M4_T_le_eabi.lib : xferaise.obj (.text)
                  20014fbc    00000030     app_pem4.oem4 (.text:ti_sysbios_BIOS_atExitFunc__I)
                  20014fec    00000030     app_pem4.oem4 (.text:ti_sysbios_gates_GateHwi_Object__create__S)
                  2001501c    00000030     app_pem4.oem4 (.text:ti_sysbios_gates_GateMutex_Object__create__S)
                  2001504c    00000030     app_pem4.oem4 (.text:ti_sysbios_heaps_HeapMem_Object__create__S)
                  2001507c    00000030     app_pem4.oem4 (.text:ti_sysbios_knl_Semaphore_construct)
                  200150ac    00000030     ti.targets.arm.rtsarm.aem4 : SysMin.oem4 (.text:xdc_runtime_SysMin_abort__E)
                  200150dc    00000030                                : System.oem4 (.text:xdc_runtime_System_processAtExit__E)
                  2001510c    0000002e     app_pem4.oem4 (.text:malloc)
                  2001513a    0000002e     rtsv7M4_T_le_eabi.lib : i_tofd_t2.obj (.text)
                  20015168    0000002e                           : raise.obj (.text)
                  20015196    00000002     --HOLE-- [fill = 0]
                  20015198    0000002c     sysbios.aem4 : BIOS.obj (.text:ti_sysbios_family_arm_m3_Hwi_Instance_finalize__E)
                  200151c4    0000002c                  : BIOS.obj (.text:ti_sysbios_hal_Hwi_initStack)
                  200151f0    0000002c     app_pem4.oem4 (.text:ti_sysbios_knl_Clock_doTick__I)
                  2001521c    0000002c     app_pem4.oem4 (.text:ti_sysbios_knl_Queue_construct)
                  20015248    0000002c     sysbios.aem4 : BIOS.obj (.text:ti_sysbios_knl_Task_restore__E)
                  20015274    0000002c     ti.targets.arm.rtsarm.aem4 : Text.oem4 (.text:xdc_runtime_Text_cordText__E)
                  200152a0    0000002a                                : System.oem4 (.text:xdc_runtime_System_putchar__I)
                  200152ca    00000002     --HOLE-- [fill = 0]
                  200152cc    00000028                                : LoggerBuf.oem4 (.text:xdc_runtime_LoggerBuf_Module_startup__E)
                  200152f4    00000026                                : System.oem4 (.text:xdc_runtime_System_avprintf__E)
                  2001531a    00000002     --HOLE-- [fill = 0]
                  2001531c    00000024     app_pem4.oem4 (.text:ti_sysbios_BIOS_errorRaiseHook__I)
                  20015340    00000024     app_pem4.oem4 (.text:ti_sysbios_BIOS_registerRTSLock__I)
                  20015364    00000024     app_pem4.oem4 (.text:ti_sysbios_BIOS_removeRTSLock__I)
                  20015388    00000024     app_pem4.oem4 (.text:ti_sysbios_BIOS_startFunc__I)
                  200153ac    00000024     sysbios.aem4 : BIOS.obj (.text:ti_sysbios_family_arm_m3_Hwi_doTaskRestore__I)
                  200153d0    00000024                  : BIOS.obj (.text:ti_sysbios_family_arm_m3_Timer_startup__E)
                  200153f4    00000024     app_pem4.oem4 (.text:ti_sysbios_gates_GateMutex_Object__delete__S)
                  20015418    00000024     sysbios.aem4 : BIOS.obj (.text:ti_sysbios_knl_Clock_Module_startup__E)
                  2001543c    00000024     app_pem4.oem4 (.text:ti_sysbios_knl_Semaphore_Object__delete__S)
                  20015460    00000024     sysbios.aem4 : BIOS.obj (.text:ti_sysbios_knl_Swi_Module_startup__E)
                  20015484    00000024     ti.targets.arm.rtsarm.aem4 : System.oem4 (.text:xdc_runtime_System_vprintf__E)
                  200154a8    00000022     rtsv7M4_T_le_eabi.lib : memcmp.obj (.text)
                  200154ca    00000022     app_pem4.oem4 (.text:xdc_runtime_SysMin_output__I)
                  200154ec    00000020     app_pem4.oem4 (.text:ti_sysbios_family_arm_m3_Hwi_Object__delete__S)
                  2001550c    00000020     sysbios.aem4 : m3_Hwi_asm.obj (.text:ti_sysbios_family_arm_m3_Hwi_excHandlerAsm__I)
                  2001552c    00000020                  : BIOS.obj (.text:ti_sysbios_family_arm_m3_Hwi_excHandler__I)
                  2001554c    00000020                  : BIOS.obj (.text:ti_sysbios_family_arm_m3_TimestampProvider_Module_startup__E)
                  2001556c    00000020     app_pem4.oem4 (.text:ti_sysbios_gates_GateHwi_Object__delete__S)
                  2001558c    00000020     app_pem4.oem4 (.text:ti_sysbios_heaps_HeapMem_Object__delete__S)
                  200155ac    00000020     sysbios.aem4 : BIOS.obj (.text:ti_sysbios_knl_Idle_run__E)
                  200155cc    00000020     app_pem4.oem4 (.text:ti_sysbios_knl_Mailbox_Object__delete__S)
                  200155ec    00000020     app_pem4.oem4 (.text:ti_sysbios_knl_Semaphore_Object__destruct__S)
                  2001560c    00000020     app_pem4.oem4 (.text:ti_sysbios_knl_Task_Object__delete__S)
                  2001562c    00000020     sysbios.aem4 : BIOS.obj (.text:ti_sysbios_knl_Task_enter__I)
                  2001564c    00000020     app_pem4.oem4 (.text:xdc_runtime_LoggerBuf_Object__delete__S)
                  2001566c    00000020     ti.targets.arm.rtsarm.aem4 : LoggerBuf.oem4 (.text:xdc_runtime_LoggerBuf_reset__E)
                  2001568c    00000020                                : Registry.oem4 (.text:xdc_runtime_Registry_findById__E)
                  200156ac    00000020                                : SysMin.oem4 (.text:xdc_runtime_SysMin_Module_startup__E)
                  200156cc    0000001e     rtsv7M4_T_le_eabi.lib : ll_lsr_t2.obj (.text)
                  200156ea    0000001e     sysbios.aem4 : m3_Hwi_asm_switch.obj (.text:ti_sysbios_family_xxx_Hwi_switchAndRunFunc)
                  20015708    0000001c     rtsv7M4_T_le_eabi.lib : memccpy.obj (.text)
                  20015724    0000001c     app_pem4.oem4 (.text:ti_sysbios_BIOS_rtsLock__I)
                  20015740    0000001c     sysbios.aem4 : BIOS.obj (.text:ti_sysbios_family_arm_m3_Hwi_setPriority__E)
                  2001575c    0000001c                  : BIOS.obj (.text:ti_sysbios_gates_GateMutex_Instance_init__E)
                  20015778    0000001c     app_pem4.oem4 (.text:ti_sysbios_knl_Queue_Object__destruct__S)
                  20015794    0000001c     ti.targets.arm.rtsarm.aem4 : Error.oem4 (.text:xdc_runtime_Error_raiseX__E)
                  200157b0    0000001c                                : Memory.oem4 (.text:xdc_runtime_Memory_valloc__E)
                  200157cc    0000001c                                : SysMin.oem4 (.text:xdc_runtime_SysMin_exit__E)
                  200157e8    0000001c                                : System.oem4 (.text:xdc_runtime_System_abort__E)
                  20015804    0000001a     app_pem4.oem4 (.text:ti_sysbios_family_arm_m3_Hwi_Handle__label__S)
                  2001581e    0000001a     sysbios.aem4 : m3_Hwi_asm.obj (.text:ti_sysbios_family_arm_m3_Hwi_pendSV__I)
                  20015838    0000001a     app_pem4.oem4 (.text:ti_sysbios_gates_GateHwi_Handle__label__S)
                  20015852    0000001a     app_pem4.oem4 (.text:ti_sysbios_gates_GateMutex_Handle__label__S)
                  2001586c    0000001a     app_pem4.oem4 (.text:ti_sysbios_heaps_HeapMem_Handle__label__S)
                  20015886    0000001a     app_pem4.oem4 (.text:ti_sysbios_knl_Swi_Handle__label__S)
                  200158a0    0000001a     app_pem4.oem4 (.text:ti_sysbios_knl_Task_Handle__label__S)
                  200158ba    0000001a     sysbios.aem4 : BIOS.obj (.text:ti_sysbios_knl_Task_sleepTimeout__I)
                  200158d4    0000001a     app_pem4.oem4 (.text:xdc_runtime_LoggerBuf_Handle__label__S)
                  200158ee    0000001a     app_pem4.oem4 (.text:xdc_runtime_System_aprintf__E)
                  20015908    0000001a     app_pem4.oem4 (.text:xdc_runtime_System_printf__E)
                  20015922    00000018     app_pem4.oem4 (.text:free)
                  2001593a    00000002     --HOLE-- [fill = 0]
                  2001593c    00000018     rtsv7M4_T_le_eabi.lib : args_main.obj (.text)
                  20015954    00000018                           : ll_mul_t2.obj (.text)
                  2001596c    00000018     app_pem4.oem4 (.text:ti_sysbios_BIOS_rtsUnlock__I)
                  20015984    00000018     app_pem4.oem4 (.text:ti_sysbios_family_arm_m3_Hwi_Module__startupDone__F)
                  2001599c    00000018     app_pem4.oem4 (.text:ti_sysbios_family_arm_m3_Timer_Module__startupDone__F)
                  200159b4    00000018     sysbios.aem4 : BIOS.obj (.text:ti_sysbios_gates_GateMutex_leave__E)
                  200159cc    00000018     ti.targets.arm.rtsarm.aem4 : Error.oem4 (.text:xdc_runtime_Error_check__E)
                  200159e4    00000018                                : System.oem4 (.text:xdc_runtime_System_exit__E)
                  200159fc    00000018                                : Text.oem4 (.text:xdc_runtime_Text_ropeText__E)
                  20015a14    00000016     app_pem4.oem4 (.text:ti_sysbios_BIOS_exitFunc__I)
                  20015a2a    00000002     --HOLE-- [fill = 0]
                  20015a2c    00000014     rtsv7M4_T_le_eabi.lib : _lock.obj (.text)
                  20015a40    00000014                           : strlen.obj (.text)
                  20015a54    00000014     app_pem4.oem4 (.text:ti_sysbios_family_arm_m3_Hwi_Object__get__S)
                  20015a68    00000014     sysbios.aem4 : BIOS.obj (.text:ti_sysbios_family_arm_m3_Hwi_switchFromBootStack__E)
                  20015a7c    00000014     app_pem4.oem4 (.text:ti_sysbios_heaps_HeapMem_Object__get__S)
                  20015a90    00000014     app_pem4.oem4 (.text:ti_sysbios_knl_Swi_Object__get__S)
                  20015aa4    00000014     app_pem4.oem4 (.text:xdc_runtime_LoggerBuf_Object__get__S)
                  20015ab8    00000012     rtsv7M4_T_le_eabi.lib : copy_zero_init.obj (.text:decompress:ZI)
                  20015aca    00000012     sysbios.aem4 : BIOS.obj (.text:ti_sysbios_hal_Hwi_Module_startup__E)
                  20015adc    00000012                  : BIOS.obj (.text:ti_sysbios_hal_Timer_Module_startup__E)
                  20015aee    00000012     ti.targets.arm.rtsarm.aem4 : LoggerBuf.oem4 (.text:xdc_runtime_LoggerBuf_Instance_finalize__E)
                  20015b00    00000012                                : LoggerBuf.oem4 (.text:xdc_runtime_LoggerBuf_write1__E)
                  20015b12    00000012                                : LoggerBuf.oem4 (.text:xdc_runtime_LoggerBuf_write2__E)
                  20015b24    00000012     app_pem4.oem4 (.text:xdc_runtime_Startup_exec__I)
                  20015b36    00000010     rtsv7M4_T_le_eabi.lib : strcpy.obj (.text)
                  20015b46    00000002     --HOLE-- [fill = 0]
                  20015b48    00000010     sysbios.aem4 : BIOS.obj (.text:ti_sysbios_BIOS_setThreadType__E)
                  20015b58    00000010                  : BIOS.obj (.text:ti_sysbios_BIOS_start__E)
                  20015b68    00000010                  : BIOS.obj (.text:ti_sysbios_family_arm_m3_Hwi_getHandle__E)
                  20015b78    00000010                  : m3_TaskSupport_asm.obj (.text:ti_sysbios_family_arm_m3_TaskSupport_glue)
                  20015b88    00000010                  : m3_TaskSupport_asm.obj (.text:ti_sysbios_family_arm_m3_TaskSupport_swap__E)
                  20015b98    00000010                  : BIOS.obj (.text:ti_sysbios_gates_GateMutex_Instance_finalize__E)
                  20015ba8    00000010     app_pem4.oem4 (.text:ti_sysbios_knl_Mailbox_Object__get__S)
                  20015bb8    00000010     sysbios.aem4 : BIOS.obj (.text:ti_sysbios_knl_Semaphore_Instance_finalize__E)
                  20015bc8    00000010                  : BIOS.obj (.text:ti_sysbios_knl_Swi_disable__E)
                  20015bd8    00000010     app_pem4.oem4 (.text:ti_sysbios_knl_Task_Object__get__S)
                  20015be8    00000010     sysbios.aem4 : BIOS.obj (.text:ti_sysbios_knl_Task_disable__E)
                  20015bf8    00000010     ti.targets.arm.rtsarm.aem4 : Gate.oem4 (.text:xdc_runtime_Gate_leaveSystem__E)
                  20015c08    00000010                                : LoggerBuf.oem4 (.text:xdc_runtime_LoggerBuf_write0__E)
                  20015c18    00000010                                : Memory.oem4 (.text:xdc_runtime_Memory_free__E)
                  20015c28    00000010                                : SysMin.oem4 (.text:xdc_runtime_SysMin_ready__E)
                  20015c38    00000010                                : System.oem4 (.text:xdc_runtime_System_vsnprintf__E)
                  20015c48    00000010     app_pem4.oem4 (.text:xdc_runtime_Text_visitRope__I)
                  20015c58    0000000e     rtsv7M4_T_le_eabi.lib : copy_decompress_none.obj (.text:decompress:none)
                  20015c66    0000000e                           : xdclass.obj (.text)
                  20015c74    0000000e     sysbios.aem4 : BIOS.obj (.text:ti_sysbios_knl_Queue_empty__E)
                  20015c82    00000002     --HOLE-- [fill = 0]
                  20015c84    0000000c     app_pem4.oem4 (.text:ti_sysbios_family_arm_m3_Hwi_Params__init__S)
                  20015c90    0000000c     sysbios.aem4 : BIOS.obj (.text:ti_sysbios_family_arm_m3_Hwi_disableFxn__E)
                  20015c9c    0000000c                  : BIOS.obj (.text:ti_sysbios_family_arm_m3_TaskSupport_checkStack__E)
                  20015ca8    0000000c                  : BIOS.obj (.text:ti_sysbios_family_arm_m3_TaskSupport_getStackAlignment__E)
                  20015cb4    0000000c                  : BIOS.obj (.text:ti_sysbios_gates_GateHwi_enter__E)
                  20015cc0    0000000c     app_pem4.oem4 (.text:ti_sysbios_knl_Queue_Object__get__S)
                  20015ccc    0000000c     app_pem4.oem4 (.text:ti_sysbios_knl_Semaphore_Params__init__S)
                  20015cd8    0000000c     app_pem4.oem4 (.text:ti_sysbios_knl_Task_Params__init__S)
                  20015ce4    0000000c     ti.targets.arm.rtsarm.aem4 : Error.oem4 (.text:xdc_runtime_Error_init__E)
                  20015cf0    0000000c                                : Gate.oem4 (.text:xdc_runtime_Gate_enterSystem__E)
                  20015cfc    0000000c                                : Memory.oem4 (.text:xdc_runtime_Memory_calloc__E)
                  20015d08    0000000c                                : Memory.oem4 (.text:xdc_runtime_Memory_getMaxDefaultTypeAlign__E)
                  20015d14    0000000a     app_pem4.oem4 (.text:xdc_runtime_IHeap_alloc)
                  20015d1e    0000000a     app_pem4.oem4 (.text:xdc_runtime_IHeap_free)
                  20015d28    0000000a     ti.targets.arm.rtsarm.aem4 : LoggerBuf.oem4 (.text:xdc_runtime_LoggerBuf_disable__E)
                  20015d32    0000000a                                : LoggerBuf.oem4 (.text:xdc_runtime_LoggerBuf_enable__E)
                  20015d3c    00000008     sysbios.aem4 : BIOS.obj (.text:ti_sysbios_family_arm_m3_Hwi_doSwiRestore__I)
                  20015d44    00000008                  : BIOS.obj (.text:ti_sysbios_family_arm_m3_Hwi_startup__E)
                  20015d4c    00000008                  : BIOS.obj (.text:ti_sysbios_knl_Idle_loop__E)
                  20015d54    00000006     driverlib.a : utils.obj (.text:UtilsDelay)
                  20015d5a    00000006     ti.targets.arm.rtsarm.aem4 : xdc_noinit.oem4 (.text:__xdc__init)
                  20015d60    00000006     rtsv7M4_T_le_eabi.lib : copy_decompress_rle.obj (.text:decompress:rle24)
                  20015d66    00000006                           : log.obj (.text)
                  20015d6c    00000006     sysbios.aem4 : BIOS.obj (.text:ti_sysbios_family_arm_m3_Hwi_restoreFxn__E)
                  20015d72    00000006                  : BIOS.obj (.text:ti_sysbios_gates_GateHwi_leave__E)
                  20015d78    00000006                  : BIOS.obj (.text:ti_sysbios_heaps_HeapMem_isBlocking__E)
                  20015d7e    00000006                  : BIOS.obj (.text:ti_sysbios_knl_Queue_Instance_init__E)
                  20015d84    00000006     ti.targets.arm.rtsarm.aem4 : System.oem4 (.text:xdc_runtime_System_Module_startup__E)
                  20015d8a    00000004                                : LoggerBuf.oem4 (.text:LoggerBuf_instanceStartup)
                  20015d8e    00000004     app_pem4.oem4 (.text:ti_sysbios_BIOS_RtsGateProxy_enter__E)
                  20015d92    00000004     app_pem4.oem4 (.text:ti_sysbios_BIOS_RtsGateProxy_leave__E)
                  20015d96    00000004     app_pem4.oem4 (.text:ti_sysbios_family_arm_m3_Hwi_delete)
                  20015d9a    00000004     app_pem4.oem4 (.text:ti_sysbios_family_arm_m3_TaskSupport_Module__startupDone__S)
                  20015d9e    00000004     sysbios.aem4 : BIOS.obj (.text:ti_sysbios_family_arm_m3_Timer_getMaxTicks__E)
                  20015da2    00000004                  : BIOS.obj (.text:ti_sysbios_gates_GateHwi_query__E)
                  20015da6    00000004                  : BIOS.obj (.text:ti_sysbios_gates_GateMutex_query__E)
                  20015daa    00000004     app_pem4.oem4 (.text:ti_sysbios_hal_Hwi_HwiProxy_Module__startupDone__S)
                  20015dae    00000004     app_pem4.oem4 (.text:ti_sysbios_hal_Timer_TimerProxy_Module__startupDone__S)
                  20015db2    00000004     app_pem4.oem4 (.text:ti_sysbios_heaps_HeapMem_Module_GateProxy_enter__E)
                  20015db6    00000004     app_pem4.oem4 (.text:ti_sysbios_heaps_HeapMem_Module_GateProxy_leave__E)
                  20015dba    00000004     app_pem4.oem4 (.text:ti_sysbios_knl_Clock_TimerProxy_Module__startupDone__S)
                  20015dbe    00000004     app_pem4.oem4 (.text:ti_sysbios_knl_Clock_TimerProxy_getMaxTicks__E)
                  20015dc2    00000004     app_pem4.oem4 (.text:ti_sysbios_knl_Mailbox_delete)
                  20015dc6    00000004     app_pem4.oem4 (.text:ti_sysbios_knl_Queue_destruct)
                  20015dca    00000004     app_pem4.oem4 (.text:ti_sysbios_knl_Semaphore_delete)
                  20015dce    00000004     app_pem4.oem4 (.text:ti_sysbios_knl_Semaphore_destruct)
                  20015dd2    00000004     app_pem4.oem4 (.text:ti_sysbios_knl_Task_SupportProxy_Module__startupDone__S)
                  20015dd6    00000004     app_pem4.oem4 (.text:ti_sysbios_knl_Task_delete)
                  20015dda    00000004     sysbios.aem4 : BIOS.obj (.text:ti_sysbios_knl_Task_startup__E)
                  20015dde    00000004     ti.targets.arm.rtsarm.aem4 : Error.oem4 (.text:xdc_runtime_Error_getSite__E)
                  20015de2    00000004     app_pem4.oem4 (.text:xdc_runtime_LoggerBuf_Module_GateProxy_enter__E)
                  20015de6    00000004     app_pem4.oem4 (.text:xdc_runtime_LoggerBuf_Module_GateProxy_leave__E)
                  20015dea    00000004     app_pem4.oem4 (.text:xdc_runtime_Memory_HeapProxy_alloc__E)
                  20015dee    00000004     app_pem4.oem4 (.text:xdc_runtime_Memory_HeapProxy_free__E)
                  20015df2    00000004     app_pem4.oem4 (.text:xdc_runtime_System_Module_GateProxy_enter__E)
                  20015df6    00000004     app_pem4.oem4 (.text:xdc_runtime_System_Module_GateProxy_leave__E)
                  20015dfa    00000004     ti.targets.arm.rtsarm.aem4 : System.oem4 (.text:xdc_runtime_System_aprintf_va__F)
                  20015dfe    00000004                                : System.oem4 (.text:xdc_runtime_System_printf_va__F)

.const     0    20015e08    00002616     
                  20015e08    0000178e     app_pem4.oem4 (.const:xdc_runtime_Text_charTab__A)
                  20017596    00000102     rtsv7M4_T_le_eabi.lib : ctype.obj (.const:.string:_ctypes_)
                  20017698    00000100     driverlib.a : pin.obj (.const:g_ulPinToPadMap)
                  20017798    000000d4                 : interrupt.obj (.const:g_pulRegs)
                  2001786c    000000b8     app_pem4.oem4 (.const:xdc_runtime_Text_nodeTab__A)
                  20017924    000000b0     simplelink.a : wlan.obj (.const:$P$T0$1)
                  200179d4    000000a0     driverlib.a : prcm.obj (.const:PRCM_PeriphRegsList)
                  20017a74    00000080                 : interrupt.obj (.const)
                  20017af4    00000048     app_pem4.oem4 (.const:.string)
                  20017b3c    00000004     app_pem4.oem4 (.const:ti_sysbios_family_arm_m3_Hwi_E_NMI__C)
                  20017b40    00000048     rtsv7M4_T_le_eabi.lib : xexp.obj (.const)
                  20017b88    00000040     driverlib.a : flash.obj (.const:g_pulFMPPERegs)
                  20017bc8    00000040                 : flash.obj (.const:g_pulFMPRERegs)
                  20017c08    0000003c     simplelink.a : wlan.obj (.const)
                  20017c44    0000003c     app_pem4.oem4 (.const:ti_sysbios_knl_Task_Object__PARAMS__C)
                  20017c80    0000003c     app_pem4.oem4 (.const:xdc_runtime_LoggerBuf_Module__FXNS__C)
                  20017cbc    00000038     simplelink.a : driver.obj (.const:_SlActionLookupTable)
                  20017cf4    00000004     app_pem4.oem4 (.const:ti_sysbios_family_arm_m3_Hwi_E_alreadyDefined__C)
                  20017cf8    00000038     rtsv7M4_T_le_eabi.lib : xlog.obj (.const:p)
                  20017d30    00000034     simplelink.a : socket.obj (.const)
                  20017d64    00000034     app_pem4.oem4 (.const:ti_sysbios_knl_Mailbox_Object__PARAMS__C)
                  20017d98    00000030     rtsv7M4_T_le_eabi.lib : xdint.obj (.const)
                  20017dc8    00000030     app_pem4.oem4 (.const:ti_sysbios_family_arm_m3_Hwi_Object__PARAMS__C)
                  20017df8    00000030     app_pem4.oem4 (.const:xdc_runtime_Startup_sfxnTab__A)
                  20017e28    00000028     simplelink.a : netapp.obj (.const)
                  20017e50    00000028     app_pem4.oem4 (.const:ti_sysbios_heaps_HeapMem_Module__FXNS__C)
                  20017e78    00000024     driverlib.a : spi.obj (.const:g_ppulSPIIntMap)
                  20017e9c    00000024     app_pem4.oem4 (.const:ti_sysbios_gates_GateHwi_Module__FXNS__C)
                  20017ec0    00000024     app_pem4.oem4 (.const:ti_sysbios_gates_GateMutex_Module__FXNS__C)
                  20017ee4    00000024     app_pem4.oem4 (.const:ti_sysbios_heaps_HeapMem_Object__PARAMS__C)
                  20017f08    00000024     app_pem4.oem4 (.const:ti_sysbios_knl_Semaphore_Object__PARAMS__C)
                  20017f2c    00000024     app_pem4.oem4 (.const:xdc_runtime_LoggerBuf_Object__PARAMS__C)
                  20017f50    00000020     app_pem4.oem4 (.const:ti_sysbios_family_arm_m3_Hwi_Object__DESC__C)
                  20017f70    00000020     app_pem4.oem4 (.const:ti_sysbios_gates_GateHwi_Object__DESC__C)
                  20017f90    00000020     app_pem4.oem4 (.const:ti_sysbios_gates_GateMutex_Object__DESC__C)
                  20017fb0    00000020     app_pem4.oem4 (.const:ti_sysbios_heaps_HeapMem_Object__DESC__C)
                  20017fd0    00000020     app_pem4.oem4 (.const:ti_sysbios_knl_Mailbox_Object__DESC__C)
                  20017ff0    00000020     app_pem4.oem4 (.const:ti_sysbios_knl_Queue_Object__DESC__C)
                  20018010    00000020     app_pem4.oem4 (.const:ti_sysbios_knl_Semaphore_Object__DESC__C)
                  20018030    00000020     app_pem4.oem4 (.const:ti_sysbios_knl_Task_Object__DESC__C)
                  20018050    00000020     app_pem4.oem4 (.const:xdc_runtime_LoggerBuf_Object__DESC__C)
                  20018070    00000018     driverlib.a : spi.obj (.const)
                  20018088    00000018     app_pem4.oem4 (.const:ti_sysbios_gates_GateHwi_Object__PARAMS__C)
                  200180a0    00000018     app_pem4.oem4 (.const:ti_sysbios_gates_GateMutex_Object__PARAMS__C)
                  200180b8    00000018     app_pem4.oem4 (.const:ti_sysbios_knl_Queue_Object__PARAMS__C)
                  200180d0    00000018     app_pem4.oem4 (.const:xdc_runtime_Startup_sfxnRts__A)
                  200180e8    00000014     simplelink.a : device.obj (.const)
                  200180fc    00000014                  : driver.obj (.const)
                  20018110    00000011     ti.targets.arm.rtsarm.aem4 : System.oem4 (.const:.string)
                  20018121    00000001     app_pem4.oem4 (.const:xdc_runtime_Error_policy__C)
                  20018122    00000002     app_pem4.oem4 (.const:ti_sysbios_family_arm_m3_Hwi_Module__id__C)
                  20018124    00000010     driverlib.a : uart.obj (.const)
                  20018134    0000000c                 : i2c.obj (.const)
                  20018140    0000000c     app_pem4.oem4 (.const:xdc_runtime_Startup_firstFxns__A)
                  2001814c    0000000b     main.obj (.const:.string)
                  20018157    00000001     --HOLE-- [fill = 0]
                  20018158    00000008     simplelink.a : netcfg.obj (.const)
                  20018160    00000008     app_pem4.oem4 (.const:ti_sysbios_family_arm_m3_Hwi_excHookFuncs__A)
                  20018168    00000008     app_pem4.oem4 (.const:ti_sysbios_knl_Idle_funcList__C)
                  20018170    00000008     app_pem4.oem4 (.const:xdc_runtime_Startup_firstFxns__C)
                  20018178    00000008     app_pem4.oem4 (.const:xdc_runtime_Startup_lastFxns__C)
                  20018180    00000004     app_pem4.oem4 (.const:ti_sysbios_family_arm_m3_Hwi_E_busFault__C)
                  20018184    00000004     app_pem4.oem4 (.const:ti_sysbios_family_arm_m3_Hwi_E_debugMon__C)
                  20018188    00000004     app_pem4.oem4 (.const:ti_sysbios_family_arm_m3_Hwi_E_hardFault__C)
                  2001818c    00000004     app_pem4.oem4 (.const:ti_sysbios_family_arm_m3_Hwi_E_memFault__C)
                  20018190    00000004     app_pem4.oem4 (.const:ti_sysbios_family_arm_m3_Hwi_E_noIsr__C)
                  20018194    00000004     app_pem4.oem4 (.const:ti_sysbios_family_arm_m3_Hwi_E_reserved__C)
                  20018198    00000004     app_pem4.oem4 (.const:ti_sysbios_family_arm_m3_Hwi_E_svCall__C)
                  2001819c    00000004     app_pem4.oem4 (.const:ti_sysbios_family_arm_m3_Hwi_E_usageFault__C)
                  200181a0    00000004     app_pem4.oem4 (.const:ti_sysbios_family_arm_m3_Hwi_LD_end__C)
                  200181a4    00000004     app_pem4.oem4 (.const:ti_sysbios_family_arm_m3_Hwi_LM_begin__C)
                  200181a8    00000004     app_pem4.oem4 (.const:ti_sysbios_family_arm_m3_Hwi_Module__diagsEnabled__C)
                  200181ac    00000004     app_pem4.oem4 (.const:ti_sysbios_family_arm_m3_Hwi_Module__diagsIncluded__C)
                  200181b0    00000004     app_pem4.oem4 (.const:ti_sysbios_family_arm_m3_Hwi_Module__diagsMask__C)
                  200181b4    00000004     app_pem4.oem4 (.const:ti_sysbios_family_arm_m3_Hwi_Module__loggerFxn1__C)
                  200181b8    00000004     app_pem4.oem4 (.const:ti_sysbios_family_arm_m3_Hwi_Module__loggerFxn8__C)
                  200181bc    00000004     app_pem4.oem4 (.const:ti_sysbios_family_arm_m3_Hwi_Module__loggerObj__C)
                  200181c0    00000004     app_pem4.oem4 (.const:ti_sysbios_family_arm_m3_Hwi_NUM_INTERRUPTS__C)
                  200181c4    00000004     app_pem4.oem4 (.const:ti_sysbios_family_arm_m3_Hwi_Object__count__C)
                  200181c8    00000004     app_pem4.oem4 (.const:ti_sysbios_family_arm_m3_Hwi_ccr__C)
                  200181cc    00000004     app_pem4.oem4 (.const:ti_sysbios_family_arm_m3_Hwi_excHandlerFunc__C)
                  200181d0    00000004     app_pem4.oem4 (.const:ti_sysbios_family_arm_m3_Hwi_excHookFuncs__C)
                  200181d4    00000004     app_pem4.oem4 (.const:ti_sysbios_family_arm_m3_Hwi_nullIsrFunc__C)
                  200181d8    00000004     app_pem4.oem4 (.const:ti_sysbios_family_arm_m3_Hwi_priGroup__C)
                  200181dc    00000004     app_pem4.oem4 (.const:ti_sysbios_family_arm_m3_TaskSupport_stackAlignment__C)
                  200181e0    00000004     app_pem4.oem4 (.const:ti_sysbios_family_arm_m3_Timer_E_cannotSupport__C)
                  200181e4    00000004     app_pem4.oem4 (.const:ti_sysbios_family_arm_m3_Timer_startupNeeded__C)
                  200181e8    00000004     app_pem4.oem4 (.const:ti_sysbios_gates_GateMutex_A_badContext__C)
                  200181ec    00000004     app_pem4.oem4 (.const:ti_sysbios_gates_GateMutex_Instance_State_sem__O)
                  200181f0    00000004     app_pem4.oem4 (.const:ti_sysbios_gates_GateMutex_Module__diagsEnabled__C)
                  200181f4    00000004     app_pem4.oem4 (.const:ti_sysbios_gates_GateMutex_Module__diagsIncluded__C)
                  200181f8    00000004     app_pem4.oem4 (.const:ti_sysbios_gates_GateMutex_Module__diagsMask__C)
                  200181fc    00000004     app_pem4.oem4 (.const:ti_sysbios_hal_Hwi_E_stackOverflow__C)
                  20018200    00000004     app_pem4.oem4 (.const:ti_sysbios_heaps_HeapMem_A_align__C)
                  20018204    00000004     app_pem4.oem4 (.const:ti_sysbios_heaps_HeapMem_A_heapSize__C)
                  20018208    00000004     app_pem4.oem4 (.const:ti_sysbios_heaps_HeapMem_A_invalidFree__C)
                  2001820c    00000004     app_pem4.oem4 (.const:ti_sysbios_heaps_HeapMem_A_zeroBlock__C)
                  20018210    00000004     app_pem4.oem4 (.const:ti_sysbios_heaps_HeapMem_E_memory__C)
                  20018214    00000004     app_pem4.oem4 (.const:ti_sysbios_heaps_HeapMem_Module__diagsEnabled__C)
                  20018218    00000004     app_pem4.oem4 (.const:ti_sysbios_heaps_HeapMem_Module__diagsIncluded__C)
                  2001821c    00000004     app_pem4.oem4 (.const:ti_sysbios_heaps_HeapMem_Module__diagsMask__C)
                  20018220    00000004     app_pem4.oem4 (.const:ti_sysbios_heaps_HeapMem_Module__gateObj__C)
                  20018224    00000004     app_pem4.oem4 (.const:ti_sysbios_heaps_HeapMem_Object__count__C)
                  20018228    00000004     app_pem4.oem4 (.const:ti_sysbios_heaps_HeapMem_reqAlign__C)
                  2001822c    00000004     app_pem4.oem4 (.const:ti_sysbios_knl_Clock_LM_begin__C)
                  20018230    00000004     app_pem4.oem4 (.const:ti_sysbios_knl_Clock_LM_tick__C)
                  20018234    00000004     app_pem4.oem4 (.const:ti_sysbios_knl_Clock_LW_delayed__C)
                  20018238    00000004     app_pem4.oem4 (.const:ti_sysbios_knl_Clock_Module_State_clockQ__O)
                  2001823c    00000004     app_pem4.oem4 (.const:ti_sysbios_knl_Clock_Module__diagsEnabled__C)
                  20018240    00000004     app_pem4.oem4 (.const:ti_sysbios_knl_Clock_Module__diagsIncluded__C)
                  20018244    00000004     app_pem4.oem4 (.const:ti_sysbios_knl_Clock_Module__diagsMask__C)
                  20018248    00000004     app_pem4.oem4 (.const:ti_sysbios_knl_Clock_Module__loggerFxn1__C)
                  2001824c    00000004     app_pem4.oem4 (.const:ti_sysbios_knl_Clock_Module__loggerFxn2__C)
                  20018250    00000004     app_pem4.oem4 (.const:ti_sysbios_knl_Clock_Module__loggerObj__C)
                  20018254    00000004     app_pem4.oem4 (.const:ti_sysbios_knl_Clock_tickPeriod__C)
                  20018258    00000004     app_pem4.oem4 (.const:ti_sysbios_knl_Idle_funcList__A)
                  2001825c    00000004     app_pem4.oem4 (.const:ti_sysbios_knl_Mailbox_A_invalidBufSize__C)
                  20018260    00000004     app_pem4.oem4 (.const:ti_sysbios_knl_Mailbox_Instance_State_dataQue__O)
                  20018264    00000004     app_pem4.oem4 (.const:ti_sysbios_knl_Mailbox_Instance_State_dataSem__O)
                  20018268    00000004     app_pem4.oem4 (.const:ti_sysbios_knl_Mailbox_Instance_State_freeQue__O)
                  2001826c    00000004     app_pem4.oem4 (.const:ti_sysbios_knl_Mailbox_Instance_State_freeSem__O)
                  20018270    00000004     app_pem4.oem4 (.const:ti_sysbios_knl_Mailbox_Module__diagsEnabled__C)
                  20018274    00000004     app_pem4.oem4 (.const:ti_sysbios_knl_Mailbox_Module__diagsIncluded__C)
                  20018278    00000004     app_pem4.oem4 (.const:ti_sysbios_knl_Mailbox_Module__diagsMask__C)
                  2001827c    00000004     app_pem4.oem4 (.const:ti_sysbios_knl_Mailbox_Object__count__C)
                  20018280    00000004     app_pem4.oem4 (.const:ti_sysbios_knl_Mailbox_maxTypeAlign__C)
                  20018284    00000004     app_pem4.oem4 (.const:ti_sysbios_knl_Semaphore_A_badContext__C)
                  20018288    00000004     app_pem4.oem4 (.const:ti_sysbios_knl_Semaphore_A_noEvents__C)
                  2001828c    00000004     app_pem4.oem4 (.const:ti_sysbios_knl_Semaphore_A_overflow__C)
                  20018290    00000004     app_pem4.oem4 (.const:ti_sysbios_knl_Semaphore_A_pendTaskDisabled__C)
                  20018294    00000004     app_pem4.oem4 (.const:ti_sysbios_knl_Semaphore_Instance_State_pendQ__O)
                  20018298    00000004     app_pem4.oem4 (.const:ti_sysbios_knl_Semaphore_LM_pend__C)
                  2001829c    00000004     app_pem4.oem4 (.const:ti_sysbios_knl_Semaphore_LM_post__C)
                  200182a0    00000004     app_pem4.oem4 (.const:ti_sysbios_knl_Semaphore_Module__diagsEnabled__C)
                  200182a4    00000004     app_pem4.oem4 (.const:ti_sysbios_knl_Semaphore_Module__diagsIncluded__C)
                  200182a8    00000004     app_pem4.oem4 (.const:ti_sysbios_knl_Semaphore_Module__diagsMask__C)
                  200182ac    00000004     app_pem4.oem4 (.const:ti_sysbios_knl_Semaphore_Module__loggerFxn2__C)
                  200182b0    00000004     app_pem4.oem4 (.const:ti_sysbios_knl_Semaphore_Module__loggerFxn4__C)
                  200182b4    00000004     app_pem4.oem4 (.const:ti_sysbios_knl_Semaphore_Module__loggerObj__C)
                  200182b8    00000004     app_pem4.oem4 (.const:ti_sysbios_knl_Swi_LD_end__C)
                  200182bc    00000004     app_pem4.oem4 (.const:ti_sysbios_knl_Swi_LM_begin__C)
                  200182c0    00000004     app_pem4.oem4 (.const:ti_sysbios_knl_Swi_LM_post__C)
                  200182c4    00000004     app_pem4.oem4 (.const:ti_sysbios_knl_Swi_Module__diagsEnabled__C)
                  200182c8    00000004     app_pem4.oem4 (.const:ti_sysbios_knl_Swi_Module__diagsIncluded__C)
                  200182cc    00000004     app_pem4.oem4 (.const:ti_sysbios_knl_Swi_Module__diagsMask__C)
                  200182d0    00000004     app_pem4.oem4 (.const:ti_sysbios_knl_Swi_Module__loggerFxn1__C)
                  200182d4    00000004     app_pem4.oem4 (.const:ti_sysbios_knl_Swi_Module__loggerFxn4__C)
                  200182d8    00000004     app_pem4.oem4 (.const:ti_sysbios_knl_Swi_Module__loggerObj__C)
                  200182dc    00000004     app_pem4.oem4 (.const:ti_sysbios_knl_Swi_Object__count__C)
                  200182e0    00000004     app_pem4.oem4 (.const:ti_sysbios_knl_Task_A_badPriority__C)
                  200182e4    00000004     app_pem4.oem4 (.const:ti_sysbios_knl_Task_A_badTaskState__C)
                  200182e8    00000004     app_pem4.oem4 (.const:ti_sysbios_knl_Task_A_badThreadType__C)
                  200182ec    00000004     app_pem4.oem4 (.const:ti_sysbios_knl_Task_A_badTimeout__C)
                  200182f0    00000004     app_pem4.oem4 (.const:ti_sysbios_knl_Task_A_noPendElem__C)
                  200182f4    00000004     app_pem4.oem4 (.const:ti_sysbios_knl_Task_A_sleepTaskDisabled__C)
                  200182f8    00000004     app_pem4.oem4 (.const:ti_sysbios_knl_Task_E_spOutOfBounds__C)
                  200182fc    00000004     app_pem4.oem4 (.const:ti_sysbios_knl_Task_E_stackOverflow__C)
                  20018300    00000004     app_pem4.oem4 (.const:ti_sysbios_knl_Task_LD_block__C)
                  20018304    00000004     app_pem4.oem4 (.const:ti_sysbios_knl_Task_LD_exit__C)
                  20018308    00000004     app_pem4.oem4 (.const:ti_sysbios_knl_Task_LD_ready__C)
                  2001830c    00000004     app_pem4.oem4 (.const:ti_sysbios_knl_Task_LM_sleep__C)
                  20018310    00000004     app_pem4.oem4 (.const:ti_sysbios_knl_Task_LM_switch__C)
                  20018314    00000004     app_pem4.oem4 (.const:ti_sysbios_knl_Task_Module_State_inactiveQ__O)
                  20018318    00000004     app_pem4.oem4 (.const:ti_sysbios_knl_Task_Module__diagsEnabled__C)
                  2001831c    00000004     app_pem4.oem4 (.const:ti_sysbios_knl_Task_Module__diagsIncluded__C)
                  20018320    00000004     app_pem4.oem4 (.const:ti_sysbios_knl_Task_Module__diagsMask__C)
                  20018324    00000004     app_pem4.oem4 (.const:ti_sysbios_knl_Task_Module__loggerFxn2__C)
                  20018328    00000004     app_pem4.oem4 (.const:ti_sysbios_knl_Task_Module__loggerFxn4__C)
                  2001832c    00000004     app_pem4.oem4 (.const:ti_sysbios_knl_Task_Module__loggerObj__C)
                  20018330    00000004     app_pem4.oem4 (.const:ti_sysbios_knl_Task_Object__count__C)
                  20018334    00000004     app_pem4.oem4 (.const:ti_sysbios_knl_Task_allBlockedFunc__C)
                  20018338    00000004     app_pem4.oem4 (.const:ti_sysbios_knl_Task_defaultStackHeap__C)
                  2001833c    00000004     app_pem4.oem4 (.const:ti_sysbios_knl_Task_defaultStackSize__C)
                  20018340    00000004     app_pem4.oem4 (.const:ti_sysbios_knl_Task_numConstructedTasks__C)
                  20018344    00000004     app_pem4.oem4 (.const:xdc_runtime_Assert_E_assertFailed__C)
                  20018348    00000004     app_pem4.oem4 (.const:xdc_runtime_Core_A_initializedParams__C)
                  2001834c    00000004     app_pem4.oem4 (.const:xdc_runtime_Core_Module__diagsEnabled__C)
                  20018350    00000004     app_pem4.oem4 (.const:xdc_runtime_Core_Module__diagsIncluded__C)
                  20018354    00000004     app_pem4.oem4 (.const:xdc_runtime_Core_Module__diagsMask__C)
                  20018358    00000004     app_pem4.oem4 (.const:xdc_runtime_Error_E_memory__C)
                  2001835c    00000004     app_pem4.oem4 (.const:xdc_runtime_Error_Module__diagsEnabled__C)
                  20018360    00000004     app_pem4.oem4 (.const:xdc_runtime_Error_Module__diagsIncluded__C)
                  20018364    00000004     app_pem4.oem4 (.const:xdc_runtime_Error_Module__diagsMask__C)
                  20018368    00000004     app_pem4.oem4 (.const:xdc_runtime_Error_Module__loggerFxn8__C)
                  2001836c    00000004     app_pem4.oem4 (.const:xdc_runtime_Error_Module__loggerObj__C)
                  20018370    00000004     app_pem4.oem4 (.const:xdc_runtime_Error_policyFxn__C)
                  20018374    00000004     app_pem4.oem4 (.const:xdc_runtime_Error_raiseHook__C)
                  20018378    00000004     app_pem4.oem4 (.const:xdc_runtime_IFilterLogger_Interface__BASE__C)
                  2001837c    00000004     app_pem4.oem4 (.const:xdc_runtime_IGateProvider_Interface__BASE__C)
                  20018380    00000004     app_pem4.oem4 (.const:xdc_runtime_IHeap_Interface__BASE__C)
                  20018384    00000004     app_pem4.oem4 (.const:xdc_runtime_ILogger_Interface__BASE__C)
                  20018388    00000004     app_pem4.oem4 (.const:xdc_runtime_IModule_Interface__BASE__C)
                  2001838c    00000004     app_pem4.oem4 (.const:xdc_runtime_Log_L_error__C)
                  20018390    00000004     app_pem4.oem4 (.const:xdc_runtime_LoggerBuf_E_badLevel__C)
                  20018394    00000004     app_pem4.oem4 (.const:xdc_runtime_LoggerBuf_Module__gateObj__C)
                  20018398    00000004     app_pem4.oem4 (.const:xdc_runtime_LoggerBuf_Object__count__C)
                  2001839c    00000004     app_pem4.oem4 (.const:xdc_runtime_LoggerBuf_statusLogger__C)
                  200183a0    00000004     app_pem4.oem4 (.const:xdc_runtime_Memory_defaultHeapInstance__C)
                  200183a4    00000004     app_pem4.oem4 (.const:xdc_runtime_Startup_execImpl__C)
                  200183a8    00000004     app_pem4.oem4 (.const:xdc_runtime_Startup_maxPasses__C)
                  200183ac    00000004     app_pem4.oem4 (.const:xdc_runtime_Startup_sfxnRts__C)
                  200183b0    00000004     app_pem4.oem4 (.const:xdc_runtime_Startup_sfxnTab__C)
                  200183b4    00000004     app_pem4.oem4 (.const:xdc_runtime_SysMin_bufSize__C)
                  200183b8    00000004     app_pem4.oem4 (.const:xdc_runtime_SysMin_outputFunc__C)
                  200183bc    00000004     app_pem4.oem4 (.const:xdc_runtime_System_Module__gateObj__C)
                  200183c0    00000004     app_pem4.oem4 (.const:xdc_runtime_System_abortFxn__C)
                  200183c4    00000004     app_pem4.oem4 (.const:xdc_runtime_System_exitFxn__C)
                  200183c8    00000004     app_pem4.oem4 (.const:xdc_runtime_System_extendFxn__C)
                  200183cc    00000004     app_pem4.oem4 (.const:xdc_runtime_System_maxAtexitHandlers__C)
                  200183d0    00000004     app_pem4.oem4 (.const:xdc_runtime_Text_charTab__C)
                  200183d4    00000004     app_pem4.oem4 (.const:xdc_runtime_Text_nameEmpty__C)
                  200183d8    00000004     app_pem4.oem4 (.const:xdc_runtime_Text_nameStatic__C)
                  200183dc    00000004     app_pem4.oem4 (.const:xdc_runtime_Text_nameUnknown__C)
                  200183e0    00000004     app_pem4.oem4 (.const:xdc_runtime_Text_nodeTab__C)
                  200183e4    00000004     app_pem4.oem4 (.const:xdc_runtime_Text_visitRopeFxn__C)
                  200183e8    00000002     app_pem4.oem4 (.const:ti_sysbios_family_arm_m3_Hwi_Module__loggerDefined__C)
                  200183ea    00000002     app_pem4.oem4 (.const:ti_sysbios_family_arm_m3_Timer_Module__id__C)
                  200183ec    00000002     app_pem4.oem4 (.const:ti_sysbios_family_arm_m3_TimestampProvider_configTimer__C)
                  200183ee    00000002     app_pem4.oem4 (.const:ti_sysbios_gates_GateMutex_Module__id__C)
                  200183f0    00000002     app_pem4.oem4 (.const:ti_sysbios_hal_Hwi_Module__id__C)
                  200183f2    00000002     app_pem4.oem4 (.const:ti_sysbios_heaps_HeapMem_Module__id__C)
                  200183f4    00000002     app_pem4.oem4 (.const:ti_sysbios_knl_Clock_Module__id__C)
                  200183f6    00000002     app_pem4.oem4 (.const:ti_sysbios_knl_Clock_Module__loggerDefined__C)
                  200183f8    00000002     app_pem4.oem4 (.const:ti_sysbios_knl_Mailbox_Module__id__C)
                  200183fa    00000002     app_pem4.oem4 (.const:ti_sysbios_knl_Semaphore_Module__id__C)
                  200183fc    00000002     app_pem4.oem4 (.const:ti_sysbios_knl_Semaphore_Module__loggerDefined__C)
                  200183fe    00000002     app_pem4.oem4 (.const:ti_sysbios_knl_Swi_Module__id__C)
                  20018400    00000002     app_pem4.oem4 (.const:ti_sysbios_knl_Swi_Module__loggerDefined__C)
                  20018402    00000002     app_pem4.oem4 (.const:ti_sysbios_knl_Task_Module__id__C)
                  20018404    00000002     app_pem4.oem4 (.const:ti_sysbios_knl_Task_Module__loggerDefined__C)
                  20018406    00000002     app_pem4.oem4 (.const:ti_sysbios_knl_Task_initStackFlag__C)
                  20018408    00000002     app_pem4.oem4 (.const:xdc_runtime_Core_Module__id__C)
                  2001840a    00000002     app_pem4.oem4 (.const:xdc_runtime_Error_Module__loggerDefined__C)
                  2001840c    00000002     app_pem4.oem4 (.const:xdc_runtime_Error_maxDepth__C)
                  2001840e    00000002     app_pem4.oem4 (.const:xdc_runtime_LoggerBuf_Module__id__C)
                  20018410    00000002     app_pem4.oem4 (.const:xdc_runtime_LoggerBuf_filterByLevel__C)
                  20018412    00000002     app_pem4.oem4 (.const:xdc_runtime_Memory_Module__id__C)
                  20018414    00000002     app_pem4.oem4 (.const:xdc_runtime_SysMin_flushAtExit__C)
                  20018416    00000002     app_pem4.oem4 (.const:xdc_runtime_Text_charCnt__C)
                  20018418    00000002     app_pem4.oem4 (.const:xdc_runtime_Text_isLoaded__C)
                  2001841a    00000002     app_pem4.oem4 (.const:xdc_runtime_Text_registryModsLastId__C)
                  2001841c    00000002     app_pem4.oem4 (.const:xdc_runtime_Text_unnamedModsLastId__C)

.cinit     0    20018420    000003f8     
                  20018420    000003d4     (.cinit..data.load) [load image, compression = rle]
                  200187f4    0000000c     (__TI_handler_table)
                  20018800    00000008     (.cinit..bss.load) [load image, compression = zero_init]
                  20018808    00000010     (__TI_cinit_table)

.bss       0    2001d000    00009613     UNINITIALIZED
                  2001d000    00008000     app_pem4.oem4 (.bss:ti_sysbios_heaps_HeapMem_Instance_State_0_buf__A)
                  20025000    00000800     app_pem4.oem4 (.bss:taskStackSection)
                  20025800    00000400     app_pem4.oem4 (.bss:xdc_runtime_LoggerBuf_Instance_State_0_entryArr__A)
                  20025c00    00000400     app_pem4.oem4 (.bss:xdc_runtime_SysMin_Module_State_0_outbuf__A)
                  20026000    0000030c     app_pem4.oem4 (.bss:ti_sysbios_family_arm_m3_Hwi_dispatchTable)
                  2002630c    00000178     simplelink.a : driver.obj (.bss:g_StatMem)
                  20026484    00000120     rtsv7M4_T_le_eabi.lib : trgmsg.obj (.bss:__CIOBUF_)
                  200265a4    00000050     simplelink.a : cc_pal.obj (.bss:g_ucDinDout)
                  200265f4    00000008     (.common:parmbuf)
                  200265fc    00000004     (.common:DMAMsgQ)
                  20026600    00000004     (.common:SimpleLinkSpawnTaskHndl)
                  20026604    00000004     (.common:__Errorlog)
                  20026608    00000004     (.common:g_cDummy)
                  2002660c    00000004     (.common:simpleLink_mailbox)
                  20026610    00000001     (.common:g_ucLED1Pin)
                  20026611    00000001     (.common:g_ucLED2Pin)
                  20026612    00000001     (.common:g_ucLED3Pin)

.data      0    20026618    00000644     UNINITIALIZED
                  20026618    00000138     app_pem4.oem4 (.data)
                  20026750    000000b0     rtsv7M4_T_le_eabi.lib : signal.obj (.data:sigtable)
                  20026800    00000080                           : xvalues.obj (.data)
                  20026880    00000080     app_pem4.oem4 (.data:ti_sysbios_knl_Swi_Module_State_0_readyQ__A)
                  20026900    00000080     app_pem4.oem4 (.data:ti_sysbios_knl_Task_Module_State_0_readyQ__A)
                  20026980    00000068     rtsv7M4_T_le_eabi.lib : xfvalues.obj (.data)
                  200269e8    0000004c     app_pem4.oem4 (.data:ti_sysbios_knl_Task_Object__table__V)
                  20026a34    00000045     main.obj (.data)
                  20026a79    00000003     --HOLE--
                  20026a7c    00000044     app_pem4.oem4 (.data:ti_sysbios_knl_Task_Module__state__V)
                  20026ac0    00000038     app_pem4.oem4 (.data:ti_sysbios_gates_GateMutex_Object__table__V)
                  20026af8    00000034     app_pem4.oem4 (.data:ti_sysbios_family_arm_m3_Hwi_Module__state__V)
                  20026b2c    00000030     app_pem4.oem4 (.data:ti_sysbios_family_arm_m3_Timer_Object__table__V)
                  20026b5c    00000030     app_pem4.oem4 (.data:ti_sysbios_knl_Swi_Object__table__V)
                  20026b8c    0000002c     app_pem4.oem4 (.data:ti_sysbios_knl_Clock_Module__state__V)
                  20026bb8    00000024     app_pem4.oem4 (.data:ti_sysbios_BIOS_Module__state__V)
                  20026bdc    00000024     app_pem4.oem4 (.data:xdc_runtime_LoggerBuf_Object__table__V)
                  20026c00    0000001c     gpio_if.obj (.data)
                  20026c1c    00000010     simplelink.a : cc_pal.obj (.data)
                  20026c2c    00000008     device_status.obj (.data)
                  20026c34    00000008     rtsv7M4_T_le_eabi.lib : _lock.obj (.data)
                  20026c3c    00000008                           : exit.obj (.data)
                  20026c44    00000008                           : feraiseexcept.obj (.data)
                  20026c4c    00000008     simplelink.a : driver.obj (.data)
                  20026c54    00000004     rtsv7M4_T_le_eabi.lib : errno.obj (.data)
                  20026c58    00000004                           : stkdepth_vars.obj (.data)

.stack     0    2002e000    00002000     UNINITIALIZED
                  2002e000    00002000     --HOLE--


LINKER GENERATED COPY TABLES

__TI_cinit_table @ 20018808 records: 2, size/record: 8, table size: 16
	.data: load addr=20018420, load size=000003d4 bytes, run addr=20026618, run size=00000644 bytes, compression=rle
	.bss: load addr=20018800, load size=00000008 bytes, run addr=2001d000, run size=00009613 bytes, compression=zero_init


LINKER GENERATED HANDLER TABLE

__TI_handler_table @ 200187f4 records: 3, size/record: 4, table size: 12
	index: 0, handler: __TI_decompress_rle24
	index: 1, handler: __TI_decompress_none
	index: 2, handler: __TI_zero_init


GLOBAL SYMBOLS: SORTED ALPHABETICALLY BY Name 

address    name
--------   ----
200106c3   BMA222Close
200106ab   BMA222Open
200106c7   BMA222Read
20010743   BMA222ReadNew
20010675   BlockRead
20014731   C$$EXIT
20013dff   C$$IO$$
20013fa9   CPUbasepriGet
20013f93   CPUbasepriSet
20013f55   CPUcpsid
20013f73   CPUcpsie
20013f69   CPUprimask
20013f87   CPUwfi
2001047d   ClearTerm
2000a789   ConnectToNetwork
200129e5   ConnectionTest
200082d9   CopyPingResultsToReport
200265fc   DMAMsgQ
2000b1fd   DmaSpiSwIntHandler
20010487   Error
2000e7dd   FlashDisable
2000e813   FlashErase
2000e84d   FlashEraseNonBlocking
2000ea89   FlashIntClear
2000ea59   FlashIntDisable
2000ea45   FlashIntEnable
2000ea21   FlashIntRegister
2000ea6d   FlashIntStatus
2000ea35   FlashIntUnregister
2000e86b   FlashMassErase
2000e897   FlashMassEraseNonBlocking
2000e8a7   FlashProgram
2000e929   FlashProgramNonBlocking
2000e9ab   FlashProtectGet
20026a4a   GET_token_ACC
20026a3f   GET_token_TEMP
20026a55   GET_token_UIC
2000e46f   GPIODMATriggerDisable
2000e417   GPIODMATriggerEnable
2000e223   GPIODirModeGet
2000e1ed   GPIODirModeSet
2000e393   GPIOIntClear
2000e357   GPIOIntDisable
2000e33d   GPIOIntEnable
2000e3a7   GPIOIntRegister
2000e371   GPIOIntStatus
2000e2d7   GPIOIntTypeGet
2000e255   GPIOIntTypeSet
2000e3c5   GPIOIntUnregister
2000e3df   GPIOPinRead
2000e3f7   GPIOPinWrite
2000da25   GPIO_IF_ConfigureNIntEnable
2000daa1   GPIO_IF_Get
2000d9df   GPIO_IF_GetPortNPin
2000d7a1   GPIO_IF_LedConfigure
2000d893   GPIO_IF_LedOff
2000d7df   GPIO_IF_LedOn
2000d947   GPIO_IF_LedStatus
2000d9b1   GPIO_IF_LedToggle
2000da67   GPIO_IF_Set
200104bf   GetCmd
20010611   GetRegisterValue
2000bcc1   GetStartResponseConvert
2000f04d   HOSTclock
2000f015   HOSTclose
2000efd7   HOSTgetenv
2000ef7b   HOSTlseek
2000ef29   HOSTopen
2000eedd   HOSTread
2000ee7f   HOSTrename
2000ee45   HOSTtime
2000ee0d   HOSTunlink
2000edc1   HOSTwrite
2000b5a9   HostIntHanlder
2000b079   I2CFIFODataGet
2000b093   I2CFIFODataGetNonBlocking
2000b02f   I2CFIFODataPut
2000b051   I2CFIFODataPutNonBlocking
2000b01f   I2CFIFOStatus
2000ac21   I2CIntRegister
2000ac3f   I2CIntUnregister
2000b0cf   I2CMasterBurstCountGet
2000b0b9   I2CMasterBurstLengthSet
2000ae77   I2CMasterBusBusy
2000ae5f   I2CMasterBusy
2000ae8f   I2CMasterControl
2000aee3   I2CMasterDataGet
2000aecd   I2CMasterDataPut
2000abed   I2CMasterDisable
2000abb9   I2CMasterEnable
2000aea1   I2CMasterErr
2000b0dd   I2CMasterGlitchFilterConfigSet
2000aaef   I2CMasterInitExpClk
2000add9   I2CMasterIntClear
2000adef   I2CMasterIntClearEx
2000acb3   I2CMasterIntDisable
2000acc3   I2CMasterIntDisableEx
2000ac59   I2CMasterIntEnable
2000ac69   I2CMasterIntEnableEx
2000ad0d   I2CMasterIntStatus
2000ad47   I2CMasterIntStatusEx
2000ae51   I2CMasterLineStateGet
2000ae2f   I2CMasterSlaveAddrSet
2000aef1   I2CMasterTimeoutSet
2000afdf   I2CRxFIFOConfigSet
2000b007   I2CRxFIFOFlush
2000af03   I2CSlaveACKOverride
2000af35   I2CSlaveACKValueSet
2000ab7b   I2CSlaveAddressSet
2000af8f   I2CSlaveDataGet
2000af77   I2CSlaveDataPut
2000ac03   I2CSlaveDisable
2000abcf   I2CSlaveEnable
2000b10d   I2CSlaveFIFODisable
2000b0f5   I2CSlaveFIFOEnable
2000ab61   I2CSlaveInit
2000ae09   I2CSlaveIntClear
2000ae1b   I2CSlaveIntClearEx
2000acdb   I2CSlaveIntDisable
2000acf3   I2CSlaveIntDisableEx
2000ac81   I2CSlaveIntEnable
2000ac99   I2CSlaveIntEnableEx
2000ad6d   I2CSlaveIntStatus
2000adb1   I2CSlaveIntStatusEx
2000af67   I2CSlaveStatus
2000af9f   I2CTxFIFOConfigSet
2000afc7   I2CTxFIFOFlush
2000f30d   I2C_IF_Close
2000f2c5   I2C_IF_Open
2000f1bf   I2C_IF_Read
2000f27b   I2C_IF_ReadFrom
2000f109   I2C_IF_Write
2001043d   InitTerm
2000dcb5   IntDisable
2000dc1b   IntEnable
2000db05   IntMasterDisable
2000dafb   IntMasterEnable
2000dddd   IntPendClear
2000dd4f   IntPendSet
2000dbf7   IntPriorityGet
2000db6f   IntPriorityGroupingGet
2000db55   IntPriorityGroupingSet
2000de41   IntPriorityMaskGet
2000de35   IntPriorityMaskSet
2000dba7   IntPrioritySet
2000db1f   IntRegister
2000db3b   IntUnregister
2000db0f   IntVTableBaseSet
20015d8b   LoggerBuf_instanceStartup
2001045b   Message
2000b5ef   NwpMaskInterrupt
2000b6b5   NwpPowerOff
2000b685   NwpPowerOn
2000b615   NwpPowerOnPreamble
2000b5bd   NwpRegisterInterruptHandler
2000b5fd   NwpUnMaskInterrupt
20026a34   POST_token
20009a55   PRCMCC3200MCUInit
2000948d   PRCMDeepSleepEnter
20009657   PRCMHibernateEnter
20009591   PRCMHibernateIntervalSet
20009605   PRCMHibernateWakeUpGPIOSelect
20009575   PRCMHibernateWakeupCauseGet
2000954f   PRCMHibernateWakeupSourceDisable
20009529   PRCMHibernateWakeupSourceEnable
20009373   PRCMI2SClockFreqSet
20009799   PRCMIntDisable
20009765   PRCMIntEnable
2000973d   PRCMIntRegister
200097bd   PRCMIntStatus
20009751   PRCMIntUnregister
200093db   PRCMLPDSEnter
20009447   PRCMLPDSIntervalSet
200093c3   PRCMLPDSRestoreInfoSet
20009469   PRCMLPDSWakeUpGPIOSelect
20009441   PRCMLPDSWakeupCauseGet
2000942d   PRCMLPDSWakeupSourceDisable
2000940b   PRCMLPDSWakeupSourceEnable
200091ed   PRCMMCUReset
20009723   PRCMOCRRegisterRead
20009709   PRCMOCRRegisterWrite
2000925d   PRCMPeripheralClkDisable
20009231   PRCMPeripheralClkEnable
2000927d   PRCMPeripheralClockGet
200092fb   PRCMPeripheralReset
20009349   PRCMPeripheralStatusGet
20009885   PRCMRTCGet
200097d5   PRCMRTCInUseGet
200097c3   PRCMRTCInUseSet
200099b9   PRCMRTCMatchGet
2000991d   PRCMRTCMatchSet
200097f5   PRCMRTCSet
200091e1   PRCMSOCReset
200094f5   PRCMSRAMRetentionDisable
200094bd   PRCMSRAMRetentionEnable
20009485   PRCMSleepEnter
20009667   PRCMSlowClkCtrGet
200096c9   PRCMSlowClkCtrMatchGet
200096a1   PRCMSlowClkCtrMatchSet
2000920d   PRCMSysResetCauseGet
2000f3e5   PinConfigGet
2000f423   PinConfigSet
2000f3bb   PinDirModeGet
2000f387   PinDirModeSet
2000f35d   PinModeGet
2000f325   PinModeSet
2001393d   PinMuxConfig
2000f56d   PinTypeADC
2000f523   PinTypeCamera
2000f53d   PinTypeGPIO
2000f4b9   PinTypeI2C
2000f4ef   PinTypeI2S
2000f581   PinTypeSDHost
2000f4d5   PinTypeSPI
2000f509   PinTypeTimer
2000f49f   PinTypeUART
2000a481   ReadAccSensor
20010551   Report
UNDEFED    SHT$$INIT_ARRAY$$Base
UNDEFED    SHT$$INIT_ARRAY$$Limit
20007be9   SL_FD_CLR
20007c0d   SL_FD_ISSET
20007bcb   SL_FD_SET
20007c31   SL_FD_ZERO
2000a251   SPICSDisable
2000a239   SPICSEnable
20009ec9   SPIConfigSetExpClk
20009f97   SPIDataGet
20009f6d   SPIDataGetNonBlocking
20009fdf   SPIDataPut
20009fb7   SPIDataPutNonBlocking
20009e5b   SPIDisable
20009e8d   SPIDmaDisable
20009e73   SPIDmaEnable
20009e43   SPIEnable
2000a017   SPIFIFODisable
20009ffd   SPIFIFOEnable
2000a065   SPIFIFOLevelGet
2000a031   SPIFIFOLevelSet
2000a1fb   SPIIntClear
2000a143   SPIIntDisable
2000a0ff   SPIIntEnable
2000a0c1   SPIIntRegister
2000a18d   SPIIntStatus
2000a0e5   SPIIntUnregister
20009ea7   SPIReset
2000a269   SPITransfer
2000a099   SPIWordCountSet
2001063b   SetRegisterValue
2000b21b   SetupDMAReceive
2000b295   SetupDMASend
2000a579   SimpleLinkHttpServerCallback
2000a36f   SimpleLinkNetAppEventHandler
200129cd   SimpleLinkPingReport
2000a3cd   SimpleLinkSockEventHandler
20026600   SimpleLinkSpawnTaskHndl
2000a309   SimpleLinkWlanEventHandler
20014b85   SmartConfigConnect
20014bb7   SmartConfigStop
2000d62b   TMP006DrvGetTemp
2000d3e5   TMP006DrvOpen
200269e8   TSK_idle
2000ce51   UARTBreakCtl
2000ce7b   UARTBusy
2000cdf9   UARTCharGet
2000cddd   UARTCharGetNonBlocking
2000ce33   UARTCharPut
2000ce0f   UARTCharPutNonBlocking
2000cda3   UARTCharsAvail
2000cc15   UARTConfigGetExpClk
2000cb9f   UARTConfigSetExpClk
2000cf43   UARTDMADisable
2000cf2b   UARTDMAEnable
2000cc85   UARTDisable
2000cc61   UARTEnable
2000ccc5   UARTFIFODisable
2000ccaf   UARTFIFOEnable
2000cb77   UARTFIFOLevelGet
2000cb5f   UARTFIFOLevelSet
2000cd63   UARTFlowControlGet
2000cd47   UARTFlowControlSet
2000cf19   UARTIntClear
2000cee3   UARTIntDisable
2000cecb   UARTIntEnable
2000ce93   UARTIntRegister
2000cefb   UARTIntStatus
2000ceb1   UARTIntUnregister
2000ccff   UARTModemControlClear
2000cd23   UARTModemControlGet
2000ccdb   UARTModemControlSet
2000cd35   UARTModemStatusGet
2000cb4d   UARTParityModeGet
2000cb31   UARTParityModeSet
2000cf71   UARTRxErrorClear
2000cf5b   UARTRxErrorGet
2000cdbb   UARTSpaceAvail
2000cd91   UARTTxIntModeGet
2000cd75   UARTTxIntModeSet
20015d55   UtilsDelay
2000baf1   VDeleteSimpleLinkSpawnTask
2000ba99   VStartSimpleLinkSpawnTask
20015c67   _Dclass
20026800   _Denorm
20012605   _Dint
200126c9   _Dnorm
20011bc1   _Dscale
20014775   _Dtest
20013ca7   _Dunscale
20026810   _Eps
20026c54   _Errno
2000fe55   _Exp
20026980   _FDenorm
20026990   _FEps
200269a0   _FInf
200269b0   _FNan
200269d0   _FRteps
200269c0   _FSnan
200269e0   _FXbig
200269e4   _FZero
20026c44   _Fenv
20014f8d   _Feraise
20026820   _Hugeval
20026830   _Inf
2000eadd   _Log
20026840   _Nan
20026860   _Rteps
[...]
20015cd9   ti_sysbios_knl_Task_Params__init__S
20015ce5   xdc_runtime_Error_init__E
20015cf1   xdc_runtime_Gate_enterSystem__E
20015cfd   xdc_runtime_Memory_calloc__E
20015d09   xdc_runtime_Memory_getMaxDefaultTypeAlign__E
20015d29   xdc_runtime_LoggerBuf_disable__E
20015d33   xdc_runtime_LoggerBuf_enable__E
20015d3d   ti_sysbios_family_arm_m3_Hwi_doSwiRestore__I
20015d45   ti_sysbios_family_arm_m3_Hwi_startup__E
20015d45   ti_sysbios_hal_Hwi_HwiProxy_startup__E
20015d45   ti_sysbios_hal_Hwi_startup__E
20015d4d   ti_sysbios_knl_Idle_loop__E
20015d55   UtilsDelay
20015d5b   __xdc__init
20015d61   __TI_decompress_rle24
20015d67   log
20015d6d   ti_sysbios_family_arm_m3_Hwi_restoreFxn__E
20015d6d   ti_sysbios_hal_Hwi_HwiProxy_restore__E
20015d6d   ti_sysbios_hal_Hwi_restore__E
20015d73   ti_sysbios_gates_GateHwi_leave__E
20015d79   ti_sysbios_heaps_HeapMem_isBlocking__E
20015d7f   ti_sysbios_knl_Queue_Instance_init__E
20015d85   xdc_runtime_System_Module_startup__E
20015d8b   LoggerBuf_instanceStartup
20015d8f   ti_sysbios_BIOS_RtsGateProxy_enter__E
20015d93   ti_sysbios_BIOS_RtsGateProxy_leave__E
20015d97   ti_sysbios_family_arm_m3_Hwi_delete
20015d9b   ti_sysbios_family_arm_m3_TaskSupport_Module__startupDone__S
20015d9f   ti_sysbios_family_arm_m3_Timer_getMaxTicks__E
20015da3   ti_sysbios_gates_GateHwi_query__E
20015da3   xdc_runtime_LoggerBuf_Module_GateProxy_query__E
20015da3   xdc_runtime_Main_Module_GateProxy_query__E
20015da3   xdc_runtime_System_Module_GateProxy_query__E
20015da7   ti_sysbios_BIOS_RtsGateProxy_query__E
20015da7   ti_sysbios_gates_GateMutex_query__E
20015da7   ti_sysbios_heaps_HeapMem_Module_GateProxy_query__E
20015dab   ti_sysbios_hal_Hwi_HwiProxy_Module__startupDone__S
20015daf   ti_sysbios_hal_Timer_TimerProxy_Module__startupDone__S
20015db3   ti_sysbios_heaps_HeapMem_Module_GateProxy_enter__E
20015db7   ti_sysbios_heaps_HeapMem_Module_GateProxy_leave__E
20015dbb   ti_sysbios_knl_Clock_TimerProxy_Module__startupDone__S
20015dbf   ti_sysbios_knl_Clock_TimerProxy_getMaxTicks__E
20015dc3   ti_sysbios_knl_Mailbox_delete
20015dc7   ti_sysbios_knl_Queue_destruct
20015dcb   ti_sysbios_knl_Semaphore_delete
20015dcf   ti_sysbios_knl_Semaphore_destruct
20015dd3   ti_sysbios_knl_Task_SupportProxy_Module__startupDone__S
20015dd7   ti_sysbios_knl_Task_delete
20015ddb   ti_sysbios_knl_Task_startup__E
20015ddf   xdc_runtime_Error_getSite__E
20015de3   xdc_runtime_LoggerBuf_Module_GateProxy_enter__E
20015de7   xdc_runtime_LoggerBuf_Module_GateProxy_leave__E
20015deb   xdc_runtime_Memory_HeapProxy_alloc__E
20015def   xdc_runtime_Memory_HeapProxy_free__E
20015df3   xdc_runtime_System_Module_GateProxy_enter__E
20015df7   xdc_runtime_System_Module_GateProxy_leave__E
20015dfb   xdc_runtime_System_aprintf_va__F
20015dff   xdc_runtime_System_printf_va__F
20015e08   xdc_runtime_Text_charTab__A
20017596   _ctypes_
2001786c   xdc_runtime_Text_nodeTab__A
20017b3c   ti_sysbios_family_arm_m3_Hwi_E_NMI__C
20017c08   _SlPolicySetCmdCtrl
20017c0c   _SlPolicyGetCmdCtrl
20017c10   _SlProfileGetCmdCtrl
20017c14   _SlProfileDelCmdCtrl
20017c18   _SlWlanGetNetworkListCtrl
20017c1c   _SlRxFilterAddtCmdCtrl
20017c20   _SlRxFilterSetCmdCtrl
20017c24   _SlRxFilterGetCmdCtrl
20017c28   _SlSmartConfigStartCmdCtrl
20017c2c   _SlWlanSetModeCmdCtrl
20017c30   _SlWlanCfgSetCmdCtrl
20017c34   _SlWlanCfgGetCmdCtrl
20017c44   ti_sysbios_knl_Task_Object__PARAMS__C
20017c80   xdc_runtime_LoggerBuf_Module__FXNS__C
20017cbc   _SlActionLookupTable
20017cf4   ti_sysbios_family_arm_m3_Hwi_E_alreadyDefined__C
20017d30   _SlSockSocketCmdCtrl
20017d34   _SlSockCloseCmdCtrl
20017d38   _SlRecvfomCmdCtrl
20017d3c   _SlSendCmdCtrl
20017d40   _SlListenCmdCtrl
20017d44   _SlAcceptCmdCtrl
20017d48   _SlRecvCmdCtrl
20017d4c   _SlSetSockOptCmdCtrl
20017d50   _SlGetSockOptCmdCtrl
20017d54   _SlSelectCmdCtrl
20017d64   ti_sysbios_knl_Mailbox_Object__PARAMS__C
20017dc8   ti_sysbios_family_arm_m3_Hwi_Object__PARAMS__C
20017df8   xdc_runtime_Startup_sfxnTab__A
20017e28   _SlNetAppStartCtrl
20017e2c   _SlNetAppStopCtrl
20017e30   _SlGetServiceListeCtrl
20017e34   _SlRegisterServiceCtrl
20017e38   _SlGetHostByServiceCtrl
20017e3c   _SlGetHostByNameCtrl
20017e40   _SlNetAppSetCmdCtrl
20017e44   _SlNetAppSendTokenValueCmdCtrl
20017e48   _SlNetAppGetCmdCtrl
20017e50   ti_sysbios_heaps_HeapMem_Module__FXNS__C
20017e9c   ti_sysbios_gates_GateHwi_Module__FXNS__C
20017ec0   ti_sysbios_gates_GateMutex_Module__FXNS__C
20017ee4   ti_sysbios_heaps_HeapMem_Object__PARAMS__C
20017f08   ti_sysbios_knl_Semaphore_Object__PARAMS__C
20017f2c   xdc_runtime_LoggerBuf_Object__PARAMS__C
20017f50   ti_sysbios_family_arm_m3_Hwi_Object__DESC__C
20017f70   ti_sysbios_gates_GateHwi_Object__DESC__C
20017f90   ti_sysbios_gates_GateMutex_Object__DESC__C
20017fb0   ti_sysbios_heaps_HeapMem_Object__DESC__C
20017fd0   ti_sysbios_knl_Mailbox_Object__DESC__C
20017ff0   ti_sysbios_knl_Queue_Object__DESC__C
20018010   ti_sysbios_knl_Semaphore_Object__DESC__C
20018030   ti_sysbios_knl_Task_Object__DESC__C
20018050   xdc_runtime_LoggerBuf_Object__DESC__C
20018088   ti_sysbios_gates_GateHwi_Object__PARAMS__C
200180a0   ti_sysbios_gates_GateMutex_Object__PARAMS__C
200180b8   ti_sysbios_knl_Queue_Object__PARAMS__C
200180d0   xdc_runtime_Startup_sfxnRts__A
200180e8   _SlStopCmdCtrl
200180ec   _SlEventMaskSetCmdCtrl
200180f0   _SlEventMaskGetCmdCtrl
200180f4   _SlDeviceGetCmdCtrl
200180f8   _SlDeviceSetCmdCtrl
200180fc   g_H2NSyncPattern
20018104   g_H2NCnysPattern
20018121   xdc_runtime_Error_policy__C
20018122   ti_sysbios_family_arm_m3_Hwi_Module__id__C
20018140   xdc_runtime_Startup_firstFxns__A
2001814c   pcDigits
20018158   _SlNetCfgSetCmdCtrl
2001815c   _SlNetCfgGetCmdCtrl
20018160   ti_sysbios_family_arm_m3_Hwi_excHookFuncs__A
20018168   ti_sysbios_knl_Idle_funcList__C
20018170   xdc_runtime_Startup_firstFxns__C
20018178   xdc_runtime_Startup_lastFxns__C
20018180   ti_sysbios_family_arm_m3_Hwi_E_busFault__C
20018184   ti_sysbios_family_arm_m3_Hwi_E_debugMon__C
20018188   ti_sysbios_family_arm_m3_Hwi_E_hardFault__C
2001818c   ti_sysbios_family_arm_m3_Hwi_E_memFault__C
20018190   ti_sysbios_family_arm_m3_Hwi_E_noIsr__C
20018194   ti_sysbios_family_arm_m3_Hwi_E_reserved__C
20018198   ti_sysbios_family_arm_m3_Hwi_E_svCall__C
2001819c   ti_sysbios_family_arm_m3_Hwi_E_usageFault__C
200181a0   ti_sysbios_family_arm_m3_Hwi_LD_end__C
200181a4   ti_sysbios_family_arm_m3_Hwi_LM_begin__C
200181a8   ti_sysbios_family_arm_m3_Hwi_Module__diagsEnabled__C
200181ac   ti_sysbios_family_arm_m3_Hwi_Module__diagsIncluded__C
200181b0   ti_sysbios_family_arm_m3_Hwi_Module__diagsMask__C
200181b4   ti_sysbios_family_arm_m3_Hwi_Module__loggerFxn1__C
200181b8   ti_sysbios_family_arm_m3_Hwi_Module__loggerFxn8__C
200181bc   ti_sysbios_family_arm_m3_Hwi_Module__loggerObj__C
200181c0   ti_sysbios_family_arm_m3_Hwi_NUM_INTERRUPTS__C
200181c4   ti_sysbios_family_arm_m3_Hwi_Object__count__C
200181c8   ti_sysbios_family_arm_m3_Hwi_ccr__C
200181cc   ti_sysbios_family_arm_m3_Hwi_excHandlerFunc__C
200181d0   ti_sysbios_family_arm_m3_Hwi_excHookFuncs__C
200181d4   ti_sysbios_family_arm_m3_Hwi_nullIsrFunc__C
200181d8   ti_sysbios_family_arm_m3_Hwi_priGroup__C
200181dc   ti_sysbios_family_arm_m3_TaskSupport_stackAlignment__C
200181e0   ti_sysbios_family_arm_m3_Timer_E_cannotSupport__C
200181e4   ti_sysbios_family_arm_m3_Timer_startupNeeded__C
200181e8   ti_sysbios_gates_GateMutex_A_badContext__C
200181ec   ti_sysbios_gates_GateMutex_Instance_State_sem__O
200181f0   ti_sysbios_gates_GateMutex_Module__diagsEnabled__C
200181f4   ti_sysbios_gates_GateMutex_Module__diagsIncluded__C
200181f8   ti_sysbios_gates_GateMutex_Module__diagsMask__C
200181fc   ti_sysbios_hal_Hwi_E_stackOverflow__C
20018200   ti_sysbios_heaps_HeapMem_A_align__C
20018204   ti_sysbios_heaps_HeapMem_A_heapSize__C
20018208   ti_sysbios_heaps_HeapMem_A_invalidFree__C
2001820c   ti_sysbios_heaps_HeapMem_A_zeroBlock__C
20018210   ti_sysbios_heaps_HeapMem_E_memory__C
20018214   ti_sysbios_heaps_HeapMem_Module__diagsEnabled__C
20018218   ti_sysbios_heaps_HeapMem_Module__diagsIncluded__C
2001821c   ti_sysbios_heaps_HeapMem_Module__diagsMask__C
20018220   ti_sysbios_heaps_HeapMem_Module__gateObj__C
20018224   ti_sysbios_heaps_HeapMem_Object__count__C
20018228   ti_sysbios_heaps_HeapMem_reqAlign__C
2001822c   ti_sysbios_knl_Clock_LM_begin__C
20018230   ti_sysbios_knl_Clock_LM_tick__C
20018234   ti_sysbios_knl_Clock_LW_delayed__C
20018238   ti_sysbios_knl_Clock_Module_State_clockQ__O
2001823c   ti_sysbios_knl_Clock_Module__diagsEnabled__C
20018240   ti_sysbios_knl_Clock_Module__diagsIncluded__C
20018244   ti_sysbios_knl_Clock_Module__diagsMask__C
20018248   ti_sysbios_knl_Clock_Module__loggerFxn1__C
2001824c   ti_sysbios_knl_Clock_Module__loggerFxn2__C
20018250   ti_sysbios_knl_Clock_Module__loggerObj__C
20018254   ti_sysbios_knl_Clock_tickPeriod__C
20018258   ti_sysbios_knl_Idle_funcList__A
2001825c   ti_sysbios_knl_Mailbox_A_invalidBufSize__C
20018260   ti_sysbios_knl_Mailbox_Instance_State_dataQue__O
20018264   ti_sysbios_knl_Mailbox_Instance_State_dataSem__O
20018268   ti_sysbios_knl_Mailbox_Instance_State_freeQue__O
2001826c   ti_sysbios_knl_Mailbox_Instance_State_freeSem__O
20018270   ti_sysbios_knl_Mailbox_Module__diagsEnabled__C
20018274   ti_sysbios_knl_Mailbox_Module__diagsIncluded__C
20018278   ti_sysbios_knl_Mailbox_Module__diagsMask__C
2001827c   ti_sysbios_knl_Mailbox_Object__count__C
20018280   ti_sysbios_knl_Mailbox_maxTypeAlign__C
20018284   ti_sysbios_knl_Semaphore_A_badContext__C
20018288   ti_sysbios_knl_Semaphore_A_noEvents__C
2001828c   ti_sysbios_knl_Semaphore_A_overflow__C
20018290   ti_sysbios_knl_Semaphore_A_pendTaskDisabled__C
20018294   ti_sysbios_knl_Semaphore_Instance_State_pendQ__O
20018298   ti_sysbios_knl_Semaphore_LM_pend__C
2001829c   ti_sysbios_knl_Semaphore_LM_post__C
200182a0   ti_sysbios_knl_Semaphore_Module__diagsEnabled__C
200182a4   ti_sysbios_knl_Semaphore_Module__diagsIncluded__C
200182a8   ti_sysbios_knl_Semaphore_Module__diagsMask__C
200182ac   ti_sysbios_knl_Semaphore_Module__loggerFxn2__C
200182b0   ti_sysbios_knl_Semaphore_Module__loggerFxn4__C
200182b4   ti_sysbios_knl_Semaphore_Module__loggerObj__C
200182b8   ti_sysbios_knl_Swi_LD_end__C
200182bc   ti_sysbios_knl_Swi_LM_begin__C
200182c0   ti_sysbios_knl_Swi_LM_post__C
200182c4   ti_sysbios_knl_Swi_Module__diagsEnabled__C
200182c8   ti_sysbios_knl_Swi_Module__diagsIncluded__C
200182cc   ti_sysbios_knl_Swi_Module__diagsMask__C
200182d0   ti_sysbios_knl_Swi_Module__loggerFxn1__C
200182d4   ti_sysbios_knl_Swi_Module__loggerFxn4__C
200182d8   ti_sysbios_knl_Swi_Module__loggerObj__C
200182dc   ti_sysbios_knl_Swi_Object__count__C
200182e0   ti_sysbios_knl_Task_A_badPriority__C
200182e4   ti_sysbios_knl_Task_A_badTaskState__C
200182e8   ti_sysbios_knl_Task_A_badThreadType__C
200182ec   ti_sysbios_knl_Task_A_badTimeout__C
200182f0   ti_sysbios_knl_Task_A_noPendElem__C
200182f4   ti_sysbios_knl_Task_A_sleepTaskDisabled__C
200182f8   ti_sysbios_knl_Task_E_spOutOfBounds__C
200182fc   ti_sysbios_knl_Task_E_stackOverflow__C
20018300   ti_sysbios_knl_Task_LD_block__C
20018304   ti_sysbios_knl_Task_LD_exit__C
20018308   ti_sysbios_knl_Task_LD_ready__C
2001830c   ti_sysbios_knl_Task_LM_sleep__C
20018310   ti_sysbios_knl_Task_LM_switch__C
20018314   ti_sysbios_knl_Task_Module_State_inactiveQ__O
20018318   ti_sysbios_knl_Task_Module__diagsEnabled__C
2001831c   ti_sysbios_knl_Task_Module__diagsIncluded__C
20018320   ti_sysbios_knl_Task_Module__diagsMask__C
20018324   ti_sysbios_knl_Task_Module__loggerFxn2__C
20018328   ti_sysbios_knl_Task_Module__loggerFxn4__C
2001832c   ti_sysbios_knl_Task_Module__loggerObj__C
20018330   ti_sysbios_knl_Task_Object__count__C
20018334   ti_sysbios_knl_Task_allBlockedFunc__C
20018338   ti_sysbios_knl_Task_defaultStackHeap__C
2001833c   ti_sysbios_knl_Task_defaultStackSize__C
20018340   ti_sysbios_knl_Task_numConstructedTasks__C
20018344   xdc_runtime_Assert_E_assertFailed__C
20018348   xdc_runtime_Core_A_initializedParams__C
2001834c   xdc_runtime_Core_Module__diagsEnabled__C
20018350   xdc_runtime_Core_Module__diagsIncluded__C
20018354   xdc_runtime_Core_Module__diagsMask__C
20018358   xdc_runtime_Error_E_memory__C
2001835c   xdc_runtime_Error_Module__diagsEnabled__C
20018360   xdc_runtime_Error_Module__diagsIncluded__C
20018364   xdc_runtime_Error_Module__diagsMask__C
20018368   xdc_runtime_Error_Module__loggerFxn8__C
2001836c   xdc_runtime_Error_Module__loggerObj__C
20018370   xdc_runtime_Error_policyFxn__C
20018374   xdc_runtime_Error_raiseHook__C
20018378   xdc_runtime_IFilterLogger_Interface__BASE__C
2001837c   xdc_runtime_IGateProvider_Interface__BASE__C
20018380   xdc_runtime_IHeap_Interface__BASE__C
20018384   xdc_runtime_ILogger_Interface__BASE__C
20018388   xdc_runtime_IModule_Interface__BASE__C
2001838c   xdc_runtime_Log_L_error__C
20018390   xdc_runtime_LoggerBuf_E_badLevel__C
20018394   xdc_runtime_LoggerBuf_Module__gateObj__C
20018398   xdc_runtime_LoggerBuf_Object__count__C
2001839c   xdc_runtime_LoggerBuf_statusLogger__C
200183a0   xdc_runtime_Memory_defaultHeapInstance__C
200183a4   xdc_runtime_Startup_execImpl__C
200183a8   xdc_runtime_Startup_maxPasses__C
200183ac   xdc_runtime_Startup_sfxnRts__C
200183b0   xdc_runtime_Startup_sfxnTab__C
200183b4   xdc_runtime_SysMin_bufSize__C
200183b8   xdc_runtime_SysMin_outputFunc__C
200183bc   xdc_runtime_System_Module__gateObj__C
200183c0   xdc_runtime_System_abortFxn__C
200183c4   xdc_runtime_System_exitFxn__C
200183c8   xdc_runtime_System_extendFxn__C
200183cc   xdc_runtime_System_maxAtexitHandlers__C
200183d0   xdc_runtime_Text_charTab__C
200183d4   xdc_runtime_Text_nameEmpty__C
200183d8   xdc_runtime_Text_nameStatic__C
200183dc   xdc_runtime_Text_nameUnknown__C
200183e0   xdc_runtime_Text_nodeTab__C
200183e4   xdc_runtime_Text_visitRopeFxn__C
200183e8   ti_sysbios_family_arm_m3_Hwi_Module__loggerDefined__C
200183ea   ti_sysbios_family_arm_m3_Timer_Module__id__C
200183ec   ti_sysbios_family_arm_m3_TimestampProvider_configTimer__C
200183ee   ti_sysbios_gates_GateMutex_Module__id__C
200183f0   ti_sysbios_hal_Hwi_Module__id__C
200183f2   ti_sysbios_heaps_HeapMem_Module__id__C
200183f4   ti_sysbios_knl_Clock_Module__id__C
200183f6   ti_sysbios_knl_Clock_Module__loggerDefined__C
200183f8   ti_sysbios_knl_Mailbox_Module__id__C
200183fa   ti_sysbios_knl_Semaphore_Module__id__C
200183fc   ti_sysbios_knl_Semaphore_Module__loggerDefined__C
200183fe   ti_sysbios_knl_Swi_Module__id__C
20018400   ti_sysbios_knl_Swi_Module__loggerDefined__C
20018402   ti_sysbios_knl_Task_Module__id__C
20018404   ti_sysbios_knl_Task_Module__loggerDefined__C
20018406   ti_sysbios_knl_Task_initStackFlag__C
20018408   xdc_runtime_Core_Module__id__C
2001840a   xdc_runtime_Error_Module__loggerDefined__C
2001840c   xdc_runtime_Error_maxDepth__C
2001840e   xdc_runtime_LoggerBuf_Module__id__C
20018410   xdc_runtime_LoggerBuf_filterByLevel__C
20018412   xdc_runtime_Memory_Module__id__C
20018414   xdc_runtime_SysMin_flushAtExit__C
20018416   xdc_runtime_Text_charCnt__C
20018418   xdc_runtime_Text_isLoaded__C
2001841a   xdc_runtime_Text_registryModsLastId__C
2001841c   xdc_runtime_Text_unnamedModsLastId__C
20018420   __TI_static_base__
200187f4   __TI_Handler_Table_Base
20018800   __TI_Handler_Table_Limit
20018808   __TI_CINIT_Base
20018818   __TI_CINIT_Limit
2001d000   ti_sysbios_heaps_HeapMem_Instance_State_0_buf__A
20025000   ti_sysbios_knl_Task_Instance_State_0_stack__A
20025800   xdc_runtime_LoggerBuf_Instance_State_0_entryArr__A
20025c00   xdc_runtime_SysMin_Module_State_0_outbuf__A
20026000   ti_sysbios_family_arm_m3_Hwi_dispatchTable
2002630c   g_StatMem
20026484   __CIOBUF_
200265a4   g_ucDinDout
200265fc   DMAMsgQ
20026600   SimpleLinkSpawnTaskHndl
20026608   g_cDummy
2002660c   simpleLink_mailbox
20026610   g_ucLED1Pin
20026611   g_ucLED2Pin
20026612   g_ucLED3Pin
20026618   ti_sysbios_family_arm_m3_Hwi_Module__root__V
20026620   ti_sysbios_family_arm_m3_Hwi_Object__table__V
20026638   ti_sysbios_family_arm_m3_Hwi_Module_State_0_excActive__A
2002663c   ti_sysbios_family_arm_m3_Hwi_Module_State_0_excContext__A
20026640   ti_sysbios_family_arm_m3_Hwi_Module_State_0_excStack__A
20026644   ti_sysbios_family_arm_m3_Timer_Module__root__V
2002664c   ti_sysbios_family_arm_m3_Timer_Module__state__V
20026658   ti_sysbios_family_arm_m3_TimestampProvider_Module__state__V
2002665c   ti_sysbios_gates_GateHwi_Module__root__V
20026664   ti_sysbios_gates_GateHwi_Object__table__V
20026668   ti_sysbios_gates_GateMutex_Module__root__V
20026670   ti_sysbios_hal_Hwi_Module__root__V
20026678   ti_sysbios_hal_Timer_Module__root__V
20026680   ti_sysbios_heaps_HeapMem_Module__root__V
20026688   ti_sysbios_heaps_HeapMem_Object__table__V
200266a0   ti_sysbios_knl_Clock_Module__root__V
200266a8   ti_sysbios_knl_Event_Module__root__V
200266b0   ti_sysbios_knl_Mailbox_Module__root__V
200266b8   ti_sysbios_knl_Queue_Module__root__V
200266c0   ti_sysbios_knl_Semaphore_Module__root__V
200266c8   ti_sysbios_knl_Swi_Module__root__V
200266d0   ti_sysbios_knl_Swi_Module__state__V
200266ec   ti_sysbios_knl_Task_Module__root__V
200266f4   ti_sysbios_knl_Task_Module_State_0_idleTask__A
200266f8   xdc_runtime_Error_Module__state__V
200266fc   xdc_runtime_LoggerBuf_Module__root__V
20026704   xdc_runtime_LoggerBuf_Module__state__V
2002670c   xdc_runtime_Memory_Module__state__V
20026710   xdc_runtime_Registry_Module__state__V
20026718   xdc_runtime_Startup_Module__state__V
20026720   xdc_runtime_SysMin_Module__state__V
2002672c   xdc_runtime_System_Module_State_0_atexitHandlers__A
2002673c   xdc_runtime_System_Module__state__V
20026744   xdc_runtime_Text_Module__state__V
2002674c   __xdc__init__addr
20026800   _Denorm
20026810   _Eps
20026820   _Hugeval
20026830   _Inf
20026840   _Nan
20026850   _Snan
20026860   _Rteps
20026870   _Xbig
20026878   _Zero
20026880   ti_sysbios_knl_Swi_Module_State_0_readyQ__A
20026900   ti_sysbios_knl_Task_Module_State_0_readyQ__A
20026980   _FDenorm
20026990   _FEps
200269a0   _FInf
200269b0   _FNan
200269c0   _FSnan
200269d0   _FRteps
200269e0   _FXbig
200269e4   _FZero
200269e8   TSK_idle
200269e8   ti_sysbios_knl_Task_Object__table__V
20026a34   POST_token
20026a3f   GET_token_TEMP
20026a4a   GET_token_ACC
20026a55   GET_token_UIC
20026a60   g_usMCNetworkUstate
20026a64   g_uiIpAddress
20026a68   g_iInternetAccess
20026a6c   g_ucConnectTimeout
20026a6d   g_ucDryerRunning
20026a70   g_uiSimplelinkRole
20026a74   g_uiDeviceModeConfig
20026a78   g_ucLEDStatus
20026a7c   ti_sysbios_knl_Task_Module__state__V
20026ac0   ti_sysbios_gates_GateMutex_Object__table__V
20026af8   ti_sysbios_family_arm_m3_Hwi_Module__state__V
20026b2c   ti_sysbios_family_arm_m3_Timer_Object__table__V
20026b5c   ti_sysbios_knl_Swi_Object__table__V
20026b8c   ti_sysbios_knl_Clock_Module__state__V
20026bb8   ti_sysbios_BIOS_Module__state__V
20026bdc   xdc_runtime_LoggerBuf_Object__table__V
20026c10   g_uiLED1Port
20026c14   g_uiLED2Port
20026c18   g_uiLED3Port
20026c1c   g_pHostIntHdl
20026c20   g_SpiFd
20026c24   g_ucDMAEnabled
20026c28   g_len
20026c2c   g_uiPingPacketsRecv
20026c30   g_uiPingDone
20026c34   _lock
20026c38   _unlock
20026c3c   __TI_cleanup_ptr
20026c40   __TI_dtors_ptr
20026c44   _Fenv
20026c48   _Tls_setup__Fenv
20026c4c   g_pCB
20026c50   pPingCallBackFunc
20026c54   _Errno
20026c58   main_func_sp
2002e000   __stack
20030000   __STACK_END
e000e000   ti_sysbios_family_arm_m3_Hwi_nvic
ffffffff   __binit__
ffffffff   __c_args__
ffffffff   binit
UNDEFED    SHT$$INIT_ARRAY$$Base
UNDEFED    SHT$$INIT_ARRAY$$Limit

[1208 symbols]
