******************************************************************************
                  TI ARM Linker PC v5.1.7                      
******************************************************************************
>> Linked Fri Jul 25 11:25:13 2014

OUTPUT FILE NAME:   <thingfabric.out>
ENTRY POINT SYMBOL: "_c_int00"  address: 200154d5


MEMORY CONFIGURATION

         name            origin    length      used     unused   attr    fill
----------------------  --------  ---------  --------  --------  ----  --------
  SRAM_CODE             20004000   00018fff  00015672  0000398d  RW X
  SRAM_DATA             2001d000   00013000  0000c36a  00006c96  RW X


SEGMENT ALLOCATION MAP

run origin  load origin   length   init length attrs members
----------  ----------- ---------- ----------- ----- -------
20004000    20004000    00015678   00015678    r-x
  20004000    20004000    0000030c   0000030c    r-- .resetVecs
  2000430c    2000430c    0001291a   0001291a    r-x .text
  20016c28    20016c28    00002644   00002644    r-- .const
  20019270    20019270    00000408   00000408    r-- .cinit
2001d000    2001d000    0000a36c   00000000    rw-
  2001d000    2001d000    00009d1e   00000000    rw- .bss
  20026d20    20026d20    0000064c   00000000    rw- .data
2002e000    2002e000    00002000   00000000    rw-
  2002e000    2002e000    00002000   00000000    rw- .stack


SECTION ALLOCATION MAP

 output                                  attributes/
section   page    origin      length       input sections
--------  ----  ----------  ----------   ----------------
.bootVecs 
*          0    00000000    00000008     DSECT
                  00000000    00000008     boot.aem4 : boot.oem4 (.bootVecs)

xdc.meta   0    00000000    000000ee     COPY SECTION
                  00000000    000000ee     app_pem4.oem4 (xdc.meta)

.init_array 
*          0    20004000    00000000     UNINITIALIZED

.vecs      0    20004000    00000000     DSECT

.resetVecs 
*          0    20004000    0000030c     
                  20004000    0000030c     app_pem4.oem4 (.resetVecs)

.text      0    2000430c    0001291a     
                  2000430c    00001d7c     simplelink.a : driver.obj (.text)
                  20006088    00000ec0     rtsv7M4_T_le_eabi.lib : _printfi.obj (.text)
                  20006f48    00000d88     simplelink.a : socket.obj (.text)
                  20007cd0    00000c5c     mqtt.obj (.text)
                  2000892c    00000ab4     simplelink.a : netapp.obj (.text)
                  200093e0    00000a5c                  : wlan.obj (.text)
                  20009e3c    0000098c     driverlib.a : prcm.obj (.text)
                  2000a7c8    000008c4     main.obj (.text)
                  2000b08c    0000079c     driverlib.a : spi.obj (.text)
                  2000b828    0000067a                 : i2c.obj (.text)
                  2000bea2    00000002     app_pem4.oem4 (.text:ti_sysbios_BIOS_nullFunc__I)
                  2000bea4    00000668     simplelink.a : cc_pal.obj (.text)
                  2000c50c    00000538     ti_rtos.a : osi_tirtos.obj (.text)
                  2000ca44    00000500     simplelink.a : device.obj (.text)
                  2000cf44    000004a4     driverlib.a : udma.obj (.text)
                  2000d3e8    00000490     rtsv7M4_T_le_eabi.lib : pow.obj (.text)
                  2000d878    0000048c     driverlib.a : uart.obj (.text)
                  2000dd04    00000424     sysbios.aem4 : BIOS.obj (.text:ti_sysbios_family_arm_m3_Hwi_excDumpRegs__I)
                  2000e128    000003c0     tmp006drv.obj (.text)
                  2000e4e8    00000394     gpio_if.obj (.text)
                  2000e87c    00000370     driverlib.a : interrupt.obj (.text)
                  2000ebec    0000033c     ti.targets.arm.rtsarm.aem4 : System.oem4 (.text:xdc_runtime_System_doPrint__I)
                  2000ef28    00000334     driverlib.a : gpio.obj (.text)
                  2000f25c    00000304     sysbios.aem4 : BIOS.obj (.text:ti_sysbios_knl_Semaphore_pend__E)
                  2000f560    00000300     driverlib.a : flash.obj (.text)
                  2000f860    000002e4     rtsv7M4_T_le_eabi.lib : xlog.obj (.text)
                  2000fb44    000002d4                           : trgdrv.obj (.text)
                  2000fe18    00000290     i2c_if.obj (.text)
                  200100a8    00000284     driverlib.a : pin.obj (.text)
                  2001032c    00000248     sysbios.aem4 : BIOS.obj (.text:ti_sysbios_heaps_HeapMem_free__E)
                  20010574    00000234                  : BIOS.obj (.text:ti_sysbios_heaps_HeapMem_alloc__E)
                  200107a8    00000228                  : BIOS.obj (.text:ti_sysbios_knl_Task_Instance_finalize__E)
                  200109d0    00000208                  : BIOS.obj (.text:ti_sysbios_knl_Task_sleep__E)
                  20010bd8    000001fc     rtsv7M4_T_le_eabi.lib : xexp.obj (.text)
                  20010dd4    000001f8     sysbios.aem4 : BIOS.obj (.text:ti_sysbios_family_arm_m3_Hwi_excHandlerMax__I)
                  20010fcc    000001f4     rtsv7M4_T_le_eabi.lib : ull_div_t2.obj (.text)
                  200111c0    000001d4     uart_if.obj (.text)
                  20011394    000001d2     bma222drv.obj (.text)
                  20011566    00000002     sysbios.aem4 : BIOS.obj (.text:ti_sysbios_gates_GateHwi_Instance_init__E)
                  20011568    000001bc                  : BIOS.obj (.text:ti_sysbios_knl_Task_Instance_init__E)
                  20011724    000001b6     rtsv7M4_T_le_eabi.lib : fd_add_t2.obj (.text)
                  200118da    00000002     app_pem4.oem4 (.text:xdc_runtime_Startup_reset__I)
                  200118dc    0000018c     sysbios.aem4 : BIOS.obj (.text:ti_sysbios_knl_Task_Module_startup__E)
                  20011a68    00000168                  : BIOS.obj (.text:ti_sysbios_family_arm_m3_Hwi_excBusFault__I)
                  20011bd0    00000160                  : BIOS.obj (.text:ti_sysbios_knl_Mailbox_Instance_init__E)
                  20011d30    00000154                  : BIOS.obj (.text:ti_sysbios_family_arm_m3_Hwi_excUsageFault__I)
                  20011e84    00000140                  : BIOS.obj (.text:ti_sysbios_family_arm_m3_Hwi_excMemFault__I)
                  20011fc4    0000013c                  : BIOS.obj (.text:ti_sysbios_family_arm_m3_Hwi_dispatchC__I)
                  20012100    00000138                  : BIOS.obj (.text:ti_sysbios_heaps_HeapMem_Instance_init__E)
                  20012238    00000138                  : BIOS.obj (.text:ti_sysbios_knl_Semaphore_post__E)
                  20012370    00000136     rtsv7M4_T_le_eabi.lib : fd_div_t2.obj (.text)
                  200124a6    00000002     --HOLE-- [fill = 0]
                  200124a8    00000130     ti.targets.arm.rtsarm.aem4 : LoggerBuf.oem4 (.text:xdc_runtime_LoggerBuf_write8__E)
                  200125d8    0000012c     sysbios.aem4 : BIOS.obj (.text:ti_sysbios_knl_Clock_workFunc__E)
                  20012704    00000120                  : BIOS.obj (.text:ti_sysbios_knl_Swi_run__I)
                  20012824    00000120     ti.targets.arm.rtsarm.aem4 : Error.oem4 (.text:xdc_runtime_Error_policyDefault__E)
                  20012944    00000110     rtsv7M4_T_le_eabi.lib : xdscale.obj (.text)
                  20012a54    00000104     ti.targets.arm.rtsarm.aem4 : Core-mem.oem4 (.text:xdc_runtime_Core_createObject__I)
                  20012b58    00000104     app_pem4.oem4 (.text:xdc_runtime_System_printfExtend__I)
                  20012c5c    00000100     simplelink.a : netcfg.obj (.text)
                  20012d5c    000000fc     rtsv7M4_T_le_eabi.lib : fd_mul_t2.obj (.text)
                  20012e58    000000fc     ti.targets.arm.rtsarm.aem4 : Startup.oem4 (.text:xdc_runtime_Startup_startMods__I)
                  20012f54    000000fa     rtsv7M4_T_le_eabi.lib : fs_add_t2.obj (.text)
                  2001304e    00000002     --HOLE-- [fill = 0]
                  20013050    000000d4     ti.targets.arm.rtsarm.aem4 : LoggerBuf.oem4 (.text:xdc_runtime_LoggerBuf_write4__E)
                  20013124    000000d0     sysbios.aem4 : m3_Hwi_asm.obj (.text:ti_sysbios_family_arm_m3_Hwi_dispatch__I)
                  200131f4    000000cc     ti.targets.arm.rtsarm.aem4 : Core-smem.oem4 (.text:xdc_runtime_Core_constructObject__I)
                  200132c0    000000c8     sysbios.aem4 : BIOS.obj (.text:ti_sysbios_knl_Task_schedule__I)
                  20013388    000000c4     rtsv7M4_T_le_eabi.lib : xdint.obj (.text)
                  2001344c    000000c4                           : xdnorm.obj (.text)
                  20013510    000000c4     sysbios.aem4 : BIOS.obj (.text:ti_sysbios_family_arm_m3_Hwi_Module_startup__E)
                  200135d4    000000c0                  : BIOS.obj (.text:ti_sysbios_knl_Task_exit__E)
                  20013694    000000bc                  : BIOS.obj (.text:ti_sysbios_knl_Task_startCore__E)
                  20013750    000000b4     device_status.obj (.text)
                  20013804    000000b4     sysbios.aem4 : BIOS.obj (.text:ti_sysbios_family_arm_m3_Hwi_excHardFault__I)
                  200138b8    000000b4                  : BIOS.obj (.text:ti_sysbios_gates_GateMutex_enter__E)
                  2001396c    000000b4                  : BIOS.obj (.text:ti_sysbios_knl_Task_checkStacks__E)
                  20013a20    000000b0                  : BIOS.obj (.text:ti_sysbios_family_arm_m3_Hwi_excDebugMon__I)
                  20013ad0    000000a8                  : BIOS.obj (.text:ti_sysbios_knl_Swi_post__E)
                  20013b78    000000a8                  : BIOS.obj (.text:ti_sysbios_knl_Task_blockI__E)
                  20013c20    000000a8                  : BIOS.obj (.text:ti_sysbios_knl_Task_postInit__I)
                  20013cc8    000000a0     auto_init.aem4 : auto_init.oem4 (.text)
                  20013d68    0000009c     rtsv7M4_T_le_eabi.lib : memcpy_t2.obj (.text)
                  20013e04    0000009c     sysbios.aem4 : BIOS.obj (.text:ti_sysbios_family_arm_m3_Hwi_Instance_init__E)
                  20013ea0    0000009c                  : BIOS.obj (.text:ti_sysbios_knl_Semaphore_Instance_init__E)
                  20013f3c    0000009a     ti.targets.arm.rtsarm.aem4 : Text.oem4 (.text:xdc_runtime_Text_putSite__E)
                  20013fd6    00000002     --HOLE-- [fill = 0]
                  20013fd8    00000094     sysbios.aem4 : BIOS.obj (.text:ti_sysbios_knl_Mailbox_post__E)
                  2001406c    00000094                  : BIOS.obj (.text:ti_sysbios_knl_Task_unblockI__E)
                  20014100    00000094     ti.targets.arm.rtsarm.aem4 : Text.oem4 (.text:xdc_runtime_Text_putMod__E)
                  20014194    00000092     rtsv7M4_T_le_eabi.lib : fs_div_t2.obj (.text)
                  20014226    00000002     --HOLE-- [fill = 0]
                  20014228    00000088                           : vsnprintf.obj (.text)
                  200142b0    00000088     sysbios.aem4 : BIOS.obj (.text:ti_sysbios_knl_Mailbox_Module_startup__E)
                  20014338    00000086     rtsv7M4_T_le_eabi.lib : fd_cmp_t2.obj (.text:__aeabi_cdcmple)
                  200143be    00000086                           : fd_cmp_t2.obj (.text:__aeabi_cdrcmple)
                  20014444    00000084     sysbios.aem4 : BIOS.obj (.text:ti_sysbios_family_arm_m3_Hwi_initNVIC__E)
                  200144c8    00000084                  : BIOS.obj (.text:ti_sysbios_knl_Mailbox_pend__E)
                  2001454c    00000080     ti.targets.arm.rtsarm.aem4 : LoggerBuf.oem4 (.text:xdc_runtime_LoggerBuf_setFilterLevel__E)
                  200145cc    0000007a     rtsv7M4_T_le_eabi.lib : fs_mul_t2.obj (.text)
                  20014646    00000078                           : memset_t2.obj (.text)
                  200146be    00000002     --HOLE-- [fill = 0]
                  200146c0    00000074     pinmux.obj (.text)
                  20014734    00000070     sysbios.aem4 : BIOS.obj (.text:ti_sysbios_family_arm_m3_Hwi_postInit__I)
                  200147a4    00000070                  : BIOS.obj (.text:ti_sysbios_knl_Mailbox_Instance_finalize__E)
                  20014814    00000070     ti.targets.arm.rtsarm.aem4 : Memory.oem4 (.text:xdc_runtime_Memory_alloc__E)
                  20014884    0000006c                                : Error.oem4 (.text:xdc_runtime_Error_print__E)
                  200148f0    0000006c                                : LoggerBuf.oem4 (.text:xdc_runtime_LoggerBuf_getFilterLevel__E)
                  2001495c    00000068     simplelink.a : flowcont.obj (.text)
                  200149c4    00000066     ti.targets.arm.rtsarm.aem4 : Core-mem.oem4 (.text:xdc_runtime_Core_deleteObject__I)
                  20014a2a    00000064     rtsv7M4_T_le_eabi.lib : xdunscal.obj (.text)
                  20014a8e    00000002     --HOLE-- [fill = 0]
                  20014a90    00000064     app_pem4.oem4 (.text:ti_sysbios_family_arm_m3_Hwi_create)
                  20014af4    00000064     app_pem4.oem4 (.text:ti_sysbios_knl_Mailbox_create)
                  20014b58    00000060     rtsv7M4_T_le_eabi.lib : sprintf.obj (.text)
                  20014bb8    00000060                           : trgmsg.obj (.text)
                  20014c18    00000060     sysbios.aem4 : BIOS.obj (.text:ti_sysbios_family_arm_m3_TimestampProvider_get64__E)
                  20014c78    00000060                  : BIOS.obj (.text:ti_sysbios_knl_Clock_logTick__E)
                  20014cd8    00000060     ti.targets.arm.rtsarm.aem4 : System.oem4 (.text:xdc_runtime_System_formatNum__I)
                  20014d38    0000005e     driverlib.a : cpu.obj (.text)
                  20014d96    0000005e     rtsv7M4_T_le_eabi.lib : copy_decompress_rle.obj (.text)
                  20014df4    0000005c     sysbios.aem4 : BIOS.obj (.text:ti_sysbios_family_arm_m3_Timer_setPeriod__E)
                  20014e50    0000005c     app_pem4.oem4 (.text:ti_sysbios_knl_Task_create)
                  20014eac    0000005c     app_pem4.oem4 (.text:xdc_runtime_LoggerBuf_Object__create__S)
                  20014f08    0000005b     ti.targets.arm.rtsarm.aem4 : Text.oem4 (.text:xdc_runtime_Text_putLab__E)
                  20014f63    00000001     --HOLE-- [fill = 0]
                  20014f64    0000005a     rtsv7M4_T_le_eabi.lib : ltoa.obj (.text)
                  20014fbe    00000002     --HOLE-- [fill = 0]
                  20014fc0    00000058     sysbios.aem4 : BIOS.obj (.text:ti_sysbios_knl_Swi_restoreHwi__E)
                  20015018    00000058                  : BIOS.obj (.text:ti_sysbios_knl_Swi_schedule__I)
                  20015070    00000054                  : BIOS.obj (.text:ti_sysbios_family_arm_m3_Timer_start__E)
                  200150c4    00000050     ti.targets.arm.rtsarm.aem4 : Startup.oem4 (.text:xdc_runtime_Startup_exec__E)
                  20015114    00000050                                : Text.oem4 (.text:xdc_runtime_Text_visitRope2__I)
                  20015164    0000004c     rtsv7M4_T_le_eabi.lib : atoi.obj (.text)
                  200151b0    0000004c     sysbios.aem4 : m3_TaskSupport_asm.obj (.text:ti_sysbios_family_arm_m3_TaskSupport_buildTaskStack)
                  200151fc    0000004c                  : BIOS.obj (.text:ti_sysbios_knl_Swi_runLoop__I)
                  20015248    0000004a     rtsv7M4_T_le_eabi.lib : fd_tos_t2.obj (.text)
                  20015292    00000048                           : fd_toi_t2.obj (.text)
                  200152da    00000002     --HOLE-- [fill = 0]
                  200152dc    00000048     smartconfig.obj (.text)
                  20015324    00000048     sysbios.aem4 : BIOS.obj (.text:ti_sysbios_family_arm_m3_Hwi_excReserved__I)
                  2001536c    00000048                  : m3_Hwi_asm_switch.obj (.text:ti_sysbios_family_arm_m3_Hwi_initStacks__E)
                  200153b4    00000048                  : BIOS.obj (.text:ti_sysbios_family_arm_m3_Timer_initDevice__I)
                  200153fc    00000048                  : BIOS.obj (.text:ti_sysbios_heaps_HeapMem_getStats__E)
                  20015444    00000048     ti.targets.arm.rtsarm.aem4 : Assert.oem4 (.text:xdc_runtime_Assert_raise__I)
                  2001548c    00000046                                : Core-params.oem4 (.text:xdc_runtime_Core_assignParams__I)
                  200154d2    00000002     --HOLE-- [fill = 0]
                  200154d4    00000044     boot.aem4 : boot.oem4 (.text)
                  20015518    00000044     rtsv7M4_T_le_eabi.lib : cpy_tbl.obj (.text)
                  2001555c    00000044                           : exit.obj (.text)
                  200155a0    00000044                           : xdtest.obj (.text)
                  200155e4    00000044     sysbios.aem4 : BIOS.obj (.text:ti_sysbios_family_arm_m3_Hwi_disableInterrupt__E)
                  20015628    00000044                  : BIOS.obj (.text:ti_sysbios_family_arm_m3_Hwi_enableInterrupt__E)
                  2001566c    00000044                  : BIOS.obj (.text:ti_sysbios_knl_Task_allBlockedFunction__I)
                  200156b0    00000044     ti.targets.arm.rtsarm.aem4 : Error.oem4 (.text:xdc_runtime_Error_setX__E)
                  200156f4    00000044                                : LoggerBuf.oem4 (.text:xdc_runtime_LoggerBuf_filterOutEvent__I)
                  20015738    00000044                                : SysMin.oem4 (.text:xdc_runtime_SysMin_flush__E)
                  2001577c    00000042     rtsv7M4_T_le_eabi.lib : u_divt2.obj (.text)
                  200157be    00000002     --HOLE-- [fill = 0]
                  200157c0    00000040                           : signal.obj (.text)
                  20015800    00000040     sysbios.aem4 : BIOS.obj (.text:ti_sysbios_family_arm_m3_Timer_Module_startup__E)
                  20015840    00000040                  : BIOS.obj (.text:ti_sysbios_knl_Mailbox_postInit__I)
                  20015880    0000003e     app_pem4.oem4 (.text:realloc)
                  200158be    00000002     --HOLE-- [fill = 0]
                  200158c0    0000003c     sysbios.aem4 : BIOS.obj (.text:ti_sysbios_family_arm_m3_Hwi_excSvCall__I)
                  200158fc    0000003c                  : BIOS.obj (.text:ti_sysbios_heaps_HeapMem_init__I)
                  20015938    0000003c                  : BIOS.obj (.text:ti_sysbios_knl_Swi_startup__E)
                  20015974    0000003c     ti.targets.arm.rtsarm.aem4 : Text.oem4 (.text:xdc_runtime_Text_xprintf__I)
                  200159b0    0000003a                                : LoggerBuf.oem4 (.text:xdc_runtime_LoggerBuf_Instance_init__E)
                  200159ea    00000038     rtsv7M4_T_le_eabi.lib : fs_tod_t2.obj (.text)
                  20015a22    00000038                           : fs_toi_t2.obj (.text)
                  20015a5a    00000002     --HOLE-- [fill = 0]
                  20015a5c    00000038     sysbios.aem4 : BIOS.obj (.text:ti_sysbios_family_arm_m3_Hwi_excNoIsr__I)
                  20015a94    00000038                  : BIOS.obj (.text:ti_sysbios_family_arm_m3_Hwi_getStackInfo__E)
                  20015acc    00000038                  : BIOS.obj (.text:ti_sysbios_family_arm_m3_TaskSupport_start__E)
                  20015b04    00000038                  : BIOS.obj (.text:ti_sysbios_knl_Task_processVitalTaskFlag__I)
                  20015b3c    00000038     ti.targets.arm.rtsarm.aem4 : SysMin.oem4 (.text:xdc_runtime_SysMin_putch__E)
                  20015b74    00000038                                : System.oem4 (.text:xdc_runtime_System_atexit__E)
                  20015bac    00000034     rtsv7M4_T_le_eabi.lib : feraiseexcept.obj (.text)
                  20015be0    00000034                           : fs_tou_t2.obj (.text)
                  20015c14    00000034     sysbios.aem4 : BIOS.obj (.text:ti_sysbios_family_arm_m3_Hwi_excNmi__I)
                  20015c48    00000034                  : BIOS.obj (.text:ti_sysbios_family_arm_m3_Timer_periodicStub__I)
                  20015c7c    00000034                  : BIOS.obj (.text:ti_sysbios_hal_Hwi_checkStack)
                  20015cb0    00000034     app_pem4.oem4 (.text:ti_sysbios_knl_Semaphore_create)
                  20015ce4    00000034     ti.targets.arm.rtsarm.aem4 : Core-label.oem4 (.text:xdc_runtime_Core_assignLabel__I)
                  20015d18    00000033                                : Text.oem4 (.text:xdc_runtime_Text_printVisFxn__I)
                  20015d4b    00000001     --HOLE-- [fill = 0]
                  20015d4c    00000032     sysbios.aem4 : BIOS.obj (.text:ti_sysbios_knl_Semaphore_pendTimeout__I)
                  20015d7e    00000030     rtsv7M4_T_le_eabi.lib : strncpy.obj (.text)
                  20015dae    00000002     --HOLE-- [fill = 0]
                  20015db0    00000030                           : xferaise.obj (.text)
                  20015de0    00000030     app_pem4.oem4 (.text:ti_sysbios_BIOS_atExitFunc__I)
                  20015e10    00000030     app_pem4.oem4 (.text:ti_sysbios_gates_GateHwi_Object__create__S)
                  20015e40    00000030     app_pem4.oem4 (.text:ti_sysbios_gates_GateMutex_Object__create__S)
                  20015e70    00000030     app_pem4.oem4 (.text:ti_sysbios_heaps_HeapMem_Object__create__S)
                  20015ea0    00000030     app_pem4.oem4 (.text:ti_sysbios_knl_Semaphore_construct)
                  20015ed0    00000030     ti.targets.arm.rtsarm.aem4 : SysMin.oem4 (.text:xdc_runtime_SysMin_abort__E)
                  20015f00    00000030                                : System.oem4 (.text:xdc_runtime_System_processAtExit__E)
                  20015f30    0000002e     app_pem4.oem4 (.text:malloc)
                  20015f5e    0000002e     rtsv7M4_T_le_eabi.lib : i_tofd_t2.obj (.text)
                  20015f8c    0000002e                           : raise.obj (.text)
                  20015fba    00000002     --HOLE-- [fill = 0]
                  20015fbc    0000002c     sysbios.aem4 : BIOS.obj (.text:ti_sysbios_family_arm_m3_Hwi_Instance_finalize__E)
                  20015fe8    0000002c                  : BIOS.obj (.text:ti_sysbios_hal_Hwi_initStack)
                  20016014    0000002c     app_pem4.oem4 (.text:ti_sysbios_knl_Clock_doTick__I)
                  20016040    0000002c     app_pem4.oem4 (.text:ti_sysbios_knl_Queue_construct)
                  2001606c    0000002c     sysbios.aem4 : BIOS.obj (.text:ti_sysbios_knl_Task_restore__E)
                  20016098    0000002c     ti.targets.arm.rtsarm.aem4 : Text.oem4 (.text:xdc_runtime_Text_cordText__E)
                  200160c4    0000002a                                : System.oem4 (.text:xdc_runtime_System_putchar__I)
                  200160ee    00000002     --HOLE-- [fill = 0]
                  200160f0    00000028                                : LoggerBuf.oem4 (.text:xdc_runtime_LoggerBuf_Module_startup__E)
                  20016118    00000026                                : System.oem4 (.text:xdc_runtime_System_avprintf__E)
                  2001613e    00000002     --HOLE-- [fill = 0]
                  20016140    00000024     app_pem4.oem4 (.text:ti_sysbios_BIOS_errorRaiseHook__I)
                  20016164    00000024     app_pem4.oem4 (.text:ti_sysbios_BIOS_registerRTSLock__I)
                  20016188    00000024     app_pem4.oem4 (.text:ti_sysbios_BIOS_removeRTSLock__I)
                  200161ac    00000024     app_pem4.oem4 (.text:ti_sysbios_BIOS_startFunc__I)
                  200161d0    00000024     sysbios.aem4 : BIOS.obj (.text:ti_sysbios_family_arm_m3_Hwi_doTaskRestore__I)
                  200161f4    00000024                  : BIOS.obj (.text:ti_sysbios_family_arm_m3_Timer_startup__E)
                  20016218    00000024     app_pem4.oem4 (.text:ti_sysbios_gates_GateMutex_Object__delete__S)
                  2001623c    00000024     sysbios.aem4 : BIOS.obj (.text:ti_sysbios_knl_Clock_Module_startup__E)
                  20016260    00000024     app_pem4.oem4 (.text:ti_sysbios_knl_Semaphore_Object__delete__S)
                  20016284    00000024     sysbios.aem4 : BIOS.obj (.text:ti_sysbios_knl_Swi_Module_startup__E)
                  200162a8    00000024     ti.targets.arm.rtsarm.aem4 : System.oem4 (.text:xdc_runtime_System_vprintf__E)
                  200162cc    00000022     rtsv7M4_T_le_eabi.lib : memcmp.obj (.text)
                  200162ee    00000022     app_pem4.oem4 (.text:xdc_runtime_SysMin_output__I)
                  20016310    00000020     app_pem4.oem4 (.text:ti_sysbios_family_arm_m3_Hwi_Object__delete__S)
                  20016330    00000020     sysbios.aem4 : m3_Hwi_asm.obj (.text:ti_sysbios_family_arm_m3_Hwi_excHandlerAsm__I)
                  20016350    00000020                  : BIOS.obj (.text:ti_sysbios_family_arm_m3_Hwi_excHandler__I)
                  20016370    00000020                  : BIOS.obj (.text:ti_sysbios_family_arm_m3_TimestampProvider_Module_startup__E)
                  20016390    00000020     app_pem4.oem4 (.text:ti_sysbios_gates_GateHwi_Object__delete__S)
                  200163b0    00000020     app_pem4.oem4 (.text:ti_sysbios_heaps_HeapMem_Object__delete__S)
                  200163d0    00000020     sysbios.aem4 : BIOS.obj (.text:ti_sysbios_knl_Idle_run__E)
                  200163f0    00000020     app_pem4.oem4 (.text:ti_sysbios_knl_Mailbox_Object__delete__S)
                  20016410    00000020     app_pem4.oem4 (.text:ti_sysbios_knl_Semaphore_Object__destruct__S)
                  20016430    00000020     app_pem4.oem4 (.text:ti_sysbios_knl_Task_Object__delete__S)
                  20016450    00000020     sysbios.aem4 : BIOS.obj (.text:ti_sysbios_knl_Task_enter__I)
                  20016470    00000020     app_pem4.oem4 (.text:xdc_runtime_LoggerBuf_Object__delete__S)
                  20016490    00000020     ti.targets.arm.rtsarm.aem4 : LoggerBuf.oem4 (.text:xdc_runtime_LoggerBuf_reset__E)
                  200164b0    00000020                                : Registry.oem4 (.text:xdc_runtime_Registry_findById__E)
                  200164d0    00000020                                : SysMin.oem4 (.text:xdc_runtime_SysMin_Module_startup__E)
                  200164f0    0000001e     rtsv7M4_T_le_eabi.lib : ll_lsr_t2.obj (.text)
                  2001650e    0000001e     sysbios.aem4 : m3_Hwi_asm_switch.obj (.text:ti_sysbios_family_xxx_Hwi_switchAndRunFunc)
                  2001652c    0000001c     rtsv7M4_T_le_eabi.lib : memccpy.obj (.text)
                  20016548    0000001c     app_pem4.oem4 (.text:ti_sysbios_BIOS_rtsLock__I)
                  20016564    0000001c     sysbios.aem4 : BIOS.obj (.text:ti_sysbios_family_arm_m3_Hwi_setPriority__E)
                  20016580    0000001c                  : BIOS.obj (.text:ti_sysbios_gates_GateMutex_Instance_init__E)
                  2001659c    0000001c     app_pem4.oem4 (.text:ti_sysbios_knl_Queue_Object__destruct__S)
                  200165b8    0000001c     ti.targets.arm.rtsarm.aem4 : Error.oem4 (.text:xdc_runtime_Error_raiseX__E)
                  200165d4    0000001c                                : Memory.oem4 (.text:xdc_runtime_Memory_valloc__E)
                  200165f0    0000001c                                : SysMin.oem4 (.text:xdc_runtime_SysMin_exit__E)
                  2001660c    0000001c                                : System.oem4 (.text:xdc_runtime_System_abort__E)
                  20016628    0000001a     app_pem4.oem4 (.text:ti_sysbios_family_arm_m3_Hwi_Handle__label__S)
                  20016642    0000001a     sysbios.aem4 : m3_Hwi_asm.obj (.text:ti_sysbios_family_arm_m3_Hwi_pendSV__I)
                  2001665c    0000001a     app_pem4.oem4 (.text:ti_sysbios_gates_GateHwi_Handle__label__S)
                  20016676    0000001a     app_pem4.oem4 (.text:ti_sysbios_gates_GateMutex_Handle__label__S)
                  20016690    0000001a     app_pem4.oem4 (.text:ti_sysbios_heaps_HeapMem_Handle__label__S)
                  200166aa    0000001a     app_pem4.oem4 (.text:ti_sysbios_knl_Swi_Handle__label__S)
                  200166c4    0000001a     app_pem4.oem4 (.text:ti_sysbios_knl_Task_Handle__label__S)
                  200166de    0000001a     sysbios.aem4 : BIOS.obj (.text:ti_sysbios_knl_Task_sleepTimeout__I)
                  200166f8    0000001a     app_pem4.oem4 (.text:xdc_runtime_LoggerBuf_Handle__label__S)
                  20016712    0000001a     app_pem4.oem4 (.text:xdc_runtime_System_aprintf__E)
                  2001672c    0000001a     app_pem4.oem4 (.text:xdc_runtime_System_printf__E)
                  20016746    00000018     app_pem4.oem4 (.text:free)
                  2001675e    00000002     --HOLE-- [fill = 0]
                  20016760    00000018     rtsv7M4_T_le_eabi.lib : args_main.obj (.text)
                  20016778    00000018                           : ll_mul_t2.obj (.text)
                  20016790    00000018     app_pem4.oem4 (.text:ti_sysbios_BIOS_rtsUnlock__I)
                  200167a8    00000018     app_pem4.oem4 (.text:ti_sysbios_family_arm_m3_Hwi_Module__startupDone__F)
                  200167c0    00000018     app_pem4.oem4 (.text:ti_sysbios_family_arm_m3_Timer_Module__startupDone__F)
                  200167d8    00000018     sysbios.aem4 : BIOS.obj (.text:ti_sysbios_gates_GateMutex_leave__E)
                  200167f0    00000018     ti.targets.arm.rtsarm.aem4 : Error.oem4 (.text:xdc_runtime_Error_check__E)
                  20016808    00000018                                : System.oem4 (.text:xdc_runtime_System_exit__E)
                  20016820    00000018                                : Text.oem4 (.text:xdc_runtime_Text_ropeText__E)
                  20016838    00000016     app_pem4.oem4 (.text:ti_sysbios_BIOS_exitFunc__I)
                  2001684e    00000002     --HOLE-- [fill = 0]
                  20016850    00000014     rtsv7M4_T_le_eabi.lib : _lock.obj (.text)
                  20016864    00000014                           : strlen.obj (.text)
                  20016878    00000014     app_pem4.oem4 (.text:ti_sysbios_family_arm_m3_Hwi_Object__get__S)
                  2001688c    00000014     sysbios.aem4 : BIOS.obj (.text:ti_sysbios_family_arm_m3_Hwi_switchFromBootStack__E)
                  200168a0    00000014     app_pem4.oem4 (.text:ti_sysbios_heaps_HeapMem_Object__get__S)
                  200168b4    00000014     app_pem4.oem4 (.text:ti_sysbios_knl_Swi_Object__get__S)
                  200168c8    00000014     app_pem4.oem4 (.text:xdc_runtime_LoggerBuf_Object__get__S)
                  200168dc    00000012     rtsv7M4_T_le_eabi.lib : copy_zero_init.obj (.text:decompress:ZI)
                  200168ee    00000012     sysbios.aem4 : BIOS.obj (.text:ti_sysbios_hal_Hwi_Module_startup__E)
                  20016900    00000012                  : BIOS.obj (.text:ti_sysbios_hal_Timer_Module_startup__E)
                  20016912    00000012     ti.targets.arm.rtsarm.aem4 : LoggerBuf.oem4 (.text:xdc_runtime_LoggerBuf_Instance_finalize__E)
                  20016924    00000012                                : LoggerBuf.oem4 (.text:xdc_runtime_LoggerBuf_write1__E)
                  20016936    00000012                                : LoggerBuf.oem4 (.text:xdc_runtime_LoggerBuf_write2__E)
                  20016948    00000012     app_pem4.oem4 (.text:xdc_runtime_Startup_exec__I)
                  2001695a    00000010     rtsv7M4_T_le_eabi.lib : strcpy.obj (.text)
                  2001696a    00000002     --HOLE-- [fill = 0]
                  2001696c    00000010     sysbios.aem4 : BIOS.obj (.text:ti_sysbios_BIOS_setThreadType__E)
                  2001697c    00000010                  : BIOS.obj (.text:ti_sysbios_BIOS_start__E)
                  2001698c    00000010                  : BIOS.obj (.text:ti_sysbios_family_arm_m3_Hwi_getHandle__E)
                  2001699c    00000010                  : m3_TaskSupport_asm.obj (.text:ti_sysbios_family_arm_m3_TaskSupport_glue)
                  200169ac    00000010                  : m3_TaskSupport_asm.obj (.text:ti_sysbios_family_arm_m3_TaskSupport_swap__E)
                  200169bc    00000010                  : BIOS.obj (.text:ti_sysbios_gates_GateMutex_Instance_finalize__E)
                  200169cc    00000010     app_pem4.oem4 (.text:ti_sysbios_knl_Mailbox_Object__get__S)
                  200169dc    00000010     sysbios.aem4 : BIOS.obj (.text:ti_sysbios_knl_Semaphore_Instance_finalize__E)
                  200169ec    00000010                  : BIOS.obj (.text:ti_sysbios_knl_Swi_disable__E)
                  200169fc    00000010     app_pem4.oem4 (.text:ti_sysbios_knl_Task_Object__get__S)
                  20016a0c    00000010     sysbios.aem4 : BIOS.obj (.text:ti_sysbios_knl_Task_disable__E)
                  20016a1c    00000010     ti.targets.arm.rtsarm.aem4 : Gate.oem4 (.text:xdc_runtime_Gate_leaveSystem__E)
                  20016a2c    00000010                                : LoggerBuf.oem4 (.text:xdc_runtime_LoggerBuf_write0__E)
                  20016a3c    00000010                                : Memory.oem4 (.text:xdc_runtime_Memory_free__E)
                  20016a4c    00000010                                : SysMin.oem4 (.text:xdc_runtime_SysMin_ready__E)
                  20016a5c    00000010                                : System.oem4 (.text:xdc_runtime_System_vsnprintf__E)
                  20016a6c    00000010     app_pem4.oem4 (.text:xdc_runtime_Text_visitRope__I)
                  20016a7c    0000000e     rtsv7M4_T_le_eabi.lib : copy_decompress_none.obj (.text:decompress:none)
                  20016a8a    0000000e                           : xdclass.obj (.text)
                  20016a98    0000000e     sysbios.aem4 : BIOS.obj (.text:ti_sysbios_knl_Queue_empty__E)
                  20016aa6    00000002     --HOLE-- [fill = 0]
                  20016aa8    0000000c     app_pem4.oem4 (.text:ti_sysbios_family_arm_m3_Hwi_Params__init__S)
                  20016ab4    0000000c     sysbios.aem4 : BIOS.obj (.text:ti_sysbios_family_arm_m3_Hwi_disableFxn__E)
                  20016ac0    0000000c                  : BIOS.obj (.text:ti_sysbios_family_arm_m3_TaskSupport_checkStack__E)
                  20016acc    0000000c                  : BIOS.obj (.text:ti_sysbios_family_arm_m3_TaskSupport_getStackAlignment__E)
                  20016ad8    0000000c                  : BIOS.obj (.text:ti_sysbios_gates_GateHwi_enter__E)
                  20016ae4    0000000c     app_pem4.oem4 (.text:ti_sysbios_knl_Queue_Object__get__S)
                  20016af0    0000000c     app_pem4.oem4 (.text:ti_sysbios_knl_Semaphore_Params__init__S)
                  20016afc    0000000c     app_pem4.oem4 (.text:ti_sysbios_knl_Task_Params__init__S)
                  20016b08    0000000c     ti.targets.arm.rtsarm.aem4 : Error.oem4 (.text:xdc_runtime_Error_init__E)
                  20016b14    0000000c                                : Gate.oem4 (.text:xdc_runtime_Gate_enterSystem__E)
                  20016b20    0000000c                                : Memory.oem4 (.text:xdc_runtime_Memory_calloc__E)
                  20016b2c    0000000c                                : Memory.oem4 (.text:xdc_runtime_Memory_getMaxDefaultTypeAlign__E)
                  20016b38    0000000a     app_pem4.oem4 (.text:xdc_runtime_IHeap_alloc)
                  20016b42    0000000a     app_pem4.oem4 (.text:xdc_runtime_IHeap_free)
                  20016b4c    0000000a     ti.targets.arm.rtsarm.aem4 : LoggerBuf.oem4 (.text:xdc_runtime_LoggerBuf_disable__E)
                  20016b56    0000000a                                : LoggerBuf.oem4 (.text:xdc_runtime_LoggerBuf_enable__E)
                  20016b60    00000008     sysbios.aem4 : BIOS.obj (.text:ti_sysbios_family_arm_m3_Hwi_doSwiRestore__I)
                  20016b68    00000008                  : BIOS.obj (.text:ti_sysbios_family_arm_m3_Hwi_startup__E)
                  20016b70    00000008                  : BIOS.obj (.text:ti_sysbios_knl_Idle_loop__E)
                  20016b78    00000006     driverlib.a : utils.obj (.text:UtilsDelay)
                  20016b7e    00000006     ti.targets.arm.rtsarm.aem4 : xdc_noinit.oem4 (.text:__xdc__init)
                  20016b84    00000006     rtsv7M4_T_le_eabi.lib : copy_decompress_rle.obj (.text:decompress:rle24)
                  20016b8a    00000006                           : log.obj (.text)
                  20016b90    00000006     sysbios.aem4 : BIOS.obj (.text:ti_sysbios_family_arm_m3_Hwi_restoreFxn__E)
                  20016b96    00000006                  : BIOS.obj (.text:ti_sysbios_gates_GateHwi_leave__E)
                  20016b9c    00000006                  : BIOS.obj (.text:ti_sysbios_heaps_HeapMem_isBlocking__E)
                  20016ba2    00000006                  : BIOS.obj (.text:ti_sysbios_knl_Queue_Instance_init__E)
                  20016ba8    00000006     ti.targets.arm.rtsarm.aem4 : System.oem4 (.text:xdc_runtime_System_Module_startup__E)
                  20016bae    00000004                                : LoggerBuf.oem4 (.text:LoggerBuf_instanceStartup)
                  20016bb2    00000004     app_pem4.oem4 (.text:ti_sysbios_BIOS_RtsGateProxy_enter__E)
                  20016bb6    00000004     app_pem4.oem4 (.text:ti_sysbios_BIOS_RtsGateProxy_leave__E)
                  20016bba    00000004     app_pem4.oem4 (.text:ti_sysbios_family_arm_m3_Hwi_delete)
                  20016bbe    00000004     app_pem4.oem4 (.text:ti_sysbios_family_arm_m3_TaskSupport_Module__startupDone__S)
                  20016bc2    00000004     sysbios.aem4 : BIOS.obj (.text:ti_sysbios_family_arm_m3_Timer_getMaxTicks__E)
                  20016bc6    00000004                  : BIOS.obj (.text:ti_sysbios_gates_GateHwi_query__E)
                  20016bca    00000004                  : BIOS.obj (.text:ti_sysbios_gates_GateMutex_query__E)
                  20016bce    00000004     app_pem4.oem4 (.text:ti_sysbios_hal_Hwi_HwiProxy_Module__startupDone__S)
                  20016bd2    00000004     app_pem4.oem4 (.text:ti_sysbios_hal_Timer_TimerProxy_Module__startupDone__S)
                  20016bd6    00000004     app_pem4.oem4 (.text:ti_sysbios_heaps_HeapMem_Module_GateProxy_enter__E)
                  20016bda    00000004     app_pem4.oem4 (.text:ti_sysbios_heaps_HeapMem_Module_GateProxy_leave__E)
                  20016bde    00000004     app_pem4.oem4 (.text:ti_sysbios_knl_Clock_TimerProxy_Module__startupDone__S)
                  20016be2    00000004     app_pem4.oem4 (.text:ti_sysbios_knl_Clock_TimerProxy_getMaxTicks__E)
                  20016be6    00000004     app_pem4.oem4 (.text:ti_sysbios_knl_Mailbox_delete)
                  20016bea    00000004     app_pem4.oem4 (.text:ti_sysbios_knl_Queue_destruct)
                  20016bee    00000004     app_pem4.oem4 (.text:ti_sysbios_knl_Semaphore_delete)
                  20016bf2    00000004     app_pem4.oem4 (.text:ti_sysbios_knl_Semaphore_destruct)
                  20016bf6    00000004     app_pem4.oem4 (.text:ti_sysbios_knl_Task_SupportProxy_Module__startupDone__S)
                  20016bfa    00000004     app_pem4.oem4 (.text:ti_sysbios_knl_Task_delete)
                  20016bfe    00000004     sysbios.aem4 : BIOS.obj (.text:ti_sysbios_knl_Task_startup__E)
                  20016c02    00000004     ti.targets.arm.rtsarm.aem4 : Error.oem4 (.text:xdc_runtime_Error_getSite__E)
                  20016c06    00000004     app_pem4.oem4 (.text:xdc_runtime_LoggerBuf_Module_GateProxy_enter__E)
                  20016c0a    00000004     app_pem4.oem4 (.text:xdc_runtime_LoggerBuf_Module_GateProxy_leave__E)
                  20016c0e    00000004     app_pem4.oem4 (.text:xdc_runtime_Memory_HeapProxy_alloc__E)
                  20016c12    00000004     app_pem4.oem4 (.text:xdc_runtime_Memory_HeapProxy_free__E)
                  20016c16    00000004     app_pem4.oem4 (.text:xdc_runtime_System_Module_GateProxy_enter__E)
                  20016c1a    00000004     app_pem4.oem4 (.text:xdc_runtime_System_Module_GateProxy_leave__E)
                  20016c1e    00000004     ti.targets.arm.rtsarm.aem4 : System.oem4 (.text:xdc_runtime_System_aprintf_va__F)
                  20016c22    00000004                                : System.oem4 (.text:xdc_runtime_System_printf_va__F)

.const     0    20016c28    00002644     
                  20016c28    0000178e     app_pem4.oem4 (.const:xdc_runtime_Text_charTab__A)
                  200183b6    00000102     rtsv7M4_T_le_eabi.lib : ctype.obj (.const:.string:_ctypes_)
                  200184b8    00000100     driverlib.a : pin.obj (.const:g_ulPinToPadMap)
                  200185b8    000000d4                 : interrupt.obj (.const:g_pulRegs)
                  2001868c    000000b8     app_pem4.oem4 (.const:xdc_runtime_Text_nodeTab__A)
                  20018744    000000b0     simplelink.a : wlan.obj (.const:$P$T0$1)
                  200187f4    000000a0     driverlib.a : prcm.obj (.const:PRCM_PeriphRegsList)
                  20018894    00000080                 : interrupt.obj (.const)
                  20018914    00000048     app_pem4.oem4 (.const:.string)
                  2001895c    00000004     app_pem4.oem4 (.const:ti_sysbios_family_arm_m3_Hwi_E_NMI__C)
                  20018960    00000048     rtsv7M4_T_le_eabi.lib : xexp.obj (.const)
                  200189a8    00000040     driverlib.a : flash.obj (.const:g_pulFMPPERegs)
                  200189e8    00000040                 : flash.obj (.const:g_pulFMPRERegs)
                  20018a28    0000003c     simplelink.a : wlan.obj (.const)
                  20018a64    0000003c     app_pem4.oem4 (.const:ti_sysbios_knl_Task_Object__PARAMS__C)
                  20018aa0    0000003c     app_pem4.oem4 (.const:xdc_runtime_LoggerBuf_Module__FXNS__C)
                  20018adc    00000038     simplelink.a : driver.obj (.const:_SlActionLookupTable)
                  20018b14    00000004     app_pem4.oem4 (.const:ti_sysbios_family_arm_m3_Hwi_E_alreadyDefined__C)
                  20018b18    00000038     rtsv7M4_T_le_eabi.lib : xlog.obj (.const:p)
                  20018b50    00000034     simplelink.a : socket.obj (.const)
                  20018b84    00000034     app_pem4.oem4 (.const:ti_sysbios_knl_Mailbox_Object__PARAMS__C)
                  20018bb8    00000030     rtsv7M4_T_le_eabi.lib : xdint.obj (.const)
                  20018be8    00000030     app_pem4.oem4 (.const:ti_sysbios_family_arm_m3_Hwi_Object__PARAMS__C)
                  20018c18    00000030     app_pem4.oem4 (.const:xdc_runtime_Startup_sfxnTab__A)
                  20018c48    00000028     simplelink.a : netapp.obj (.const)
                  20018c70    00000028     app_pem4.oem4 (.const:ti_sysbios_heaps_HeapMem_Module__FXNS__C)
                  20018c98    00000024     driverlib.a : spi.obj (.const:g_ppulSPIIntMap)
                  20018cbc    00000024     app_pem4.oem4 (.const:ti_sysbios_gates_GateHwi_Module__FXNS__C)
                  20018ce0    00000024     app_pem4.oem4 (.const:ti_sysbios_gates_GateMutex_Module__FXNS__C)
                  20018d04    00000024     app_pem4.oem4 (.const:ti_sysbios_heaps_HeapMem_Object__PARAMS__C)
                  20018d28    00000024     app_pem4.oem4 (.const:ti_sysbios_knl_Semaphore_Object__PARAMS__C)
                  20018d4c    00000024     app_pem4.oem4 (.const:xdc_runtime_LoggerBuf_Object__PARAMS__C)
                  20018d70    00000020     app_pem4.oem4 (.const:ti_sysbios_family_arm_m3_Hwi_Object__DESC__C)
                  20018d90    00000020     app_pem4.oem4 (.const:ti_sysbios_gates_GateHwi_Object__DESC__C)
                  20018db0    00000020     app_pem4.oem4 (.const:ti_sysbios_gates_GateMutex_Object__DESC__C)
                  20018dd0    00000020     app_pem4.oem4 (.const:ti_sysbios_heaps_HeapMem_Object__DESC__C)
                  20018df0    00000020     app_pem4.oem4 (.const:ti_sysbios_knl_Mailbox_Object__DESC__C)
                  20018e10    00000020     app_pem4.oem4 (.const:ti_sysbios_knl_Queue_Object__DESC__C)
                  20018e30    00000020     app_pem4.oem4 (.const:ti_sysbios_knl_Semaphore_Object__DESC__C)
                  20018e50    00000020     app_pem4.oem4 (.const:ti_sysbios_knl_Task_Object__DESC__C)
                  20018e70    00000020     app_pem4.oem4 (.const:xdc_runtime_LoggerBuf_Object__DESC__C)
                  20018e90    0000001d     mqtt.obj (.const:.string)
                  20018ead    00000001     app_pem4.oem4 (.const:xdc_runtime_Error_policy__C)
                  20018eae    00000002     app_pem4.oem4 (.const:ti_sysbios_family_arm_m3_Hwi_Module__id__C)
                  20018eb0    00000018     driverlib.a : spi.obj (.const)
                  20018ec8    00000018     app_pem4.oem4 (.const:ti_sysbios_gates_GateHwi_Object__PARAMS__C)
                  20018ee0    00000018     app_pem4.oem4 (.const:ti_sysbios_gates_GateMutex_Object__PARAMS__C)
                  20018ef8    00000018     app_pem4.oem4 (.const:ti_sysbios_knl_Queue_Object__PARAMS__C)
                  20018f10    00000018     app_pem4.oem4 (.const:xdc_runtime_Startup_sfxnRts__A)
                  20018f28    00000014     simplelink.a : device.obj (.const)
                  20018f3c    00000014                  : driver.obj (.const)
                  20018f50    00000011     ti.targets.arm.rtsarm.aem4 : System.oem4 (.const:.string)
                  20018f61    00000010     smartconfig.obj (.const:.string)
                  20018f71    00000001     --HOLE-- [fill = 0]
                  20018f72    00000002     app_pem4.oem4 (.const:ti_sysbios_family_arm_m3_Hwi_Module__loggerDefined__C)
                  20018f74    00000010     driverlib.a : uart.obj (.const)
                  20018f84    0000000c                 : i2c.obj (.const)
                  20018f90    0000000c     app_pem4.oem4 (.const:xdc_runtime_Startup_firstFxns__A)
                  20018f9c    0000000b     main.obj (.const:.string)
                  20018fa7    00000001     --HOLE-- [fill = 0]
                  20018fa8    00000008     simplelink.a : netcfg.obj (.const)
                  20018fb0    00000008     app_pem4.oem4 (.const:ti_sysbios_family_arm_m3_Hwi_excHookFuncs__A)
                  20018fb8    00000008     app_pem4.oem4 (.const:ti_sysbios_knl_Idle_funcList__C)
                  20018fc0    00000008     app_pem4.oem4 (.const:xdc_runtime_Startup_firstFxns__C)
                  20018fc8    00000008     app_pem4.oem4 (.const:xdc_runtime_Startup_lastFxns__C)
                  20018fd0    00000004     app_pem4.oem4 (.const:ti_sysbios_family_arm_m3_Hwi_E_busFault__C)
                  20018fd4    00000004     app_pem4.oem4 (.const:ti_sysbios_family_arm_m3_Hwi_E_debugMon__C)
                  20018fd8    00000004     app_pem4.oem4 (.const:ti_sysbios_family_arm_m3_Hwi_E_hardFault__C)
                  20018fdc    00000004     app_pem4.oem4 (.const:ti_sysbios_family_arm_m3_Hwi_E_memFault__C)
                  20018fe0    00000004     app_pem4.oem4 (.const:ti_sysbios_family_arm_m3_Hwi_E_noIsr__C)
                  20018fe4    00000004     app_pem4.oem4 (.const:ti_sysbios_family_arm_m3_Hwi_E_reserved__C)
                  20018fe8    00000004     app_pem4.oem4 (.const:ti_sysbios_family_arm_m3_Hwi_E_svCall__C)
                  20018fec    00000004     app_pem4.oem4 (.const:ti_sysbios_family_arm_m3_Hwi_E_usageFault__C)
                  20018ff0    00000004     app_pem4.oem4 (.const:ti_sysbios_family_arm_m3_Hwi_LD_end__C)
                  20018ff4    00000004     app_pem4.oem4 (.const:ti_sysbios_family_arm_m3_Hwi_LM_begin__C)
                  20018ff8    00000004     app_pem4.oem4 (.const:ti_sysbios_family_arm_m3_Hwi_Module__diagsEnabled__C)
                  20018ffc    00000004     app_pem4.oem4 (.const:ti_sysbios_family_arm_m3_Hwi_Module__diagsIncluded__C)
                  20019000    00000004     app_pem4.oem4 (.const:ti_sysbios_family_arm_m3_Hwi_Module__diagsMask__C)
                  20019004    00000004     app_pem4.oem4 (.const:ti_sysbios_family_arm_m3_Hwi_Module__loggerFxn1__C)
                  20019008    00000004     app_pem4.oem4 (.const:ti_sysbios_family_arm_m3_Hwi_Module__loggerFxn8__C)
                  2001900c    00000004     app_pem4.oem4 (.const:ti_sysbios_family_arm_m3_Hwi_Module__loggerObj__C)
                  20019010    00000004     app_pem4.oem4 (.const:ti_sysbios_family_arm_m3_Hwi_NUM_INTERRUPTS__C)
                  20019014    00000004     app_pem4.oem4 (.const:ti_sysbios_family_arm_m3_Hwi_Object__count__C)
                  20019018    00000004     app_pem4.oem4 (.const:ti_sysbios_family_arm_m3_Hwi_ccr__C)
                  2001901c    00000004     app_pem4.oem4 (.const:ti_sysbios_family_arm_m3_Hwi_excHandlerFunc__C)
                  20019020    00000004     app_pem4.oem4 (.const:ti_sysbios_family_arm_m3_Hwi_excHookFuncs__C)
                  20019024    00000004     app_pem4.oem4 (.const:ti_sysbios_family_arm_m3_Hwi_nullIsrFunc__C)
                  20019028    00000004     app_pem4.oem4 (.const:ti_sysbios_family_arm_m3_Hwi_priGroup__C)
                  2001902c    00000004     app_pem4.oem4 (.const:ti_sysbios_family_arm_m3_TaskSupport_stackAlignment__C)
                  20019030    00000004     app_pem4.oem4 (.const:ti_sysbios_family_arm_m3_Timer_E_cannotSupport__C)
                  20019034    00000004     app_pem4.oem4 (.const:ti_sysbios_family_arm_m3_Timer_startupNeeded__C)
                  20019038    00000004     app_pem4.oem4 (.const:ti_sysbios_gates_GateMutex_A_badContext__C)
                  2001903c    00000004     app_pem4.oem4 (.const:ti_sysbios_gates_GateMutex_Instance_State_sem__O)
                  20019040    00000004     app_pem4.oem4 (.const:ti_sysbios_gates_GateMutex_Module__diagsEnabled__C)
                  20019044    00000004     app_pem4.oem4 (.const:ti_sysbios_gates_GateMutex_Module__diagsIncluded__C)
                  20019048    00000004     app_pem4.oem4 (.const:ti_sysbios_gates_GateMutex_Module__diagsMask__C)
                  2001904c    00000004     app_pem4.oem4 (.const:ti_sysbios_hal_Hwi_E_stackOverflow__C)
                  20019050    00000004     app_pem4.oem4 (.const:ti_sysbios_heaps_HeapMem_A_align__C)
                  20019054    00000004     app_pem4.oem4 (.const:ti_sysbios_heaps_HeapMem_A_heapSize__C)
                  20019058    00000004     app_pem4.oem4 (.const:ti_sysbios_heaps_HeapMem_A_invalidFree__C)
                  2001905c    00000004     app_pem4.oem4 (.const:ti_sysbios_heaps_HeapMem_A_zeroBlock__C)
                  20019060    00000004     app_pem4.oem4 (.const:ti_sysbios_heaps_HeapMem_E_memory__C)
                  20019064    00000004     app_pem4.oem4 (.const:ti_sysbios_heaps_HeapMem_Module__diagsEnabled__C)
                  20019068    00000004     app_pem4.oem4 (.const:ti_sysbios_heaps_HeapMem_Module__diagsIncluded__C)
                  2001906c    00000004     app_pem4.oem4 (.const:ti_sysbios_heaps_HeapMem_Module__diagsMask__C)
                  20019070    00000004     app_pem4.oem4 (.const:ti_sysbios_heaps_HeapMem_Module__gateObj__C)
                  20019074    00000004     app_pem4.oem4 (.const:ti_sysbios_heaps_HeapMem_Object__count__C)
                  20019078    00000004     app_pem4.oem4 (.const:ti_sysbios_heaps_HeapMem_reqAlign__C)
                  2001907c    00000004     app_pem4.oem4 (.const:ti_sysbios_knl_Clock_LM_begin__C)
                  20019080    00000004     app_pem4.oem4 (.const:ti_sysbios_knl_Clock_LM_tick__C)
                  20019084    00000004     app_pem4.oem4 (.const:ti_sysbios_knl_Clock_LW_delayed__C)
                  20019088    00000004     app_pem4.oem4 (.const:ti_sysbios_knl_Clock_Module_State_clockQ__O)
                  2001908c    00000004     app_pem4.oem4 (.const:ti_sysbios_knl_Clock_Module__diagsEnabled__C)
                  20019090    00000004     app_pem4.oem4 (.const:ti_sysbios_knl_Clock_Module__diagsIncluded__C)
                  20019094    00000004     app_pem4.oem4 (.const:ti_sysbios_knl_Clock_Module__diagsMask__C)
                  20019098    00000004     app_pem4.oem4 (.const:ti_sysbios_knl_Clock_Module__loggerFxn1__C)
                  2001909c    00000004     app_pem4.oem4 (.const:ti_sysbios_knl_Clock_Module__loggerFxn2__C)
                  200190a0    00000004     app_pem4.oem4 (.const:ti_sysbios_knl_Clock_Module__loggerObj__C)
                  200190a4    00000004     app_pem4.oem4 (.const:ti_sysbios_knl_Clock_tickPeriod__C)
                  200190a8    00000004     app_pem4.oem4 (.const:ti_sysbios_knl_Idle_funcList__A)
                  200190ac    00000004     app_pem4.oem4 (.const:ti_sysbios_knl_Mailbox_A_invalidBufSize__C)
                  200190b0    00000004     app_pem4.oem4 (.const:ti_sysbios_knl_Mailbox_Instance_State_dataQue__O)
                  200190b4    00000004     app_pem4.oem4 (.const:ti_sysbios_knl_Mailbox_Instance_State_dataSem__O)
                  200190b8    00000004     app_pem4.oem4 (.const:ti_sysbios_knl_Mailbox_Instance_State_freeQue__O)
                  200190bc    00000004     app_pem4.oem4 (.const:ti_sysbios_knl_Mailbox_Instance_State_freeSem__O)
                  200190c0    00000004     app_pem4.oem4 (.const:ti_sysbios_knl_Mailbox_Module__diagsEnabled__C)
                  200190c4    00000004     app_pem4.oem4 (.const:ti_sysbios_knl_Mailbox_Module__diagsIncluded__C)
                  200190c8    00000004     app_pem4.oem4 (.const:ti_sysbios_knl_Mailbox_Module__diagsMask__C)
                  200190cc    00000004     app_pem4.oem4 (.const:ti_sysbios_knl_Mailbox_Object__count__C)
                  200190d0    00000004     app_pem4.oem4 (.const:ti_sysbios_knl_Mailbox_maxTypeAlign__C)
                  200190d4    00000004     app_pem4.oem4 (.const:ti_sysbios_knl_Semaphore_A_badContext__C)
                  200190d8    00000004     app_pem4.oem4 (.const:ti_sysbios_knl_Semaphore_A_noEvents__C)
                  200190dc    00000004     app_pem4.oem4 (.const:ti_sysbios_knl_Semaphore_A_overflow__C)
                  200190e0    00000004     app_pem4.oem4 (.const:ti_sysbios_knl_Semaphore_A_pendTaskDisabled__C)
                  200190e4    00000004     app_pem4.oem4 (.const:ti_sysbios_knl_Semaphore_Instance_State_pendQ__O)
                  200190e8    00000004     app_pem4.oem4 (.const:ti_sysbios_knl_Semaphore_LM_pend__C)
                  200190ec    00000004     app_pem4.oem4 (.const:ti_sysbios_knl_Semaphore_LM_post__C)
                  200190f0    00000004     app_pem4.oem4 (.const:ti_sysbios_knl_Semaphore_Module__diagsEnabled__C)
                  200190f4    00000004     app_pem4.oem4 (.const:ti_sysbios_knl_Semaphore_Module__diagsIncluded__C)
                  200190f8    00000004     app_pem4.oem4 (.const:ti_sysbios_knl_Semaphore_Module__diagsMask__C)
                  200190fc    00000004     app_pem4.oem4 (.const:ti_sysbios_knl_Semaphore_Module__loggerFxn2__C)
                  20019100    00000004     app_pem4.oem4 (.const:ti_sysbios_knl_Semaphore_Module__loggerFxn4__C)
                  20019104    00000004     app_pem4.oem4 (.const:ti_sysbios_knl_Semaphore_Module__loggerObj__C)
                  20019108    00000004     app_pem4.oem4 (.const:ti_sysbios_knl_Swi_LD_end__C)
                  2001910c    00000004     app_pem4.oem4 (.const:ti_sysbios_knl_Swi_LM_begin__C)
                  20019110    00000004     app_pem4.oem4 (.const:ti_sysbios_knl_Swi_LM_post__C)
                  20019114    00000004     app_pem4.oem4 (.const:ti_sysbios_knl_Swi_Module__diagsEnabled__C)
                  20019118    00000004     app_pem4.oem4 (.const:ti_sysbios_knl_Swi_Module__diagsIncluded__C)
                  2001911c    00000004     app_pem4.oem4 (.const:ti_sysbios_knl_Swi_Module__diagsMask__C)
                  20019120    00000004     app_pem4.oem4 (.const:ti_sysbios_knl_Swi_Module__loggerFxn1__C)
                  20019124    00000004     app_pem4.oem4 (.const:ti_sysbios_knl_Swi_Module__loggerFxn4__C)
                  20019128    00000004     app_pem4.oem4 (.const:ti_sysbios_knl_Swi_Module__loggerObj__C)
                  2001912c    00000004     app_pem4.oem4 (.const:ti_sysbios_knl_Swi_Object__count__C)
                  20019130    00000004     app_pem4.oem4 (.const:ti_sysbios_knl_Task_A_badPriority__C)
                  20019134    00000004     app_pem4.oem4 (.const:ti_sysbios_knl_Task_A_badTaskState__C)
                  20019138    00000004     app_pem4.oem4 (.const:ti_sysbios_knl_Task_A_badThreadType__C)
                  2001913c    00000004     app_pem4.oem4 (.const:ti_sysbios_knl_Task_A_badTimeout__C)
                  20019140    00000004     app_pem4.oem4 (.const:ti_sysbios_knl_Task_A_noPendElem__C)
                  20019144    00000004     app_pem4.oem4 (.const:ti_sysbios_knl_Task_A_sleepTaskDisabled__C)
                  20019148    00000004     app_pem4.oem4 (.const:ti_sysbios_knl_Task_E_spOutOfBounds__C)
                  2001914c    00000004     app_pem4.oem4 (.const:ti_sysbios_knl_Task_E_stackOverflow__C)
                  20019150    00000004     app_pem4.oem4 (.const:ti_sysbios_knl_Task_LD_block__C)
                  20019154    00000004     app_pem4.oem4 (.const:ti_sysbios_knl_Task_LD_exit__C)
                  20019158    00000004     app_pem4.oem4 (.const:ti_sysbios_knl_Task_LD_ready__C)
                  2001915c    00000004     app_pem4.oem4 (.const:ti_sysbios_knl_Task_LM_sleep__C)
                  20019160    00000004     app_pem4.oem4 (.const:ti_sysbios_knl_Task_LM_switch__C)
                  20019164    00000004     app_pem4.oem4 (.const:ti_sysbios_knl_Task_Module_State_inactiveQ__O)
                  20019168    00000004     app_pem4.oem4 (.const:ti_sysbios_knl_Task_Module__diagsEnabled__C)
                  2001916c    00000004     app_pem4.oem4 (.const:ti_sysbios_knl_Task_Module__diagsIncluded__C)
                  20019170    00000004     app_pem4.oem4 (.const:ti_sysbios_knl_Task_Module__diagsMask__C)
                  20019174    00000004     app_pem4.oem4 (.const:ti_sysbios_knl_Task_Module__loggerFxn2__C)
                  20019178    00000004     app_pem4.oem4 (.const:ti_sysbios_knl_Task_Module__loggerFxn4__C)
                  2001917c    00000004     app_pem4.oem4 (.const:ti_sysbios_knl_Task_Module__loggerObj__C)
                  20019180    00000004     app_pem4.oem4 (.const:ti_sysbios_knl_Task_Object__count__C)
                  20019184    00000004     app_pem4.oem4 (.const:ti_sysbios_knl_Task_allBlockedFunc__C)
                  20019188    00000004     app_pem4.oem4 (.const:ti_sysbios_knl_Task_defaultStackHeap__C)
                  2001918c    00000004     app_pem4.oem4 (.const:ti_sysbios_knl_Task_defaultStackSize__C)
                  20019190    00000004     app_pem4.oem4 (.const:ti_sysbios_knl_Task_numConstructedTasks__C)
                  20019194    00000004     app_pem4.oem4 (.const:xdc_runtime_Assert_E_assertFailed__C)
                  20019198    00000004     app_pem4.oem4 (.const:xdc_runtime_Core_A_initializedParams__C)
                  2001919c    00000004     app_pem4.oem4 (.const:xdc_runtime_Core_Module__diagsEnabled__C)
                  200191a0    00000004     app_pem4.oem4 (.const:xdc_runtime_Core_Module__diagsIncluded__C)
                  200191a4    00000004     app_pem4.oem4 (.const:xdc_runtime_Core_Module__diagsMask__C)
                  200191a8    00000004     app_pem4.oem4 (.const:xdc_runtime_Error_E_memory__C)
                  200191ac    00000004     app_pem4.oem4 (.const:xdc_runtime_Error_Module__diagsEnabled__C)
                  200191b0    00000004     app_pem4.oem4 (.const:xdc_runtime_Error_Module__diagsIncluded__C)
                  200191b4    00000004     app_pem4.oem4 (.const:xdc_runtime_Error_Module__diagsMask__C)
                  200191b8    00000004     app_pem4.oem4 (.const:xdc_runtime_Error_Module__loggerFxn8__C)
                  200191bc    00000004     app_pem4.oem4 (.const:xdc_runtime_Error_Module__loggerObj__C)
                  200191c0    00000004     app_pem4.oem4 (.const:xdc_runtime_Error_policyFxn__C)
                  200191c4    00000004     app_pem4.oem4 (.const:xdc_runtime_Error_raiseHook__C)
                  200191c8    00000004     app_pem4.oem4 (.const:xdc_runtime_IFilterLogger_Interface__BASE__C)
                  200191cc    00000004     app_pem4.oem4 (.const:xdc_runtime_IGateProvider_Interface__BASE__C)
                  200191d0    00000004     app_pem4.oem4 (.const:xdc_runtime_IHeap_Interface__BASE__C)
                  200191d4    00000004     app_pem4.oem4 (.const:xdc_runtime_ILogger_Interface__BASE__C)
                  200191d8    00000004     app_pem4.oem4 (.const:xdc_runtime_IModule_Interface__BASE__C)
                  200191dc    00000004     app_pem4.oem4 (.const:xdc_runtime_Log_L_error__C)
                  200191e0    00000004     app_pem4.oem4 (.const:xdc_runtime_LoggerBuf_E_badLevel__C)
                  200191e4    00000004     app_pem4.oem4 (.const:xdc_runtime_LoggerBuf_Module__gateObj__C)
                  200191e8    00000004     app_pem4.oem4 (.const:xdc_runtime_LoggerBuf_Object__count__C)
                  200191ec    00000004     app_pem4.oem4 (.const:xdc_runtime_LoggerBuf_statusLogger__C)
                  200191f0    00000004     app_pem4.oem4 (.const:xdc_runtime_Memory_defaultHeapInstance__C)
                  200191f4    00000004     app_pem4.oem4 (.const:xdc_runtime_Startup_execImpl__C)
                  200191f8    00000004     app_pem4.oem4 (.const:xdc_runtime_Startup_maxPasses__C)
                  200191fc    00000004     app_pem4.oem4 (.const:xdc_runtime_Startup_sfxnRts__C)
                  20019200    00000004     app_pem4.oem4 (.const:xdc_runtime_Startup_sfxnTab__C)
                  20019204    00000004     app_pem4.oem4 (.const:xdc_runtime_SysMin_bufSize__C)
                  20019208    00000004     app_pem4.oem4 (.const:xdc_runtime_SysMin_outputFunc__C)
                  2001920c    00000004     app_pem4.oem4 (.const:xdc_runtime_System_Module__gateObj__C)
                  20019210    00000004     app_pem4.oem4 (.const:xdc_runtime_System_abortFxn__C)
                  20019214    00000004     app_pem4.oem4 (.const:xdc_runtime_System_exitFxn__C)
                  20019218    00000004     app_pem4.oem4 (.const:xdc_runtime_System_extendFxn__C)
                  2001921c    00000004     app_pem4.oem4 (.const:xdc_runtime_System_maxAtexitHandlers__C)
                  20019220    00000004     app_pem4.oem4 (.const:xdc_runtime_Text_charTab__C)
                  20019224    00000004     app_pem4.oem4 (.const:xdc_runtime_Text_nameEmpty__C)
                  20019228    00000004     app_pem4.oem4 (.const:xdc_runtime_Text_nameStatic__C)
                  2001922c    00000004     app_pem4.oem4 (.const:xdc_runtime_Text_nameUnknown__C)
                  20019230    00000004     app_pem4.oem4 (.const:xdc_runtime_Text_nodeTab__C)
                  20019234    00000004     app_pem4.oem4 (.const:xdc_runtime_Text_visitRopeFxn__C)
                  20019238    00000002     app_pem4.oem4 (.const:ti_sysbios_family_arm_m3_Timer_Module__id__C)
                  2001923a    00000002     app_pem4.oem4 (.const:ti_sysbios_family_arm_m3_TimestampProvider_configTimer__C)
                  2001923c    00000002     app_pem4.oem4 (.const:ti_sysbios_gates_GateMutex_Module__id__C)
                  2001923e    00000002     app_pem4.oem4 (.const:ti_sysbios_hal_Hwi_Module__id__C)
                  20019240    00000002     app_pem4.oem4 (.const:ti_sysbios_heaps_HeapMem_Module__id__C)
                  20019242    00000002     app_pem4.oem4 (.const:ti_sysbios_knl_Clock_Module__id__C)
                  20019244    00000002     app_pem4.oem4 (.const:ti_sysbios_knl_Clock_Module__loggerDefined__C)
                  20019246    00000002     app_pem4.oem4 (.const:ti_sysbios_knl_Mailbox_Module__id__C)
                  20019248    00000002     app_pem4.oem4 (.const:ti_sysbios_knl_Semaphore_Module__id__C)
                  2001924a    00000002     app_pem4.oem4 (.const:ti_sysbios_knl_Semaphore_Module__loggerDefined__C)
                  2001924c    00000002     app_pem4.oem4 (.const:ti_sysbios_knl_Swi_Module__id__C)
                  2001924e    00000002     app_pem4.oem4 (.const:ti_sysbios_knl_Swi_Module__loggerDefined__C)
                  20019250    00000002     app_pem4.oem4 (.const:ti_sysbios_knl_Task_Module__id__C)
                  20019252    00000002     app_pem4.oem4 (.const:ti_sysbios_knl_Task_Module__loggerDefined__C)
                  20019254    00000002     app_pem4.oem4 (.const:ti_sysbios_knl_Task_initStackFlag__C)
                  20019256    00000002     app_pem4.oem4 (.const:xdc_runtime_Core_Module__id__C)
                  20019258    00000002     app_pem4.oem4 (.const:xdc_runtime_Error_Module__loggerDefined__C)
                  2001925a    00000002     app_pem4.oem4 (.const:xdc_runtime_Error_maxDepth__C)
                  2001925c    00000002     app_pem4.oem4 (.const:xdc_runtime_LoggerBuf_Module__id__C)
                  2001925e    00000002     app_pem4.oem4 (.const:xdc_runtime_LoggerBuf_filterByLevel__C)
                  20019260    00000002     app_pem4.oem4 (.const:xdc_runtime_Memory_Module__id__C)
                  20019262    00000002     app_pem4.oem4 (.const:xdc_runtime_SysMin_flushAtExit__C)
                  20019264    00000002     app_pem4.oem4 (.const:xdc_runtime_Text_charCnt__C)
                  20019266    00000002     app_pem4.oem4 (.const:xdc_runtime_Text_isLoaded__C)
                  20019268    00000002     app_pem4.oem4 (.const:xdc_runtime_Text_registryModsLastId__C)
                  2001926a    00000002     app_pem4.oem4 (.const:xdc_runtime_Text_unnamedModsLastId__C)

.cinit     0    20019270    00000408     
                  20019270    000003de     (.cinit..data.load) [load image, compression = rle]
                  2001964e    00000002     --HOLE-- [fill = 0]
                  20019650    0000000c     (__TI_handler_table)
                  2001965c    00000004     --HOLE-- [fill = 0]
                  20019660    00000008     (.cinit..bss.load) [load image, compression = zero_init]
                  20019668    00000010     (__TI_cinit_table)

.bss       0    2001d000    00009d1e     UNINITIALIZED
                  2001d000    00008000     app_pem4.oem4 (.bss:ti_sysbios_heaps_HeapMem_Instance_State_0_buf__A)
                  20025000    00000800     app_pem4.oem4 (.bss:taskStackSection)
                  20025800    000006d0     mqtt.obj (.bss:appData)
                  20025ed0    00000400     app_pem4.oem4 (.bss:xdc_runtime_LoggerBuf_Instance_State_0_entryArr__A)
                  200262d0    00000400     app_pem4.oem4 (.bss:xdc_runtime_SysMin_Module_State_0_outbuf__A)
                  200266d0    0000030c     app_pem4.oem4 (.bss:ti_sysbios_family_arm_m3_Hwi_dispatchTable)
                  200269dc    00000178     simplelink.a : driver.obj (.bss:g_StatMem)
                  20026b54    00000120     rtsv7M4_T_le_eabi.lib : trgmsg.obj (.bss:__CIOBUF_)
                  20026c74    00000050     simplelink.a : cc_pal.obj (.bss:g_ucDinDout)
                  20026cc4    00000018     (.common:thingName)
                  20026cdc    00000010     (.common:MACAddressHex)
                  20026cec    00000008     (.common:MACAddress)
                  20026cf4    00000008     (.common:parmbuf)
                  20026cfc    00000004     (.common:DMAMsgQ)
                  20026d00    00000004     (.common:SimpleLinkSpawnTaskHndl)
                  20026d04    00000004     (.common:Temperature)
                  20026d08    00000004     (.common:__Errorlog)
                  20026d0c    00000004     (.common:g_cDummy)
                  20026d10    00000004     (.common:semaphore_Connected)
                  20026d14    00000004     (.common:simpleLink_mailbox)
                  20026d18    00000001     (.common:Accel_X)
                  20026d19    00000001     (.common:Accel_Y)
                  20026d1a    00000001     (.common:Accel_Z)
                  20026d1b    00000001     (.common:g_ucLED1Pin)
                  20026d1c    00000001     (.common:g_ucLED2Pin)
                  20026d1d    00000001     (.common:g_ucLED3Pin)

.data      0    20026d20    0000064c     UNINITIALIZED
                  20026d20    00000138     app_pem4.oem4 (.data)
                  20026e58    000000b0     rtsv7M4_T_le_eabi.lib : signal.obj (.data:sigtable)
                  20026f08    00000080                           : xvalues.obj (.data)
                  20026f88    00000080     app_pem4.oem4 (.data:ti_sysbios_knl_Swi_Module_State_0_readyQ__A)
                  20027008    00000080     app_pem4.oem4 (.data:ti_sysbios_knl_Task_Module_State_0_readyQ__A)
                  20027088    00000068     rtsv7M4_T_le_eabi.lib : xfvalues.obj (.data)
                  200270f0    0000004c     app_pem4.oem4 (.data:ti_sysbios_knl_Task_Object__table__V)
                  2002713c    00000045     main.obj (.data)
                  20027181    00000003     --HOLE--
                  20027184    00000044     app_pem4.oem4 (.data:ti_sysbios_knl_Task_Module__state__V)
                  200271c8    00000038     app_pem4.oem4 (.data:ti_sysbios_gates_GateMutex_Object__table__V)
                  20027200    00000034     app_pem4.oem4 (.data:ti_sysbios_family_arm_m3_Hwi_Module__state__V)
                  20027234    00000030     app_pem4.oem4 (.data:ti_sysbios_family_arm_m3_Timer_Object__table__V)
                  20027264    00000030     app_pem4.oem4 (.data:ti_sysbios_knl_Swi_Object__table__V)
                  20027294    0000002c     app_pem4.oem4 (.data:ti_sysbios_knl_Clock_Module__state__V)
                  200272c0    00000024     app_pem4.oem4 (.data:ti_sysbios_BIOS_Module__state__V)
                  200272e4    00000024     app_pem4.oem4 (.data:xdc_runtime_LoggerBuf_Object__table__V)
                  20027308    0000001c     gpio_if.obj (.data)
                  20027324    00000010     simplelink.a : cc_pal.obj (.data)
                  20027334    00000008     device_status.obj (.data)
                  2002733c    00000008     rtsv7M4_T_le_eabi.lib : _lock.obj (.data)
                  20027344    00000008                           : exit.obj (.data)
                  2002734c    00000008                           : feraiseexcept.obj (.data)
                  20027354    00000008     simplelink.a : driver.obj (.data)
                  2002735c    00000005     mqtt.obj (.data)
                  20027361    00000003     --HOLE--
                  20027364    00000004     rtsv7M4_T_le_eabi.lib : errno.obj (.data)
                  20027368    00000004                           : stkdepth_vars.obj (.data)

.stack     0    2002e000    00002000     UNINITIALIZED
                  2002e000    00002000     --HOLE--


LINKER GENERATED COPY TABLES

__TI_cinit_table @ 20019668 records: 2, size/record: 8, table size: 16
	.data: load addr=20019270, load size=000003de bytes, run addr=20026d20, run size=0000064c bytes, compression=rle
	.bss: load addr=20019660, load size=00000008 bytes, run addr=2001d000, run size=00009d1e bytes, compression=zero_init


LINKER GENERATED HANDLER TABLE

__TI_handler_table @ 20019650 records: 3, size/record: 4, table size: 12
	index: 0, handler: __TI_decompress_rle24
	index: 1, handler: __TI_decompress_none
	index: 2, handler: __TI_zero_init


GLOBAL SYMBOLS: SORTED ALPHABETICALLY BY Name 

address    name
--------   ----
20026d18   Accel_X
20026d19   Accel_Y
20026d1a   Accel_Z
20011447   BMA222Close
2001142f   BMA222Open
2001144b   BMA222Read
200114c7   BMA222ReadNew
200113f9   BlockRead
2001555d   C$$EXIT
20014be3   C$$IO$$
20014d8d   CPUbasepriGet
20014d77   CPUbasepriSet
20014d39   CPUcpsid
20014d57   CPUcpsie
20014d4d   CPUprimask
20014d6b   CPUwfi
20011201   ClearTerm
2000ac15   ConnectToNetwork
20013769   ConnectionTest
20008f35   CopyPingResultsToReport
20007cd1   CreateConnection
20026cfc   DMAMsgQ
2000bf81   DmaSpiSwIntHandler
2001120b   Error
2000f561   FlashDisable
2000f597   FlashErase
2000f5d1   FlashEraseNonBlocking
2000f80d   FlashIntClear
2000f7dd   FlashIntDisable
2000f7c9   FlashIntEnable
2000f7a5   FlashIntRegister
2000f7f1   FlashIntStatus
2000f7b9   FlashIntUnregister
2000f5ef   FlashMassErase
2000f61b   FlashMassEraseNonBlocking
2000f62b   FlashProgram
2000f6ad   FlashProgramNonBlocking
2000f72f   FlashProtectGet
20027152   GET_token_ACC
20027147   GET_token_TEMP
2002715d   GET_token_UIC
2000f1f3   GPIODMATriggerDisable
2000f19b   GPIODMATriggerEnable
2000efa7   GPIODirModeGet
2000ef71   GPIODirModeSet
2000f117   GPIOIntClear
2000f0db   GPIOIntDisable
2000f0c1   GPIOIntEnable
2000f12b   GPIOIntRegister
2000f0f5   GPIOIntStatus
2000f05b   GPIOIntTypeGet
2000efd9   GPIOIntTypeSet
2000f149   GPIOIntUnregister
2000f163   GPIOPinRead
2000f17b   GPIOPinWrite
2000e7a9   GPIO_IF_ConfigureNIntEnable
2000e825   GPIO_IF_Get
2000e763   GPIO_IF_GetPortNPin
2000e525   GPIO_IF_LedConfigure
2000e617   GPIO_IF_LedOff
2000e563   GPIO_IF_LedOn
2000e6cb   GPIO_IF_LedStatus
2000e735   GPIO_IF_LedToggle
2000e7eb   GPIO_IF_Set
20011243   GetCmd
20007d57   GetHostIP
20011395   GetRegisterValue
2000ca45   GetStartResponseConvert
2000fdd1   HOSTclock
2000fd99   HOSTclose
2000fd5b   HOSTgetenv
2000fcff   HOSTlseek
2000fcad   HOSTopen
2000fc61   HOSTread
2000fc03   HOSTrename
2000fbc9   HOSTtime
2000fb91   HOSTunlink
2000fb45   HOSTwrite
2000c32d   HostIntHanlder
2000bdfd   I2CFIFODataGet
2000be17   I2CFIFODataGetNonBlocking
2000bdb3   I2CFIFODataPut
2000bdd5   I2CFIFODataPutNonBlocking
2000bda3   I2CFIFOStatus
2000b9a5   I2CIntRegister
2000b9c3   I2CIntUnregister
2000be53   I2CMasterBurstCountGet
2000be3d   I2CMasterBurstLengthSet
2000bbfb   I2CMasterBusBusy
2000bbe3   I2CMasterBusy
2000bc13   I2CMasterControl
2000bc67   I2CMasterDataGet
2000bc51   I2CMasterDataPut
2000b971   I2CMasterDisable
2000b93d   I2CMasterEnable
2000bc25   I2CMasterErr
2000be61   I2CMasterGlitchFilterConfigSet
2000b873   I2CMasterInitExpClk
2000bb5d   I2CMasterIntClear
2000bb73   I2CMasterIntClearEx
2000ba37   I2CMasterIntDisable
2000ba47   I2CMasterIntDisableEx
2000b9dd   I2CMasterIntEnable
2000b9ed   I2CMasterIntEnableEx
2000ba91   I2CMasterIntStatus
2000bacb   I2CMasterIntStatusEx
2000bbd5   I2CMasterLineStateGet
2000bbb3   I2CMasterSlaveAddrSet
2000bc75   I2CMasterTimeoutSet
2000bd63   I2CRxFIFOConfigSet
2000bd8b   I2CRxFIFOFlush
2000bc87   I2CSlaveACKOverride
2000bcb9   I2CSlaveACKValueSet
2000b8ff   I2CSlaveAddressSet
2000bd13   I2CSlaveDataGet
2000bcfb   I2CSlaveDataPut
2000b987   I2CSlaveDisable
2000b953   I2CSlaveEnable
2000be91   I2CSlaveFIFODisable
2000be79   I2CSlaveFIFOEnable
2000b8e5   I2CSlaveInit
2000bb8d   I2CSlaveIntClear
2000bb9f   I2CSlaveIntClearEx
2000ba5f   I2CSlaveIntDisable
2000ba77   I2CSlaveIntDisableEx
2000ba05   I2CSlaveIntEnable
2000ba1d   I2CSlaveIntEnableEx
2000baf1   I2CSlaveIntStatus
2000bb35   I2CSlaveIntStatusEx
2000bceb   I2CSlaveStatus
2000bd23   I2CTxFIFOConfigSet
2000bd4b   I2CTxFIFOFlush
20010091   I2C_IF_Close
20010049   I2C_IF_Open
2000ff43   I2C_IF_Read
2000ffff   I2C_IF_ReadFrom
2000fe8d   I2C_IF_Write
200111c1   InitTerm
2000ea39   IntDisable
2000e99f   IntEnable
2000e889   IntMasterDisable
2000e87f   IntMasterEnable
2000eb61   IntPendClear
2000ead3   IntPendSet
2000e97b   IntPriorityGet
2000e8f3   IntPriorityGroupingGet
2000e8d9   IntPriorityGroupingSet
2000ebc5   IntPriorityMaskGet
2000ebb9   IntPriorityMaskSet
2000e92b   IntPrioritySet
2000e8a3   IntRegister
2000e8bf   IntUnregister
2000e893   IntVTableBaseSet
20016baf   LoggerBuf_instanceStartup
20026cec   MACAddress
20026cdc   MACAddressHex
20027360   MACAddressLen
200111df   Message
2000c373   NwpMaskInterrupt
2000c439   NwpPowerOff
2000c409   NwpPowerOn
2000c399   NwpPowerOnPreamble
2000c341   NwpRegisterInterruptHandler
2000c381   NwpUnMaskInterrupt
2002713c   POST_token
2000a6b1   PRCMCC3200MCUInit
2000a0e9   PRCMDeepSleepEnter
2000a2b3   PRCMHibernateEnter
2000a1ed   PRCMHibernateIntervalSet
2000a261   PRCMHibernateWakeUpGPIOSelect
2000a1d1   PRCMHibernateWakeupCauseGet
2000a1ab   PRCMHibernateWakeupSourceDisable
2000a185   PRCMHibernateWakeupSourceEnable
20009fcf   PRCMI2SClockFreqSet
2000a3f5   PRCMIntDisable
2000a3c1   PRCMIntEnable
2000a399   PRCMIntRegister
2000a419   PRCMIntStatus
2000a3ad   PRCMIntUnregister
2000a037   PRCMLPDSEnter
2000a0a3   PRCMLPDSIntervalSet
2000a01f   PRCMLPDSRestoreInfoSet
2000a0c5   PRCMLPDSWakeUpGPIOSelect
2000a09d   PRCMLPDSWakeupCauseGet
2000a089   PRCMLPDSWakeupSourceDisable
2000a067   PRCMLPDSWakeupSourceEnable
20009e49   PRCMMCUReset
2000a37f   PRCMOCRRegisterRead
2000a365   PRCMOCRRegisterWrite
20009eb9   PRCMPeripheralClkDisable
20009e8d   PRCMPeripheralClkEnable
20009ed9   PRCMPeripheralClockGet
20009f57   PRCMPeripheralReset
20009fa5   PRCMPeripheralStatusGet
2000a4e1   PRCMRTCGet
2000a431   PRCMRTCInUseGet
2000a41f   PRCMRTCInUseSet
2000a615   PRCMRTCMatchGet
2000a579   PRCMRTCMatchSet
2000a451   PRCMRTCSet
20009e3d   PRCMSOCReset
2000a151   PRCMSRAMRetentionDisable
2000a119   PRCMSRAMRetentionEnable
2000a0e1   PRCMSleepEnter
2000a2c3   PRCMSlowClkCtrGet
2000a325   PRCMSlowClkCtrMatchGet
2000a2fd   PRCMSlowClkCtrMatchSet
20009e69   PRCMSysResetCauseGet
20010169   PinConfigGet
200101a7   PinConfigSet
2001013f   PinDirModeGet
2001010b   PinDirModeSet
200100e1   PinModeGet
200100a9   PinModeSet
200146c1   PinMuxConfig
200102f1   PinTypeADC
200102a7   PinTypeCamera
200102c1   PinTypeGPIO
2001023d   PinTypeI2C
20010273   PinTypeI2S
20010305   PinTypeSDHost
20010259   PinTypeSPI
2001028d   PinTypeTimer
20010223   PinTypeUART
2000a91d   ReadAccSensor
200112d5   Report
UNDEFED    SHT$$INIT_ARRAY$$Base
UNDEFED    SHT$$INIT_ARRAY$$Limit
20007be9   SL_FD_CLR
20007c0d   SL_FD_ISSET
20007bcb   SL_FD_SET
20007c31   SL_FD_ZERO
2000b771   SPICSDisable
2000b759   SPICSEnable
2000b3e9   SPIConfigSetExpClk
2000b4b7   SPIDataGet
2000b48d   SPIDataGetNonBlocking
2000b4ff   SPIDataPut
2000b4d7   SPIDataPutNonBlocking
2000b37b   SPIDisable
2000b3ad   SPIDmaDisable
2000b393   SPIDmaEnable
2000b363   SPIEnable
2000b537   SPIFIFODisable
2000b51d   SPIFIFOEnable
2000b585   SPIFIFOLevelGet
2000b551   SPIFIFOLevelSet
2000b71b   SPIIntClear
2000b663   SPIIntDisable
2000b61f   SPIIntEnable
2000b5e1   SPIIntRegister
2000b6ad   SPIIntStatus
2000b605   SPIIntUnregister
2000b3c7   SPIReset
2000b789   SPITransfer
2000b5b9   SPIWordCountSet
200113bf   SetRegisterValue
2000bf9f   SetupDMAReceive
2000c019   SetupDMASend
2000a9f9   SimpleLinkHttpServerCallback
2000a82f   SimpleLinkNetAppEventHandler
20013751   SimpleLinkPingReport
2000a869   SimpleLinkSockEventHandler
20026d00   SimpleLinkSpawnTaskHndl
2000a7c9   SimpleLinkWlanEventHandler
200152dd   SmartConfigConnect
20015319   SmartConfigStop
2000e3af   TMP006DrvGetTemp
2000e169   TMP006DrvOpen
200270f0   TSK_idle
20026d04   Temperature
2000dbd5   UARTBreakCtl
2000dbff   UARTBusy
[...]
20016b57   xdc_runtime_LoggerBuf_enable__E
20016b61   ti_sysbios_family_arm_m3_Hwi_doSwiRestore__I
20016b69   ti_sysbios_family_arm_m3_Hwi_startup__E
20016b69   ti_sysbios_hal_Hwi_HwiProxy_startup__E
20016b69   ti_sysbios_hal_Hwi_startup__E
20016b71   ti_sysbios_knl_Idle_loop__E
20016b79   UtilsDelay
20016b7f   __xdc__init
20016b85   __TI_decompress_rle24
20016b8b   log
20016b91   ti_sysbios_family_arm_m3_Hwi_restoreFxn__E
20016b91   ti_sysbios_hal_Hwi_HwiProxy_restore__E
20016b91   ti_sysbios_hal_Hwi_restore__E
20016b97   ti_sysbios_gates_GateHwi_leave__E
20016b9d   ti_sysbios_heaps_HeapMem_isBlocking__E
20016ba3   ti_sysbios_knl_Queue_Instance_init__E
20016ba9   xdc_runtime_System_Module_startup__E
20016baf   LoggerBuf_instanceStartup
20016bb3   ti_sysbios_BIOS_RtsGateProxy_enter__E
20016bb7   ti_sysbios_BIOS_RtsGateProxy_leave__E
20016bbb   ti_sysbios_family_arm_m3_Hwi_delete
20016bbf   ti_sysbios_family_arm_m3_TaskSupport_Module__startupDone__S
20016bc3   ti_sysbios_family_arm_m3_Timer_getMaxTicks__E
20016bc7   ti_sysbios_gates_GateHwi_query__E
20016bc7   xdc_runtime_LoggerBuf_Module_GateProxy_query__E
20016bc7   xdc_runtime_Main_Module_GateProxy_query__E
20016bc7   xdc_runtime_System_Module_GateProxy_query__E
20016bcb   ti_sysbios_BIOS_RtsGateProxy_query__E
20016bcb   ti_sysbios_gates_GateMutex_query__E
20016bcb   ti_sysbios_heaps_HeapMem_Module_GateProxy_query__E
20016bcf   ti_sysbios_hal_Hwi_HwiProxy_Module__startupDone__S
20016bd3   ti_sysbios_hal_Timer_TimerProxy_Module__startupDone__S
20016bd7   ti_sysbios_heaps_HeapMem_Module_GateProxy_enter__E
20016bdb   ti_sysbios_heaps_HeapMem_Module_GateProxy_leave__E
20016bdf   ti_sysbios_knl_Clock_TimerProxy_Module__startupDone__S
20016be3   ti_sysbios_knl_Clock_TimerProxy_getMaxTicks__E
20016be7   ti_sysbios_knl_Mailbox_delete
20016beb   ti_sysbios_knl_Queue_destruct
20016bef   ti_sysbios_knl_Semaphore_delete
20016bf3   ti_sysbios_knl_Semaphore_destruct
20016bf7   ti_sysbios_knl_Task_SupportProxy_Module__startupDone__S
20016bfb   ti_sysbios_knl_Task_delete
20016bff   ti_sysbios_knl_Task_startup__E
20016c03   xdc_runtime_Error_getSite__E
20016c07   xdc_runtime_LoggerBuf_Module_GateProxy_enter__E
20016c0b   xdc_runtime_LoggerBuf_Module_GateProxy_leave__E
20016c0f   xdc_runtime_Memory_HeapProxy_alloc__E
20016c13   xdc_runtime_Memory_HeapProxy_free__E
20016c17   xdc_runtime_System_Module_GateProxy_enter__E
20016c1b   xdc_runtime_System_Module_GateProxy_leave__E
20016c1f   xdc_runtime_System_aprintf_va__F
20016c23   xdc_runtime_System_printf_va__F
20016c28   xdc_runtime_Text_charTab__A
200183b6   _ctypes_
2001868c   xdc_runtime_Text_nodeTab__A
2001895c   ti_sysbios_family_arm_m3_Hwi_E_NMI__C
20018a28   _SlPolicySetCmdCtrl
20018a2c   _SlPolicyGetCmdCtrl
20018a30   _SlProfileGetCmdCtrl
20018a34   _SlProfileDelCmdCtrl
20018a38   _SlWlanGetNetworkListCtrl
20018a3c   _SlRxFilterAddtCmdCtrl
20018a40   _SlRxFilterSetCmdCtrl
20018a44   _SlRxFilterGetCmdCtrl
20018a48   _SlSmartConfigStartCmdCtrl
20018a4c   _SlWlanSetModeCmdCtrl
20018a50   _SlWlanCfgSetCmdCtrl
20018a54   _SlWlanCfgGetCmdCtrl
20018a64   ti_sysbios_knl_Task_Object__PARAMS__C
20018aa0   xdc_runtime_LoggerBuf_Module__FXNS__C
20018adc   _SlActionLookupTable
20018b14   ti_sysbios_family_arm_m3_Hwi_E_alreadyDefined__C
20018b50   _SlSockSocketCmdCtrl
20018b54   _SlSockCloseCmdCtrl
20018b58   _SlRecvfomCmdCtrl
20018b5c   _SlSendCmdCtrl
20018b60   _SlListenCmdCtrl
20018b64   _SlAcceptCmdCtrl
20018b68   _SlRecvCmdCtrl
20018b6c   _SlSetSockOptCmdCtrl
20018b70   _SlGetSockOptCmdCtrl
20018b74   _SlSelectCmdCtrl
20018b84   ti_sysbios_knl_Mailbox_Object__PARAMS__C
20018be8   ti_sysbios_family_arm_m3_Hwi_Object__PARAMS__C
20018c18   xdc_runtime_Startup_sfxnTab__A
20018c48   _SlNetAppStartCtrl
20018c4c   _SlNetAppStopCtrl
20018c50   _SlGetServiceListeCtrl
20018c54   _SlRegisterServiceCtrl
20018c58   _SlGetHostByServiceCtrl
20018c5c   _SlGetHostByNameCtrl
20018c60   _SlNetAppSetCmdCtrl
20018c64   _SlNetAppSendTokenValueCmdCtrl
20018c68   _SlNetAppGetCmdCtrl
20018c70   ti_sysbios_heaps_HeapMem_Module__FXNS__C
20018cbc   ti_sysbios_gates_GateHwi_Module__FXNS__C
20018ce0   ti_sysbios_gates_GateMutex_Module__FXNS__C
20018d04   ti_sysbios_heaps_HeapMem_Object__PARAMS__C
20018d28   ti_sysbios_knl_Semaphore_Object__PARAMS__C
20018d4c   xdc_runtime_LoggerBuf_Object__PARAMS__C
20018d70   ti_sysbios_family_arm_m3_Hwi_Object__DESC__C
20018d90   ti_sysbios_gates_GateHwi_Object__DESC__C
20018db0   ti_sysbios_gates_GateMutex_Object__DESC__C
20018dd0   ti_sysbios_heaps_HeapMem_Object__DESC__C
20018df0   ti_sysbios_knl_Mailbox_Object__DESC__C
20018e10   ti_sysbios_knl_Queue_Object__DESC__C
20018e30   ti_sysbios_knl_Semaphore_Object__DESC__C
20018e50   ti_sysbios_knl_Task_Object__DESC__C
20018e70   xdc_runtime_LoggerBuf_Object__DESC__C
20018ead   xdc_runtime_Error_policy__C
20018eae   ti_sysbios_family_arm_m3_Hwi_Module__id__C
20018ec8   ti_sysbios_gates_GateHwi_Object__PARAMS__C
20018ee0   ti_sysbios_gates_GateMutex_Object__PARAMS__C
20018ef8   ti_sysbios_knl_Queue_Object__PARAMS__C
20018f10   xdc_runtime_Startup_sfxnRts__A
20018f28   _SlStopCmdCtrl
20018f2c   _SlEventMaskSetCmdCtrl
20018f30   _SlEventMaskGetCmdCtrl
20018f34   _SlDeviceGetCmdCtrl
20018f38   _SlDeviceSetCmdCtrl
20018f3c   g_H2NSyncPattern
20018f44   g_H2NCnysPattern
20018f72   ti_sysbios_family_arm_m3_Hwi_Module__loggerDefined__C
20018f90   xdc_runtime_Startup_firstFxns__A
20018f9c   pcDigits
20018fa8   _SlNetCfgSetCmdCtrl
20018fac   _SlNetCfgGetCmdCtrl
20018fb0   ti_sysbios_family_arm_m3_Hwi_excHookFuncs__A
20018fb8   ti_sysbios_knl_Idle_funcList__C
20018fc0   xdc_runtime_Startup_firstFxns__C
20018fc8   xdc_runtime_Startup_lastFxns__C
20018fd0   ti_sysbios_family_arm_m3_Hwi_E_busFault__C
20018fd4   ti_sysbios_family_arm_m3_Hwi_E_debugMon__C
20018fd8   ti_sysbios_family_arm_m3_Hwi_E_hardFault__C
20018fdc   ti_sysbios_family_arm_m3_Hwi_E_memFault__C
20018fe0   ti_sysbios_family_arm_m3_Hwi_E_noIsr__C
20018fe4   ti_sysbios_family_arm_m3_Hwi_E_reserved__C
20018fe8   ti_sysbios_family_arm_m3_Hwi_E_svCall__C
20018fec   ti_sysbios_family_arm_m3_Hwi_E_usageFault__C
20018ff0   ti_sysbios_family_arm_m3_Hwi_LD_end__C
20018ff4   ti_sysbios_family_arm_m3_Hwi_LM_begin__C
20018ff8   ti_sysbios_family_arm_m3_Hwi_Module__diagsEnabled__C
20018ffc   ti_sysbios_family_arm_m3_Hwi_Module__diagsIncluded__C
20019000   ti_sysbios_family_arm_m3_Hwi_Module__diagsMask__C
20019004   ti_sysbios_family_arm_m3_Hwi_Module__loggerFxn1__C
20019008   ti_sysbios_family_arm_m3_Hwi_Module__loggerFxn8__C
2001900c   ti_sysbios_family_arm_m3_Hwi_Module__loggerObj__C
20019010   ti_sysbios_family_arm_m3_Hwi_NUM_INTERRUPTS__C
20019014   ti_sysbios_family_arm_m3_Hwi_Object__count__C
20019018   ti_sysbios_family_arm_m3_Hwi_ccr__C
2001901c   ti_sysbios_family_arm_m3_Hwi_excHandlerFunc__C
20019020   ti_sysbios_family_arm_m3_Hwi_excHookFuncs__C
20019024   ti_sysbios_family_arm_m3_Hwi_nullIsrFunc__C
20019028   ti_sysbios_family_arm_m3_Hwi_priGroup__C
2001902c   ti_sysbios_family_arm_m3_TaskSupport_stackAlignment__C
20019030   ti_sysbios_family_arm_m3_Timer_E_cannotSupport__C
20019034   ti_sysbios_family_arm_m3_Timer_startupNeeded__C
20019038   ti_sysbios_gates_GateMutex_A_badContext__C
2001903c   ti_sysbios_gates_GateMutex_Instance_State_sem__O
20019040   ti_sysbios_gates_GateMutex_Module__diagsEnabled__C
20019044   ti_sysbios_gates_GateMutex_Module__diagsIncluded__C
20019048   ti_sysbios_gates_GateMutex_Module__diagsMask__C
2001904c   ti_sysbios_hal_Hwi_E_stackOverflow__C
20019050   ti_sysbios_heaps_HeapMem_A_align__C
20019054   ti_sysbios_heaps_HeapMem_A_heapSize__C
20019058   ti_sysbios_heaps_HeapMem_A_invalidFree__C
2001905c   ti_sysbios_heaps_HeapMem_A_zeroBlock__C
20019060   ti_sysbios_heaps_HeapMem_E_memory__C
20019064   ti_sysbios_heaps_HeapMem_Module__diagsEnabled__C
20019068   ti_sysbios_heaps_HeapMem_Module__diagsIncluded__C
2001906c   ti_sysbios_heaps_HeapMem_Module__diagsMask__C
20019070   ti_sysbios_heaps_HeapMem_Module__gateObj__C
20019074   ti_sysbios_heaps_HeapMem_Object__count__C
20019078   ti_sysbios_heaps_HeapMem_reqAlign__C
2001907c   ti_sysbios_knl_Clock_LM_begin__C
20019080   ti_sysbios_knl_Clock_LM_tick__C
20019084   ti_sysbios_knl_Clock_LW_delayed__C
20019088   ti_sysbios_knl_Clock_Module_State_clockQ__O
2001908c   ti_sysbios_knl_Clock_Module__diagsEnabled__C
20019090   ti_sysbios_knl_Clock_Module__diagsIncluded__C
20019094   ti_sysbios_knl_Clock_Module__diagsMask__C
20019098   ti_sysbios_knl_Clock_Module__loggerFxn1__C
2001909c   ti_sysbios_knl_Clock_Module__loggerFxn2__C
200190a0   ti_sysbios_knl_Clock_Module__loggerObj__C
200190a4   ti_sysbios_knl_Clock_tickPeriod__C
200190a8   ti_sysbios_knl_Idle_funcList__A
200190ac   ti_sysbios_knl_Mailbox_A_invalidBufSize__C
200190b0   ti_sysbios_knl_Mailbox_Instance_State_dataQue__O
200190b4   ti_sysbios_knl_Mailbox_Instance_State_dataSem__O
200190b8   ti_sysbios_knl_Mailbox_Instance_State_freeQue__O
200190bc   ti_sysbios_knl_Mailbox_Instance_State_freeSem__O
200190c0   ti_sysbios_knl_Mailbox_Module__diagsEnabled__C
200190c4   ti_sysbios_knl_Mailbox_Module__diagsIncluded__C
200190c8   ti_sysbios_knl_Mailbox_Module__diagsMask__C
200190cc   ti_sysbios_knl_Mailbox_Object__count__C
200190d0   ti_sysbios_knl_Mailbox_maxTypeAlign__C
200190d4   ti_sysbios_knl_Semaphore_A_badContext__C
200190d8   ti_sysbios_knl_Semaphore_A_noEvents__C
200190dc   ti_sysbios_knl_Semaphore_A_overflow__C
200190e0   ti_sysbios_knl_Semaphore_A_pendTaskDisabled__C
200190e4   ti_sysbios_knl_Semaphore_Instance_State_pendQ__O
200190e8   ti_sysbios_knl_Semaphore_LM_pend__C
200190ec   ti_sysbios_knl_Semaphore_LM_post__C
200190f0   ti_sysbios_knl_Semaphore_Module__diagsEnabled__C
200190f4   ti_sysbios_knl_Semaphore_Module__diagsIncluded__C
200190f8   ti_sysbios_knl_Semaphore_Module__diagsMask__C
200190fc   ti_sysbios_knl_Semaphore_Module__loggerFxn2__C
20019100   ti_sysbios_knl_Semaphore_Module__loggerFxn4__C
20019104   ti_sysbios_knl_Semaphore_Module__loggerObj__C
20019108   ti_sysbios_knl_Swi_LD_end__C
2001910c   ti_sysbios_knl_Swi_LM_begin__C
20019110   ti_sysbios_knl_Swi_LM_post__C
20019114   ti_sysbios_knl_Swi_Module__diagsEnabled__C
20019118   ti_sysbios_knl_Swi_Module__diagsIncluded__C
2001911c   ti_sysbios_knl_Swi_Module__diagsMask__C
20019120   ti_sysbios_knl_Swi_Module__loggerFxn1__C
20019124   ti_sysbios_knl_Swi_Module__loggerFxn4__C
20019128   ti_sysbios_knl_Swi_Module__loggerObj__C
2001912c   ti_sysbios_knl_Swi_Object__count__C
20019130   ti_sysbios_knl_Task_A_badPriority__C
20019134   ti_sysbios_knl_Task_A_badTaskState__C
20019138   ti_sysbios_knl_Task_A_badThreadType__C
2001913c   ti_sysbios_knl_Task_A_badTimeout__C
20019140   ti_sysbios_knl_Task_A_noPendElem__C
20019144   ti_sysbios_knl_Task_A_sleepTaskDisabled__C
20019148   ti_sysbios_knl_Task_E_spOutOfBounds__C
2001914c   ti_sysbios_knl_Task_E_stackOverflow__C
20019150   ti_sysbios_knl_Task_LD_block__C
20019154   ti_sysbios_knl_Task_LD_exit__C
20019158   ti_sysbios_knl_Task_LD_ready__C
2001915c   ti_sysbios_knl_Task_LM_sleep__C
20019160   ti_sysbios_knl_Task_LM_switch__C
20019164   ti_sysbios_knl_Task_Module_State_inactiveQ__O
20019168   ti_sysbios_knl_Task_Module__diagsEnabled__C
2001916c   ti_sysbios_knl_Task_Module__diagsIncluded__C
20019170   ti_sysbios_knl_Task_Module__diagsMask__C
20019174   ti_sysbios_knl_Task_Module__loggerFxn2__C
20019178   ti_sysbios_knl_Task_Module__loggerFxn4__C
2001917c   ti_sysbios_knl_Task_Module__loggerObj__C
20019180   ti_sysbios_knl_Task_Object__count__C
20019184   ti_sysbios_knl_Task_allBlockedFunc__C
20019188   ti_sysbios_knl_Task_defaultStackHeap__C
2001918c   ti_sysbios_knl_Task_defaultStackSize__C
20019190   ti_sysbios_knl_Task_numConstructedTasks__C
20019194   xdc_runtime_Assert_E_assertFailed__C
20019198   xdc_runtime_Core_A_initializedParams__C
2001919c   xdc_runtime_Core_Module__diagsEnabled__C
200191a0   xdc_runtime_Core_Module__diagsIncluded__C
200191a4   xdc_runtime_Core_Module__diagsMask__C
200191a8   xdc_runtime_Error_E_memory__C
200191ac   xdc_runtime_Error_Module__diagsEnabled__C
200191b0   xdc_runtime_Error_Module__diagsIncluded__C
200191b4   xdc_runtime_Error_Module__diagsMask__C
200191b8   xdc_runtime_Error_Module__loggerFxn8__C
200191bc   xdc_runtime_Error_Module__loggerObj__C
200191c0   xdc_runtime_Error_policyFxn__C
200191c4   xdc_runtime_Error_raiseHook__C
200191c8   xdc_runtime_IFilterLogger_Interface__BASE__C
200191cc   xdc_runtime_IGateProvider_Interface__BASE__C
200191d0   xdc_runtime_IHeap_Interface__BASE__C
200191d4   xdc_runtime_ILogger_Interface__BASE__C
200191d8   xdc_runtime_IModule_Interface__BASE__C
200191dc   xdc_runtime_Log_L_error__C
200191e0   xdc_runtime_LoggerBuf_E_badLevel__C
200191e4   xdc_runtime_LoggerBuf_Module__gateObj__C
200191e8   xdc_runtime_LoggerBuf_Object__count__C
200191ec   xdc_runtime_LoggerBuf_statusLogger__C
200191f0   xdc_runtime_Memory_defaultHeapInstance__C
200191f4   xdc_runtime_Startup_execImpl__C
200191f8   xdc_runtime_Startup_maxPasses__C
200191fc   xdc_runtime_Startup_sfxnRts__C
20019200   xdc_runtime_Startup_sfxnTab__C
20019204   xdc_runtime_SysMin_bufSize__C
20019208   xdc_runtime_SysMin_outputFunc__C
2001920c   xdc_runtime_System_Module__gateObj__C
20019210   xdc_runtime_System_abortFxn__C
20019214   xdc_runtime_System_exitFxn__C
20019218   xdc_runtime_System_extendFxn__C
2001921c   xdc_runtime_System_maxAtexitHandlers__C
20019220   xdc_runtime_Text_charTab__C
20019224   xdc_runtime_Text_nameEmpty__C
20019228   xdc_runtime_Text_nameStatic__C
2001922c   xdc_runtime_Text_nameUnknown__C
20019230   xdc_runtime_Text_nodeTab__C
20019234   xdc_runtime_Text_visitRopeFxn__C
20019238   ti_sysbios_family_arm_m3_Timer_Module__id__C
2001923a   ti_sysbios_family_arm_m3_TimestampProvider_configTimer__C
2001923c   ti_sysbios_gates_GateMutex_Module__id__C
2001923e   ti_sysbios_hal_Hwi_Module__id__C
20019240   ti_sysbios_heaps_HeapMem_Module__id__C
20019242   ti_sysbios_knl_Clock_Module__id__C
20019244   ti_sysbios_knl_Clock_Module__loggerDefined__C
20019246   ti_sysbios_knl_Mailbox_Module__id__C
20019248   ti_sysbios_knl_Semaphore_Module__id__C
2001924a   ti_sysbios_knl_Semaphore_Module__loggerDefined__C
2001924c   ti_sysbios_knl_Swi_Module__id__C
2001924e   ti_sysbios_knl_Swi_Module__loggerDefined__C
20019250   ti_sysbios_knl_Task_Module__id__C
20019252   ti_sysbios_knl_Task_Module__loggerDefined__C
20019254   ti_sysbios_knl_Task_initStackFlag__C
20019256   xdc_runtime_Core_Module__id__C
20019258   xdc_runtime_Error_Module__loggerDefined__C
2001925a   xdc_runtime_Error_maxDepth__C
2001925c   xdc_runtime_LoggerBuf_Module__id__C
2001925e   xdc_runtime_LoggerBuf_filterByLevel__C
20019260   xdc_runtime_Memory_Module__id__C
20019262   xdc_runtime_SysMin_flushAtExit__C
20019264   xdc_runtime_Text_charCnt__C
20019266   xdc_runtime_Text_isLoaded__C
20019268   xdc_runtime_Text_registryModsLastId__C
2001926a   xdc_runtime_Text_unnamedModsLastId__C
20019270   __TI_static_base__
20019650   __TI_Handler_Table_Base
2001965c   __TI_Handler_Table_Limit
20019668   __TI_CINIT_Base
20019678   __TI_CINIT_Limit
2001d000   ti_sysbios_heaps_HeapMem_Instance_State_0_buf__A
20025000   ti_sysbios_knl_Task_Instance_State_0_stack__A
20025800   appData
20025ed0   xdc_runtime_LoggerBuf_Instance_State_0_entryArr__A
200262d0   xdc_runtime_SysMin_Module_State_0_outbuf__A
200266d0   ti_sysbios_family_arm_m3_Hwi_dispatchTable
200269dc   g_StatMem
20026b54   __CIOBUF_
20026c74   g_ucDinDout
20026cc4   thingName
20026cdc   MACAddressHex
20026cec   MACAddress
20026cfc   DMAMsgQ
20026d00   SimpleLinkSpawnTaskHndl
20026d04   Temperature
20026d0c   g_cDummy
20026d10   semaphore_Connected
20026d14   simpleLink_mailbox
20026d18   Accel_X
20026d19   Accel_Y
20026d1a   Accel_Z
20026d1b   g_ucLED1Pin
20026d1c   g_ucLED2Pin
20026d1d   g_ucLED3Pin
20026d20   ti_sysbios_family_arm_m3_Hwi_Module__root__V
20026d28   ti_sysbios_family_arm_m3_Hwi_Object__table__V
20026d40   ti_sysbios_family_arm_m3_Hwi_Module_State_0_excActive__A
20026d44   ti_sysbios_family_arm_m3_Hwi_Module_State_0_excContext__A
20026d48   ti_sysbios_family_arm_m3_Hwi_Module_State_0_excStack__A
20026d4c   ti_sysbios_family_arm_m3_Timer_Module__root__V
20026d54   ti_sysbios_family_arm_m3_Timer_Module__state__V
20026d60   ti_sysbios_family_arm_m3_TimestampProvider_Module__state__V
20026d64   ti_sysbios_gates_GateHwi_Module__root__V
20026d6c   ti_sysbios_gates_GateHwi_Object__table__V
20026d70   ti_sysbios_gates_GateMutex_Module__root__V
20026d78   ti_sysbios_hal_Hwi_Module__root__V
20026d80   ti_sysbios_hal_Timer_Module__root__V
20026d88   ti_sysbios_heaps_HeapMem_Module__root__V
20026d90   ti_sysbios_heaps_HeapMem_Object__table__V
20026da8   ti_sysbios_knl_Clock_Module__root__V
20026db0   ti_sysbios_knl_Event_Module__root__V
20026db8   ti_sysbios_knl_Mailbox_Module__root__V
20026dc0   ti_sysbios_knl_Queue_Module__root__V
20026dc8   ti_sysbios_knl_Semaphore_Module__root__V
20026dd0   ti_sysbios_knl_Swi_Module__root__V
20026dd8   ti_sysbios_knl_Swi_Module__state__V
20026df4   ti_sysbios_knl_Task_Module__root__V
20026dfc   ti_sysbios_knl_Task_Module_State_0_idleTask__A
20026e00   xdc_runtime_Error_Module__state__V
20026e04   xdc_runtime_LoggerBuf_Module__root__V
20026e0c   xdc_runtime_LoggerBuf_Module__state__V
20026e14   xdc_runtime_Memory_Module__state__V
20026e18   xdc_runtime_Registry_Module__state__V
20026e20   xdc_runtime_Startup_Module__state__V
20026e28   xdc_runtime_SysMin_Module__state__V
20026e34   xdc_runtime_System_Module_State_0_atexitHandlers__A
20026e44   xdc_runtime_System_Module__state__V
20026e4c   xdc_runtime_Text_Module__state__V
20026e54   __xdc__init__addr
20026f08   _Denorm
20026f18   _Eps
20026f28   _Hugeval
20026f38   _Inf
20026f48   _Nan
20026f58   _Snan
20026f68   _Rteps
20026f78   _Xbig
20026f80   _Zero
20026f88   ti_sysbios_knl_Swi_Module_State_0_readyQ__A
20027008   ti_sysbios_knl_Task_Module_State_0_readyQ__A
20027088   _FDenorm
20027098   _FEps
200270a8   _FInf
200270b8   _FNan
200270c8   _FSnan
200270d8   _FRteps
200270e8   _FXbig
200270ec   _FZero
200270f0   TSK_idle
200270f0   ti_sysbios_knl_Task_Object__table__V
2002713c   POST_token
20027147   GET_token_TEMP
20027152   GET_token_ACC
2002715d   GET_token_UIC
20027168   g_usMCNetworkUstate
2002716c   g_uiIpAddress
20027170   g_iInternetAccess
20027174   g_ucConnectTimeout
20027175   g_ucDryerRunning
20027178   g_uiSimplelinkRole
2002717c   g_uiDeviceModeConfig
20027180   g_ucLEDStatus
20027184   ti_sysbios_knl_Task_Module__state__V
200271c8   ti_sysbios_gates_GateMutex_Object__table__V
20027200   ti_sysbios_family_arm_m3_Hwi_Module__state__V
20027234   ti_sysbios_family_arm_m3_Timer_Object__table__V
20027264   ti_sysbios_knl_Swi_Object__table__V
20027294   ti_sysbios_knl_Clock_Module__state__V
200272c0   ti_sysbios_BIOS_Module__state__V
200272e4   xdc_runtime_LoggerBuf_Object__table__V
20027318   g_uiLED1Port
2002731c   g_uiLED2Port
20027320   g_uiLED3Port
20027324   g_pHostIntHdl
20027328   g_SpiFd
2002732c   g_ucDMAEnabled
20027330   g_len
20027334   g_uiPingPacketsRecv
20027338   g_uiPingDone
2002733c   _lock
20027340   _unlock
20027344   __TI_cleanup_ptr
20027348   __TI_dtors_ptr
2002734c   _Fenv
20027350   _Tls_setup__Fenv
20027354   g_pCB
20027358   pPingCallBackFunc
2002735c   gPort
20027360   MACAddressLen
20027364   _Errno
20027368   main_func_sp
2002e000   __stack
20030000   __STACK_END
e000e000   ti_sysbios_family_arm_m3_Hwi_nvic
ffffffff   __binit__
ffffffff   __c_args__
ffffffff   binit
UNDEFED    SHT$$INIT_ARRAY$$Base
UNDEFED    SHT$$INIT_ARRAY$$Limit

[1232 symbols]
