******************************************************************************
                  TI ARM Linker PC v5.1.5                      
******************************************************************************
>> Linked Thu Jul 03 16:08:36 2014

OUTPUT FILE NAME:   <thingfabric.out>
ENTRY POINT SYMBOL: "_c_int00"  address: 20015355


MEMORY CONFIGURATION

         name            origin    length      used     unused   attr    fill
----------------------  --------  ---------  --------  --------  ----  --------
  SRAM_CODE             20004000   00019000  0001551a  00003ae6  RW X
  SRAM_DATA             2001d000   00013000  0000c36a  00006c96  RW X


SEGMENT ALLOCATION MAP

run origin  load origin   length   init length attrs members
----------  ----------- ---------- ----------- ----- -------
20004000    20004000    00015520   00015520    r-x
  20004000    20004000    0000030c   0000030c    r-- .resetVecs
  2000430c    2000430c    000127d2   000127d2    r-x .text
  20016ae0    20016ae0    00002634   00002634    r-- .const
  20019118    20019118    00000408   00000408    r-- .cinit
2001d000    2001d000    0000a36c   00000000    rw-
  2001d000    2001d000    00009d1e   00000000    rw- .bss
  20026d20    20026d20    0000064c   00000000    rw- .data
2002e000    2002e000    00002000   00000000    rw-
  2002e000    2002e000    00002000   00000000    rw- .stack


SECTION ALLOCATION MAP

 output                                  attributes/
section   page    origin      length       input sections
--------  ----  ----------  ----------   ----------------
.bootVecs 
*          0    00000000    00000008     DSECT
                  00000000    00000008     boot.aem4 : boot.oem4 (.bootVecs)

xdc.meta   0    00000000    000000ee     COPY SECTION
                  00000000    000000ee     app_pem4.oem4 (xdc.meta)

.init_array 
*          0    20004000    00000000     UNINITIALIZED

.vecs      0    20004000    00000000     DSECT

.resetVecs 
*          0    20004000    0000030c     
                  20004000    0000030c     app_pem4.oem4 (.resetVecs)

.text      0    2000430c    000127d2     
                  2000430c    00001d7c     simplelink.a : driver.obj (.text)
                  20006088    00000ec0     rtsv7M4_T_le_eabi.lib : _printfi.obj (.text)
                  20006f48    00000d88     simplelink.a : socket.obj (.text)
                  20007cd0    00000bc4     mqtt.obj (.text)
                  20008894    00000ab4     simplelink.a : netapp.obj (.text)
                  20009348    00000a5c                  : wlan.obj (.text)
                  20009da4    0000098c     driverlib.a : prcm.obj (.text)
                  2000a730    00000824     main.obj (.text)
                  2000af54    0000079c     driverlib.a : spi.obj (.text)
                  2000b6f0    0000067a                 : i2c.obj (.text)
                  2000bd6a    00000002     app_pem4.oem4 (.text:ti_sysbios_BIOS_nullFunc__I)
                  2000bd6c    00000668     simplelink.a : cc_pal.obj (.text)
                  2000c3d4    00000538     ti_rtos.a : osi_tirtos.obj (.text)
                  2000c90c    00000500     simplelink.a : device.obj (.text)
                  2000ce0c    000004a4     driverlib.a : udma.obj (.text)
                  2000d2b0    00000490     rtsv7M4_T_le_eabi.lib : pow.obj (.text)
                  2000d740    0000048c     driverlib.a : uart.obj (.text)
                  2000dbcc    00000424     sysbios.aem4 : BIOS.obj (.text:ti_sysbios_family_arm_m3_Hwi_excDumpRegs__I)
                  2000dff0    000003c0     tmp006drv.obj (.text)
                  2000e3b0    00000394     gpio_if.obj (.text)
                  2000e744    00000370     driverlib.a : interrupt.obj (.text)
                  2000eab4    0000033c     ti.targets.arm.rtsarm.aem4 : System.oem4 (.text:xdc_runtime_System_doPrint__I)
                  2000edf0    00000334     driverlib.a : gpio.obj (.text)
                  2000f124    00000304     sysbios.aem4 : BIOS.obj (.text:ti_sysbios_knl_Semaphore_pend__E)
                  2000f428    00000300     driverlib.a : flash.obj (.text)
                  2000f728    000002e4     rtsv7M4_T_le_eabi.lib : xlog.obj (.text)
                  2000fa0c    000002d4                           : trgdrv.obj (.text)
                  2000fce0    00000290     i2c_if.obj (.text)
                  2000ff70    00000284     driverlib.a : pin.obj (.text)
                  200101f4    00000248     sysbios.aem4 : BIOS.obj (.text:ti_sysbios_heaps_HeapMem_free__E)
                  2001043c    00000234                  : BIOS.obj (.text:ti_sysbios_heaps_HeapMem_alloc__E)
                  20010670    00000228                  : BIOS.obj (.text:ti_sysbios_knl_Task_Instance_finalize__E)
                  20010898    00000208                  : BIOS.obj (.text:ti_sysbios_knl_Task_sleep__E)
                  20010aa0    000001fc     rtsv7M4_T_le_eabi.lib : xexp.obj (.text)
                  20010c9c    000001f8     sysbios.aem4 : BIOS.obj (.text:ti_sysbios_family_arm_m3_Hwi_excHandlerMax__I)
                  20010e94    000001f4     rtsv7M4_T_le_eabi.lib : ull_div_t2.obj (.text)
                  20011088    000001d4     uart_if.obj (.text)
                  2001125c    000001d2     bma222drv.obj (.text)
                  2001142e    00000002     sysbios.aem4 : BIOS.obj (.text:ti_sysbios_gates_GateHwi_Instance_init__E)
                  20011430    000001bc                  : BIOS.obj (.text:ti_sysbios_knl_Task_Instance_init__E)
                  200115ec    000001b6     rtsv7M4_T_le_eabi.lib : fd_add_t2.obj (.text)
                  200117a2    00000002     app_pem4.oem4 (.text:xdc_runtime_Startup_reset__I)
                  200117a4    0000018c     sysbios.aem4 : BIOS.obj (.text:ti_sysbios_knl_Task_Module_startup__E)
                  20011930    00000168                  : BIOS.obj (.text:ti_sysbios_family_arm_m3_Hwi_excBusFault__I)
                  20011a98    00000160                  : BIOS.obj (.text:ti_sysbios_knl_Mailbox_Instance_init__E)
                  20011bf8    00000154                  : BIOS.obj (.text:ti_sysbios_family_arm_m3_Hwi_excUsageFault__I)
                  20011d4c    00000140                  : BIOS.obj (.text:ti_sysbios_family_arm_m3_Hwi_excMemFault__I)
                  20011e8c    0000013c                  : BIOS.obj (.text:ti_sysbios_family_arm_m3_Hwi_dispatchC__I)
                  20011fc8    00000138                  : BIOS.obj (.text:ti_sysbios_heaps_HeapMem_Instance_init__E)
                  20012100    00000138                  : BIOS.obj (.text:ti_sysbios_knl_Semaphore_post__E)
                  20012238    00000136     rtsv7M4_T_le_eabi.lib : fd_div_t2.obj (.text)
                  2001236e    00000002     --HOLE-- [fill = 0]
                  20012370    00000130     ti.targets.arm.rtsarm.aem4 : LoggerBuf.oem4 (.text:xdc_runtime_LoggerBuf_write8__E)
                  200124a0    0000012c     sysbios.aem4 : BIOS.obj (.text:ti_sysbios_knl_Clock_workFunc__E)
                  200125cc    00000120                  : BIOS.obj (.text:ti_sysbios_knl_Swi_run__I)
                  200126ec    00000120     ti.targets.arm.rtsarm.aem4 : Error.oem4 (.text:xdc_runtime_Error_policyDefault__E)
                  2001280c    00000110     rtsv7M4_T_le_eabi.lib : xdscale.obj (.text)
                  2001291c    00000104     ti.targets.arm.rtsarm.aem4 : Core-mem.oem4 (.text:xdc_runtime_Core_createObject__I)
                  20012a20    00000104     app_pem4.oem4 (.text:xdc_runtime_System_printfExtend__I)
                  20012b24    00000100     simplelink.a : netcfg.obj (.text)
                  20012c24    000000fc     rtsv7M4_T_le_eabi.lib : fd_mul_t2.obj (.text)
                  20012d20    000000fc     ti.targets.arm.rtsarm.aem4 : Startup.oem4 (.text:xdc_runtime_Startup_startMods__I)
                  20012e1c    000000fa     rtsv7M4_T_le_eabi.lib : fs_add_t2.obj (.text)
                  20012f16    00000002     --HOLE-- [fill = 0]
                  20012f18    000000d4     ti.targets.arm.rtsarm.aem4 : LoggerBuf.oem4 (.text:xdc_runtime_LoggerBuf_write4__E)
                  20012fec    000000d0     sysbios.aem4 : m3_Hwi_asm.obj (.text:ti_sysbios_family_arm_m3_Hwi_dispatch__I)
                  200130bc    000000cc     ti.targets.arm.rtsarm.aem4 : Core-smem.oem4 (.text:xdc_runtime_Core_constructObject__I)
                  20013188    000000c8     sysbios.aem4 : BIOS.obj (.text:ti_sysbios_knl_Task_schedule__I)
                  20013250    000000c4     rtsv7M4_T_le_eabi.lib : xdint.obj (.text)
                  20013314    000000c4                           : xdnorm.obj (.text)
                  200133d8    000000c4     sysbios.aem4 : BIOS.obj (.text:ti_sysbios_family_arm_m3_Hwi_Module_startup__E)
                  2001349c    000000c0                  : BIOS.obj (.text:ti_sysbios_knl_Task_exit__E)
                  2001355c    000000bc                  : BIOS.obj (.text:ti_sysbios_knl_Task_startCore__E)
                  20013618    000000b4     device_status.obj (.text)
                  200136cc    000000b4     sysbios.aem4 : BIOS.obj (.text:ti_sysbios_family_arm_m3_Hwi_excHardFault__I)
                  20013780    000000b4                  : BIOS.obj (.text:ti_sysbios_gates_GateMutex_enter__E)
                  20013834    000000b4                  : BIOS.obj (.text:ti_sysbios_knl_Task_checkStacks__E)
                  200138e8    000000b0                  : BIOS.obj (.text:ti_sysbios_family_arm_m3_Hwi_excDebugMon__I)
                  20013998    000000a8                  : BIOS.obj (.text:ti_sysbios_knl_Swi_post__E)
                  20013a40    000000a8                  : BIOS.obj (.text:ti_sysbios_knl_Task_blockI__E)
                  20013ae8    000000a8                  : BIOS.obj (.text:ti_sysbios_knl_Task_postInit__I)
                  20013b90    000000a0     auto_init.aem4 : auto_init.oem4 (.text)
                  20013c30    0000009c     rtsv7M4_T_le_eabi.lib : memcpy_t2.obj (.text)
                  20013ccc    0000009c     sysbios.aem4 : BIOS.obj (.text:ti_sysbios_family_arm_m3_Hwi_Instance_init__E)
                  20013d68    0000009c                  : BIOS.obj (.text:ti_sysbios_knl_Semaphore_Instance_init__E)
                  20013e04    0000009a     ti.targets.arm.rtsarm.aem4 : Text.oem4 (.text:xdc_runtime_Text_putSite__E)
                  20013e9e    00000002     --HOLE-- [fill = 0]
                  20013ea0    00000094     sysbios.aem4 : BIOS.obj (.text:ti_sysbios_knl_Mailbox_post__E)
                  20013f34    00000094                  : BIOS.obj (.text:ti_sysbios_knl_Task_unblockI__E)
                  20013fc8    00000094     ti.targets.arm.rtsarm.aem4 : Text.oem4 (.text:xdc_runtime_Text_putMod__E)
                  2001405c    00000092     rtsv7M4_T_le_eabi.lib : fs_div_t2.obj (.text)
                  200140ee    00000002     --HOLE-- [fill = 0]
                  200140f0    00000088                           : vsnprintf.obj (.text)
                  20014178    00000088     sysbios.aem4 : BIOS.obj (.text:ti_sysbios_knl_Mailbox_Module_startup__E)
                  20014200    00000086     rtsv7M4_T_le_eabi.lib : fd_cmp_t2.obj (.text:__aeabi_cdcmple)
                  20014286    00000086                           : fd_cmp_t2.obj (.text:__aeabi_cdrcmple)
                  2001430c    00000084     sysbios.aem4 : BIOS.obj (.text:ti_sysbios_family_arm_m3_Hwi_initNVIC__E)
                  20014390    00000084                  : BIOS.obj (.text:ti_sysbios_knl_Mailbox_pend__E)
                  20014414    00000080     ti.targets.arm.rtsarm.aem4 : LoggerBuf.oem4 (.text:xdc_runtime_LoggerBuf_setFilterLevel__E)
                  20014494    0000007a     rtsv7M4_T_le_eabi.lib : fs_mul_t2.obj (.text)
                  2001450e    00000078                           : memset_t2.obj (.text)
                  20014586    00000002     --HOLE-- [fill = 0]
                  20014588    00000074     pinmux.obj (.text)
                  200145fc    00000070     sysbios.aem4 : BIOS.obj (.text:ti_sysbios_family_arm_m3_Hwi_postInit__I)
                  2001466c    00000070                  : BIOS.obj (.text:ti_sysbios_knl_Mailbox_Instance_finalize__E)
                  200146dc    00000070     ti.targets.arm.rtsarm.aem4 : Memory.oem4 (.text:xdc_runtime_Memory_alloc__E)
                  2001474c    0000006c                                : Error.oem4 (.text:xdc_runtime_Error_print__E)
                  200147b8    0000006c                                : LoggerBuf.oem4 (.text:xdc_runtime_LoggerBuf_getFilterLevel__E)
                  20014824    00000068     simplelink.a : flowcont.obj (.text)
                  2001488c    00000066     ti.targets.arm.rtsarm.aem4 : Core-mem.oem4 (.text:xdc_runtime_Core_deleteObject__I)
                  200148f2    00000064     rtsv7M4_T_le_eabi.lib : xdunscal.obj (.text)
                  20014956    00000002     --HOLE-- [fill = 0]
                  20014958    00000064     app_pem4.oem4 (.text:ti_sysbios_family_arm_m3_Hwi_create)
                  200149bc    00000064     app_pem4.oem4 (.text:ti_sysbios_knl_Mailbox_create)
                  20014a20    00000060     rtsv7M4_T_le_eabi.lib : sprintf.obj (.text)
                  20014a80    00000060                           : trgmsg.obj (.text)
                  20014ae0    00000060     sysbios.aem4 : BIOS.obj (.text:ti_sysbios_family_arm_m3_TimestampProvider_get64__E)
                  20014b40    00000060                  : BIOS.obj (.text:ti_sysbios_knl_Clock_logTick__E)
                  20014ba0    00000060     ti.targets.arm.rtsarm.aem4 : System.oem4 (.text:xdc_runtime_System_formatNum__I)
                  20014c00    0000005e     driverlib.a : cpu.obj (.text)
                  20014c5e    0000005e     rtsv7M4_T_le_eabi.lib : copy_decompress_rle.obj (.text)
                  20014cbc    0000005c     sysbios.aem4 : BIOS.obj (.text:ti_sysbios_family_arm_m3_Timer_setPeriod__E)
                  20014d18    0000005c     app_pem4.oem4 (.text:ti_sysbios_knl_Task_create)
                  20014d74    0000005c     app_pem4.oem4 (.text:xdc_runtime_LoggerBuf_Object__create__S)
                  20014dd0    0000005b     ti.targets.arm.rtsarm.aem4 : Text.oem4 (.text:xdc_runtime_Text_putLab__E)
                  20014e2b    00000001     --HOLE-- [fill = 0]
                  20014e2c    0000005a     rtsv7M4_T_le_eabi.lib : ltoa.obj (.text)
                  20014e86    00000002     --HOLE-- [fill = 0]
                  20014e88    00000058     sysbios.aem4 : BIOS.obj (.text:ti_sysbios_knl_Swi_restoreHwi__E)
                  20014ee0    00000058                  : BIOS.obj (.text:ti_sysbios_knl_Swi_schedule__I)
                  20014f38    00000054                  : BIOS.obj (.text:ti_sysbios_family_arm_m3_Timer_start__E)
                  20014f8c    00000050     ti.targets.arm.rtsarm.aem4 : Startup.oem4 (.text:xdc_runtime_Startup_exec__E)
                  20014fdc    00000050                                : Text.oem4 (.text:xdc_runtime_Text_visitRope2__I)
                  2001502c    0000004c     rtsv7M4_T_le_eabi.lib : atoi.obj (.text)
                  20015078    0000004c     sysbios.aem4 : m3_TaskSupport_asm.obj (.text:ti_sysbios_family_arm_m3_TaskSupport_buildTaskStack)
                  200150c4    0000004c                  : BIOS.obj (.text:ti_sysbios_knl_Swi_runLoop__I)
                  20015110    0000004a     rtsv7M4_T_le_eabi.lib : fd_tos_t2.obj (.text)
                  2001515a    00000048                           : fd_toi_t2.obj (.text)
                  200151a2    00000002     --HOLE-- [fill = 0]
                  200151a4    00000048     sysbios.aem4 : BIOS.obj (.text:ti_sysbios_family_arm_m3_Hwi_excReserved__I)
                  200151ec    00000048                  : m3_Hwi_asm_switch.obj (.text:ti_sysbios_family_arm_m3_Hwi_initStacks__E)
                  20015234    00000048                  : BIOS.obj (.text:ti_sysbios_family_arm_m3_Timer_initDevice__I)
                  2001527c    00000048                  : BIOS.obj (.text:ti_sysbios_heaps_HeapMem_getStats__E)
                  200152c4    00000048     ti.targets.arm.rtsarm.aem4 : Assert.oem4 (.text:xdc_runtime_Assert_raise__I)
                  2001530c    00000046                                : Core-params.oem4 (.text:xdc_runtime_Core_assignParams__I)
                  20015352    00000002     --HOLE-- [fill = 0]
                  20015354    00000044     boot.aem4 : boot.oem4 (.text)
                  20015398    00000044     rtsv7M4_T_le_eabi.lib : cpy_tbl.obj (.text)
                  200153dc    00000044                           : exit.obj (.text)
                  20015420    00000044                           : xdtest.obj (.text)
                  20015464    00000044     sysbios.aem4 : BIOS.obj (.text:ti_sysbios_family_arm_m3_Hwi_disableInterrupt__E)
                  200154a8    00000044                  : BIOS.obj (.text:ti_sysbios_family_arm_m3_Hwi_enableInterrupt__E)
                  200154ec    00000044                  : BIOS.obj (.text:ti_sysbios_knl_Task_allBlockedFunction__I)
                  20015530    00000044     ti.targets.arm.rtsarm.aem4 : Error.oem4 (.text:xdc_runtime_Error_setX__E)
                  20015574    00000044                                : LoggerBuf.oem4 (.text:xdc_runtime_LoggerBuf_filterOutEvent__I)
                  200155b8    00000044                                : SysMin.oem4 (.text:xdc_runtime_SysMin_flush__E)
                  200155fc    00000042     rtsv7M4_T_le_eabi.lib : u_divt2.obj (.text)
                  2001563e    00000002     --HOLE-- [fill = 0]
                  20015640    00000040                           : signal.obj (.text)
                  20015680    00000040     sysbios.aem4 : BIOS.obj (.text:ti_sysbios_family_arm_m3_Timer_Module_startup__E)
                  200156c0    00000040                  : BIOS.obj (.text:ti_sysbios_knl_Mailbox_postInit__I)
                  20015700    0000003e     app_pem4.oem4 (.text:realloc)
                  2001573e    00000002     --HOLE-- [fill = 0]
                  20015740    0000003c     sysbios.aem4 : BIOS.obj (.text:ti_sysbios_family_arm_m3_Hwi_excSvCall__I)
                  2001577c    0000003c                  : BIOS.obj (.text:ti_sysbios_heaps_HeapMem_init__I)
                  200157b8    0000003c                  : BIOS.obj (.text:ti_sysbios_knl_Swi_startup__E)
                  200157f4    0000003c     ti.targets.arm.rtsarm.aem4 : Text.oem4 (.text:xdc_runtime_Text_xprintf__I)
                  20015830    0000003a     smartconfig.obj (.text)
                  2001586a    0000003a     ti.targets.arm.rtsarm.aem4 : LoggerBuf.oem4 (.text:xdc_runtime_LoggerBuf_Instance_init__E)
                  200158a4    00000038     rtsv7M4_T_le_eabi.lib : fs_tod_t2.obj (.text)
                  200158dc    00000038                           : fs_toi_t2.obj (.text)
                  20015914    00000038     sysbios.aem4 : BIOS.obj (.text:ti_sysbios_family_arm_m3_Hwi_excNoIsr__I)
                  2001594c    00000038                  : BIOS.obj (.text:ti_sysbios_family_arm_m3_Hwi_getStackInfo__E)
                  20015984    00000038                  : BIOS.obj (.text:ti_sysbios_family_arm_m3_TaskSupport_start__E)
                  200159bc    00000038                  : BIOS.obj (.text:ti_sysbios_knl_Task_processVitalTaskFlag__I)
                  200159f4    00000038     ti.targets.arm.rtsarm.aem4 : SysMin.oem4 (.text:xdc_runtime_SysMin_putch__E)
                  20015a2c    00000038                                : System.oem4 (.text:xdc_runtime_System_atexit__E)
                  20015a64    00000034     rtsv7M4_T_le_eabi.lib : feraiseexcept.obj (.text)
                  20015a98    00000034                           : fs_tou_t2.obj (.text)
                  20015acc    00000034     sysbios.aem4 : BIOS.obj (.text:ti_sysbios_family_arm_m3_Hwi_excNmi__I)
                  20015b00    00000034                  : BIOS.obj (.text:ti_sysbios_family_arm_m3_Timer_periodicStub__I)
                  20015b34    00000034                  : BIOS.obj (.text:ti_sysbios_hal_Hwi_checkStack)
                  20015b68    00000034     app_pem4.oem4 (.text:ti_sysbios_knl_Semaphore_create)
                  20015b9c    00000034     ti.targets.arm.rtsarm.aem4 : Core-label.oem4 (.text:xdc_runtime_Core_assignLabel__I)
                  20015bd0    00000033                                : Text.oem4 (.text:xdc_runtime_Text_printVisFxn__I)
                  20015c03    00000001     --HOLE-- [fill = 0]
                  20015c04    00000032     sysbios.aem4 : BIOS.obj (.text:ti_sysbios_knl_Semaphore_pendTimeout__I)
                  20015c36    00000030     rtsv7M4_T_le_eabi.lib : strncpy.obj (.text)
                  20015c66    00000002     --HOLE-- [fill = 0]
                  20015c68    00000030                           : xferaise.obj (.text)
                  20015c98    00000030     app_pem4.oem4 (.text:ti_sysbios_BIOS_atExitFunc__I)
                  20015cc8    00000030     app_pem4.oem4 (.text:ti_sysbios_gates_GateHwi_Object__create__S)
                  20015cf8    00000030     app_pem4.oem4 (.text:ti_sysbios_gates_GateMutex_Object__create__S)
                  20015d28    00000030     app_pem4.oem4 (.text:ti_sysbios_heaps_HeapMem_Object__create__S)
                  20015d58    00000030     app_pem4.oem4 (.text:ti_sysbios_knl_Semaphore_construct)
                  20015d88    00000030     ti.targets.arm.rtsarm.aem4 : SysMin.oem4 (.text:xdc_runtime_SysMin_abort__E)
                  20015db8    00000030                                : System.oem4 (.text:xdc_runtime_System_processAtExit__E)
                  20015de8    0000002e     app_pem4.oem4 (.text:malloc)
                  20015e16    0000002e     rtsv7M4_T_le_eabi.lib : i_tofd_t2.obj (.text)
                  20015e44    0000002e                           : raise.obj (.text)
                  20015e72    00000002     --HOLE-- [fill = 0]
                  20015e74    0000002c     sysbios.aem4 : BIOS.obj (.text:ti_sysbios_family_arm_m3_Hwi_Instance_finalize__E)
                  20015ea0    0000002c                  : BIOS.obj (.text:ti_sysbios_hal_Hwi_initStack)
                  20015ecc    0000002c     app_pem4.oem4 (.text:ti_sysbios_knl_Clock_doTick__I)
                  20015ef8    0000002c     app_pem4.oem4 (.text:ti_sysbios_knl_Queue_construct)
                  20015f24    0000002c     sysbios.aem4 : BIOS.obj (.text:ti_sysbios_knl_Task_restore__E)
                  20015f50    0000002c     ti.targets.arm.rtsarm.aem4 : Text.oem4 (.text:xdc_runtime_Text_cordText__E)
                  20015f7c    0000002a                                : System.oem4 (.text:xdc_runtime_System_putchar__I)
                  20015fa6    00000002     --HOLE-- [fill = 0]
                  20015fa8    00000028                                : LoggerBuf.oem4 (.text:xdc_runtime_LoggerBuf_Module_startup__E)
                  20015fd0    00000026                                : System.oem4 (.text:xdc_runtime_System_avprintf__E)
                  20015ff6    00000002     --HOLE-- [fill = 0]
                  20015ff8    00000024     app_pem4.oem4 (.text:ti_sysbios_BIOS_errorRaiseHook__I)
                  2001601c    00000024     app_pem4.oem4 (.text:ti_sysbios_BIOS_registerRTSLock__I)
                  20016040    00000024     app_pem4.oem4 (.text:ti_sysbios_BIOS_removeRTSLock__I)
                  20016064    00000024     app_pem4.oem4 (.text:ti_sysbios_BIOS_startFunc__I)
                  20016088    00000024     sysbios.aem4 : BIOS.obj (.text:ti_sysbios_family_arm_m3_Hwi_doTaskRestore__I)
                  200160ac    00000024                  : BIOS.obj (.text:ti_sysbios_family_arm_m3_Timer_startup__E)
                  200160d0    00000024     app_pem4.oem4 (.text:ti_sysbios_gates_GateMutex_Object__delete__S)
                  200160f4    00000024     sysbios.aem4 : BIOS.obj (.text:ti_sysbios_knl_Clock_Module_startup__E)
                  20016118    00000024     app_pem4.oem4 (.text:ti_sysbios_knl_Semaphore_Object__delete__S)
                  2001613c    00000024     sysbios.aem4 : BIOS.obj (.text:ti_sysbios_knl_Swi_Module_startup__E)
                  20016160    00000024     ti.targets.arm.rtsarm.aem4 : System.oem4 (.text:xdc_runtime_System_vprintf__E)
                  20016184    00000022     rtsv7M4_T_le_eabi.lib : memcmp.obj (.text)
                  200161a6    00000022     app_pem4.oem4 (.text:xdc_runtime_SysMin_output__I)
                  200161c8    00000020     app_pem4.oem4 (.text:ti_sysbios_family_arm_m3_Hwi_Object__delete__S)
                  200161e8    00000020     sysbios.aem4 : m3_Hwi_asm.obj (.text:ti_sysbios_family_arm_m3_Hwi_excHandlerAsm__I)
                  20016208    00000020                  : BIOS.obj (.text:ti_sysbios_family_arm_m3_Hwi_excHandler__I)
                  20016228    00000020                  : BIOS.obj (.text:ti_sysbios_family_arm_m3_TimestampProvider_Module_startup__E)
                  20016248    00000020     app_pem4.oem4 (.text:ti_sysbios_gates_GateHwi_Object__delete__S)
                  20016268    00000020     app_pem4.oem4 (.text:ti_sysbios_heaps_HeapMem_Object__delete__S)
                  20016288    00000020     sysbios.aem4 : BIOS.obj (.text:ti_sysbios_knl_Idle_run__E)
                  200162a8    00000020     app_pem4.oem4 (.text:ti_sysbios_knl_Mailbox_Object__delete__S)
                  200162c8    00000020     app_pem4.oem4 (.text:ti_sysbios_knl_Semaphore_Object__destruct__S)
                  200162e8    00000020     app_pem4.oem4 (.text:ti_sysbios_knl_Task_Object__delete__S)
                  20016308    00000020     sysbios.aem4 : BIOS.obj (.text:ti_sysbios_knl_Task_enter__I)
                  20016328    00000020     app_pem4.oem4 (.text:xdc_runtime_LoggerBuf_Object__delete__S)
                  20016348    00000020     ti.targets.arm.rtsarm.aem4 : LoggerBuf.oem4 (.text:xdc_runtime_LoggerBuf_reset__E)
                  20016368    00000020                                : Registry.oem4 (.text:xdc_runtime_Registry_findById__E)
                  20016388    00000020                                : SysMin.oem4 (.text:xdc_runtime_SysMin_Module_startup__E)
                  200163a8    0000001e     rtsv7M4_T_le_eabi.lib : ll_lsr_t2.obj (.text)
                  200163c6    0000001e     sysbios.aem4 : m3_Hwi_asm_switch.obj (.text:ti_sysbios_family_xxx_Hwi_switchAndRunFunc)
                  200163e4    0000001c     rtsv7M4_T_le_eabi.lib : memccpy.obj (.text)
                  20016400    0000001c     app_pem4.oem4 (.text:ti_sysbios_BIOS_rtsLock__I)
                  2001641c    0000001c     sysbios.aem4 : BIOS.obj (.text:ti_sysbios_family_arm_m3_Hwi_setPriority__E)
                  20016438    0000001c                  : BIOS.obj (.text:ti_sysbios_gates_GateMutex_Instance_init__E)
                  20016454    0000001c     app_pem4.oem4 (.text:ti_sysbios_knl_Queue_Object__destruct__S)
                  20016470    0000001c     ti.targets.arm.rtsarm.aem4 : Error.oem4 (.text:xdc_runtime_Error_raiseX__E)
                  2001648c    0000001c                                : Memory.oem4 (.text:xdc_runtime_Memory_valloc__E)
                  200164a8    0000001c                                : SysMin.oem4 (.text:xdc_runtime_SysMin_exit__E)
                  200164c4    0000001c                                : System.oem4 (.text:xdc_runtime_System_abort__E)
                  200164e0    0000001a     app_pem4.oem4 (.text:ti_sysbios_family_arm_m3_Hwi_Handle__label__S)
                  200164fa    0000001a     sysbios.aem4 : m3_Hwi_asm.obj (.text:ti_sysbios_family_arm_m3_Hwi_pendSV__I)
                  20016514    0000001a     app_pem4.oem4 (.text:ti_sysbios_gates_GateHwi_Handle__label__S)
                  2001652e    0000001a     app_pem4.oem4 (.text:ti_sysbios_gates_GateMutex_Handle__label__S)
                  20016548    0000001a     app_pem4.oem4 (.text:ti_sysbios_heaps_HeapMem_Handle__label__S)
                  20016562    0000001a     app_pem4.oem4 (.text:ti_sysbios_knl_Swi_Handle__label__S)
                  2001657c    0000001a     app_pem4.oem4 (.text:ti_sysbios_knl_Task_Handle__label__S)
                  20016596    0000001a     sysbios.aem4 : BIOS.obj (.text:ti_sysbios_knl_Task_sleepTimeout__I)
                  200165b0    0000001a     app_pem4.oem4 (.text:xdc_runtime_LoggerBuf_Handle__label__S)
                  200165ca    0000001a     app_pem4.oem4 (.text:xdc_runtime_System_aprintf__E)
                  200165e4    0000001a     app_pem4.oem4 (.text:xdc_runtime_System_printf__E)
                  200165fe    00000018     app_pem4.oem4 (.text:free)
                  20016616    00000002     --HOLE-- [fill = 0]
                  20016618    00000018     rtsv7M4_T_le_eabi.lib : args_main.obj (.text)
                  20016630    00000018                           : ll_mul_t2.obj (.text)
                  20016648    00000018     app_pem4.oem4 (.text:ti_sysbios_BIOS_rtsUnlock__I)
                  20016660    00000018     app_pem4.oem4 (.text:ti_sysbios_family_arm_m3_Hwi_Module__startupDone__F)
                  20016678    00000018     app_pem4.oem4 (.text:ti_sysbios_family_arm_m3_Timer_Module__startupDone__F)
                  20016690    00000018     sysbios.aem4 : BIOS.obj (.text:ti_sysbios_gates_GateMutex_leave__E)
                  200166a8    00000018     ti.targets.arm.rtsarm.aem4 : Error.oem4 (.text:xdc_runtime_Error_check__E)
                  200166c0    00000018                                : System.oem4 (.text:xdc_runtime_System_exit__E)
                  200166d8    00000018                                : Text.oem4 (.text:xdc_runtime_Text_ropeText__E)
                  200166f0    00000016     app_pem4.oem4 (.text:ti_sysbios_BIOS_exitFunc__I)
                  20016706    00000002     --HOLE-- [fill = 0]
                  20016708    00000014     rtsv7M4_T_le_eabi.lib : _lock.obj (.text)
                  2001671c    00000014                           : strlen.obj (.text)
                  20016730    00000014     app_pem4.oem4 (.text:ti_sysbios_family_arm_m3_Hwi_Object__get__S)
                  20016744    00000014     sysbios.aem4 : BIOS.obj (.text:ti_sysbios_family_arm_m3_Hwi_switchFromBootStack__E)
                  20016758    00000014     app_pem4.oem4 (.text:ti_sysbios_heaps_HeapMem_Object__get__S)
                  2001676c    00000014     app_pem4.oem4 (.text:ti_sysbios_knl_Swi_Object__get__S)
                  20016780    00000014     app_pem4.oem4 (.text:xdc_runtime_LoggerBuf_Object__get__S)
                  20016794    00000012     rtsv7M4_T_le_eabi.lib : copy_zero_init.obj (.text:decompress:ZI)
                  200167a6    00000012     sysbios.aem4 : BIOS.obj (.text:ti_sysbios_hal_Hwi_Module_startup__E)
                  200167b8    00000012                  : BIOS.obj (.text:ti_sysbios_hal_Timer_Module_startup__E)
                  200167ca    00000012     ti.targets.arm.rtsarm.aem4 : LoggerBuf.oem4 (.text:xdc_runtime_LoggerBuf_Instance_finalize__E)
                  200167dc    00000012                                : LoggerBuf.oem4 (.text:xdc_runtime_LoggerBuf_write1__E)
                  200167ee    00000012                                : LoggerBuf.oem4 (.text:xdc_runtime_LoggerBuf_write2__E)
                  20016800    00000012     app_pem4.oem4 (.text:xdc_runtime_Startup_exec__I)
                  20016812    00000010     rtsv7M4_T_le_eabi.lib : strcpy.obj (.text)
                  20016822    00000002     --HOLE-- [fill = 0]
                  20016824    00000010     sysbios.aem4 : BIOS.obj (.text:ti_sysbios_BIOS_setThreadType__E)
                  20016834    00000010                  : BIOS.obj (.text:ti_sysbios_BIOS_start__E)
                  20016844    00000010                  : BIOS.obj (.text:ti_sysbios_family_arm_m3_Hwi_getHandle__E)
                  20016854    00000010                  : m3_TaskSupport_asm.obj (.text:ti_sysbios_family_arm_m3_TaskSupport_glue)
                  20016864    00000010                  : m3_TaskSupport_asm.obj (.text:ti_sysbios_family_arm_m3_TaskSupport_swap__E)
                  20016874    00000010                  : BIOS.obj (.text:ti_sysbios_gates_GateMutex_Instance_finalize__E)
                  20016884    00000010     app_pem4.oem4 (.text:ti_sysbios_knl_Mailbox_Object__get__S)
                  20016894    00000010     sysbios.aem4 : BIOS.obj (.text:ti_sysbios_knl_Semaphore_Instance_finalize__E)
                  200168a4    00000010                  : BIOS.obj (.text:ti_sysbios_knl_Swi_disable__E)
                  200168b4    00000010     app_pem4.oem4 (.text:ti_sysbios_knl_Task_Object__get__S)
                  200168c4    00000010     sysbios.aem4 : BIOS.obj (.text:ti_sysbios_knl_Task_disable__E)
                  200168d4    00000010     ti.targets.arm.rtsarm.aem4 : Gate.oem4 (.text:xdc_runtime_Gate_leaveSystem__E)
                  200168e4    00000010                                : LoggerBuf.oem4 (.text:xdc_runtime_LoggerBuf_write0__E)
                  200168f4    00000010                                : Memory.oem4 (.text:xdc_runtime_Memory_free__E)
                  20016904    00000010                                : SysMin.oem4 (.text:xdc_runtime_SysMin_ready__E)
                  20016914    00000010                                : System.oem4 (.text:xdc_runtime_System_vsnprintf__E)
                  20016924    00000010     app_pem4.oem4 (.text:xdc_runtime_Text_visitRope__I)
                  20016934    0000000e     rtsv7M4_T_le_eabi.lib : copy_decompress_none.obj (.text:decompress:none)
                  20016942    0000000e                           : xdclass.obj (.text)
                  20016950    0000000e     sysbios.aem4 : BIOS.obj (.text:ti_sysbios_knl_Queue_empty__E)
                  2001695e    00000002     --HOLE-- [fill = 0]
                  20016960    0000000c     app_pem4.oem4 (.text:ti_sysbios_family_arm_m3_Hwi_Params__init__S)
                  2001696c    0000000c     sysbios.aem4 : BIOS.obj (.text:ti_sysbios_family_arm_m3_Hwi_disableFxn__E)
                  20016978    0000000c                  : BIOS.obj (.text:ti_sysbios_family_arm_m3_TaskSupport_checkStack__E)
                  20016984    0000000c                  : BIOS.obj (.text:ti_sysbios_family_arm_m3_TaskSupport_getStackAlignment__E)
                  20016990    0000000c                  : BIOS.obj (.text:ti_sysbios_gates_GateHwi_enter__E)
                  2001699c    0000000c     app_pem4.oem4 (.text:ti_sysbios_knl_Queue_Object__get__S)
                  200169a8    0000000c     app_pem4.oem4 (.text:ti_sysbios_knl_Semaphore_Params__init__S)
                  200169b4    0000000c     app_pem4.oem4 (.text:ti_sysbios_knl_Task_Params__init__S)
                  200169c0    0000000c     ti.targets.arm.rtsarm.aem4 : Error.oem4 (.text:xdc_runtime_Error_init__E)
                  200169cc    0000000c                                : Gate.oem4 (.text:xdc_runtime_Gate_enterSystem__E)
                  200169d8    0000000c                                : Memory.oem4 (.text:xdc_runtime_Memory_calloc__E)
                  200169e4    0000000c                                : Memory.oem4 (.text:xdc_runtime_Memory_getMaxDefaultTypeAlign__E)
                  200169f0    0000000a     app_pem4.oem4 (.text:xdc_runtime_IHeap_alloc)
                  200169fa    0000000a     app_pem4.oem4 (.text:xdc_runtime_IHeap_free)
                  20016a04    0000000a     ti.targets.arm.rtsarm.aem4 : LoggerBuf.oem4 (.text:xdc_runtime_LoggerBuf_disable__E)
                  20016a0e    0000000a                                : LoggerBuf.oem4 (.text:xdc_runtime_LoggerBuf_enable__E)
                  20016a18    00000008     sysbios.aem4 : BIOS.obj (.text:ti_sysbios_family_arm_m3_Hwi_doSwiRestore__I)
                  20016a20    00000008                  : BIOS.obj (.text:ti_sysbios_family_arm_m3_Hwi_startup__E)
                  20016a28    00000008                  : BIOS.obj (.text:ti_sysbios_knl_Idle_loop__E)
                  20016a30    00000006     driverlib.a : utils.obj (.text:UtilsDelay)
                  20016a36    00000006     ti.targets.arm.rtsarm.aem4 : xdc_noinit.oem4 (.text:__xdc__init)
                  20016a3c    00000006     rtsv7M4_T_le_eabi.lib : copy_decompress_rle.obj (.text:decompress:rle24)
                  20016a42    00000006                           : log.obj (.text)
                  20016a48    00000006     sysbios.aem4 : BIOS.obj (.text:ti_sysbios_family_arm_m3_Hwi_restoreFxn__E)
                  20016a4e    00000006                  : BIOS.obj (.text:ti_sysbios_gates_GateHwi_leave__E)
                  20016a54    00000006                  : BIOS.obj (.text:ti_sysbios_heaps_HeapMem_isBlocking__E)
                  20016a5a    00000006                  : BIOS.obj (.text:ti_sysbios_knl_Queue_Instance_init__E)
                  20016a60    00000006     ti.targets.arm.rtsarm.aem4 : System.oem4 (.text:xdc_runtime_System_Module_startup__E)
                  20016a66    00000004                                : LoggerBuf.oem4 (.text:LoggerBuf_instanceStartup)
                  20016a6a    00000004     app_pem4.oem4 (.text:ti_sysbios_BIOS_RtsGateProxy_enter__E)
                  20016a6e    00000004     app_pem4.oem4 (.text:ti_sysbios_BIOS_RtsGateProxy_leave__E)
                  20016a72    00000004     app_pem4.oem4 (.text:ti_sysbios_family_arm_m3_Hwi_delete)
                  20016a76    00000004     app_pem4.oem4 (.text:ti_sysbios_family_arm_m3_TaskSupport_Module__startupDone__S)
                  20016a7a    00000004     sysbios.aem4 : BIOS.obj (.text:ti_sysbios_family_arm_m3_Timer_getMaxTicks__E)
                  20016a7e    00000004                  : BIOS.obj (.text:ti_sysbios_gates_GateHwi_query__E)
                  20016a82    00000004                  : BIOS.obj (.text:ti_sysbios_gates_GateMutex_query__E)
                  20016a86    00000004     app_pem4.oem4 (.text:ti_sysbios_hal_Hwi_HwiProxy_Module__startupDone__S)
                  20016a8a    00000004     app_pem4.oem4 (.text:ti_sysbios_hal_Timer_TimerProxy_Module__startupDone__S)
                  20016a8e    00000004     app_pem4.oem4 (.text:ti_sysbios_heaps_HeapMem_Module_GateProxy_enter__E)
                  20016a92    00000004     app_pem4.oem4 (.text:ti_sysbios_heaps_HeapMem_Module_GateProxy_leave__E)
                  20016a96    00000004     app_pem4.oem4 (.text:ti_sysbios_knl_Clock_TimerProxy_Module__startupDone__S)
                  20016a9a    00000004     app_pem4.oem4 (.text:ti_sysbios_knl_Clock_TimerProxy_getMaxTicks__E)
                  20016a9e    00000004     app_pem4.oem4 (.text:ti_sysbios_knl_Mailbox_delete)
                  20016aa2    00000004     app_pem4.oem4 (.text:ti_sysbios_knl_Queue_destruct)
                  20016aa6    00000004     app_pem4.oem4 (.text:ti_sysbios_knl_Semaphore_delete)
                  20016aaa    00000004     app_pem4.oem4 (.text:ti_sysbios_knl_Semaphore_destruct)
                  20016aae    00000004     app_pem4.oem4 (.text:ti_sysbios_knl_Task_SupportProxy_Module__startupDone__S)
                  20016ab2    00000004     app_pem4.oem4 (.text:ti_sysbios_knl_Task_delete)
                  20016ab6    00000004     sysbios.aem4 : BIOS.obj (.text:ti_sysbios_knl_Task_startup__E)
                  20016aba    00000004     ti.targets.arm.rtsarm.aem4 : Error.oem4 (.text:xdc_runtime_Error_getSite__E)
                  20016abe    00000004     app_pem4.oem4 (.text:xdc_runtime_LoggerBuf_Module_GateProxy_enter__E)
                  20016ac2    00000004     app_pem4.oem4 (.text:xdc_runtime_LoggerBuf_Module_GateProxy_leave__E)
                  20016ac6    00000004     app_pem4.oem4 (.text:xdc_runtime_Memory_HeapProxy_alloc__E)
                  20016aca    00000004     app_pem4.oem4 (.text:xdc_runtime_Memory_HeapProxy_free__E)
                  20016ace    00000004     app_pem4.oem4 (.text:xdc_runtime_System_Module_GateProxy_enter__E)
                  20016ad2    00000004     app_pem4.oem4 (.text:xdc_runtime_System_Module_GateProxy_leave__E)
                  20016ad6    00000004     ti.targets.arm.rtsarm.aem4 : System.oem4 (.text:xdc_runtime_System_aprintf_va__F)
                  20016ada    00000004                                : System.oem4 (.text:xdc_runtime_System_printf_va__F)

.const     0    20016ae0    00002634     
                  20016ae0    0000178e     app_pem4.oem4 (.const:xdc_runtime_Text_charTab__A)
                  2001826e    00000102     rtsv7M4_T_le_eabi.lib : ctype.obj (.const:.string:_ctypes_)
                  20018370    00000100     driverlib.a : pin.obj (.const:g_ulPinToPadMap)
                  20018470    000000d4                 : interrupt.obj (.const:g_pulRegs)
                  20018544    000000b8     app_pem4.oem4 (.const:xdc_runtime_Text_nodeTab__A)
                  200185fc    000000b0     simplelink.a : wlan.obj (.const:$P$T0$1)
                  200186ac    000000a0     driverlib.a : prcm.obj (.const:PRCM_PeriphRegsList)
                  2001874c    00000080                 : interrupt.obj (.const)
                  200187cc    00000048     app_pem4.oem4 (.const:.string)
                  20018814    00000004     app_pem4.oem4 (.const:ti_sysbios_family_arm_m3_Hwi_E_NMI__C)
                  20018818    00000048     rtsv7M4_T_le_eabi.lib : xexp.obj (.const)
                  20018860    00000040     driverlib.a : flash.obj (.const:g_pulFMPPERegs)
                  200188a0    00000040                 : flash.obj (.const:g_pulFMPRERegs)
                  200188e0    0000003c     simplelink.a : wlan.obj (.const)
                  2001891c    0000003c     app_pem4.oem4 (.const:ti_sysbios_knl_Task_Object__PARAMS__C)
                  20018958    0000003c     app_pem4.oem4 (.const:xdc_runtime_LoggerBuf_Module__FXNS__C)
                  20018994    00000038     simplelink.a : driver.obj (.const:_SlActionLookupTable)
                  200189cc    00000004     app_pem4.oem4 (.const:ti_sysbios_family_arm_m3_Hwi_E_alreadyDefined__C)
                  200189d0    00000038     rtsv7M4_T_le_eabi.lib : xlog.obj (.const:p)
                  20018a08    00000034     simplelink.a : socket.obj (.const)
                  20018a3c    00000034     app_pem4.oem4 (.const:ti_sysbios_knl_Mailbox_Object__PARAMS__C)
                  20018a70    00000030     rtsv7M4_T_le_eabi.lib : xdint.obj (.const)
                  20018aa0    00000030     app_pem4.oem4 (.const:ti_sysbios_family_arm_m3_Hwi_Object__PARAMS__C)
                  20018ad0    00000030     app_pem4.oem4 (.const:xdc_runtime_Startup_sfxnTab__A)
                  20018b00    00000028     simplelink.a : netapp.obj (.const)
                  20018b28    00000028     app_pem4.oem4 (.const:ti_sysbios_heaps_HeapMem_Module__FXNS__C)
                  20018b50    00000024     driverlib.a : spi.obj (.const:g_ppulSPIIntMap)
                  20018b74    00000024     app_pem4.oem4 (.const:ti_sysbios_gates_GateHwi_Module__FXNS__C)
                  20018b98    00000024     app_pem4.oem4 (.const:ti_sysbios_gates_GateMutex_Module__FXNS__C)
                  20018bbc    00000024     app_pem4.oem4 (.const:ti_sysbios_heaps_HeapMem_Object__PARAMS__C)
                  20018be0    00000024     app_pem4.oem4 (.const:ti_sysbios_knl_Semaphore_Object__PARAMS__C)
                  20018c04    00000024     app_pem4.oem4 (.const:xdc_runtime_LoggerBuf_Object__PARAMS__C)
                  20018c28    00000020     app_pem4.oem4 (.const:ti_sysbios_family_arm_m3_Hwi_Object__DESC__C)
                  20018c48    00000020     app_pem4.oem4 (.const:ti_sysbios_gates_GateHwi_Object__DESC__C)
                  20018c68    00000020     app_pem4.oem4 (.const:ti_sysbios_gates_GateMutex_Object__DESC__C)
                  20018c88    00000020     app_pem4.oem4 (.const:ti_sysbios_heaps_HeapMem_Object__DESC__C)
                  20018ca8    00000020     app_pem4.oem4 (.const:ti_sysbios_knl_Mailbox_Object__DESC__C)
                  20018cc8    00000020     app_pem4.oem4 (.const:ti_sysbios_knl_Queue_Object__DESC__C)
                  20018ce8    00000020     app_pem4.oem4 (.const:ti_sysbios_knl_Semaphore_Object__DESC__C)
                  20018d08    00000020     app_pem4.oem4 (.const:ti_sysbios_knl_Task_Object__DESC__C)
                  20018d28    00000020     app_pem4.oem4 (.const:xdc_runtime_LoggerBuf_Object__DESC__C)
                  20018d48    0000001d     mqtt.obj (.const:.string)
                  20018d65    00000001     app_pem4.oem4 (.const:xdc_runtime_Error_policy__C)
                  20018d66    00000002     app_pem4.oem4 (.const:ti_sysbios_family_arm_m3_Hwi_Module__id__C)
                  20018d68    00000018     driverlib.a : spi.obj (.const)
                  20018d80    00000018     app_pem4.oem4 (.const:ti_sysbios_gates_GateHwi_Object__PARAMS__C)
                  20018d98    00000018     app_pem4.oem4 (.const:ti_sysbios_gates_GateMutex_Object__PARAMS__C)
                  20018db0    00000018     app_pem4.oem4 (.const:ti_sysbios_knl_Queue_Object__PARAMS__C)
                  20018dc8    00000018     app_pem4.oem4 (.const:xdc_runtime_Startup_sfxnRts__A)
                  20018de0    00000014     simplelink.a : device.obj (.const)
                  20018df4    00000014                  : driver.obj (.const)
                  20018e08    00000011     ti.targets.arm.rtsarm.aem4 : System.oem4 (.const:.string)
                  20018e19    00000001     --HOLE-- [fill = 0]
                  20018e1a    00000002     app_pem4.oem4 (.const:ti_sysbios_family_arm_m3_Hwi_Module__loggerDefined__C)
                  20018e1c    00000010     driverlib.a : uart.obj (.const)
                  20018e2c    0000000c                 : i2c.obj (.const)
                  20018e38    0000000c     app_pem4.oem4 (.const:xdc_runtime_Startup_firstFxns__A)
                  20018e44    0000000b     main.obj (.const:.string)
                  20018e4f    00000001     --HOLE-- [fill = 0]
                  20018e50    00000008     simplelink.a : netcfg.obj (.const)
                  20018e58    00000008     app_pem4.oem4 (.const:ti_sysbios_family_arm_m3_Hwi_excHookFuncs__A)
                  20018e60    00000008     app_pem4.oem4 (.const:ti_sysbios_knl_Idle_funcList__C)
                  20018e68    00000008     app_pem4.oem4 (.const:xdc_runtime_Startup_firstFxns__C)
                  20018e70    00000008     app_pem4.oem4 (.const:xdc_runtime_Startup_lastFxns__C)
                  20018e78    00000004     app_pem4.oem4 (.const:ti_sysbios_family_arm_m3_Hwi_E_busFault__C)
                  20018e7c    00000004     app_pem4.oem4 (.const:ti_sysbios_family_arm_m3_Hwi_E_debugMon__C)
                  20018e80    00000004     app_pem4.oem4 (.const:ti_sysbios_family_arm_m3_Hwi_E_hardFault__C)
                  20018e84    00000004     app_pem4.oem4 (.const:ti_sysbios_family_arm_m3_Hwi_E_memFault__C)
                  20018e88    00000004     app_pem4.oem4 (.const:ti_sysbios_family_arm_m3_Hwi_E_noIsr__C)
                  20018e8c    00000004     app_pem4.oem4 (.const:ti_sysbios_family_arm_m3_Hwi_E_reserved__C)
                  20018e90    00000004     app_pem4.oem4 (.const:ti_sysbios_family_arm_m3_Hwi_E_svCall__C)
                  20018e94    00000004     app_pem4.oem4 (.const:ti_sysbios_family_arm_m3_Hwi_E_usageFault__C)
                  20018e98    00000004     app_pem4.oem4 (.const:ti_sysbios_family_arm_m3_Hwi_LD_end__C)
                  20018e9c    00000004     app_pem4.oem4 (.const:ti_sysbios_family_arm_m3_Hwi_LM_begin__C)
                  20018ea0    00000004     app_pem4.oem4 (.const:ti_sysbios_family_arm_m3_Hwi_Module__diagsEnabled__C)
                  20018ea4    00000004     app_pem4.oem4 (.const:ti_sysbios_family_arm_m3_Hwi_Module__diagsIncluded__C)
                  20018ea8    00000004     app_pem4.oem4 (.const:ti_sysbios_family_arm_m3_Hwi_Module__diagsMask__C)
                  20018eac    00000004     app_pem4.oem4 (.const:ti_sysbios_family_arm_m3_Hwi_Module__loggerFxn1__C)
                  20018eb0    00000004     app_pem4.oem4 (.const:ti_sysbios_family_arm_m3_Hwi_Module__loggerFxn8__C)
                  20018eb4    00000004     app_pem4.oem4 (.const:ti_sysbios_family_arm_m3_Hwi_Module__loggerObj__C)
                  20018eb8    00000004     app_pem4.oem4 (.const:ti_sysbios_family_arm_m3_Hwi_NUM_INTERRUPTS__C)
                  20018ebc    00000004     app_pem4.oem4 (.const:ti_sysbios_family_arm_m3_Hwi_Object__count__C)
                  20018ec0    00000004     app_pem4.oem4 (.const:ti_sysbios_family_arm_m3_Hwi_ccr__C)
                  20018ec4    00000004     app_pem4.oem4 (.const:ti_sysbios_family_arm_m3_Hwi_excHandlerFunc__C)
                  20018ec8    00000004     app_pem4.oem4 (.const:ti_sysbios_family_arm_m3_Hwi_excHookFuncs__C)
                  20018ecc    00000004     app_pem4.oem4 (.const:ti_sysbios_family_arm_m3_Hwi_nullIsrFunc__C)
                  20018ed0    00000004     app_pem4.oem4 (.const:ti_sysbios_family_arm_m3_Hwi_priGroup__C)
                  20018ed4    00000004     app_pem4.oem4 (.const:ti_sysbios_family_arm_m3_TaskSupport_stackAlignment__C)
                  20018ed8    00000004     app_pem4.oem4 (.const:ti_sysbios_family_arm_m3_Timer_E_cannotSupport__C)
                  20018edc    00000004     app_pem4.oem4 (.const:ti_sysbios_family_arm_m3_Timer_startupNeeded__C)
                  20018ee0    00000004     app_pem4.oem4 (.const:ti_sysbios_gates_GateMutex_A_badContext__C)
                  20018ee4    00000004     app_pem4.oem4 (.const:ti_sysbios_gates_GateMutex_Instance_State_sem__O)
                  20018ee8    00000004     app_pem4.oem4 (.const:ti_sysbios_gates_GateMutex_Module__diagsEnabled__C)
                  20018eec    00000004     app_pem4.oem4 (.const:ti_sysbios_gates_GateMutex_Module__diagsIncluded__C)
                  20018ef0    00000004     app_pem4.oem4 (.const:ti_sysbios_gates_GateMutex_Module__diagsMask__C)
                  20018ef4    00000004     app_pem4.oem4 (.const:ti_sysbios_hal_Hwi_E_stackOverflow__C)
                  20018ef8    00000004     app_pem4.oem4 (.const:ti_sysbios_heaps_HeapMem_A_align__C)
                  20018efc    00000004     app_pem4.oem4 (.const:ti_sysbios_heaps_HeapMem_A_heapSize__C)
                  20018f00    00000004     app_pem4.oem4 (.const:ti_sysbios_heaps_HeapMem_A_invalidFree__C)
                  20018f04    00000004     app_pem4.oem4 (.const:ti_sysbios_heaps_HeapMem_A_zeroBlock__C)
                  20018f08    00000004     app_pem4.oem4 (.const:ti_sysbios_heaps_HeapMem_E_memory__C)
                  20018f0c    00000004     app_pem4.oem4 (.const:ti_sysbios_heaps_HeapMem_Module__diagsEnabled__C)
                  20018f10    00000004     app_pem4.oem4 (.const:ti_sysbios_heaps_HeapMem_Module__diagsIncluded__C)
                  20018f14    00000004     app_pem4.oem4 (.const:ti_sysbios_heaps_HeapMem_Module__diagsMask__C)
                  20018f18    00000004     app_pem4.oem4 (.const:ti_sysbios_heaps_HeapMem_Module__gateObj__C)
                  20018f1c    00000004     app_pem4.oem4 (.const:ti_sysbios_heaps_HeapMem_Object__count__C)
                  20018f20    00000004     app_pem4.oem4 (.const:ti_sysbios_heaps_HeapMem_reqAlign__C)
                  20018f24    00000004     app_pem4.oem4 (.const:ti_sysbios_knl_Clock_LM_begin__C)
                  20018f28    00000004     app_pem4.oem4 (.const:ti_sysbios_knl_Clock_LM_tick__C)
                  20018f2c    00000004     app_pem4.oem4 (.const:ti_sysbios_knl_Clock_LW_delayed__C)
                  20018f30    00000004     app_pem4.oem4 (.const:ti_sysbios_knl_Clock_Module_State_clockQ__O)
                  20018f34    00000004     app_pem4.oem4 (.const:ti_sysbios_knl_Clock_Module__diagsEnabled__C)
                  20018f38    00000004     app_pem4.oem4 (.const:ti_sysbios_knl_Clock_Module__diagsIncluded__C)
                  20018f3c    00000004     app_pem4.oem4 (.const:ti_sysbios_knl_Clock_Module__diagsMask__C)
                  20018f40    00000004     app_pem4.oem4 (.const:ti_sysbios_knl_Clock_Module__loggerFxn1__C)
                  20018f44    00000004     app_pem4.oem4 (.const:ti_sysbios_knl_Clock_Module__loggerFxn2__C)
                  20018f48    00000004     app_pem4.oem4 (.const:ti_sysbios_knl_Clock_Module__loggerObj__C)
                  20018f4c    00000004     app_pem4.oem4 (.const:ti_sysbios_knl_Clock_tickPeriod__C)
                  20018f50    00000004     app_pem4.oem4 (.const:ti_sysbios_knl_Idle_funcList__A)
                  20018f54    00000004     app_pem4.oem4 (.const:ti_sysbios_knl_Mailbox_A_invalidBufSize__C)
                  20018f58    00000004     app_pem4.oem4 (.const:ti_sysbios_knl_Mailbox_Instance_State_dataQue__O)
                  20018f5c    00000004     app_pem4.oem4 (.const:ti_sysbios_knl_Mailbox_Instance_State_dataSem__O)
                  20018f60    00000004     app_pem4.oem4 (.const:ti_sysbios_knl_Mailbox_Instance_State_freeQue__O)
                  20018f64    00000004     app_pem4.oem4 (.const:ti_sysbios_knl_Mailbox_Instance_State_freeSem__O)
                  20018f68    00000004     app_pem4.oem4 (.const:ti_sysbios_knl_Mailbox_Module__diagsEnabled__C)
                  20018f6c    00000004     app_pem4.oem4 (.const:ti_sysbios_knl_Mailbox_Module__diagsIncluded__C)
                  20018f70    00000004     app_pem4.oem4 (.const:ti_sysbios_knl_Mailbox_Module__diagsMask__C)
                  20018f74    00000004     app_pem4.oem4 (.const:ti_sysbios_knl_Mailbox_Object__count__C)
                  20018f78    00000004     app_pem4.oem4 (.const:ti_sysbios_knl_Mailbox_maxTypeAlign__C)
                  20018f7c    00000004     app_pem4.oem4 (.const:ti_sysbios_knl_Semaphore_A_badContext__C)
                  20018f80    00000004     app_pem4.oem4 (.const:ti_sysbios_knl_Semaphore_A_noEvents__C)
                  20018f84    00000004     app_pem4.oem4 (.const:ti_sysbios_knl_Semaphore_A_overflow__C)
                  20018f88    00000004     app_pem4.oem4 (.const:ti_sysbios_knl_Semaphore_A_pendTaskDisabled__C)
                  20018f8c    00000004     app_pem4.oem4 (.const:ti_sysbios_knl_Semaphore_Instance_State_pendQ__O)
                  20018f90    00000004     app_pem4.oem4 (.const:ti_sysbios_knl_Semaphore_LM_pend__C)
                  20018f94    00000004     app_pem4.oem4 (.const:ti_sysbios_knl_Semaphore_LM_post__C)
                  20018f98    00000004     app_pem4.oem4 (.const:ti_sysbios_knl_Semaphore_Module__diagsEnabled__C)
                  20018f9c    00000004     app_pem4.oem4 (.const:ti_sysbios_knl_Semaphore_Module__diagsIncluded__C)
                  20018fa0    00000004     app_pem4.oem4 (.const:ti_sysbios_knl_Semaphore_Module__diagsMask__C)
                  20018fa4    00000004     app_pem4.oem4 (.const:ti_sysbios_knl_Semaphore_Module__loggerFxn2__C)
                  20018fa8    00000004     app_pem4.oem4 (.const:ti_sysbios_knl_Semaphore_Module__loggerFxn4__C)
                  20018fac    00000004     app_pem4.oem4 (.const:ti_sysbios_knl_Semaphore_Module__loggerObj__C)
                  20018fb0    00000004     app_pem4.oem4 (.const:ti_sysbios_knl_Swi_LD_end__C)
                  20018fb4    00000004     app_pem4.oem4 (.const:ti_sysbios_knl_Swi_LM_begin__C)
                  20018fb8    00000004     app_pem4.oem4 (.const:ti_sysbios_knl_Swi_LM_post__C)
                  20018fbc    00000004     app_pem4.oem4 (.const:ti_sysbios_knl_Swi_Module__diagsEnabled__C)
                  20018fc0    00000004     app_pem4.oem4 (.const:ti_sysbios_knl_Swi_Module__diagsIncluded__C)
                  20018fc4    00000004     app_pem4.oem4 (.const:ti_sysbios_knl_Swi_Module__diagsMask__C)
                  20018fc8    00000004     app_pem4.oem4 (.const:ti_sysbios_knl_Swi_Module__loggerFxn1__C)
                  20018fcc    00000004     app_pem4.oem4 (.const:ti_sysbios_knl_Swi_Module__loggerFxn4__C)
                  20018fd0    00000004     app_pem4.oem4 (.const:ti_sysbios_knl_Swi_Module__loggerObj__C)
                  20018fd4    00000004     app_pem4.oem4 (.const:ti_sysbios_knl_Swi_Object__count__C)
                  20018fd8    00000004     app_pem4.oem4 (.const:ti_sysbios_knl_Task_A_badPriority__C)
                  20018fdc    00000004     app_pem4.oem4 (.const:ti_sysbios_knl_Task_A_badTaskState__C)
                  20018fe0    00000004     app_pem4.oem4 (.const:ti_sysbios_knl_Task_A_badThreadType__C)
                  20018fe4    00000004     app_pem4.oem4 (.const:ti_sysbios_knl_Task_A_badTimeout__C)
                  20018fe8    00000004     app_pem4.oem4 (.const:ti_sysbios_knl_Task_A_noPendElem__C)
                  20018fec    00000004     app_pem4.oem4 (.const:ti_sysbios_knl_Task_A_sleepTaskDisabled__C)
                  20018ff0    00000004     app_pem4.oem4 (.const:ti_sysbios_knl_Task_E_spOutOfBounds__C)
                  20018ff4    00000004     app_pem4.oem4 (.const:ti_sysbios_knl_Task_E_stackOverflow__C)
                  20018ff8    00000004     app_pem4.oem4 (.const:ti_sysbios_knl_Task_LD_block__C)
                  20018ffc    00000004     app_pem4.oem4 (.const:ti_sysbios_knl_Task_LD_exit__C)
                  20019000    00000004     app_pem4.oem4 (.const:ti_sysbios_knl_Task_LD_ready__C)
                  20019004    00000004     app_pem4.oem4 (.const:ti_sysbios_knl_Task_LM_sleep__C)
                  20019008    00000004     app_pem4.oem4 (.const:ti_sysbios_knl_Task_LM_switch__C)
                  2001900c    00000004     app_pem4.oem4 (.const:ti_sysbios_knl_Task_Module_State_inactiveQ__O)
                  20019010    00000004     app_pem4.oem4 (.const:ti_sysbios_knl_Task_Module__diagsEnabled__C)
                  20019014    00000004     app_pem4.oem4 (.const:ti_sysbios_knl_Task_Module__diagsIncluded__C)
                  20019018    00000004     app_pem4.oem4 (.const:ti_sysbios_knl_Task_Module__diagsMask__C)
                  2001901c    00000004     app_pem4.oem4 (.const:ti_sysbios_knl_Task_Module__loggerFxn2__C)
                  20019020    00000004     app_pem4.oem4 (.const:ti_sysbios_knl_Task_Module__loggerFxn4__C)
                  20019024    00000004     app_pem4.oem4 (.const:ti_sysbios_knl_Task_Module__loggerObj__C)
                  20019028    00000004     app_pem4.oem4 (.const:ti_sysbios_knl_Task_Object__count__C)
                  2001902c    00000004     app_pem4.oem4 (.const:ti_sysbios_knl_Task_allBlockedFunc__C)
                  20019030    00000004     app_pem4.oem4 (.const:ti_sysbios_knl_Task_defaultStackHeap__C)
                  20019034    00000004     app_pem4.oem4 (.const:ti_sysbios_knl_Task_defaultStackSize__C)
                  20019038    00000004     app_pem4.oem4 (.const:ti_sysbios_knl_Task_numConstructedTasks__C)
                  2001903c    00000004     app_pem4.oem4 (.const:xdc_runtime_Assert_E_assertFailed__C)
                  20019040    00000004     app_pem4.oem4 (.const:xdc_runtime_Core_A_initializedParams__C)
                  20019044    00000004     app_pem4.oem4 (.const:xdc_runtime_Core_Module__diagsEnabled__C)
                  20019048    00000004     app_pem4.oem4 (.const:xdc_runtime_Core_Module__diagsIncluded__C)
                  2001904c    00000004     app_pem4.oem4 (.const:xdc_runtime_Core_Module__diagsMask__C)
                  20019050    00000004     app_pem4.oem4 (.const:xdc_runtime_Error_E_memory__C)
                  20019054    00000004     app_pem4.oem4 (.const:xdc_runtime_Error_Module__diagsEnabled__C)
                  20019058    00000004     app_pem4.oem4 (.const:xdc_runtime_Error_Module__diagsIncluded__C)
                  2001905c    00000004     app_pem4.oem4 (.const:xdc_runtime_Error_Module__diagsMask__C)
                  20019060    00000004     app_pem4.oem4 (.const:xdc_runtime_Error_Module__loggerFxn8__C)
                  20019064    00000004     app_pem4.oem4 (.const:xdc_runtime_Error_Module__loggerObj__C)
                  20019068    00000004     app_pem4.oem4 (.const:xdc_runtime_Error_policyFxn__C)
                  2001906c    00000004     app_pem4.oem4 (.const:xdc_runtime_Error_raiseHook__C)
                  20019070    00000004     app_pem4.oem4 (.const:xdc_runtime_IFilterLogger_Interface__BASE__C)
                  20019074    00000004     app_pem4.oem4 (.const:xdc_runtime_IGateProvider_Interface__BASE__C)
                  20019078    00000004     app_pem4.oem4 (.const:xdc_runtime_IHeap_Interface__BASE__C)
                  2001907c    00000004     app_pem4.oem4 (.const:xdc_runtime_ILogger_Interface__BASE__C)
                  20019080    00000004     app_pem4.oem4 (.const:xdc_runtime_IModule_Interface__BASE__C)
                  20019084    00000004     app_pem4.oem4 (.const:xdc_runtime_Log_L_error__C)
                  20019088    00000004     app_pem4.oem4 (.const:xdc_runtime_LoggerBuf_E_badLevel__C)
                  2001908c    00000004     app_pem4.oem4 (.const:xdc_runtime_LoggerBuf_Module__gateObj__C)
                  20019090    00000004     app_pem4.oem4 (.const:xdc_runtime_LoggerBuf_Object__count__C)
                  20019094    00000004     app_pem4.oem4 (.const:xdc_runtime_LoggerBuf_statusLogger__C)
                  20019098    00000004     app_pem4.oem4 (.const:xdc_runtime_Memory_defaultHeapInstance__C)
                  2001909c    00000004     app_pem4.oem4 (.const:xdc_runtime_Startup_execImpl__C)
                  200190a0    00000004     app_pem4.oem4 (.const:xdc_runtime_Startup_maxPasses__C)
                  200190a4    00000004     app_pem4.oem4 (.const:xdc_runtime_Startup_sfxnRts__C)
                  200190a8    00000004     app_pem4.oem4 (.const:xdc_runtime_Startup_sfxnTab__C)
                  200190ac    00000004     app_pem4.oem4 (.const:xdc_runtime_SysMin_bufSize__C)
                  200190b0    00000004     app_pem4.oem4 (.const:xdc_runtime_SysMin_outputFunc__C)
                  200190b4    00000004     app_pem4.oem4 (.const:xdc_runtime_System_Module__gateObj__C)
                  200190b8    00000004     app_pem4.oem4 (.const:xdc_runtime_System_abortFxn__C)
                  200190bc    00000004     app_pem4.oem4 (.const:xdc_runtime_System_exitFxn__C)
                  200190c0    00000004     app_pem4.oem4 (.const:xdc_runtime_System_extendFxn__C)
                  200190c4    00000004     app_pem4.oem4 (.const:xdc_runtime_System_maxAtexitHandlers__C)
                  200190c8    00000004     app_pem4.oem4 (.const:xdc_runtime_Text_charTab__C)
                  200190cc    00000004     app_pem4.oem4 (.const:xdc_runtime_Text_nameEmpty__C)
                  200190d0    00000004     app_pem4.oem4 (.const:xdc_runtime_Text_nameStatic__C)
                  200190d4    00000004     app_pem4.oem4 (.const:xdc_runtime_Text_nameUnknown__C)
                  200190d8    00000004     app_pem4.oem4 (.const:xdc_runtime_Text_nodeTab__C)
                  200190dc    00000004     app_pem4.oem4 (.const:xdc_runtime_Text_visitRopeFxn__C)
                  200190e0    00000002     app_pem4.oem4 (.const:ti_sysbios_family_arm_m3_Timer_Module__id__C)
                  200190e2    00000002     app_pem4.oem4 (.const:ti_sysbios_family_arm_m3_TimestampProvider_configTimer__C)
                  200190e4    00000002     app_pem4.oem4 (.const:ti_sysbios_gates_GateMutex_Module__id__C)
                  200190e6    00000002     app_pem4.oem4 (.const:ti_sysbios_hal_Hwi_Module__id__C)
                  200190e8    00000002     app_pem4.oem4 (.const:ti_sysbios_heaps_HeapMem_Module__id__C)
                  200190ea    00000002     app_pem4.oem4 (.const:ti_sysbios_knl_Clock_Module__id__C)
                  200190ec    00000002     app_pem4.oem4 (.const:ti_sysbios_knl_Clock_Module__loggerDefined__C)
                  200190ee    00000002     app_pem4.oem4 (.const:ti_sysbios_knl_Mailbox_Module__id__C)
                  200190f0    00000002     app_pem4.oem4 (.const:ti_sysbios_knl_Semaphore_Module__id__C)
                  200190f2    00000002     app_pem4.oem4 (.const:ti_sysbios_knl_Semaphore_Module__loggerDefined__C)
                  200190f4    00000002     app_pem4.oem4 (.const:ti_sysbios_knl_Swi_Module__id__C)
                  200190f6    00000002     app_pem4.oem4 (.const:ti_sysbios_knl_Swi_Module__loggerDefined__C)
                  200190f8    00000002     app_pem4.oem4 (.const:ti_sysbios_knl_Task_Module__id__C)
                  200190fa    00000002     app_pem4.oem4 (.const:ti_sysbios_knl_Task_Module__loggerDefined__C)
                  200190fc    00000002     app_pem4.oem4 (.const:ti_sysbios_knl_Task_initStackFlag__C)
                  200190fe    00000002     app_pem4.oem4 (.const:xdc_runtime_Core_Module__id__C)
                  20019100    00000002     app_pem4.oem4 (.const:xdc_runtime_Error_Module__loggerDefined__C)
                  20019102    00000002     app_pem4.oem4 (.const:xdc_runtime_Error_maxDepth__C)
                  20019104    00000002     app_pem4.oem4 (.const:xdc_runtime_LoggerBuf_Module__id__C)
                  20019106    00000002     app_pem4.oem4 (.const:xdc_runtime_LoggerBuf_filterByLevel__C)
                  20019108    00000002     app_pem4.oem4 (.const:xdc_runtime_Memory_Module__id__C)
                  2001910a    00000002     app_pem4.oem4 (.const:xdc_runtime_SysMin_flushAtExit__C)
                  2001910c    00000002     app_pem4.oem4 (.const:xdc_runtime_Text_charCnt__C)
                  2001910e    00000002     app_pem4.oem4 (.const:xdc_runtime_Text_isLoaded__C)
                  20019110    00000002     app_pem4.oem4 (.const:xdc_runtime_Text_registryModsLastId__C)
                  20019112    00000002     app_pem4.oem4 (.const:xdc_runtime_Text_unnamedModsLastId__C)

.cinit     0    20019118    00000408     
                  20019118    000003de     (.cinit..data.load) [load image, compression = rle]
                  200194f6    00000002     --HOLE-- [fill = 0]
                  200194f8    0000000c     (__TI_handler_table)
                  20019504    00000004     --HOLE-- [fill = 0]
                  20019508    00000008     (.cinit..bss.load) [load image, compression = zero_init]
                  20019510    00000010     (__TI_cinit_table)

.bss       0    2001d000    00009d1e     UNINITIALIZED
                  2001d000    00008000     app_pem4.oem4 (.bss:ti_sysbios_heaps_HeapMem_Instance_State_0_buf__A)
                  20025000    00000800     app_pem4.oem4 (.bss:taskStackSection)
                  20025800    000006d0     mqtt.obj (.bss:appData)
                  20025ed0    00000400     app_pem4.oem4 (.bss:xdc_runtime_LoggerBuf_Instance_State_0_entryArr__A)
                  200262d0    00000400     app_pem4.oem4 (.bss:xdc_runtime_SysMin_Module_State_0_outbuf__A)
                  200266d0    0000030c     app_pem4.oem4 (.bss:ti_sysbios_family_arm_m3_Hwi_dispatchTable)
                  200269dc    00000178     simplelink.a : driver.obj (.bss:g_StatMem)
                  20026b54    00000120     rtsv7M4_T_le_eabi.lib : trgmsg.obj (.bss:__CIOBUF_)
                  20026c74    00000050     simplelink.a : cc_pal.obj (.bss:g_ucDinDout)
                  20026cc4    00000018     (.common:thingName)
                  20026cdc    00000010     (.common:MACAddressHex)
                  20026cec    00000008     (.common:MACAddress)
                  20026cf4    00000008     (.common:parmbuf)
                  20026cfc    00000004     (.common:DMAMsgQ)
                  20026d00    00000004     (.common:SimpleLinkSpawnTaskHndl)
                  20026d04    00000004     (.common:Temperature)
                  20026d08    00000004     (.common:__Errorlog)
                  20026d0c    00000004     (.common:g_cDummy)
                  20026d10    00000004     (.common:semaphore_Connected)
                  20026d14    00000004     (.common:simpleLink_mailbox)
                  20026d18    00000001     (.common:Accel_X)
                  20026d19    00000001     (.common:Accel_Y)
                  20026d1a    00000001     (.common:Accel_Z)
                  20026d1b    00000001     (.common:g_ucLED1Pin)
                  20026d1c    00000001     (.common:g_ucLED2Pin)
                  20026d1d    00000001     (.common:g_ucLED3Pin)

.data      0    20026d20    0000064c     UNINITIALIZED
                  20026d20    00000138     app_pem4.oem4 (.data)
                  20026e58    000000b0     rtsv7M4_T_le_eabi.lib : signal.obj (.data:sigtable)
                  20026f08    00000080                           : xvalues.obj (.data)
                  20026f88    00000080     app_pem4.oem4 (.data:ti_sysbios_knl_Swi_Module_State_0_readyQ__A)
                  20027008    00000080     app_pem4.oem4 (.data:ti_sysbios_knl_Task_Module_State_0_readyQ__A)
                  20027088    00000068     rtsv7M4_T_le_eabi.lib : xfvalues.obj (.data)
                  200270f0    0000004c     app_pem4.oem4 (.data:ti_sysbios_knl_Task_Object__table__V)
                  2002713c    00000045     main.obj (.data)
                  20027181    00000003     --HOLE--
                  20027184    00000044     app_pem4.oem4 (.data:ti_sysbios_knl_Task_Module__state__V)
                  200271c8    00000038     app_pem4.oem4 (.data:ti_sysbios_gates_GateMutex_Object__table__V)
                  20027200    00000034     app_pem4.oem4 (.data:ti_sysbios_family_arm_m3_Hwi_Module__state__V)
                  20027234    00000030     app_pem4.oem4 (.data:ti_sysbios_family_arm_m3_Timer_Object__table__V)
                  20027264    00000030     app_pem4.oem4 (.data:ti_sysbios_knl_Swi_Object__table__V)
                  20027294    0000002c     app_pem4.oem4 (.data:ti_sysbios_knl_Clock_Module__state__V)
                  200272c0    00000024     app_pem4.oem4 (.data:ti_sysbios_BIOS_Module__state__V)
                  200272e4    00000024     app_pem4.oem4 (.data:xdc_runtime_LoggerBuf_Object__table__V)
                  20027308    0000001c     gpio_if.obj (.data)
                  20027324    00000010     simplelink.a : cc_pal.obj (.data)
                  20027334    00000008     device_status.obj (.data)
                  2002733c    00000008     rtsv7M4_T_le_eabi.lib : _lock.obj (.data)
                  20027344    00000008                           : exit.obj (.data)
                  2002734c    00000008                           : feraiseexcept.obj (.data)
                  20027354    00000008     simplelink.a : driver.obj (.data)
                  2002735c    00000005     mqtt.obj (.data)
                  20027361    00000003     --HOLE--
                  20027364    00000004     rtsv7M4_T_le_eabi.lib : errno.obj (.data)
                  20027368    00000004                           : stkdepth_vars.obj (.data)

.stack     0    2002e000    00002000     UNINITIALIZED
                  2002e000    00002000     --HOLE--


LINKER GENERATED COPY TABLES

__TI_cinit_table @ 20019510 records: 2, size/record: 8, table size: 16
	.data: load addr=20019118, load size=000003de bytes, run addr=20026d20, run size=0000064c bytes, compression=rle
	.bss: load addr=20019508, load size=00000008 bytes, run addr=2001d000, run size=00009d1e bytes, compression=zero_init


LINKER GENERATED HANDLER TABLE

__TI_handler_table @ 200194f8 records: 3, size/record: 4, table size: 12
	index: 0, handler: __TI_decompress_rle24
	index: 1, handler: __TI_decompress_none
	index: 2, handler: __TI_zero_init


GLOBAL SYMBOLS: SORTED ALPHABETICALLY BY Name 

address    name
--------   ----
20026d18   Accel_X
20026d19   Accel_Y
20026d1a   Accel_Z
2001130f   BMA222Close
200112f7   BMA222Open
20011313   BMA222Read
2001138f   BMA222ReadNew
200112c1   BlockRead
200153dd   C$$EXIT
20014aab   C$$IO$$
20014c55   CPUbasepriGet
20014c3f   CPUbasepriSet
20014c01   CPUcpsid
20014c1f   CPUcpsie
20014c15   CPUprimask
20014c33   CPUwfi
200110c9   ClearTerm
2000ab7d   ConnectToNetwork
20013631   ConnectionTest
20008e9d   CopyPingResultsToReport
20007cd1   CreateConnection
20026cfc   DMAMsgQ
2000be49   DmaSpiSwIntHandler
200110d3   Error
2000f429   FlashDisable
2000f45f   FlashErase
2000f499   FlashEraseNonBlocking
2000f6d5   FlashIntClear
2000f6a5   FlashIntDisable
2000f691   FlashIntEnable
2000f66d   FlashIntRegister
2000f6b9   FlashIntStatus
2000f681   FlashIntUnregister
2000f4b7   FlashMassErase
2000f4e3   FlashMassEraseNonBlocking
2000f4f3   FlashProgram
2000f575   FlashProgramNonBlocking
2000f5f7   FlashProtectGet
20027152   GET_token_ACC
20027147   GET_token_TEMP
2002715d   GET_token_UIC
2000f0bb   GPIODMATriggerDisable
2000f063   GPIODMATriggerEnable
2000ee6f   GPIODirModeGet
2000ee39   GPIODirModeSet
2000efdf   GPIOIntClear
2000efa3   GPIOIntDisable
2000ef89   GPIOIntEnable
2000eff3   GPIOIntRegister
2000efbd   GPIOIntStatus
2000ef23   GPIOIntTypeGet
2000eea1   GPIOIntTypeSet
2000f011   GPIOIntUnregister
2000f02b   GPIOPinRead
2000f043   GPIOPinWrite
2000e671   GPIO_IF_ConfigureNIntEnable
2000e6ed   GPIO_IF_Get
2000e62b   GPIO_IF_GetPortNPin
2000e3ed   GPIO_IF_LedConfigure
2000e4df   GPIO_IF_LedOff
2000e42b   GPIO_IF_LedOn
2000e593   GPIO_IF_LedStatus
2000e5fd   GPIO_IF_LedToggle
2000e6b3   GPIO_IF_Set
2001110b   GetCmd
20007d49   GetHostIP
2001125d   GetRegisterValue
2000c90d   GetStartResponseConvert
2000fc99   HOSTclock
2000fc61   HOSTclose
2000fc23   HOSTgetenv
2000fbc7   HOSTlseek
2000fb75   HOSTopen
2000fb29   HOSTread
2000facb   HOSTrename
2000fa91   HOSTtime
2000fa59   HOSTunlink
2000fa0d   HOSTwrite
2000c1f5   HostIntHanlder
2000bcc5   I2CFIFODataGet
2000bcdf   I2CFIFODataGetNonBlocking
2000bc7b   I2CFIFODataPut
2000bc9d   I2CFIFODataPutNonBlocking
2000bc6b   I2CFIFOStatus
2000b86d   I2CIntRegister
2000b88b   I2CIntUnregister
2000bd1b   I2CMasterBurstCountGet
2000bd05   I2CMasterBurstLengthSet
2000bac3   I2CMasterBusBusy
2000baab   I2CMasterBusy
2000badb   I2CMasterControl
2000bb2f   I2CMasterDataGet
2000bb19   I2CMasterDataPut
2000b839   I2CMasterDisable
2000b805   I2CMasterEnable
2000baed   I2CMasterErr
2000bd29   I2CMasterGlitchFilterConfigSet
2000b73b   I2CMasterInitExpClk
2000ba25   I2CMasterIntClear
2000ba3b   I2CMasterIntClearEx
2000b8ff   I2CMasterIntDisable
2000b90f   I2CMasterIntDisableEx
2000b8a5   I2CMasterIntEnable
2000b8b5   I2CMasterIntEnableEx
2000b959   I2CMasterIntStatus
2000b993   I2CMasterIntStatusEx
2000ba9d   I2CMasterLineStateGet
2000ba7b   I2CMasterSlaveAddrSet
2000bb3d   I2CMasterTimeoutSet
2000bc2b   I2CRxFIFOConfigSet
2000bc53   I2CRxFIFOFlush
2000bb4f   I2CSlaveACKOverride
2000bb81   I2CSlaveACKValueSet
2000b7c7   I2CSlaveAddressSet
2000bbdb   I2CSlaveDataGet
2000bbc3   I2CSlaveDataPut
2000b84f   I2CSlaveDisable
2000b81b   I2CSlaveEnable
2000bd59   I2CSlaveFIFODisable
2000bd41   I2CSlaveFIFOEnable
2000b7ad   I2CSlaveInit
2000ba55   I2CSlaveIntClear
2000ba67   I2CSlaveIntClearEx
2000b927   I2CSlaveIntDisable
2000b93f   I2CSlaveIntDisableEx
2000b8cd   I2CSlaveIntEnable
2000b8e5   I2CSlaveIntEnableEx
2000b9b9   I2CSlaveIntStatus
2000b9fd   I2CSlaveIntStatusEx
2000bbb3   I2CSlaveStatus
2000bbeb   I2CTxFIFOConfigSet
2000bc13   I2CTxFIFOFlush
2000ff59   I2C_IF_Close
2000ff11   I2C_IF_Open
2000fe0b   I2C_IF_Read
2000fec7   I2C_IF_ReadFrom
2000fd55   I2C_IF_Write
20011089   InitTerm
2000e901   IntDisable
2000e867   IntEnable
2000e751   IntMasterDisable
2000e747   IntMasterEnable
2000ea29   IntPendClear
2000e99b   IntPendSet
2000e843   IntPriorityGet
2000e7bb   IntPriorityGroupingGet
2000e7a1   IntPriorityGroupingSet
2000ea8d   IntPriorityMaskGet
2000ea81   IntPriorityMaskSet
2000e7f3   IntPrioritySet
2000e76b   IntRegister
2000e787   IntUnregister
2000e75b   IntVTableBaseSet
20016a67   LoggerBuf_instanceStartup
20026cec   MACAddress
20026cdc   MACAddressHex
20027360   MACAddressLen
200110a7   Message
2000c23b   NwpMaskInterrupt
2000c301   NwpPowerOff
2000c2d1   NwpPowerOn
2000c261   NwpPowerOnPreamble
2000c209   NwpRegisterInterruptHandler
2000c249   NwpUnMaskInterrupt
2002713c   POST_token
2000a619   PRCMCC3200MCUInit
2000a051   PRCMDeepSleepEnter
2000a21b   PRCMHibernateEnter
2000a155   PRCMHibernateIntervalSet
2000a1c9   PRCMHibernateWakeUpGPIOSelect
2000a139   PRCMHibernateWakeupCauseGet
2000a113   PRCMHibernateWakeupSourceDisable
2000a0ed   PRCMHibernateWakeupSourceEnable
20009f37   PRCMI2SClockFreqSet
2000a35d   PRCMIntDisable
2000a329   PRCMIntEnable
2000a301   PRCMIntRegister
2000a381   PRCMIntStatus
2000a315   PRCMIntUnregister
20009f9f   PRCMLPDSEnter
2000a00b   PRCMLPDSIntervalSet
20009f87   PRCMLPDSRestoreInfoSet
2000a02d   PRCMLPDSWakeUpGPIOSelect
2000a005   PRCMLPDSWakeupCauseGet
20009ff1   PRCMLPDSWakeupSourceDisable
20009fcf   PRCMLPDSWakeupSourceEnable
20009db1   PRCMMCUReset
2000a2e7   PRCMOCRRegisterRead
2000a2cd   PRCMOCRRegisterWrite
20009e21   PRCMPeripheralClkDisable
20009df5   PRCMPeripheralClkEnable
20009e41   PRCMPeripheralClockGet
20009ebf   PRCMPeripheralReset
20009f0d   PRCMPeripheralStatusGet
2000a449   PRCMRTCGet
2000a399   PRCMRTCInUseGet
2000a387   PRCMRTCInUseSet
2000a57d   PRCMRTCMatchGet
2000a4e1   PRCMRTCMatchSet
2000a3b9   PRCMRTCSet
20009da5   PRCMSOCReset
2000a0b9   PRCMSRAMRetentionDisable
2000a081   PRCMSRAMRetentionEnable
2000a049   PRCMSleepEnter
2000a22b   PRCMSlowClkCtrGet
2000a28d   PRCMSlowClkCtrMatchGet
2000a265   PRCMSlowClkCtrMatchSet
20009dd1   PRCMSysResetCauseGet
20010031   PinConfigGet
2001006f   PinConfigSet
20010007   PinDirModeGet
2000ffd3   PinDirModeSet
2000ffa9   PinModeGet
2000ff71   PinModeSet
20014589   PinMuxConfig
200101b9   PinTypeADC
2001016f   PinTypeCamera
20010189   PinTypeGPIO
20010105   PinTypeI2C
2001013b   PinTypeI2S
200101cd   PinTypeSDHost
20010121   PinTypeSPI
20010155   PinTypeTimer
200100eb   PinTypeUART
2000a885   ReadAccSensor
2001119d   Report
UNDEFED    SHT$$INIT_ARRAY$$Base
UNDEFED    SHT$$INIT_ARRAY$$Limit
20007be9   SL_FD_CLR
20007c0d   SL_FD_ISSET
20007bcb   SL_FD_SET
20007c31   SL_FD_ZERO
2000b639   SPICSDisable
2000b621   SPICSEnable
2000b2b1   SPIConfigSetExpClk
2000b37f   SPIDataGet
2000b355   SPIDataGetNonBlocking
2000b3c7   SPIDataPut
2000b39f   SPIDataPutNonBlocking
2000b243   SPIDisable
2000b275   SPIDmaDisable
2000b25b   SPIDmaEnable
2000b22b   SPIEnable
2000b3ff   SPIFIFODisable
2000b3e5   SPIFIFOEnable
2000b44d   SPIFIFOLevelGet
2000b419   SPIFIFOLevelSet
2000b5e3   SPIIntClear
2000b52b   SPIIntDisable
2000b4e7   SPIIntEnable
2000b4a9   SPIIntRegister
2000b575   SPIIntStatus
2000b4cd   SPIIntUnregister
2000b28f   SPIReset
2000b651   SPITransfer
2000b481   SPIWordCountSet
20011287   SetRegisterValue
2000be67   SetupDMAReceive
2000bee1   SetupDMASend
2000a961   SimpleLinkHttpServerCallback
2000a797   SimpleLinkNetAppEventHandler
20013619   SimpleLinkPingReport
2000a7d1   SimpleLinkSockEventHandler
20026d00   SimpleLinkSpawnTaskHndl
2000a731   SimpleLinkWlanEventHandler
20015831   SmartConfigConnect
20015863   SmartConfigStop
2000e277   TMP006DrvGetTemp
2000e031   TMP006DrvOpen
200270f0   TSK_idle
20026d04   Temperature
2000da9d   UARTBreakCtl
2000dac7   UARTBusy
2000da45   UARTCharGet
2000da29   UARTCharGetNonBlocking
2000da7f   UARTCharPut
2000da5b   UARTCharPutNonBlocking
2000d9ef   UARTCharsAvail
2000d861   UARTConfigGetExpClk
2000d7eb   UARTConfigSetExpClk
2000db8f   UARTDMADisable
2000db77   UARTDMAEnable
2000d8d1   UARTDisable
2000d8ad   UARTEnable
2000d911   UARTFIFODisable
2000d8fb   UARTFIFOEnable
2000d7c3   UARTFIFOLevelGet
2000d7ab   UARTFIFOLevelSet
2000d9af   UARTFlowControlGet
2000d993   UARTFlowControlSet
2000db65   UARTIntClear
2000db2f   UARTIntDisable
2000db17   UARTIntEnable
2000dadf   UARTIntRegister
2000db47   UARTIntStatus
2000dafd   UARTIntUnregister
2000d94b   UARTModemControlClear
2000d96f   UARTModemControlGet
2000d927   UARTModemControlSet
2000d981   UARTModemStatusGet
2000d799   UARTParityModeGet
2000d77d   UARTParityModeSet
2000dbbd   UARTRxErrorClear
2000dba7   UARTRxErrorGet
2000da07   UARTSpaceAvail
2000d9dd   UARTTxIntModeGet
2000d9c1   UARTTxIntModeSet
20016a31   UtilsDelay
2000c73d   VDeleteSimpleLinkSpawnTask
2000c6e5   VStartSimpleLinkSpawnTask
20016943   _Dclass
20026f08   _Denorm
20013251   _Dint
20013315   _Dnorm
2001280d   _Dscale
20015421   _Dtest
200148f3   _Dunscale
[...]
20016991   ti_sysbios_gates_GateHwi_enter__E
2001699d   ti_sysbios_knl_Queue_Object__get__S
200169a9   ti_sysbios_knl_Semaphore_Params__init__S
200169b5   ti_sysbios_knl_Task_Params__init__S
200169c1   xdc_runtime_Error_init__E
200169cd   xdc_runtime_Gate_enterSystem__E
200169d9   xdc_runtime_Memory_calloc__E
200169e5   xdc_runtime_Memory_getMaxDefaultTypeAlign__E
20016a05   xdc_runtime_LoggerBuf_disable__E
20016a0f   xdc_runtime_LoggerBuf_enable__E
20016a19   ti_sysbios_family_arm_m3_Hwi_doSwiRestore__I
20016a21   ti_sysbios_family_arm_m3_Hwi_startup__E
20016a21   ti_sysbios_hal_Hwi_HwiProxy_startup__E
20016a21   ti_sysbios_hal_Hwi_startup__E
20016a29   ti_sysbios_knl_Idle_loop__E
20016a31   UtilsDelay
20016a37   __xdc__init
20016a3d   __TI_decompress_rle24
20016a43   log
20016a49   ti_sysbios_family_arm_m3_Hwi_restoreFxn__E
20016a49   ti_sysbios_hal_Hwi_HwiProxy_restore__E
20016a49   ti_sysbios_hal_Hwi_restore__E
20016a4f   ti_sysbios_gates_GateHwi_leave__E
20016a55   ti_sysbios_heaps_HeapMem_isBlocking__E
20016a5b   ti_sysbios_knl_Queue_Instance_init__E
20016a61   xdc_runtime_System_Module_startup__E
20016a67   LoggerBuf_instanceStartup
20016a6b   ti_sysbios_BIOS_RtsGateProxy_enter__E
20016a6f   ti_sysbios_BIOS_RtsGateProxy_leave__E
20016a73   ti_sysbios_family_arm_m3_Hwi_delete
20016a77   ti_sysbios_family_arm_m3_TaskSupport_Module__startupDone__S
20016a7b   ti_sysbios_family_arm_m3_Timer_getMaxTicks__E
20016a7f   ti_sysbios_gates_GateHwi_query__E
20016a7f   xdc_runtime_LoggerBuf_Module_GateProxy_query__E
20016a7f   xdc_runtime_Main_Module_GateProxy_query__E
20016a7f   xdc_runtime_System_Module_GateProxy_query__E
20016a83   ti_sysbios_BIOS_RtsGateProxy_query__E
20016a83   ti_sysbios_gates_GateMutex_query__E
20016a83   ti_sysbios_heaps_HeapMem_Module_GateProxy_query__E
20016a87   ti_sysbios_hal_Hwi_HwiProxy_Module__startupDone__S
20016a8b   ti_sysbios_hal_Timer_TimerProxy_Module__startupDone__S
20016a8f   ti_sysbios_heaps_HeapMem_Module_GateProxy_enter__E
20016a93   ti_sysbios_heaps_HeapMem_Module_GateProxy_leave__E
20016a97   ti_sysbios_knl_Clock_TimerProxy_Module__startupDone__S
20016a9b   ti_sysbios_knl_Clock_TimerProxy_getMaxTicks__E
20016a9f   ti_sysbios_knl_Mailbox_delete
20016aa3   ti_sysbios_knl_Queue_destruct
20016aa7   ti_sysbios_knl_Semaphore_delete
20016aab   ti_sysbios_knl_Semaphore_destruct
20016aaf   ti_sysbios_knl_Task_SupportProxy_Module__startupDone__S
20016ab3   ti_sysbios_knl_Task_delete
20016ab7   ti_sysbios_knl_Task_startup__E
20016abb   xdc_runtime_Error_getSite__E
20016abf   xdc_runtime_LoggerBuf_Module_GateProxy_enter__E
20016ac3   xdc_runtime_LoggerBuf_Module_GateProxy_leave__E
20016ac7   xdc_runtime_Memory_HeapProxy_alloc__E
20016acb   xdc_runtime_Memory_HeapProxy_free__E
20016acf   xdc_runtime_System_Module_GateProxy_enter__E
20016ad3   xdc_runtime_System_Module_GateProxy_leave__E
20016ad7   xdc_runtime_System_aprintf_va__F
20016adb   xdc_runtime_System_printf_va__F
20016ae0   xdc_runtime_Text_charTab__A
2001826e   _ctypes_
20018544   xdc_runtime_Text_nodeTab__A
20018814   ti_sysbios_family_arm_m3_Hwi_E_NMI__C
200188e0   _SlPolicySetCmdCtrl
200188e4   _SlPolicyGetCmdCtrl
200188e8   _SlProfileGetCmdCtrl
200188ec   _SlProfileDelCmdCtrl
200188f0   _SlWlanGetNetworkListCtrl
200188f4   _SlRxFilterAddtCmdCtrl
200188f8   _SlRxFilterSetCmdCtrl
200188fc   _SlRxFilterGetCmdCtrl
20018900   _SlSmartConfigStartCmdCtrl
20018904   _SlWlanSetModeCmdCtrl
20018908   _SlWlanCfgSetCmdCtrl
2001890c   _SlWlanCfgGetCmdCtrl
2001891c   ti_sysbios_knl_Task_Object__PARAMS__C
20018958   xdc_runtime_LoggerBuf_Module__FXNS__C
20018994   _SlActionLookupTable
200189cc   ti_sysbios_family_arm_m3_Hwi_E_alreadyDefined__C
20018a08   _SlSockSocketCmdCtrl
20018a0c   _SlSockCloseCmdCtrl
20018a10   _SlRecvfomCmdCtrl
20018a14   _SlSendCmdCtrl
20018a18   _SlListenCmdCtrl
20018a1c   _SlAcceptCmdCtrl
20018a20   _SlRecvCmdCtrl
20018a24   _SlSetSockOptCmdCtrl
20018a28   _SlGetSockOptCmdCtrl
20018a2c   _SlSelectCmdCtrl
20018a3c   ti_sysbios_knl_Mailbox_Object__PARAMS__C
20018aa0   ti_sysbios_family_arm_m3_Hwi_Object__PARAMS__C
20018ad0   xdc_runtime_Startup_sfxnTab__A
20018b00   _SlNetAppStartCtrl
20018b04   _SlNetAppStopCtrl
20018b08   _SlGetServiceListeCtrl
20018b0c   _SlRegisterServiceCtrl
20018b10   _SlGetHostByServiceCtrl
20018b14   _SlGetHostByNameCtrl
20018b18   _SlNetAppSetCmdCtrl
20018b1c   _SlNetAppSendTokenValueCmdCtrl
20018b20   _SlNetAppGetCmdCtrl
20018b28   ti_sysbios_heaps_HeapMem_Module__FXNS__C
20018b74   ti_sysbios_gates_GateHwi_Module__FXNS__C
20018b98   ti_sysbios_gates_GateMutex_Module__FXNS__C
20018bbc   ti_sysbios_heaps_HeapMem_Object__PARAMS__C
20018be0   ti_sysbios_knl_Semaphore_Object__PARAMS__C
20018c04   xdc_runtime_LoggerBuf_Object__PARAMS__C
20018c28   ti_sysbios_family_arm_m3_Hwi_Object__DESC__C
20018c48   ti_sysbios_gates_GateHwi_Object__DESC__C
20018c68   ti_sysbios_gates_GateMutex_Object__DESC__C
20018c88   ti_sysbios_heaps_HeapMem_Object__DESC__C
20018ca8   ti_sysbios_knl_Mailbox_Object__DESC__C
20018cc8   ti_sysbios_knl_Queue_Object__DESC__C
20018ce8   ti_sysbios_knl_Semaphore_Object__DESC__C
20018d08   ti_sysbios_knl_Task_Object__DESC__C
20018d28   xdc_runtime_LoggerBuf_Object__DESC__C
20018d65   xdc_runtime_Error_policy__C
20018d66   ti_sysbios_family_arm_m3_Hwi_Module__id__C
20018d80   ti_sysbios_gates_GateHwi_Object__PARAMS__C
20018d98   ti_sysbios_gates_GateMutex_Object__PARAMS__C
20018db0   ti_sysbios_knl_Queue_Object__PARAMS__C
20018dc8   xdc_runtime_Startup_sfxnRts__A
20018de0   _SlStopCmdCtrl
20018de4   _SlEventMaskSetCmdCtrl
20018de8   _SlEventMaskGetCmdCtrl
20018dec   _SlDeviceGetCmdCtrl
20018df0   _SlDeviceSetCmdCtrl
20018df4   g_H2NSyncPattern
20018dfc   g_H2NCnysPattern
20018e1a   ti_sysbios_family_arm_m3_Hwi_Module__loggerDefined__C
20018e38   xdc_runtime_Startup_firstFxns__A
20018e44   pcDigits
20018e50   _SlNetCfgSetCmdCtrl
20018e54   _SlNetCfgGetCmdCtrl
20018e58   ti_sysbios_family_arm_m3_Hwi_excHookFuncs__A
20018e60   ti_sysbios_knl_Idle_funcList__C
20018e68   xdc_runtime_Startup_firstFxns__C
20018e70   xdc_runtime_Startup_lastFxns__C
20018e78   ti_sysbios_family_arm_m3_Hwi_E_busFault__C
20018e7c   ti_sysbios_family_arm_m3_Hwi_E_debugMon__C
20018e80   ti_sysbios_family_arm_m3_Hwi_E_hardFault__C
20018e84   ti_sysbios_family_arm_m3_Hwi_E_memFault__C
20018e88   ti_sysbios_family_arm_m3_Hwi_E_noIsr__C
20018e8c   ti_sysbios_family_arm_m3_Hwi_E_reserved__C
20018e90   ti_sysbios_family_arm_m3_Hwi_E_svCall__C
20018e94   ti_sysbios_family_arm_m3_Hwi_E_usageFault__C
20018e98   ti_sysbios_family_arm_m3_Hwi_LD_end__C
20018e9c   ti_sysbios_family_arm_m3_Hwi_LM_begin__C
20018ea0   ti_sysbios_family_arm_m3_Hwi_Module__diagsEnabled__C
20018ea4   ti_sysbios_family_arm_m3_Hwi_Module__diagsIncluded__C
20018ea8   ti_sysbios_family_arm_m3_Hwi_Module__diagsMask__C
20018eac   ti_sysbios_family_arm_m3_Hwi_Module__loggerFxn1__C
20018eb0   ti_sysbios_family_arm_m3_Hwi_Module__loggerFxn8__C
20018eb4   ti_sysbios_family_arm_m3_Hwi_Module__loggerObj__C
20018eb8   ti_sysbios_family_arm_m3_Hwi_NUM_INTERRUPTS__C
20018ebc   ti_sysbios_family_arm_m3_Hwi_Object__count__C
20018ec0   ti_sysbios_family_arm_m3_Hwi_ccr__C
20018ec4   ti_sysbios_family_arm_m3_Hwi_excHandlerFunc__C
20018ec8   ti_sysbios_family_arm_m3_Hwi_excHookFuncs__C
20018ecc   ti_sysbios_family_arm_m3_Hwi_nullIsrFunc__C
20018ed0   ti_sysbios_family_arm_m3_Hwi_priGroup__C
20018ed4   ti_sysbios_family_arm_m3_TaskSupport_stackAlignment__C
20018ed8   ti_sysbios_family_arm_m3_Timer_E_cannotSupport__C
20018edc   ti_sysbios_family_arm_m3_Timer_startupNeeded__C
20018ee0   ti_sysbios_gates_GateMutex_A_badContext__C
20018ee4   ti_sysbios_gates_GateMutex_Instance_State_sem__O
20018ee8   ti_sysbios_gates_GateMutex_Module__diagsEnabled__C
20018eec   ti_sysbios_gates_GateMutex_Module__diagsIncluded__C
20018ef0   ti_sysbios_gates_GateMutex_Module__diagsMask__C
20018ef4   ti_sysbios_hal_Hwi_E_stackOverflow__C
20018ef8   ti_sysbios_heaps_HeapMem_A_align__C
20018efc   ti_sysbios_heaps_HeapMem_A_heapSize__C
20018f00   ti_sysbios_heaps_HeapMem_A_invalidFree__C
20018f04   ti_sysbios_heaps_HeapMem_A_zeroBlock__C
20018f08   ti_sysbios_heaps_HeapMem_E_memory__C
20018f0c   ti_sysbios_heaps_HeapMem_Module__diagsEnabled__C
20018f10   ti_sysbios_heaps_HeapMem_Module__diagsIncluded__C
20018f14   ti_sysbios_heaps_HeapMem_Module__diagsMask__C
20018f18   ti_sysbios_heaps_HeapMem_Module__gateObj__C
20018f1c   ti_sysbios_heaps_HeapMem_Object__count__C
20018f20   ti_sysbios_heaps_HeapMem_reqAlign__C
20018f24   ti_sysbios_knl_Clock_LM_begin__C
20018f28   ti_sysbios_knl_Clock_LM_tick__C
20018f2c   ti_sysbios_knl_Clock_LW_delayed__C
20018f30   ti_sysbios_knl_Clock_Module_State_clockQ__O
20018f34   ti_sysbios_knl_Clock_Module__diagsEnabled__C
20018f38   ti_sysbios_knl_Clock_Module__diagsIncluded__C
20018f3c   ti_sysbios_knl_Clock_Module__diagsMask__C
20018f40   ti_sysbios_knl_Clock_Module__loggerFxn1__C
20018f44   ti_sysbios_knl_Clock_Module__loggerFxn2__C
20018f48   ti_sysbios_knl_Clock_Module__loggerObj__C
20018f4c   ti_sysbios_knl_Clock_tickPeriod__C
20018f50   ti_sysbios_knl_Idle_funcList__A
20018f54   ti_sysbios_knl_Mailbox_A_invalidBufSize__C
20018f58   ti_sysbios_knl_Mailbox_Instance_State_dataQue__O
20018f5c   ti_sysbios_knl_Mailbox_Instance_State_dataSem__O
20018f60   ti_sysbios_knl_Mailbox_Instance_State_freeQue__O
20018f64   ti_sysbios_knl_Mailbox_Instance_State_freeSem__O
20018f68   ti_sysbios_knl_Mailbox_Module__diagsEnabled__C
20018f6c   ti_sysbios_knl_Mailbox_Module__diagsIncluded__C
20018f70   ti_sysbios_knl_Mailbox_Module__diagsMask__C
20018f74   ti_sysbios_knl_Mailbox_Object__count__C
20018f78   ti_sysbios_knl_Mailbox_maxTypeAlign__C
20018f7c   ti_sysbios_knl_Semaphore_A_badContext__C
20018f80   ti_sysbios_knl_Semaphore_A_noEvents__C
20018f84   ti_sysbios_knl_Semaphore_A_overflow__C
20018f88   ti_sysbios_knl_Semaphore_A_pendTaskDisabled__C
20018f8c   ti_sysbios_knl_Semaphore_Instance_State_pendQ__O
20018f90   ti_sysbios_knl_Semaphore_LM_pend__C
20018f94   ti_sysbios_knl_Semaphore_LM_post__C
20018f98   ti_sysbios_knl_Semaphore_Module__diagsEnabled__C
20018f9c   ti_sysbios_knl_Semaphore_Module__diagsIncluded__C
20018fa0   ti_sysbios_knl_Semaphore_Module__diagsMask__C
20018fa4   ti_sysbios_knl_Semaphore_Module__loggerFxn2__C
20018fa8   ti_sysbios_knl_Semaphore_Module__loggerFxn4__C
20018fac   ti_sysbios_knl_Semaphore_Module__loggerObj__C
20018fb0   ti_sysbios_knl_Swi_LD_end__C
20018fb4   ti_sysbios_knl_Swi_LM_begin__C
20018fb8   ti_sysbios_knl_Swi_LM_post__C
20018fbc   ti_sysbios_knl_Swi_Module__diagsEnabled__C
20018fc0   ti_sysbios_knl_Swi_Module__diagsIncluded__C
20018fc4   ti_sysbios_knl_Swi_Module__diagsMask__C
20018fc8   ti_sysbios_knl_Swi_Module__loggerFxn1__C
20018fcc   ti_sysbios_knl_Swi_Module__loggerFxn4__C
20018fd0   ti_sysbios_knl_Swi_Module__loggerObj__C
20018fd4   ti_sysbios_knl_Swi_Object__count__C
20018fd8   ti_sysbios_knl_Task_A_badPriority__C
20018fdc   ti_sysbios_knl_Task_A_badTaskState__C
20018fe0   ti_sysbios_knl_Task_A_badThreadType__C
20018fe4   ti_sysbios_knl_Task_A_badTimeout__C
20018fe8   ti_sysbios_knl_Task_A_noPendElem__C
20018fec   ti_sysbios_knl_Task_A_sleepTaskDisabled__C
20018ff0   ti_sysbios_knl_Task_E_spOutOfBounds__C
20018ff4   ti_sysbios_knl_Task_E_stackOverflow__C
20018ff8   ti_sysbios_knl_Task_LD_block__C
20018ffc   ti_sysbios_knl_Task_LD_exit__C
20019000   ti_sysbios_knl_Task_LD_ready__C
20019004   ti_sysbios_knl_Task_LM_sleep__C
20019008   ti_sysbios_knl_Task_LM_switch__C
2001900c   ti_sysbios_knl_Task_Module_State_inactiveQ__O
20019010   ti_sysbios_knl_Task_Module__diagsEnabled__C
20019014   ti_sysbios_knl_Task_Module__diagsIncluded__C
20019018   ti_sysbios_knl_Task_Module__diagsMask__C
2001901c   ti_sysbios_knl_Task_Module__loggerFxn2__C
20019020   ti_sysbios_knl_Task_Module__loggerFxn4__C
20019024   ti_sysbios_knl_Task_Module__loggerObj__C
20019028   ti_sysbios_knl_Task_Object__count__C
2001902c   ti_sysbios_knl_Task_allBlockedFunc__C
20019030   ti_sysbios_knl_Task_defaultStackHeap__C
20019034   ti_sysbios_knl_Task_defaultStackSize__C
20019038   ti_sysbios_knl_Task_numConstructedTasks__C
2001903c   xdc_runtime_Assert_E_assertFailed__C
20019040   xdc_runtime_Core_A_initializedParams__C
20019044   xdc_runtime_Core_Module__diagsEnabled__C
20019048   xdc_runtime_Core_Module__diagsIncluded__C
2001904c   xdc_runtime_Core_Module__diagsMask__C
20019050   xdc_runtime_Error_E_memory__C
20019054   xdc_runtime_Error_Module__diagsEnabled__C
20019058   xdc_runtime_Error_Module__diagsIncluded__C
2001905c   xdc_runtime_Error_Module__diagsMask__C
20019060   xdc_runtime_Error_Module__loggerFxn8__C
20019064   xdc_runtime_Error_Module__loggerObj__C
20019068   xdc_runtime_Error_policyFxn__C
2001906c   xdc_runtime_Error_raiseHook__C
20019070   xdc_runtime_IFilterLogger_Interface__BASE__C
20019074   xdc_runtime_IGateProvider_Interface__BASE__C
20019078   xdc_runtime_IHeap_Interface__BASE__C
2001907c   xdc_runtime_ILogger_Interface__BASE__C
20019080   xdc_runtime_IModule_Interface__BASE__C
20019084   xdc_runtime_Log_L_error__C
20019088   xdc_runtime_LoggerBuf_E_badLevel__C
2001908c   xdc_runtime_LoggerBuf_Module__gateObj__C
20019090   xdc_runtime_LoggerBuf_Object__count__C
20019094   xdc_runtime_LoggerBuf_statusLogger__C
20019098   xdc_runtime_Memory_defaultHeapInstance__C
2001909c   xdc_runtime_Startup_execImpl__C
200190a0   xdc_runtime_Startup_maxPasses__C
200190a4   xdc_runtime_Startup_sfxnRts__C
200190a8   xdc_runtime_Startup_sfxnTab__C
200190ac   xdc_runtime_SysMin_bufSize__C
200190b0   xdc_runtime_SysMin_outputFunc__C
200190b4   xdc_runtime_System_Module__gateObj__C
200190b8   xdc_runtime_System_abortFxn__C
200190bc   xdc_runtime_System_exitFxn__C
200190c0   xdc_runtime_System_extendFxn__C
200190c4   xdc_runtime_System_maxAtexitHandlers__C
200190c8   xdc_runtime_Text_charTab__C
200190cc   xdc_runtime_Text_nameEmpty__C
200190d0   xdc_runtime_Text_nameStatic__C
200190d4   xdc_runtime_Text_nameUnknown__C
200190d8   xdc_runtime_Text_nodeTab__C
200190dc   xdc_runtime_Text_visitRopeFxn__C
200190e0   ti_sysbios_family_arm_m3_Timer_Module__id__C
200190e2   ti_sysbios_family_arm_m3_TimestampProvider_configTimer__C
200190e4   ti_sysbios_gates_GateMutex_Module__id__C
200190e6   ti_sysbios_hal_Hwi_Module__id__C
200190e8   ti_sysbios_heaps_HeapMem_Module__id__C
200190ea   ti_sysbios_knl_Clock_Module__id__C
200190ec   ti_sysbios_knl_Clock_Module__loggerDefined__C
200190ee   ti_sysbios_knl_Mailbox_Module__id__C
200190f0   ti_sysbios_knl_Semaphore_Module__id__C
200190f2   ti_sysbios_knl_Semaphore_Module__loggerDefined__C
200190f4   ti_sysbios_knl_Swi_Module__id__C
200190f6   ti_sysbios_knl_Swi_Module__loggerDefined__C
200190f8   ti_sysbios_knl_Task_Module__id__C
200190fa   ti_sysbios_knl_Task_Module__loggerDefined__C
200190fc   ti_sysbios_knl_Task_initStackFlag__C
200190fe   xdc_runtime_Core_Module__id__C
20019100   xdc_runtime_Error_Module__loggerDefined__C
20019102   xdc_runtime_Error_maxDepth__C
20019104   xdc_runtime_LoggerBuf_Module__id__C
20019106   xdc_runtime_LoggerBuf_filterByLevel__C
20019108   xdc_runtime_Memory_Module__id__C
2001910a   xdc_runtime_SysMin_flushAtExit__C
2001910c   xdc_runtime_Text_charCnt__C
2001910e   xdc_runtime_Text_isLoaded__C
20019110   xdc_runtime_Text_registryModsLastId__C
20019112   xdc_runtime_Text_unnamedModsLastId__C
20019118   __TI_static_base__
200194f8   __TI_Handler_Table_Base
20019504   __TI_Handler_Table_Limit
20019510   __TI_CINIT_Base
20019520   __TI_CINIT_Limit
2001d000   ti_sysbios_heaps_HeapMem_Instance_State_0_buf__A
20025000   ti_sysbios_knl_Task_Instance_State_0_stack__A
20025800   appData
20025ed0   xdc_runtime_LoggerBuf_Instance_State_0_entryArr__A
200262d0   xdc_runtime_SysMin_Module_State_0_outbuf__A
200266d0   ti_sysbios_family_arm_m3_Hwi_dispatchTable
200269dc   g_StatMem
20026b54   __CIOBUF_
20026c74   g_ucDinDout
20026cc4   thingName
20026cdc   MACAddressHex
20026cec   MACAddress
20026cfc   DMAMsgQ
20026d00   SimpleLinkSpawnTaskHndl
20026d04   Temperature
20026d0c   g_cDummy
20026d10   semaphore_Connected
20026d14   simpleLink_mailbox
20026d18   Accel_X
20026d19   Accel_Y
20026d1a   Accel_Z
20026d1b   g_ucLED1Pin
20026d1c   g_ucLED2Pin
20026d1d   g_ucLED3Pin
20026d20   ti_sysbios_family_arm_m3_Hwi_Module__root__V
20026d28   ti_sysbios_family_arm_m3_Hwi_Object__table__V
20026d40   ti_sysbios_family_arm_m3_Hwi_Module_State_0_excActive__A
20026d44   ti_sysbios_family_arm_m3_Hwi_Module_State_0_excContext__A
20026d48   ti_sysbios_family_arm_m3_Hwi_Module_State_0_excStack__A
20026d4c   ti_sysbios_family_arm_m3_Timer_Module__root__V
20026d54   ti_sysbios_family_arm_m3_Timer_Module__state__V
20026d60   ti_sysbios_family_arm_m3_TimestampProvider_Module__state__V
20026d64   ti_sysbios_gates_GateHwi_Module__root__V
20026d6c   ti_sysbios_gates_GateHwi_Object__table__V
20026d70   ti_sysbios_gates_GateMutex_Module__root__V
20026d78   ti_sysbios_hal_Hwi_Module__root__V
20026d80   ti_sysbios_hal_Timer_Module__root__V
20026d88   ti_sysbios_heaps_HeapMem_Module__root__V
20026d90   ti_sysbios_heaps_HeapMem_Object__table__V
20026da8   ti_sysbios_knl_Clock_Module__root__V
20026db0   ti_sysbios_knl_Event_Module__root__V
20026db8   ti_sysbios_knl_Mailbox_Module__root__V
20026dc0   ti_sysbios_knl_Queue_Module__root__V
20026dc8   ti_sysbios_knl_Semaphore_Module__root__V
20026dd0   ti_sysbios_knl_Swi_Module__root__V
20026dd8   ti_sysbios_knl_Swi_Module__state__V
20026df4   ti_sysbios_knl_Task_Module__root__V
20026dfc   ti_sysbios_knl_Task_Module_State_0_idleTask__A
20026e00   xdc_runtime_Error_Module__state__V
20026e04   xdc_runtime_LoggerBuf_Module__root__V
20026e0c   xdc_runtime_LoggerBuf_Module__state__V
20026e14   xdc_runtime_Memory_Module__state__V
20026e18   xdc_runtime_Registry_Module__state__V
20026e20   xdc_runtime_Startup_Module__state__V
20026e28   xdc_runtime_SysMin_Module__state__V
20026e34   xdc_runtime_System_Module_State_0_atexitHandlers__A
20026e44   xdc_runtime_System_Module__state__V
20026e4c   xdc_runtime_Text_Module__state__V
20026e54   __xdc__init__addr
20026f08   _Denorm
20026f18   _Eps
20026f28   _Hugeval
20026f38   _Inf
20026f48   _Nan
20026f58   _Snan
20026f68   _Rteps
20026f78   _Xbig
20026f80   _Zero
20026f88   ti_sysbios_knl_Swi_Module_State_0_readyQ__A
20027008   ti_sysbios_knl_Task_Module_State_0_readyQ__A
20027088   _FDenorm
20027098   _FEps
200270a8   _FInf
200270b8   _FNan
200270c8   _FSnan
200270d8   _FRteps
200270e8   _FXbig
200270ec   _FZero
200270f0   TSK_idle
200270f0   ti_sysbios_knl_Task_Object__table__V
2002713c   POST_token
20027147   GET_token_TEMP
20027152   GET_token_ACC
2002715d   GET_token_UIC
20027168   g_usMCNetworkUstate
2002716c   g_uiIpAddress
20027170   g_iInternetAccess
20027174   g_ucConnectTimeout
20027175   g_ucDryerRunning
20027178   g_uiSimplelinkRole
2002717c   g_uiDeviceModeConfig
20027180   g_ucLEDStatus
20027184   ti_sysbios_knl_Task_Module__state__V
200271c8   ti_sysbios_gates_GateMutex_Object__table__V
20027200   ti_sysbios_family_arm_m3_Hwi_Module__state__V
20027234   ti_sysbios_family_arm_m3_Timer_Object__table__V
20027264   ti_sysbios_knl_Swi_Object__table__V
20027294   ti_sysbios_knl_Clock_Module__state__V
200272c0   ti_sysbios_BIOS_Module__state__V
200272e4   xdc_runtime_LoggerBuf_Object__table__V
20027318   g_uiLED1Port
2002731c   g_uiLED2Port
20027320   g_uiLED3Port
20027324   g_pHostIntHdl
20027328   g_SpiFd
2002732c   g_ucDMAEnabled
20027330   g_len
20027334   g_uiPingPacketsRecv
20027338   g_uiPingDone
2002733c   _lock
20027340   _unlock
20027344   __TI_cleanup_ptr
20027348   __TI_dtors_ptr
2002734c   _Fenv
20027350   _Tls_setup__Fenv
20027354   g_pCB
20027358   pPingCallBackFunc
2002735c   gPort
20027360   MACAddressLen
20027364   _Errno
20027368   main_func_sp
2002e000   __stack
20030000   __STACK_END
e000e000   ti_sysbios_family_arm_m3_Hwi_nvic
ffffffff   __binit__
ffffffff   __c_args__
ffffffff   binit
UNDEFED    SHT$$INIT_ARRAY$$Base
UNDEFED    SHT$$INIT_ARRAY$$Limit

[1232 symbols]
